synthetic_ecommerce_demand_2021_2024.csv
date,sku_id,category,supplier_id,units_sold,price,promo_flag,is_black_friday_week,is_christmas_peak,stock_on_hand,stockout_flag,lead_time_days
2022-11-18,1,Storage,SUP_D,15,295.39,0,0,0,332,0,12
2022-11-19,1,Storage,SUP_D,24,309.74,0,0,0,426,0,12
2022-11-20,1,Storage,SUP_D,19,298.51,0,0,0,344,0,12
2022-11-21,1,Storage,SUP_D,17,309.5,0,1,0,403,0,12
2022-11-22,1,Storage,SUP_D,17,307.35,0,1,0,391,0,12
2022-11-23,1,Storage,SUP_D,17,298.13,0,1,0,384,0,12
2022-11-24,1,Storage,SUP_D,16,308.18,0,1,0,449,0,12
2022-11-25,1,Storage,SUP_D,32,291.98,0,1,0,462,0,12
2022-11-26,1,Storage,SUP_D,29,287.9,0,1,0,501,0,12
2022-11-27,1,Storage,SUP_D,32,309.29,0,1,0,499,0,12
2022-11-28,1,Storage,SUP_D,23,299.06,0,1,0,458,0,12
2022-11-29,1,Storage,SUP_D,20,298.42,0,1,0,472,0,12
2022-11-30,1,Storage,SUP_D,23,301.17,0,0,0,313,0,12
2022-12-01,1,Storage,SUP_D,17,287.54,0,0,1,344,0,12
2022-12-02,1,Storage,SUP_D,25,310.87,0,0,1,394,0,12
2022-12-03,1,Storage,SUP_D,21,306.07,0,0,1,440,0,12
2022-12-04,1,Storage,SUP_D,33,299.8,0,0,1,490,0,12
2022-12-05,1,Storage,SUP_D,39,241.09,1,0,1,407,0,12
2022-12-06,1,Storage,SUP_D,34,239.32,1,0,1,380,0,12
2022-12-07,1,Storage,SUP_D,36,224.13,1,0,1,470,0,12
2022-12-08,1,Storage,SUP_D,22,234.92,1,0,1,477,0,12
2022-12-09,1,Storage,SUP_D,35,222.56,1,0,1,440,0,12
2022-12-10,1,Storage,SUP_D,41,232.08,1,0,1,422,0,12
2022-12-11,1,Storage,SUP_D,28,247.41,1,0,1,422,0,12
2022-12-12,1,Storage,SUP_D,22,306.71,0,0,1,341,0,12
2022-12-13,1,Storage,SUP_D,14,305.98,0,0,1,312,0,12
2022-12-14,1,Storage,SUP_D,25,303.29,0,0,1,406,0,12
2022-12-15,1,Storage,SUP_D,13,299.8,0,0,1,451,0,12
2022-12-16,1,Storage,SUP_D,11,290.8,0,0,1,566,0,12
2022-12-17,1,Storage,SUP_D,28,287.05,0,0,1,520,0,12
2022-12-18,1,Storage,SUP_D,30,295.4,0,0,1,301,0,12
2022-12-19,1,Storage,SUP_D,22,288.4,0,0,1,461,0,12
2022-12-20,1,Storage,SUP_D,18,301.13,0,0,1,329,0,12
2022-12-21,1,Storage,SUP_D,21,290.86,0,0,1,517,0,12
2022-12-22,1,Storage,SUP_D,18,302.76,0,0,1,318,0,12
2022-12-23,1,Storage,SUP_D,24,287.4,0,0,1,370,0,12
2022-12-24,1,Storage,SUP_D,32,307.71,0,0,1,319,0,12
2022-12-25,1,Storage,SUP_D,31,291.8,0,0,0,447,0,12
2022-12-26,1,Storage,SUP_D,22,287.41,0,0,0,364,0,12
2022-12-27,1,Storage,SUP_D,29,304.61,0,0,0,552,0,12
2022-12-28,1,Storage,SUP_D,17,305.61,0,0,0,340,0,12
2022-12-29,1,Storage,SUP_D,15,296.73,0,0,0,489,0,12
2022-12-30,1,Storage,SUP_D,22,290.02,0,0,0,503,0,12
2022-12-31,1,Storage,SUP_D,32,298.22,0,0,0,376,0,12
2023-01-01,1,Storage,SUP_D,10,295.0,0,0,0,384,0,12
2023-01-02,1,Storage,SUP_D,17,284.18,0,0,0,418,0,12
2023-01-03,1,Storage,SUP_D,12,292.04,0,0,0,376,0,12
2023-01-04,1,Storage,SUP_D,19,292.14,0,0,0,326,0,12
2023-01-05,1,Storage,SUP_D,10,288.39,0,0,0,476,0,12
2023-01-06,1,Storage,SUP_D,14,282.1,0,0,0,483,0,12
2023-01-07,1,Storage,SUP_D,20,271.65,0,0,0,495,0,12
2023-01-08,1,Storage,SUP_D,12,271.5,0,0,0,417,0,12
2023-01-09,1,Storage,SUP_D,15,279.88,0,0,0,488,0,12
2023-01-10,1,Storage,SUP_D,16,277.42,0,0,0,316,0,12
2023-01-11,1,Storage,SUP_D,14,274.14,0,0,0,554,0,12
2023-01-12,1,Storage,SUP_D,23,272.15,0,0,0,300,0,12
2023-01-13,1,Storage,SUP_D,16,298.81,0,0,0,335,0,12
2023-01-14,1,Storage,SUP_D,15,277.67,0,0,0,363,0,12
2023-01-15,1,Storage,SUP_D,20,277.64,0,0,0,361,0,12
2023-01-16,1,Storage,SUP_D,25,223.45,1,0,0,550,0,12
2023-01-17,1,Storage,SUP_D,15,260.93,1,0,0,339,0,12
2023-01-18,1,Storage,SUP_D,16,223.28,1,0,0,477,0,12
2023-01-19,1,Storage,SUP_D,21,202.89,1,0,0,369,0,12
2023-01-20,1,Storage,SUP_D,24,212.37,1,0,0,400,0,12
2023-01-21,1,Storage,SUP_D,23,230.56,1,0,0,380,0,12
2023-01-22,1,Storage,SUP_D,21,230.76,1,0,0,365,0,12
2023-01-23,1,Storage,SUP_D,15,296.62,0,0,0,523,0,12
2023-01-24,1,Storage,SUP_D,16,290.32,0,0,0,487,0,12
2023-01-25,1,Storage,SUP_D,19,280.32,0,0,0,528,0,12
2023-01-26,1,Storage,SUP_D,10,291.06,0,0,0,397,0,12
2023-01-27,1,Storage,SUP_D,17,278.63,0,0,0,338,0,12
2023-01-28,1,Storage,SUP_D,28,281.06,0,0,0,288,0,12
2023-01-29,1,Storage,SUP_D,13,273.38,0,0,0,437,0,12
2023-01-30,1,Storage,SUP_D,14,290.28,0,0,0,418,0,12
2023-01-31,1,Storage,SUP_D,11,291.65,0,0,0,343,0,12
2023-02-01,1,Storage,SUP_D,21,273.0,0,0,0,342,0,12
2023-02-02,1,Storage,SUP_D,21,293.94,0,0,0,353,0,12
2023-02-03,1,Storage,SUP_D,15,295.08,0,0,0,304,0,12
2023-02-04,1,Storage,SUP_D,14,295.97,0,0,0,424,0,12
2023-02-05,1,Storage,SUP_D,17,299.19,0,0,0,524,0,12
2023-02-06,1,Storage,SUP_D,17,276.14,0,0,0,543,0,12
2023-02-07,1,Storage,SUP_D,14,284.88,0,0,0,545,0,12
2023-02-08,1,Storage,SUP_D,14,294.37,0,0,0,413,0,12
2023-02-09,1,Storage,SUP_D,17,297.52,0,0,0,370,0,12
2023-02-10,1,Storage,SUP_D,16,294.04,0,0,0,348,0,12
2023-02-11,1,Storage,SUP_D,20,285.93,0,0,0,336,0,12
2023-02-12,1,Storage,SUP_D,17,299.63,0,0,0,381,0,12
2023-02-13,1,Storage,SUP_D,15,298.69,0,0,0,426,0,12
2023-02-14,1,Storage,SUP_D,13,297.64,0,0,0,549,0,12
2023-02-15,1,Storage,SUP_D,12,296.29,0,0,0,397,0,12
2023-02-16,1,Storage,SUP_D,16,273.03,0,0,0,407,0,12
2023-02-17,1,Storage,SUP_D,16,287.93,0,0,0,435,0,12
2023-02-18,1,Storage,SUP_D,20,283.55,0,0,0,407,0,12
2023-02-19,1,Storage,SUP_D,12,288.2,0,0,0,428,0,12
2023-02-20,1,Storage,SUP_D,13,273.56,0,0,0,545,0,12
2023-02-21,1,Storage,SUP_D,14,278.75,0,0,0,301,0,12
2023-02-22,1,Storage,SUP_D,12,290.28,0,0,0,386,0,12
2023-02-23,1,Storage,SUP_D,18,297.15,0,0,0,435,0,12
2023-02-24,1,Storage,SUP_D,9,277.33,0,0,0,357,0,12
2023-02-25,1,Storage,SUP_D,18,297.47,0,0,0,429,0,12
2023-02-26,1,Storage,SUP_D,23,275.45,0,0,0,348,0,12
2023-02-27,1,Storage,SUP_D,17,275.62,0,0,0,424,0,12
2023-02-28,1,Storage,SUP_D,8,294.08,0,0,0,340,0,12
2023-03-01,1,Storage,SUP_D,15,278.87,0,0,0,341,0,12
2023-03-02,1,Storage,SUP_D,13,287.86,0,0,0,335,0,12
2023-03-03,1,Storage,SUP_D,14,295.48,0,0,0,383,0,12
2023-03-04,1,Storage,SUP_D,23,292.18,0,0,0,426,0,12
2023-03-05,1,Storage,SUP_D,19,293.37,0,0,0,408,0,12
2023-03-06,1,Storage,SUP_D,19,245.56,1,0,0,387,0,12
2023-03-07,1,Storage,SUP_D,22,258.77,1,0,0,464,0,12
2023-03-08,1,Storage,SUP_D,18,258.22,1,0,0,361,0,12
2023-03-09,1,Storage,SUP_D,12,257.22,1,0,0,301,0,12
2023-03-10,1,Storage,SUP_D,23,225.42,1,0,0,510,0,12
2023-03-11,1,Storage,SUP_D,20,222.46,1,0,0,342,0,12
2023-03-12,1,Storage,SUP_D,26,214.98,1,0,0,296,0,12
2023-03-13,1,Storage,SUP_D,18,210.57,1,0,0,410,0,12
2023-03-14,1,Storage,SUP_D,10,240.74,1,0,0,311,0,12
2023-03-15,1,Storage,SUP_D,23,217.36,1,0,0,481,0,12
2023-03-16,1,Storage,SUP_D,17,237.92,1,0,0,556,0,12
2023-03-17,1,Storage,SUP_D,19,215.88,1,0,0,362,0,12
2023-03-18,1,Storage,SUP_D,25,232.07,1,0,0,296,0,12
2023-03-19,1,Storage,SUP_D,15,252.91,1,0,0,304,0,12
2023-03-20,1,Storage,SUP_D,15,289.96,0,0,0,491,0,12
2023-03-21,1,Storage,SUP_D,20,299.84,0,0,0,556,0,12
2023-03-22,1,Storage,SUP_D,20,282.8,0,0,0,390,0,12
2023-03-23,1,Storage,SUP_D,18,297.61,0,0,0,308,0,12
2023-03-24,1,Storage,SUP_D,13,299.89,0,0,0,511,0,12
2023-03-25,1,Storage,SUP_D,17,290.87,0,0,0,508,0,12
2023-03-26,1,Storage,SUP_D,22,289.22,0,0,0,292,0,12
2023-03-27,1,Storage,SUP_D,15,295.38,0,0,0,552,0,12
2023-03-28,1,Storage,SUP_D,20,281.02,0,0,0,334,0,12
2023-03-29,1,Storage,SUP_D,14,287.41,0,0,0,477,0,12
2023-03-30,1,Storage,SUP_D,17,272.41,0,0,0,373,0,12
2023-03-31,1,Storage,SUP_D,18,291.77,0,0,0,450,0,12
2023-04-01,1,Storage,SUP_D,13,285.6,0,0,0,412,0,12
2023-04-02,1,Storage,SUP_D,19,287.5,0,0,0,552,0,12
2023-04-03,1,Storage,SUP_D,11,281.99,0,0,0,376,0,12
2023-04-04,1,Storage,SUP_D,11,277.58,0,0,0,355,0,12
2023-04-05,1,Storage,SUP_D,18,284.95,0,0,0,405,0,12
2023-04-06,1,Storage,SUP_D,22,298.95,0,0,0,535,0,12
2023-04-07,1,Storage,SUP_D,16,282.0,0,0,0,301,0,12
2023-04-08,1,Storage,SUP_D,12,284.9,0,0,0,341,0,12
2023-04-09,1,Storage,SUP_D,16,280.13,0,0,0,442,0,12
2023-04-10,1,Storage,SUP_D,16,287.97,0,0,0,470,0,12
2023-04-11,1,Storage,SUP_D,17,280.32,0,0,0,448,0,12
2023-04-12,1,Storage,SUP_D,24,293.91,0,0,0,455,0,12
2023-04-13,1,Storage,SUP_D,17,273.7,0,0,0,520,0,12
2023-04-14,1,Storage,SUP_D,8,283.64,0,0,0,341,0,12
2023-04-15,1,Storage,SUP_D,25,287.69,0,0,0,537,0,12
2023-04-16,1,Storage,SUP_D,18,294.2,0,0,0,413,0,12
2023-04-17,1,Storage,SUP_D,13,294.33,0,0,0,512,0,12
2023-04-18,1,Storage,SUP_D,18,276.5,0,0,0,376,0,12
2023-04-19,1,Storage,SUP_D,13,295.18,0,0,0,550,0,12
2023-04-20,1,Storage,SUP_D,14,282.64,0,0,0,464,0,12
2023-04-21,1,Storage,SUP_D,10,290.43,0,0,0,420,0,12
2023-04-22,1,Storage,SUP_D,28,277.71,0,0,0,413,0,12
2023-04-23,1,Storage,SUP_D,20,273.7,0,0,0,449,0,12
2023-04-24,1,Storage,SUP_D,23,297.31,0,0,0,514,0,12
2023-04-25,1,Storage,SUP_D,10,283.87,0,0,0,370,0,12
2023-04-26,1,Storage,SUP_D,17,276.56,0,0,0,541,0,12
2023-04-27,1,Storage,SUP_D,13,281.95,0,0,0,314,0,12
2023-04-28,1,Storage,SUP_D,18,288.51,0,0,0,426,0,12
2023-04-29,1,Storage,SUP_D,17,283.69,0,0,0,555,0,12
2023-04-30,1,Storage,SUP_D,19,298.18,0,0,0,452,0,12
2023-05-01,1,Storage,SUP_D,22,213.23,1,0,0,363,0,12
2023-05-02,1,Storage,SUP_D,31,239.39,1,0,0,514,0,12
2023-05-03,1,Storage,SUP_D,21,212.54,1,0,0,298,0,12
2023-05-04,1,Storage,SUP_D,26,228.47,1,0,0,323,0,12
2023-05-05,1,Storage,SUP_D,18,260.37,1,0,0,439,0,12
2023-05-06,1,Storage,SUP_D,27,242.76,1,0,0,407,0,12
2023-05-07,1,Storage,SUP_D,20,257.52,1,0,0,512,0,12
2023-05-08,1,Storage,SUP_D,8,275.11,0,0,0,445,0,12
2023-05-09,1,Storage,SUP_D,16,278.83,0,0,0,540,0,12
2023-05-10,1,Storage,SUP_D,14,289.08,0,0,0,315,0,12
2023-05-11,1,Storage,SUP_D,9,280.35,0,0,0,397,0,12
2023-05-12,1,Storage,SUP_D,25,279.01,0,0,0,369,0,12
2023-05-13,1,Storage,SUP_D,15,288.76,0,0,0,429,0,12
2023-05-14,1,Storage,SUP_D,17,285.21,0,0,0,387,0,12
2023-05-15,1,Storage,SUP_D,15,289.52,0,0,0,422,0,12
2023-05-16,1,Storage,SUP_D,15,272.12,0,0,0,465,0,12
2023-05-17,1,Storage,SUP_D,12,292.77,0,0,0,546,0,12
2023-05-18,1,Storage,SUP_D,24,299.72,0,0,0,472,0,12
2023-05-19,1,Storage,SUP_D,17,296.03,0,0,0,335,0,12
2023-05-20,1,Storage,SUP_D,23,289.88,0,0,0,406,0,12
2023-05-21,1,Storage,SUP_D,14,284.0,0,0,0,332,0,12
2023-05-22,1,Storage,SUP_D,15,295.06,0,0,0,480,0,12
2023-05-23,1,Storage,SUP_D,7,279.65,0,0,0,551,0,12
2023-05-24,1,Storage,SUP_D,20,273.46,0,0,0,532,0,12
2023-05-25,1,Storage,SUP_D,20,295.57,0,0,0,421,0,12
2023-05-26,1,Storage,SUP_D,11,285.56,0,0,0,433,0,12
2023-05-27,1,Storage,SUP_D,18,281.89,0,0,0,411,0,12
2023-05-28,1,Storage,SUP_D,12,294.58,0,0,0,523,0,12
2023-05-29,1,Storage,SUP_D,14,272.39,0,0,0,480,0,12
2023-05-30,1,Storage,SUP_D,14,296.39,0,0,0,422,0,12
2023-05-31,1,Storage,SUP_D,15,296.01,0,0,0,443,0,12
2023-06-01,1,Storage,SUP_D,14,283.99,0,0,0,418,0,12
2023-06-02,1,Storage,SUP_D,11,278.58,0,0,0,541,0,12
2023-06-03,1,Storage,SUP_D,12,274.18,0,0,0,304,0,12
2023-06-04,1,Storage,SUP_D,13,272.04,0,0,0,439,0,12
2023-06-05,1,Storage,SUP_D,14,284.59,0,0,0,498,0,12
2023-06-06,1,Storage,SUP_D,9,288.51,0,0,0,360,0,12
2023-06-07,1,Storage,SUP_D,16,298.91,0,0,0,491,0,12
2023-06-08,1,Storage,SUP_D,13,285.08,0,0,0,435,0,12
2023-06-09,1,Storage,SUP_D,16,297.06,0,0,0,536,0,12
2023-06-10,1,Storage,SUP_D,14,291.58,0,0,0,377,0,12
2023-06-11,1,Storage,SUP_D,12,296.43,0,0,0,533,0,12
2023-06-12,1,Storage,SUP_D,13,290.63,0,0,0,463,0,12
2023-06-13,1,Storage,SUP_D,11,282.36,0,0,0,460,0,12
2023-06-14,1,Storage,SUP_D,13,299.1,0,0,0,322,0,12
2023-06-15,1,Storage,SUP_D,10,271.91,0,0,0,400,0,12
2023-06-16,1,Storage,SUP_D,9,281.04,0,0,0,498,0,12
2023-06-17,1,Storage,SUP_D,14,292.85,0,0,0,325,0,12
2023-06-18,1,Storage,SUP_D,16,296.98,0,0,0,346,0,12
2023-06-19,1,Storage,SUP_D,9,280.12,0,0,0,442,0,12
2023-06-20,1,Storage,SUP_D,18,281.72,0,0,0,513,0,12
2023-06-21,1,Storage,SUP_D,13,291.97,0,0,0,433,0,12
2023-06-22,1,Storage,SUP_D,15,299.91,0,0,0,420,0,12
2023-06-23,1,Storage,SUP_D,15,299.75,0,0,0,489,0,12
2023-06-24,1,Storage,SUP_D,16,290.21,0,0,0,534,0,12
2023-06-25,1,Storage,SUP_D,15,294.88,0,0,0,508,0,12
2023-06-26,1,Storage,SUP_D,12,278.6,0,0,0,499,0,12
2023-06-27,1,Storage,SUP_D,15,281.94,0,0,0,318,0,12
2023-06-28,1,Storage,SUP_D,14,272.75,0,0,0,300,0,12
2023-06-29,1,Storage,SUP_D,13,279.93,0,0,0,544,0,12
2023-06-30,1,Storage,SUP_D,8,298.29,0,0,0,419,0,12
2023-07-01,1,Storage,SUP_D,15,294.0,0,0,0,411,0,12
2023-07-02,1,Storage,SUP_D,18,283.5,0,0,0,506,0,12
2023-07-03,1,Storage,SUP_D,23,294.64,0,0,0,370,0,12
2023-07-04,1,Storage,SUP_D,12,288.95,0,0,0,396,0,12
2023-07-05,1,Storage,SUP_D,10,275.62,0,0,0,549,0,12
2023-07-06,1,Storage,SUP_D,10,292.55,0,0,0,562,0,12
2023-07-07,1,Storage,SUP_D,11,299.28,0,0,0,536,0,12
2023-07-08,1,Storage,SUP_D,11,285.48,0,0,0,444,0,12
2023-07-09,1,Storage,SUP_D,11,293.29,0,0,0,428,0,12
2023-07-10,1,Storage,SUP_D,10,290.07,0,0,0,509,0,12
2023-07-11,1,Storage,SUP_D,8,288.55,0,0,0,320,0,12
2023-07-12,1,Storage,SUP_D,15,280.86,0,0,0,418,0,12
2023-07-13,1,Storage,SUP_D,10,294.51,0,0,0,336,0,12
2023-07-14,1,Storage,SUP_D,8,288.32,0,0,0,474,0,12
2023-07-15,1,Storage,SUP_D,6,294.15,0,0,0,320,0,12
2023-07-16,1,Storage,SUP_D,19,283.84,0,0,0,387,0,12
2023-07-17,1,Storage,SUP_D,7,287.68,0,0,0,372,0,12
2023-07-18,1,Storage,SUP_D,12,284.87,0,0,0,555,0,12
2023-07-19,1,Storage,SUP_D,16,282.85,0,0,0,410,0,12
2023-07-20,1,Storage,SUP_D,13,299.12,0,0,0,463,0,12
2023-07-21,1,Storage,SUP_D,11,282.72,0,0,0,521,0,12
2023-07-22,1,Storage,SUP_D,15,276.47,0,0,0,530,0,12
2023-07-23,1,Storage,SUP_D,7,276.95,0,0,0,454,0,12
2023-07-24,1,Storage,SUP_D,11,289.79,0,0,0,445,0,12
2023-07-25,1,Storage,SUP_D,9,292.73,0,0,0,359,0,12
2023-07-26,1,Storage,SUP_D,10,292.76,0,0,0,530,0,12
2023-07-27,1,Storage,SUP_D,11,296.84,0,0,0,570,0,12
2023-07-28,1,Storage,SUP_D,14,282.53,0,0,0,415,0,12
2023-07-29,1,Storage,SUP_D,10,298.03,0,0,0,470,0,12
2023-07-30,1,Storage,SUP_D,12,279.0,0,0,0,369,0,12
2023-07-31,1,Storage,SUP_D,7,218.4,1,0,0,542,0,12
2023-08-01,1,Storage,SUP_D,14,203.47,1,0,0,455,0,12
2023-08-02,1,Storage,SUP_D,11,200.38,1,0,0,306,0,12
2023-08-03,1,Storage,SUP_D,16,219.53,1,0,0,324,0,12
2023-08-04,1,Storage,SUP_D,7,251.08,1,0,0,489,0,12
2023-08-05,1,Storage,SUP_D,15,227.64,1,0,0,431,0,12
2023-08-06,1,Storage,SUP_D,22,202.96,1,0,0,453,0,12
2023-08-07,1,Storage,SUP_D,7,294.7,0,0,0,449,0,12
2023-08-08,1,Storage,SUP_D,7,294.19,0,0,0,467,0,12
2023-08-09,1,Storage,SUP_D,14,285.98,0,0,0,499,0,12
2023-08-10,1,Storage,SUP_D,11,293.99,0,0,0,359,0,12
2023-08-11,1,Storage,SUP_D,13,278.66,0,0,0,516,0,12
2023-08-12,1,Storage,SUP_D,10,293.72,0,0,0,391,0,12
2023-08-13,1,Storage,SUP_D,12,296.03,0,0,0,361,0,12
2023-08-14,1,Storage,SUP_D,19,299.77,0,0,0,318,0,12
2023-08-15,1,Storage,SUP_D,16,291.83,0,0,0,529,0,12
2023-08-16,1,Storage,SUP_D,16,280.06,0,0,0,510,0,12
2023-08-17,1,Storage,SUP_D,10,298.84,0,0,0,461,0,12
2023-08-18,1,Storage,SUP_D,5,280.31,0,0,0,394,0,12
2023-08-19,1,Storage,SUP_D,16,285.56,0,0,0,353,0,12
2023-08-20,1,Storage,SUP_D,13,284.8,0,0,0,334,0,12
2023-08-21,1,Storage,SUP_D,18,237.64,1,0,0,300,0,12
2023-08-22,1,Storage,SUP_D,17,200.52,1,0,0,548,0,12
2023-08-23,1,Storage,SUP_D,16,215.36,1,0,0,364,0,12
2023-08-24,1,Storage,SUP_D,14,206.29,1,0,0,371,0,12
2023-08-25,1,Storage,SUP_D,15,224.11,1,0,0,347,0,12
2023-08-26,1,Storage,SUP_D,17,227.03,1,0,0,424,0,12
2023-08-27,1,Storage,SUP_D,14,243.28,1,0,0,428,0,12
2023-08-28,1,Storage,SUP_D,13,289.7,0,0,0,433,0,12
2023-08-29,1,Storage,SUP_D,8,273.04,0,0,0,456,0,12
2023-08-30,1,Storage,SUP_D,10,297.81,0,0,0,415,0,12
2023-08-31,1,Storage,SUP_D,21,280.18,0,0,0,470,0,12
2023-09-01,1,Storage,SUP_D,21,298.01,0,0,0,451,0,12
2023-09-02,1,Storage,SUP_D,22,277.49,0,0,0,535,0,12
2023-09-03,1,Storage,SUP_D,26,271.61,0,0,0,316,0,12
2023-09-04,1,Storage,SUP_D,16,282.76,0,0,0,378,0,12
2023-09-05,1,Storage,SUP_D,17,285.39,0,0,0,451,0,12
2023-09-06,1,Storage,SUP_D,16,280.12,0,0,0,480,0,12
2023-09-07,1,Storage,SUP_D,19,298.06,0,0,0,486,0,12
2023-09-08,1,Storage,SUP_D,18,283.41,0,0,0,425,0,12
2023-09-09,1,Storage,SUP_D,15,279.73,0,0,0,482,0,12
2023-09-10,1,Storage,SUP_D,17,299.53,0,0,0,401,0,12
2023-09-11,1,Storage,SUP_D,13,296.99,0,0,0,433,0,12
2023-09-12,1,Storage,SUP_D,16,286.88,0,0,0,370,0,12
2023-09-13,1,Storage,SUP_D,17,286.07,0,0,0,487,0,12
2023-09-14,1,Storage,SUP_D,14,278.83,0,0,0,317,0,12
2023-09-15,1,Storage,SUP_D,14,278.75,0,0,0,494,0,12
2023-09-16,1,Storage,SUP_D,10,292.81,0,0,0,420,0,12
2023-09-17,1,Storage,SUP_D,21,298.59,0,0,0,452,0,12
2023-09-18,1,Storage,SUP_D,9,277.88,0,0,0,531,0,12
2023-09-19,1,Storage,SUP_D,5,277.84,0,0,0,525,0,12
2023-09-20,1,Storage,SUP_D,20,272.35,0,0,0,492,0,12
2023-09-21,1,Storage,SUP_D,10,272.06,0,0,0,316,0,12
2023-09-22,1,Storage,SUP_D,12,281.96,0,0,0,524,0,12
2023-09-23,1,Storage,SUP_D,16,274.11,0,0,0,474,0,12
2023-09-24,1,Storage,SUP_D,15,275.32,0,0,0,539,0,12
2023-09-25,1,Storage,SUP_D,12,298.57,0,0,0,456,0,12
2023-09-26,1,Storage,SUP_D,13,299.91,0,0,0,371,0,12
2023-09-27,1,Storage,SUP_D,20,292.32,0,0,0,433,0,12
2023-09-28,1,Storage,SUP_D,10,295.9,0,0,0,432,0,12
2023-09-29,1,Storage,SUP_D,18,285.48,0,0,0,400,0,12
2023-09-30,1,Storage,SUP_D,19,292.91,0,0,0,315,0,12
2023-10-01,1,Storage,SUP_D,27,295.19,0,0,0,332,0,12
2023-10-02,1,Storage,SUP_D,28,223.22,1,0,0,479,0,12
2023-10-03,1,Storage,SUP_D,24,206.04,1,0,0,422,0,12
2023-10-04,1,Storage,SUP_D,15,266.93,1,0,0,496,0,12
2023-10-05,1,Storage,SUP_D,23,209.73,1,0,0,544,0,12
2023-10-06,1,Storage,SUP_D,28,238.3,1,0,0,357,0,12
2023-10-07,1,Storage,SUP_D,36,217.72,1,0,0,409,0,12
2023-10-08,1,Storage,SUP_D,30,216.59,1,0,0,462,0,12
2023-10-09,1,Storage,SUP_D,23,297.07,0,0,0,521,0,12
2023-10-10,1,Storage,SUP_D,21,282.19,0,0,0,481,0,12
2023-10-11,1,Storage,SUP_D,23,290.61,0,0,0,357,0,12
2023-10-12,1,Storage,SUP_D,23,286.44,0,0,0,544,0,12
2023-10-13,1,Storage,SUP_D,22,273.25,0,0,0,335,0,12
2023-10-14,1,Storage,SUP_D,22,293.61,0,0,0,377,0,12
2023-10-15,1,Storage,SUP_D,23,278.7,0,0,0,544,0,12
2023-10-16,1,Storage,SUP_D,23,292.06,0,0,0,483,0,12
2023-10-17,1,Storage,SUP_D,23,283.08,0,0,0,318,0,12
2023-10-18,1,Storage,SUP_D,26,285.92,0,0,0,379,0,12
2023-10-19,1,Storage,SUP_D,16,299.12,0,0,0,350,0,12
2023-10-20,1,Storage,SUP_D,21,272.67,0,0,0,444,0,12
2023-10-21,1,Storage,SUP_D,23,272.52,0,0,0,397,0,12
2023-10-22,1,Storage,SUP_D,30,287.14,0,0,0,309,0,12
2023-10-23,1,Storage,SUP_D,15,290.71,0,0,0,560,0,12
2023-10-24,1,Storage,SUP_D,24,295.92,0,0,0,317,0,12
2023-10-25,1,Storage,SUP_D,20,274.41,0,0,0,497,0,12
2023-10-26,1,Storage,SUP_D,21,283.17,0,0,0,415,0,12
