synthetic_ecommerce_demand_2021_2024.csv
date,sku_id,category,supplier_id,units_sold,price,promo_flag,is_black_friday_week,is_christmas_peak,stock_on_hand,stockout_flag,lead_time_days
2023-10-27,1,Storage,SUP_D,14,283.78,0,0,0,518,0,12
2023-10-28,1,Storage,SUP_D,20,289.87,0,0,0,520,0,12
2023-10-29,1,Storage,SUP_D,25,299.98,0,0,0,553,0,12
2023-10-30,1,Storage,SUP_D,32,241.38,1,0,0,389,0,12
2023-10-31,1,Storage,SUP_D,41,230.27,1,0,0,380,0,12
2023-11-01,1,Storage,SUP_D,23,254.75,1,0,0,352,0,12
2023-11-02,1,Storage,SUP_D,31,243.66,1,0,0,508,0,12
2023-11-03,1,Storage,SUP_D,27,235.17,1,0,0,321,0,12
2023-11-04,1,Storage,SUP_D,36,246.35,1,0,0,357,0,12
2023-11-05,1,Storage,SUP_D,26,228.18,1,0,0,335,0,12
2023-11-06,1,Storage,SUP_D,20,294.11,0,0,0,361,0,12
2023-11-07,1,Storage,SUP_D,22,287.43,0,0,0,312,0,12
2023-11-08,1,Storage,SUP_D,23,313.45,0,0,0,472,0,12
2023-11-09,1,Storage,SUP_D,20,312.09,0,0,0,509,0,12
2023-11-10,1,Storage,SUP_D,17,286.62,0,0,0,375,0,12
2023-11-11,1,Storage,SUP_D,26,313.4,0,0,0,302,0,12
2023-11-12,1,Storage,SUP_D,26,299.45,0,0,0,287,0,12
2023-11-13,1,Storage,SUP_D,17,313.31,0,0,0,540,0,12
2023-11-14,1,Storage,SUP_D,19,313.76,0,0,0,388,0,12
2023-11-15,1,Storage,SUP_D,17,291.06,0,0,0,304,0,12
2023-11-16,1,Storage,SUP_D,30,290.36,0,0,0,392,0,12
2023-11-17,1,Storage,SUP_D,26,296.99,0,0,0,486,0,12
2023-11-18,1,Storage,SUP_D,23,311.79,0,0,0,314,0,12
2023-11-19,1,Storage,SUP_D,28,296.84,0,0,0,395,0,12
2023-11-20,1,Storage,SUP_D,27,305.83,0,1,0,353,0,12
2023-11-21,1,Storage,SUP_D,25,294.29,0,1,0,395,0,12
2023-11-22,1,Storage,SUP_D,15,292.96,0,1,0,513,0,12
2023-11-23,1,Storage,SUP_D,16,309.59,0,1,0,499,0,12
2023-11-24,1,Storage,SUP_D,24,311.16,0,1,0,446,0,12
2023-11-25,1,Storage,SUP_D,33,300.17,0,1,0,339,0,12
2023-11-26,1,Storage,SUP_D,26,310.56,0,1,0,468,0,12
2023-11-27,1,Storage,SUP_D,17,297.0,0,1,0,421,0,12
2023-11-28,1,Storage,SUP_D,27,291.24,0,1,0,525,0,12
2023-11-29,1,Storage,SUP_D,20,305.9,0,0,0,424,0,12
2023-11-30,1,Storage,SUP_D,16,297.65,0,0,0,320,0,12
2023-12-01,1,Storage,SUP_D,14,303.72,0,0,1,441,0,12
2023-12-02,1,Storage,SUP_D,32,289.21,0,0,1,533,0,12
2023-12-03,1,Storage,SUP_D,24,299.72,0,0,1,496,0,12
2023-12-04,1,Storage,SUP_D,16,307.12,0,0,1,441,0,12
2023-12-05,1,Storage,SUP_D,27,302.72,0,0,1,406,0,12
2023-12-06,1,Storage,SUP_D,20,296.35,0,0,1,322,0,12
2023-12-07,1,Storage,SUP_D,17,306.3,0,0,1,309,0,12
2023-12-08,1,Storage,SUP_D,23,288.05,0,0,1,370,0,12
2023-12-09,1,Storage,SUP_D,21,295.92,0,0,1,551,0,12
2023-12-10,1,Storage,SUP_D,38,308.43,0,0,1,278,0,12
2023-12-11,1,Storage,SUP_D,21,291.91,0,0,1,308,0,12
2023-12-12,1,Storage,SUP_D,15,300.18,0,0,1,400,0,12
2023-12-13,1,Storage,SUP_D,20,307.69,0,0,1,321,0,12
2023-12-14,1,Storage,SUP_D,25,306.9,0,0,1,485,0,12
2023-12-15,1,Storage,SUP_D,20,301.04,0,0,1,550,0,12
2023-12-16,1,Storage,SUP_D,26,287.42,0,0,1,553,0,12
2023-12-17,1,Storage,SUP_D,16,295.8,0,0,1,557,0,12
2023-12-18,1,Storage,SUP_D,18,303.83,0,0,1,301,0,12
2023-12-19,1,Storage,SUP_D,28,299.05,0,0,1,516,0,12
2023-12-20,1,Storage,SUP_D,31,290.64,0,0,1,500,0,12
2023-12-21,1,Storage,SUP_D,19,312.85,0,0,1,324,0,12
2023-12-22,1,Storage,SUP_D,32,304.17,0,0,1,290,0,12
2023-12-23,1,Storage,SUP_D,32,304.1,0,0,1,523,0,12
2023-12-24,1,Storage,SUP_D,25,310.46,0,0,1,487,0,12
2023-12-25,1,Storage,SUP_D,19,293.02,0,0,0,471,0,12
2023-12-26,1,Storage,SUP_D,19,289.18,0,0,0,325,0,12
2023-12-27,1,Storage,SUP_D,16,303.42,0,0,0,336,0,12
2023-12-28,1,Storage,SUP_D,15,308.06,0,0,0,516,0,12
2023-12-29,1,Storage,SUP_D,16,298.1,0,0,0,361,0,12
2023-12-30,1,Storage,SUP_D,27,307.33,0,0,0,298,0,12
2023-12-31,1,Storage,SUP_D,37,302.27,0,0,0,518,0,12
2024-01-01,1,Storage,SUP_D,13,277.87,0,0,0,317,0,12
2024-01-02,1,Storage,SUP_D,16,289.21,0,0,0,353,0,12
2024-01-03,1,Storage,SUP_D,13,288.37,0,0,0,399,0,12
2024-01-04,1,Storage,SUP_D,12,276.42,0,0,0,388,0,12
2024-01-05,1,Storage,SUP_D,11,287.68,0,0,0,404,0,12
2024-01-06,1,Storage,SUP_D,16,286.72,0,0,0,543,0,12
2024-01-07,1,Storage,SUP_D,20,295.26,0,0,0,387,0,12
2024-01-08,1,Storage,SUP_D,11,292.55,0,0,0,512,0,12
2024-01-09,1,Storage,SUP_D,12,289.17,0,0,0,520,0,12
2024-01-10,1,Storage,SUP_D,12,297.47,0,0,0,568,0,12
2024-01-11,1,Storage,SUP_D,11,279.28,0,0,0,526,0,12
2024-01-12,1,Storage,SUP_D,12,272.92,0,0,0,415,0,12
2024-01-13,1,Storage,SUP_D,26,283.63,0,0,0,314,0,12
2024-01-14,1,Storage,SUP_D,18,279.17,0,0,0,374,0,12
2024-01-15,1,Storage,SUP_D,19,289.61,0,0,0,399,0,12
2024-01-16,1,Storage,SUP_D,12,295.27,0,0,0,450,0,12
2024-01-17,1,Storage,SUP_D,14,290.59,0,0,0,304,0,12
2024-01-18,1,Storage,SUP_D,15,281.23,0,0,0,477,0,12
2024-01-19,1,Storage,SUP_D,11,298.93,0,0,0,395,0,12
2024-01-20,1,Storage,SUP_D,16,299.17,0,0,0,560,0,12
2024-01-21,1,Storage,SUP_D,19,297.16,0,0,0,447,0,12
2024-01-22,1,Storage,SUP_D,13,282.85,0,0,0,309,0,12
2024-01-23,1,Storage,SUP_D,19,281.09,0,0,0,361,0,12
2024-01-24,1,Storage,SUP_D,16,280.68,0,0,0,467,0,12
2024-01-25,1,Storage,SUP_D,20,293.11,0,0,0,497,0,12
2024-01-26,1,Storage,SUP_D,17,296.19,0,0,0,413,0,12
2024-01-27,1,Storage,SUP_D,8,293.3,0,0,0,323,0,12
2024-01-28,1,Storage,SUP_D,13,296.93,0,0,0,470,0,12
2024-01-29,1,Storage,SUP_D,11,289.0,0,0,0,314,0,12
2024-01-30,1,Storage,SUP_D,16,297.27,0,0,0,424,0,12
2024-01-31,1,Storage,SUP_D,12,295.26,0,0,0,383,0,12
2024-02-01,1,Storage,SUP_D,14,274.75,0,0,0,309,0,12
2024-02-02,1,Storage,SUP_D,18,279.49,0,0,0,374,0,12
2024-02-03,1,Storage,SUP_D,17,292.47,0,0,0,375,0,12
2024-02-04,1,Storage,SUP_D,9,295.38,0,0,0,500,0,12
2024-02-05,1,Storage,SUP_D,22,247.54,1,0,0,522,0,12
2024-02-06,1,Storage,SUP_D,22,209.33,1,0,0,512,0,12
2024-02-07,1,Storage,SUP_D,16,228.71,1,0,0,432,0,12
2024-02-08,1,Storage,SUP_D,19,244.64,1,0,0,540,0,12
2024-02-09,1,Storage,SUP_D,25,251.14,1,0,0,420,0,12
2024-02-10,1,Storage,SUP_D,17,242.11,1,0,0,490,0,12
2024-02-11,1,Storage,SUP_D,22,197.3,1,0,0,500,0,12
2024-02-12,1,Storage,SUP_D,32,210.41,1,0,0,285,0,12
2024-02-13,1,Storage,SUP_D,15,213.95,1,0,0,447,0,12
2024-02-14,1,Storage,SUP_D,16,226.46,1,0,0,314,0,12
2024-02-15,1,Storage,SUP_D,19,206.1,1,0,0,531,0,12
2024-02-16,1,Storage,SUP_D,18,198.66,1,0,0,489,0,12
2024-02-17,1,Storage,SUP_D,21,227.13,1,0,0,555,0,12
2024-02-18,1,Storage,SUP_D,22,251.77,1,0,0,410,0,12
2024-02-19,1,Storage,SUP_D,16,292.37,0,0,0,369,0,12
2024-02-20,1,Storage,SUP_D,14,299.15,0,0,0,412,0,12
2024-02-21,1,Storage,SUP_D,19,295.64,0,0,0,462,0,12
2024-02-22,1,Storage,SUP_D,15,295.58,0,0,0,377,0,12
2024-02-23,1,Storage,SUP_D,19,294.93,0,0,0,475,0,12
2024-02-24,1,Storage,SUP_D,11,288.01,0,0,0,461,0,12
2024-02-25,1,Storage,SUP_D,15,293.21,0,0,0,366,0,12
2024-02-26,1,Storage,SUP_D,19,224.13,1,0,0,452,0,12
2024-02-27,1,Storage,SUP_D,22,217.74,1,0,0,507,0,12
2024-02-28,1,Storage,SUP_D,19,213.89,1,0,0,325,0,12
2024-02-29,1,Storage,SUP_D,21,228.45,1,0,0,495,0,12
2024-03-01,1,Storage,SUP_D,18,210.83,1,0,0,435,0,12
2024-03-02,1,Storage,SUP_D,23,210.28,1,0,0,416,0,12
2024-03-03,1,Storage,SUP_D,25,219.48,1,0,0,393,0,12
2024-03-04,1,Storage,SUP_D,17,289.85,0,0,0,523,0,12
2024-03-05,1,Storage,SUP_D,14,275.84,0,0,0,519,0,12
2024-03-06,1,Storage,SUP_D,15,283.06,0,0,0,563,0,12
2024-03-07,1,Storage,SUP_D,18,274.71,0,0,0,407,0,12
2024-03-08,1,Storage,SUP_D,12,286.92,0,0,0,539,0,12
2024-03-09,1,Storage,SUP_D,20,287.81,0,0,0,546,0,12
2024-03-10,1,Storage,SUP_D,21,299.09,0,0,0,506,0,12
2024-03-11,1,Storage,SUP_D,10,299.0,0,0,0,434,0,12
2024-03-12,1,Storage,SUP_D,9,291.34,0,0,0,571,0,12
2024-03-13,1,Storage,SUP_D,13,296.56,0,0,0,395,0,12
2024-03-14,1,Storage,SUP_D,15,289.17,0,0,0,299,0,12
2024-03-15,1,Storage,SUP_D,22,282.77,0,0,0,337,0,12
2024-03-16,1,Storage,SUP_D,16,294.28,0,0,0,548,0,12
2024-03-17,1,Storage,SUP_D,17,285.92,0,0,0,511,0,12
2024-03-18,1,Storage,SUP_D,17,281.04,0,0,0,363,0,12
2024-03-19,1,Storage,SUP_D,11,274.84,0,0,0,512,0,12
2024-03-20,1,Storage,SUP_D,13,281.51,0,0,0,473,0,12
2024-03-21,1,Storage,SUP_D,15,281.11,0,0,0,419,0,12
2024-03-22,1,Storage,SUP_D,9,284.63,0,0,0,384,0,12
2024-03-23,1,Storage,SUP_D,19,274.9,0,0,0,526,0,12
2024-03-24,1,Storage,SUP_D,19,295.48,0,0,0,418,0,12
2024-03-25,1,Storage,SUP_D,18,277.79,0,0,0,385,0,12
2024-03-26,1,Storage,SUP_D,15,281.01,0,0,0,388,0,12
2024-03-27,1,Storage,SUP_D,10,272.75,0,0,0,332,0,12
2024-03-28,1,Storage,SUP_D,13,276.8,0,0,0,538,0,12
2024-03-29,1,Storage,SUP_D,19,292.12,0,0,0,392,0,12
2024-03-30,1,Storage,SUP_D,19,285.58,0,0,0,428,0,12
2024-03-31,1,Storage,SUP_D,21,278.4,0,0,0,381,0,12
2024-04-01,1,Storage,SUP_D,20,286.52,0,0,0,551,0,12
2024-04-02,1,Storage,SUP_D,13,294.62,0,0,0,503,0,12
2024-04-03,1,Storage,SUP_D,12,291.44,0,0,0,370,0,12
2024-04-04,1,Storage,SUP_D,22,280.52,0,0,0,305,0,12
2024-04-05,1,Storage,SUP_D,10,295.38,0,0,0,532,0,12
2024-04-06,1,Storage,SUP_D,16,297.96,0,0,0,379,0,12
2024-04-07,1,Storage,SUP_D,17,279.81,0,0,0,515,0,12
2024-04-08,1,Storage,SUP_D,21,214.93,1,0,0,416,0,12
2024-04-09,1,Storage,SUP_D,19,199.97,1,0,0,332,0,12
2024-04-10,1,Storage,SUP_D,22,248.22,1,0,0,497,0,12
2024-04-11,1,Storage,SUP_D,25,236.21,1,0,0,525,0,12
2024-04-12,1,Storage,SUP_D,26,227.38,1,0,0,469,0,12
2024-04-13,1,Storage,SUP_D,20,225.91,1,0,0,548,0,12
2024-04-14,1,Storage,SUP_D,28,200.28,1,0,0,407,0,12
2024-04-15,1,Storage,SUP_D,19,286.81,0,0,0,533,0,12
2024-04-16,1,Storage,SUP_D,21,272.67,0,0,0,374,0,12
2024-04-17,1,Storage,SUP_D,8,296.69,0,0,0,505,0,12
2024-04-18,1,Storage,SUP_D,14,274.73,0,0,0,454,0,12
2024-04-19,1,Storage,SUP_D,13,296.77,0,0,0,353,0,12
2024-04-20,1,Storage,SUP_D,21,294.65,0,0,0,323,0,12
2024-04-21,1,Storage,SUP_D,21,284.19,0,0,0,489,0,12
2024-04-22,1,Storage,SUP_D,11,296.13,0,0,0,539,0,12
2024-04-23,1,Storage,SUP_D,6,274.78,0,0,0,355,0,12
2024-04-24,1,Storage,SUP_D,16,280.93,0,0,0,399,0,12
2024-04-25,1,Storage,SUP_D,16,278.74,0,0,0,349,0,12
2024-04-26,1,Storage,SUP_D,16,279.1,0,0,0,472,0,12
2024-04-27,1,Storage,SUP_D,12,293.37,0,0,0,345,0,12
2024-04-28,1,Storage,SUP_D,21,273.14,0,0,0,297,0,12
2024-04-29,1,Storage,SUP_D,27,294.91,0,0,0,436,0,12
2024-04-30,1,Storage,SUP_D,12,285.62,0,0,0,410,0,12
2024-05-01,1,Storage,SUP_D,19,296.54,0,0,0,517,0,12
2024-05-02,1,Storage,SUP_D,22,293.38,0,0,0,449,0,12
2024-05-03,1,Storage,SUP_D,5,296.93,0,0,0,324,0,12
2024-05-04,1,Storage,SUP_D,24,272.47,0,0,0,404,0,12
2024-05-05,1,Storage,SUP_D,21,298.16,0,0,0,524,0,12
2024-05-06,1,Storage,SUP_D,13,298.4,0,0,0,438,0,12
2024-05-07,1,Storage,SUP_D,20,284.21,0,0,0,470,0,12
2024-05-08,1,Storage,SUP_D,24,294.24,0,0,0,547,0,12
2024-05-09,1,Storage,SUP_D,10,296.25,0,0,0,355,0,12
2024-05-10,1,Storage,SUP_D,5,282.4,0,0,0,366,0,12
2024-05-11,1,Storage,SUP_D,21,274.13,0,0,0,488,0,12
2024-05-12,1,Storage,SUP_D,21,277.95,0,0,0,405,0,12
2024-05-13,1,Storage,SUP_D,19,292.36,0,0,0,451,0,12
2024-05-14,1,Storage,SUP_D,14,273.37,0,0,0,479,0,12
2024-05-15,1,Storage,SUP_D,12,290.49,0,0,0,541,0,12
2024-05-16,1,Storage,SUP_D,16,276.01,0,0,0,489,0,12
2024-05-17,1,Storage,SUP_D,12,283.83,0,0,0,450,0,12
2024-05-18,1,Storage,SUP_D,22,281.22,0,0,0,498,0,12
2024-05-19,1,Storage,SUP_D,19,283.72,0,0,0,451,0,12
2024-05-20,1,Storage,SUP_D,21,294.45,0,0,0,327,0,12
2024-05-21,1,Storage,SUP_D,12,296.49,0,0,0,354,0,12
2024-05-22,1,Storage,SUP_D,18,299.97,0,0,0,520,0,12
2024-05-23,1,Storage,SUP_D,16,278.89,0,0,0,323,0,12
2024-05-24,1,Storage,SUP_D,16,283.61,0,0,0,438,0,12
2024-05-25,1,Storage,SUP_D,16,272.3,0,0,0,557,0,12
2024-05-26,1,Storage,SUP_D,25,281.85,0,0,0,430,0,12
2024-05-27,1,Storage,SUP_D,19,287.55,0,0,0,506,0,12
2024-05-28,1,Storage,SUP_D,12,295.08,0,0,0,490,0,12
2024-05-29,1,Storage,SUP_D,15,299.67,0,0,0,459,0,12
2024-05-30,1,Storage,SUP_D,18,291.47,0,0,0,487,0,12
2024-05-31,1,Storage,SUP_D,14,284.79,0,0,0,307,0,12
2024-06-01,1,Storage,SUP_D,11,296.75,0,0,0,375,0,12
2024-06-02,1,Storage,SUP_D,9,291.42,0,0,0,305,0,12
2024-06-03,1,Storage,SUP_D,12,295.7,0,0,0,558,0,12
2024-06-04,1,Storage,SUP_D,20,289.84,0,0,0,453,0,12
2024-06-05,1,Storage,SUP_D,10,273.26,0,0,0,516,0,12
2024-06-06,1,Storage,SUP_D,9,285.16,0,0,0,454,0,12
2024-06-07,1,Storage,SUP_D,14,274.17,0,0,0,406,0,12
2024-06-08,1,Storage,SUP_D,17,274.34,0,0,0,407,0,12
2024-06-09,1,Storage,SUP_D,20,275.15,0,0,0,323,0,12
2024-06-10,1,Storage,SUP_D,9,291.03,0,0,0,389,0,12
2024-06-11,1,Storage,SUP_D,8,292.49,0,0,0,425,0,12
2024-06-12,1,Storage,SUP_D,10,288.38,0,0,0,442,0,12
2024-06-13,1,Storage,SUP_D,14,282.26,0,0,0,506,0,12
2024-06-14,1,Storage,SUP_D,12,296.86,0,0,0,546,0,12
2024-06-15,1,Storage,SUP_D,12,278.89,0,0,0,502,0,12
2024-06-16,1,Storage,SUP_D,13,274.24,0,0,0,387,0,12
2024-06-17,1,Storage,SUP_D,7,290.96,0,0,0,311,0,12
2024-06-18,1,Storage,SUP_D,16,273.94,0,0,0,486,0,12
2024-06-19,1,Storage,SUP_D,10,275.93,0,0,0,339,0,12
2024-06-20,1,Storage,SUP_D,15,283.49,0,0,0,464,0,12
2024-06-21,1,Storage,SUP_D,11,290.83,0,0,0,536,0,12
2024-06-22,1,Storage,SUP_D,13,283.74,0,0,0,407,0,12
2024-06-23,1,Storage,SUP_D,18,275.75,0,0,0,322,0,12
2024-06-24,1,Storage,SUP_D,13,283.68,0,0,0,559,0,12
2024-06-25,1,Storage,SUP_D,14,271.97,0,0,0,308,0,12
2024-06-26,1,Storage,SUP_D,14,272.31,0,0,0,558,0,12
2024-06-27,1,Storage,SUP_D,6,296.92,0,0,0,489,0,12
2024-06-28,1,Storage,SUP_D,14,274.47,0,0,0,333,0,12
2024-06-29,1,Storage,SUP_D,20,294.04,0,0,0,324,0,12
2024-06-30,1,Storage,SUP_D,21,277.85,0,0,0,526,0,12
2024-07-01,1,Storage,SUP_D,13,246.05,1,0,0,545,0,12
2024-07-02,1,Storage,SUP_D,14,250.41,1,0,0,378,0,12
2024-07-03,1,Storage,SUP_D,16,211.03,1,0,0,483,0,12
2024-07-04,1,Storage,SUP_D,12,239.84,1,0,0,502,0,12
2024-07-05,1,Storage,SUP_D,12,229.4,1,0,0,513,0,12
2024-07-06,1,Storage,SUP_D,21,227.35,1,0,0,432,0,12
2024-07-07,1,Storage,SUP_D,19,210.89,1,0,0,298,0,12
2024-07-08,1,Storage,SUP_D,13,277.38,0,0,0,333,0,12
2024-07-09,1,Storage,SUP_D,8,290.69,0,0,0,412,0,12
2024-07-10,1,Storage,SUP_D,13,299.21,0,0,0,318,0,12
2024-07-11,1,Storage,SUP_D,11,285.04,0,0,0,549,0,12
2024-07-12,1,Storage,SUP_D,14,284.03,0,0,0,479,0,12
2024-07-13,1,Storage,SUP_D,15,277.18,0,0,0,514,0,12
2024-07-14,1,Storage,SUP_D,6,284.01,0,0,0,374,0,12
2024-07-15,1,Storage,SUP_D,15,293.5,0,0,0,385,0,12
2024-07-16,1,Storage,SUP_D,10,297.14,0,0,0,316,0,12
2024-07-17,1,Storage,SUP_D,10,272.25,0,0,0,333,0,12
2024-07-18,1,Storage,SUP_D,11,279.69,0,0,0,530,0,12
2024-07-19,1,Storage,SUP_D,18,297.01,0,0,0,358,0,12
2024-07-20,1,Storage,SUP_D,12,283.55,0,0,0,525,0,12
2024-07-21,1,Storage,SUP_D,19,294.95,0,0,0,335,0,12
2024-07-22,1,Storage,SUP_D,10,277.89,0,0,0,458,0,12
2024-07-23,1,Storage,SUP_D,13,294.16,0,0,0,469,0,12
2024-07-24,1,Storage,SUP_D,10,296.53,0,0,0,527,0,12
2024-07-25,1,Storage,SUP_D,9,294.41,0,0,0,469,0,12
2024-07-26,1,Storage,SUP_D,7,284.34,0,0,0,513,0,12
2024-07-27,1,Storage,SUP_D,11,275.89,0,0,0,559,0,12
2024-07-28,1,Storage,SUP_D,16,297.8,0,0,0,316,0,12
2024-07-29,1,Storage,SUP_D,15,280.68,0,0,0,437,0,12
2024-07-30,1,Storage,SUP_D,13,298.47,0,0,0,366,0,12
2024-07-31,1,Storage,SUP_D,15,282.19,0,0,0,298,0,12
2024-08-01,1,Storage,SUP_D,11,274.41,0,0,0,322,0,12
2024-08-02,1,Storage,SUP_D,10,295.35,0,0,0,352,0,12
2024-08-03,1,Storage,SUP_D,13,286.09,0,0,0,517,0,12
2024-08-04,1,Storage,SUP_D,15,286.24,0,0,0,460,0,12
2024-08-05,1,Storage,SUP_D,15,246.54,1,0,0,518,0,12
2024-08-06,1,Storage,SUP_D,12,243.76,1,0,0,529,0,12
2024-08-07,1,Storage,SUP_D,22,252.28,1,0,0,551,0,12
2024-08-08,1,Storage,SUP_D,16,259.79,1,0,0,531,0,12
2024-08-09,1,Storage,SUP_D,18,232.58,1,0,0,526,0,12
2024-08-10,1,Storage,SUP_D,19,226.91,1,0,0,441,0,12
2024-08-11,1,Storage,SUP_D,17,205.04,1,0,0,386,0,12
2024-08-12,1,Storage,SUP_D,11,284.76,0,0,0,371,0,12
2024-08-13,1,Storage,SUP_D,16,277.98,0,0,0,344,0,12
2024-08-14,1,Storage,SUP_D,10,272.36,0,0,0,465,0,12
2024-08-15,1,Storage,SUP_D,13,293.2,0,0,0,310,0,12
2024-08-16,1,Storage,SUP_D,19,290.68,0,0,0,329,0,12
2024-08-17,1,Storage,SUP_D,20,273.78,0,0,0,458,0,12
2024-08-18,1,Storage,SUP_D,16,282.13,0,0,0,299,0,12
2024-08-19,1,Storage,SUP_D,18,256.49,1,0,0,375,0,12
2024-08-20,1,Storage,SUP_D,12,230.93,1,0,0,319,0,12
2024-08-21,1,Storage,SUP_D,18,239.63,1,0,0,552,0,12
2024-08-22,1,Storage,SUP_D,6,256.09,1,0,0,472,0,12
2024-08-23,1,Storage,SUP_D,24,234.77,1,0,0,462,0,12
2024-08-24,1,Storage,SUP_D,20,218.12,1,0,0,531,0,12
2024-08-25,1,Storage,SUP_D,18,220.24,1,0,0,558,0,12
2024-08-26,1,Storage,SUP_D,14,283.74,0,0,0,555,0,12
2024-08-27,1,Storage,SUP_D,8,280.22,0,0,0,382,0,12
2024-08-28,1,Storage,SUP_D,17,283.51,0,0,0,475,0,12
2024-08-29,1,Storage,SUP_D,11,271.78,0,0,0,409,0,12
2024-08-30,1,Storage,SUP_D,11,296.97,0,0,0,561,0,12
2024-08-31,1,Storage,SUP_D,20,289.75,0,0,0,311,0,12
2024-09-01,1,Storage,SUP_D,15,291.44,0,0,0,473,0,12
2024-09-02,1,Storage,SUP_D,6,275.1,0,0,0,331,0,12
2024-09-03,1,Storage,SUP_D,11,295.16,0,0,0,411,0,12
2024-09-04,1,Storage,SUP_D,17,299.23,0,0,0,389,0,12
2024-09-05,1,Storage,SUP_D,20,290.0,0,0,0,325,0,12
2024-09-06,1,Storage,SUP_D,11,298.71,0,0,0,435,0,12
2024-09-07,1,Storage,SUP_D,16,294.0,0,0,0,425,0,12
2024-09-08,1,Storage,SUP_D,22,278.62,0,0,0,378,0,12
2024-09-09,1,Storage,SUP_D,8,275.66,0,0,0,522,0,12
2024-09-10,1,Storage,SUP_D,14,298.69,0,0,0,527,0,12
2024-09-11,1,Storage,SUP_D,24,276.15,0,0,0,540,0,12
2024-09-12,1,Storage,SUP_D,17,271.85,0,0,0,496,0,12
2024-09-13,1,Storage,SUP_D,9,287.18,0,0,0,425,0,12
2024-09-14,1,Storage,SUP_D,24,286.88,0,0,0,546,0,12
2024-09-15,1,Storage,SUP_D,12,275.09,0,0,0,403,0,12
2024-09-16,1,Storage,SUP_D,16,271.53,0,0,0,366,0,12
2024-09-17,1,Storage,SUP_D,15,289.64,0,0,0,379,0,12
2024-09-18,1,Storage,SUP_D,15,276.76,0,0,0,452,0,12
2024-09-19,1,Storage,SUP_D,17,274.93,0,0,0,447,0,12
2024-09-20,1,Storage,SUP_D,12,282.87,0,0,0,348,0,12
2024-09-21,1,Storage,SUP_D,21,287.04,0,0,0,480,0,12
2024-09-22,1,Storage,SUP_D,26,279.0,0,0,0,440,0,12
2024-09-23,1,Storage,SUP_D,14,286.21,0,0,0,529,0,12
2024-09-24,1,Storage,SUP_D,17,273.22,0,0,0,409,0,12
2024-09-25,1,Storage,SUP_D,13,299.41,0,0,0,381,0,12
2024-09-26,1,Storage,SUP_D,12,286.02,0,0,0,342,0,12
2024-09-27,1,Storage,SUP_D,16,287.9,0,0,0,518,0,12
2024-09-28,1,Storage,SUP_D,8,284.6,0,0,0,517,0,12
2024-09-29,1,Storage,SUP_D,17,294.03,0,0,0,446,0,12
2024-09-30,1,Storage,SUP_D,13,292.28,0,0,0,533,0,12
2024-10-01,1,Storage,SUP_D,25,293.75,0,0,0,404,0,12
2024-10-02,1,Storage,SUP_D,22,280.76,0,0,0,494,0,12
2024-10-03,1,Storage,SUP_D,20,277.19,0,0,0,523,0,12
