synthetic_ecommerce_demand_2021_2024.csv
date,sku_id,category,supplier_id,units_sold,price,promo_flag,is_black_friday_week,is_christmas_peak,stock_on_hand,stockout_flag,lead_time_days
2024-10-04,1,Storage,SUP_D,23,282.88,0,0,0,405,0,12
2024-10-05,1,Storage,SUP_D,15,294.15,0,0,0,402,0,12
2024-10-06,1,Storage,SUP_D,23,284.51,0,0,0,296,0,12
2024-10-07,1,Storage,SUP_D,22,295.42,0,0,0,447,0,12
2024-10-08,1,Storage,SUP_D,18,291.42,0,0,0,320,0,12
2024-10-09,1,Storage,SUP_D,22,279.97,0,0,0,459,0,12
2024-10-10,1,Storage,SUP_D,26,291.94,0,0,0,370,0,12
2024-10-11,1,Storage,SUP_D,18,291.58,0,0,0,546,0,12
2024-10-12,1,Storage,SUP_D,21,278.58,0,0,0,313,0,12
2024-10-13,1,Storage,SUP_D,24,279.15,0,0,0,368,0,12
2024-10-14,1,Storage,SUP_D,25,296.35,0,0,0,458,0,12
2024-10-15,1,Storage,SUP_D,27,284.7,0,0,0,526,0,12
2024-10-16,1,Storage,SUP_D,18,295.1,0,0,0,558,0,12
2024-10-17,1,Storage,SUP_D,18,280.88,0,0,0,551,0,12
2024-10-18,1,Storage,SUP_D,18,282.96,0,0,0,401,0,12
2024-10-19,1,Storage,SUP_D,20,295.69,0,0,0,306,0,12
2024-10-20,1,Storage,SUP_D,32,289.05,0,0,0,449,0,12
2024-10-21,1,Storage,SUP_D,18,294.26,0,0,0,377,0,12
2024-10-22,1,Storage,SUP_D,20,292.38,0,0,0,405,0,12
2024-10-23,1,Storage,SUP_D,21,299.76,0,0,0,373,0,12
2024-10-24,1,Storage,SUP_D,23,293.86,0,0,0,368,0,12
2024-10-25,1,Storage,SUP_D,25,283.17,0,0,0,468,0,12
2024-10-26,1,Storage,SUP_D,30,297.13,0,0,0,359,0,12
2024-10-27,1,Storage,SUP_D,33,290.27,0,0,0,427,0,12
2024-10-28,1,Storage,SUP_D,21,285.82,0,0,0,335,0,12
2024-10-29,1,Storage,SUP_D,19,287.76,0,0,0,319,0,12
2024-10-30,1,Storage,SUP_D,15,282.32,0,0,0,523,0,12
2024-10-31,1,Storage,SUP_D,28,289.55,0,0,0,468,0,12
2024-11-01,1,Storage,SUP_D,21,292.39,0,0,0,423,0,12
2024-11-02,1,Storage,SUP_D,23,303.58,0,0,0,422,0,12
2024-11-03,1,Storage,SUP_D,21,307.86,0,0,0,507,0,12
2024-11-04,1,Storage,SUP_D,23,302.16,0,0,0,393,0,12
2024-11-05,1,Storage,SUP_D,15,300.86,0,0,0,458,0,12
2024-11-06,1,Storage,SUP_D,15,288.58,0,0,0,496,0,12
2024-11-07,1,Storage,SUP_D,21,302.18,0,0,0,526,0,12
2024-11-08,1,Storage,SUP_D,24,301.86,0,0,0,483,0,12
2024-11-09,1,Storage,SUP_D,24,286.85,0,0,0,417,0,12
2024-11-10,1,Storage,SUP_D,26,293.91,0,0,0,373,0,12
2024-11-11,1,Storage,SUP_D,22,288.44,0,0,0,335,0,12
2024-11-12,1,Storage,SUP_D,16,293.83,0,0,0,488,0,12
2024-11-13,1,Storage,SUP_D,18,287.2,0,0,0,359,0,12
2024-11-14,1,Storage,SUP_D,23,292.7,0,0,0,519,0,12
2024-11-15,1,Storage,SUP_D,22,287.07,0,0,0,307,0,12
2024-11-16,1,Storage,SUP_D,35,309.85,0,0,0,526,0,12
2024-11-17,1,Storage,SUP_D,25,297.18,0,0,0,480,0,12
2024-11-18,1,Storage,SUP_D,35,266.8,1,1,0,306,0,12
2024-11-19,1,Storage,SUP_D,34,222.76,1,1,0,440,0,12
2024-11-20,1,Storage,SUP_D,28,258.22,1,1,0,478,0,12
2024-11-21,1,Storage,SUP_D,22,228.04,1,1,0,529,0,12
2024-11-22,1,Storage,SUP_D,23,255.21,1,1,0,491,0,12
2024-11-23,1,Storage,SUP_D,28,262.25,1,1,0,435,0,12
2024-11-24,1,Storage,SUP_D,37,213.2,1,1,0,380,0,12
2024-11-25,1,Storage,SUP_D,18,288.82,0,1,0,496,0,12
2024-11-26,1,Storage,SUP_D,10,308.34,0,1,0,502,0,12
2024-11-27,1,Storage,SUP_D,20,303.14,0,0,0,402,0,12
2024-11-28,1,Storage,SUP_D,18,298.18,0,0,0,319,0,12
2024-11-29,1,Storage,SUP_D,28,287.32,0,0,0,425,0,12
2024-11-30,1,Storage,SUP_D,17,303.22,0,0,0,342,0,12
2024-12-01,1,Storage,SUP_D,25,289.16,0,0,1,347,0,12
2024-12-02,1,Storage,SUP_D,18,296.89,0,0,1,445,0,12
2024-12-03,1,Storage,SUP_D,29,306.69,0,0,1,539,0,12
2024-12-04,1,Storage,SUP_D,13,286.56,0,0,1,451,0,12
2024-12-05,1,Storage,SUP_D,25,301.29,0,0,1,426,0,12
2024-12-06,1,Storage,SUP_D,14,286.27,0,0,1,328,0,12
2024-12-07,1,Storage,SUP_D,30,308.38,0,0,1,463,0,12
2024-12-08,1,Storage,SUP_D,28,300.4,0,0,1,382,0,12
2024-12-09,1,Storage,SUP_D,24,301.22,0,0,1,405,0,12
2024-12-10,1,Storage,SUP_D,17,290.33,0,0,1,516,0,12
2024-12-11,1,Storage,SUP_D,22,309.15,0,0,1,383,0,12
2024-12-12,1,Storage,SUP_D,16,306.64,0,0,1,461,0,12
2024-12-13,1,Storage,SUP_D,16,289.16,0,0,1,465,0,12
2024-12-14,1,Storage,SUP_D,23,305.57,0,0,1,405,0,12
2024-12-15,1,Storage,SUP_D,28,313.62,0,0,1,328,0,12
2024-12-16,1,Storage,SUP_D,22,291.27,0,0,1,492,0,12
2024-12-17,1,Storage,SUP_D,18,296.42,0,0,1,360,0,12
2024-12-18,1,Storage,SUP_D,20,306.97,0,0,1,498,0,12
2024-12-19,1,Storage,SUP_D,15,311.32,0,0,1,327,0,12
2024-12-20,1,Storage,SUP_D,20,303.18,0,0,1,320,0,12
2024-12-21,1,Storage,SUP_D,23,314.16,0,0,1,337,0,12
2024-12-22,1,Storage,SUP_D,20,303.25,0,0,1,350,0,12
2024-12-23,1,Storage,SUP_D,18,314.25,0,0,1,380,0,12
2024-12-24,1,Storage,SUP_D,22,312.76,0,0,1,312,0,12
2024-12-25,1,Storage,SUP_D,23,301.61,0,0,0,347,0,12
2024-12-26,1,Storage,SUP_D,20,292.56,0,0,0,532,0,12
2024-12-27,1,Storage,SUP_D,15,301.07,0,0,0,430,0,12
2024-12-28,1,Storage,SUP_D,30,289.33,0,0,0,376,0,12
2024-12-29,1,Storage,SUP_D,23,294.04,0,0,0,321,0,12
2024-12-30,1,Storage,SUP_D,23,312.33,0,0,0,551,0,12
2024-12-31,1,Storage,SUP_D,25,310.08,0,0,0,395,0,12
2021-01-01,2,Storage,SUP_C,7,143.95,0,0,0,267,0,17
2021-01-02,2,Storage,SUP_C,9,146.77,0,0,0,163,0,17
2021-01-03,2,Storage,SUP_C,10,138.84,0,0,0,257,0,17
2021-01-04,2,Storage,SUP_C,9,141.78,0,0,0,246,0,17
2021-01-05,2,Storage,SUP_C,12,137.82,0,0,0,185,0,17
2021-01-06,2,Storage,SUP_C,8,143.61,0,0,0,265,0,17
2021-01-07,2,Storage,SUP_C,8,144.66,0,0,0,150,0,17
2021-01-08,2,Storage,SUP_C,4,146.41,0,0,0,225,0,17
2021-01-09,2,Storage,SUP_C,7,144.15,0,0,0,275,0,17
2021-01-10,2,Storage,SUP_C,9,140.22,0,0,0,266,0,17
2021-01-11,2,Storage,SUP_C,4,141.11,0,0,0,269,0,17
2021-01-12,2,Storage,SUP_C,8,136.51,0,0,0,276,0,17
2021-01-13,2,Storage,SUP_C,12,148.14,0,0,0,196,0,17
2021-01-14,2,Storage,SUP_C,5,144.09,0,0,0,256,0,17
2021-01-15,2,Storage,SUP_C,8,139.75,0,0,0,208,0,17
2021-01-16,2,Storage,SUP_C,11,149.08,0,0,0,166,0,17
2021-01-17,2,Storage,SUP_C,8,146.12,0,0,0,197,0,17
2021-01-18,2,Storage,SUP_C,7,147.09,0,0,0,158,0,17
2021-01-19,2,Storage,SUP_C,7,150.04,0,0,0,182,0,17
2021-01-20,2,Storage,SUP_C,9,146.88,0,0,0,223,0,17
2021-01-21,2,Storage,SUP_C,9,141.06,0,0,0,201,0,17
2021-01-22,2,Storage,SUP_C,8,136.67,0,0,0,191,0,17
2021-01-23,2,Storage,SUP_C,9,149.07,0,0,0,211,0,17
2021-01-24,2,Storage,SUP_C,8,139.79,0,0,0,239,0,17
2021-01-25,2,Storage,SUP_C,10,138.3,0,0,0,193,0,17
2021-01-26,2,Storage,SUP_C,6,142.75,0,0,0,218,0,17
2021-01-27,2,Storage,SUP_C,10,144.44,0,0,0,218,0,17
2021-01-28,2,Storage,SUP_C,11,148.45,0,0,0,265,0,17
2021-01-29,2,Storage,SUP_C,6,141.25,0,0,0,200,0,17
2021-01-30,2,Storage,SUP_C,8,140.41,0,0,0,212,0,17
2021-01-31,2,Storage,SUP_C,9,142.98,0,0,0,172,0,17
2021-02-01,2,Storage,SUP_C,7,141.58,0,0,0,183,0,17
2021-02-02,2,Storage,SUP_C,7,142.22,0,0,0,232,0,17
2021-02-03,2,Storage,SUP_C,5,140.87,0,0,0,201,0,17
2021-02-04,2,Storage,SUP_C,6,150.21,0,0,0,205,0,17
2021-02-05,2,Storage,SUP_C,6,141.95,0,0,0,173,0,17
2021-02-06,2,Storage,SUP_C,10,142.01,0,0,0,256,0,17
2021-02-07,2,Storage,SUP_C,11,144.11,0,0,0,241,0,17
2021-02-08,2,Storage,SUP_C,16,113.7,1,0,0,258,0,17
2021-02-09,2,Storage,SUP_C,11,114.37,1,0,0,228,0,17
2021-02-10,2,Storage,SUP_C,10,107.45,1,0,0,205,0,17
2021-02-11,2,Storage,SUP_C,15,102.64,1,0,0,152,0,17
2021-02-12,2,Storage,SUP_C,12,120.43,1,0,0,232,0,17
2021-02-13,2,Storage,SUP_C,12,114.89,1,0,0,185,0,17
2021-02-14,2,Storage,SUP_C,16,125.94,1,0,0,198,0,17
2021-02-15,2,Storage,SUP_C,8,139.57,0,0,0,196,0,17
2021-02-16,2,Storage,SUP_C,7,145.57,0,0,0,206,0,17
2021-02-17,2,Storage,SUP_C,8,142.87,0,0,0,199,0,17
2021-02-18,2,Storage,SUP_C,5,145.02,0,0,0,226,0,17
2021-02-19,2,Storage,SUP_C,11,137.16,0,0,0,208,0,17
2021-02-20,2,Storage,SUP_C,16,144.75,0,0,0,228,0,17
2021-02-21,2,Storage,SUP_C,13,146.08,0,0,0,204,0,17
2021-02-22,2,Storage,SUP_C,7,138.96,0,0,0,237,0,17
2021-02-23,2,Storage,SUP_C,7,140.25,0,0,0,248,0,17
2021-02-24,2,Storage,SUP_C,4,146.88,0,0,0,232,0,17
2021-02-25,2,Storage,SUP_C,5,143.09,0,0,0,230,0,17
2021-02-26,2,Storage,SUP_C,6,136.95,0,0,0,245,0,17
2021-02-27,2,Storage,SUP_C,6,142.69,0,0,0,280,0,17
2021-02-28,2,Storage,SUP_C,8,150.09,0,0,0,260,0,17
2021-03-01,2,Storage,SUP_C,5,149.55,0,0,0,207,0,17
2021-03-02,2,Storage,SUP_C,9,143.26,0,0,0,149,0,17
2021-03-03,2,Storage,SUP_C,9,138.98,0,0,0,212,0,17
2021-03-04,2,Storage,SUP_C,10,148.54,0,0,0,152,0,17
2021-03-05,2,Storage,SUP_C,9,139.78,0,0,0,151,0,17
2021-03-06,2,Storage,SUP_C,10,146.1,0,0,0,240,0,17
2021-03-07,2,Storage,SUP_C,5,141.7,0,0,0,226,0,17
2021-03-08,2,Storage,SUP_C,11,145.38,0,0,0,229,0,17
2021-03-09,2,Storage,SUP_C,10,148.99,0,0,0,165,0,17
2021-03-10,2,Storage,SUP_C,5,137.53,0,0,0,239,0,17
2021-03-11,2,Storage,SUP_C,5,149.03,0,0,0,175,0,17
2021-03-12,2,Storage,SUP_C,14,137.66,0,0,0,158,0,17
2021-03-13,2,Storage,SUP_C,10,149.42,0,0,0,263,0,17
2021-03-14,2,Storage,SUP_C,9,138.67,0,0,0,192,0,17
2021-03-15,2,Storage,SUP_C,10,141.49,0,0,0,186,0,17
2021-03-16,2,Storage,SUP_C,3,139.04,0,0,0,219,0,17
2021-03-17,2,Storage,SUP_C,10,144.93,0,0,0,151,0,17
2021-03-18,2,Storage,SUP_C,7,136.03,0,0,0,208,0,17
2021-03-19,2,Storage,SUP_C,12,148.41,0,0,0,198,0,17
2021-03-20,2,Storage,SUP_C,7,148.82,0,0,0,188,0,17
2021-03-21,2,Storage,SUP_C,7,148.36,0,0,0,199,0,17
2021-03-22,2,Storage,SUP_C,6,149.27,0,0,0,221,0,17
2021-03-23,2,Storage,SUP_C,4,141.97,0,0,0,169,0,17
2021-03-24,2,Storage,SUP_C,11,145.71,0,0,0,244,0,17
2021-03-25,2,Storage,SUP_C,4,143.11,0,0,0,258,0,17
2021-03-26,2,Storage,SUP_C,7,146.16,0,0,0,198,0,17
2021-03-27,2,Storage,SUP_C,8,149.28,0,0,0,174,0,17
2021-03-28,2,Storage,SUP_C,12,144.8,0,0,0,168,0,17
2021-03-29,2,Storage,SUP_C,6,144.56,0,0,0,199,0,17
2021-03-30,2,Storage,SUP_C,11,138.64,0,0,0,268,0,17
2021-03-31,2,Storage,SUP_C,7,138.7,0,0,0,264,0,17
2021-04-01,2,Storage,SUP_C,5,137.68,0,0,0,162,0,17
2021-04-02,2,Storage,SUP_C,6,146.43,0,0,0,257,0,17
2021-04-03,2,Storage,SUP_C,8,139.04,0,0,0,183,0,17
2021-04-04,2,Storage,SUP_C,9,148.96,0,0,0,151,0,17
2021-04-05,2,Storage,SUP_C,11,119.18,1,0,0,212,0,17
2021-04-06,2,Storage,SUP_C,9,112.17,1,0,0,182,0,17
2021-04-07,2,Storage,SUP_C,12,119.36,1,0,0,246,0,17
2021-04-08,2,Storage,SUP_C,15,100.89,1,0,0,141,0,17
2021-04-09,2,Storage,SUP_C,12,123.18,1,0,0,260,0,17
2021-04-10,2,Storage,SUP_C,18,106.66,1,0,0,187,0,17
2021-04-11,2,Storage,SUP_C,11,121.11,1,0,0,235,0,17
2021-04-12,2,Storage,SUP_C,12,120.23,1,0,0,148,0,17
2021-04-13,2,Storage,SUP_C,15,98.56,1,0,0,153,0,17
2021-04-14,2,Storage,SUP_C,13,109.25,1,0,0,264,0,17
2021-04-15,2,Storage,SUP_C,9,119.68,1,0,0,227,0,17
2021-04-16,2,Storage,SUP_C,15,103.38,1,0,0,225,0,17
2021-04-17,2,Storage,SUP_C,11,122.84,1,0,0,187,0,17
2021-04-18,2,Storage,SUP_C,17,127.71,1,0,0,169,0,17
2021-04-19,2,Storage,SUP_C,7,148.2,0,0,0,240,0,17
2021-04-20,2,Storage,SUP_C,3,149.15,0,0,0,249,0,17
2021-04-21,2,Storage,SUP_C,9,145.84,0,0,0,235,0,17
2021-04-22,2,Storage,SUP_C,8,146.93,0,0,0,159,0,17
2021-04-23,2,Storage,SUP_C,9,136.46,0,0,0,171,0,17
2021-04-24,2,Storage,SUP_C,4,139.05,0,0,0,188,0,17
2021-04-25,2,Storage,SUP_C,6,149.64,0,0,0,243,0,17
2021-04-26,2,Storage,SUP_C,13,144.5,0,0,0,212,0,17
2021-04-27,2,Storage,SUP_C,7,138.75,0,0,0,189,0,17
2021-04-28,2,Storage,SUP_C,4,142.45,0,0,0,207,0,17
2021-04-29,2,Storage,SUP_C,9,140.75,0,0,0,217,0,17
2021-04-30,2,Storage,SUP_C,5,148.06,0,0,0,168,0,17
2021-05-01,2,Storage,SUP_C,10,144.72,0,0,0,144,0,17
2021-05-02,2,Storage,SUP_C,10,146.39,0,0,0,220,0,17
2021-05-03,2,Storage,SUP_C,4,140.56,0,0,0,166,0,17
2021-05-04,2,Storage,SUP_C,9,146.4,0,0,0,147,0,17
2021-05-05,2,Storage,SUP_C,6,149.45,0,0,0,154,0,17
2021-05-06,2,Storage,SUP_C,4,137.82,0,0,0,209,0,17
2021-05-07,2,Storage,SUP_C,7,143.48,0,0,0,184,0,17
2021-05-08,2,Storage,SUP_C,6,148.72,0,0,0,244,0,17
2021-05-09,2,Storage,SUP_C,9,139.57,0,0,0,158,0,17
2021-05-10,2,Storage,SUP_C,13,141.02,0,0,0,158,0,17
2021-05-11,2,Storage,SUP_C,9,150.28,0,0,0,224,0,17
2021-05-12,2,Storage,SUP_C,8,137.86,0,0,0,211,0,17
2021-05-13,2,Storage,SUP_C,7,138.12,0,0,0,222,0,17
2021-05-14,2,Storage,SUP_C,7,149.73,0,0,0,153,0,17
2021-05-15,2,Storage,SUP_C,17,144.26,0,0,0,215,0,17
2021-05-16,2,Storage,SUP_C,11,137.39,0,0,0,201,0,17
2021-05-17,2,Storage,SUP_C,15,112.56,1,0,0,256,0,17
2021-05-18,2,Storage,SUP_C,12,113.76,1,0,0,180,0,17
2021-05-19,2,Storage,SUP_C,16,106.38,1,0,0,152,0,17
2021-05-20,2,Storage,SUP_C,18,109.01,1,0,0,158,0,17
2021-05-21,2,Storage,SUP_C,17,100.57,1,0,0,188,0,17
2021-05-22,2,Storage,SUP_C,18,122.43,1,0,0,203,0,17
2021-05-23,2,Storage,SUP_C,16,104.16,1,0,0,263,0,17
2021-05-24,2,Storage,SUP_C,5,150.02,0,0,0,242,0,17
2021-05-25,2,Storage,SUP_C,4,137.06,0,0,0,179,0,17
2021-05-26,2,Storage,SUP_C,5,142.19,0,0,0,206,0,17
2021-05-27,2,Storage,SUP_C,10,145.91,0,0,0,267,0,17
2021-05-28,2,Storage,SUP_C,8,148.13,0,0,0,188,0,17
2021-05-29,2,Storage,SUP_C,12,150.09,0,0,0,248,0,17
2021-05-30,2,Storage,SUP_C,11,139.73,0,0,0,220,0,17
2021-05-31,2,Storage,SUP_C,12,118.22,1,0,0,222,0,17
2021-06-01,2,Storage,SUP_C,8,125.57,1,0,0,199,0,17
2021-06-02,2,Storage,SUP_C,15,117.74,1,0,0,199,0,17
2021-06-03,2,Storage,SUP_C,11,117.88,1,0,0,170,0,17
2021-06-04,2,Storage,SUP_C,10,131.96,1,0,0,182,0,17
2021-06-05,2,Storage,SUP_C,18,116.06,1,0,0,150,0,17
2021-06-06,2,Storage,SUP_C,9,112.35,1,0,0,230,0,17
2021-06-07,2,Storage,SUP_C,6,137.15,0,0,0,238,0,17
2021-06-08,2,Storage,SUP_C,5,143.82,0,0,0,160,0,17
2021-06-09,2,Storage,SUP_C,7,136.15,0,0,0,192,0,17
2021-06-10,2,Storage,SUP_C,7,138.47,0,0,0,204,0,17
2021-06-11,2,Storage,SUP_C,11,138.08,0,0,0,209,0,17
2021-06-12,2,Storage,SUP_C,9,136.9,0,0,0,257,0,17
2021-06-13,2,Storage,SUP_C,9,143.4,0,0,0,236,0,17
2021-06-14,2,Storage,SUP_C,6,136.71,0,0,0,236,0,17
2021-06-15,2,Storage,SUP_C,6,139.39,0,0,0,180,0,17
2021-06-16,2,Storage,SUP_C,8,136.81,0,0,0,183,0,17
2021-06-17,2,Storage,SUP_C,7,136.92,0,0,0,197,0,17
2021-06-18,2,Storage,SUP_C,5,146.44,0,0,0,190,0,17
2021-06-19,2,Storage,SUP_C,10,147.09,0,0,0,228,0,17
2021-06-20,2,Storage,SUP_C,11,146.82,0,0,0,166,0,17
2021-06-21,2,Storage,SUP_C,10,148.17,0,0,0,244,0,17
2021-06-22,2,Storage,SUP_C,6,141.56,0,0,0,249,0,17
2021-06-23,2,Storage,SUP_C,6,137.89,0,0,0,171,0,17
2021-06-24,2,Storage,SUP_C,5,142.08,0,0,0,262,0,17
2021-06-25,2,Storage,SUP_C,8,141.97,0,0,0,170,0,17
2021-06-26,2,Storage,SUP_C,4,142.09,0,0,0,217,0,17
2021-06-27,2,Storage,SUP_C,5,148.01,0,0,0,178,0,17
2021-06-28,2,Storage,SUP_C,3,148.88,0,0,0,192,0,17
2021-06-29,2,Storage,SUP_C,5,147.95,0,0,0,155,0,17
2021-06-30,2,Storage,SUP_C,7,148.39,0,0,0,188,0,17
2021-07-01,2,Storage,SUP_C,3,141.4,0,0,0,267,0,17
2021-07-02,2,Storage,SUP_C,8,148.89,0,0,0,241,0,17
2021-07-03,2,Storage,SUP_C,3,142.36,0,0,0,191,0,17
2021-07-04,2,Storage,SUP_C,8,148.56,0,0,0,173,0,17
2021-07-05,2,Storage,SUP_C,13,105.57,1,0,0,214,0,17
2021-07-06,2,Storage,SUP_C,15,100.46,1,0,0,229,0,17
2021-07-07,2,Storage,SUP_C,9,113.7,1,0,0,151,0,17
2021-07-08,2,Storage,SUP_C,13,109.54,1,0,0,192,0,17
2021-07-09,2,Storage,SUP_C,13,101.54,1,0,0,262,0,17
2021-07-10,2,Storage,SUP_C,10,111.74,1,0,0,190,0,17
2021-07-11,2,Storage,SUP_C,16,108.92,1,0,0,244,0,17
2021-07-12,2,Storage,SUP_C,15,130.13,1,0,0,197,0,17
2021-07-13,2,Storage,SUP_C,15,115.43,1,0,0,188,0,17
2021-07-14,2,Storage,SUP_C,13,106.68,1,0,0,155,0,17
2021-07-15,2,Storage,SUP_C,12,122.81,1,0,0,217,0,17
2021-07-16,2,Storage,SUP_C,7,118.67,1,0,0,172,0,17
2021-07-17,2,Storage,SUP_C,8,117.07,1,0,0,268,0,17
2021-07-18,2,Storage,SUP_C,11,131.36,1,0,0,268,0,17
2021-07-19,2,Storage,SUP_C,7,147.86,0,0,0,247,0,17
2021-07-20,2,Storage,SUP_C,5,150.02,0,0,0,216,0,17
2021-07-21,2,Storage,SUP_C,16,137.93,0,0,0,189,0,17
2021-07-22,2,Storage,SUP_C,9,139.25,0,0,0,273,0,17
2021-07-23,2,Storage,SUP_C,7,136.56,0,0,0,228,0,17
2021-07-24,2,Storage,SUP_C,5,150.28,0,0,0,200,0,17
2021-07-25,2,Storage,SUP_C,13,149.36,0,0,0,200,0,17
2021-07-26,2,Storage,SUP_C,11,141.67,0,0,0,233,0,17
2021-07-27,2,Storage,SUP_C,6,141.1,0,0,0,266,0,17
2021-07-28,2,Storage,SUP_C,7,138.18,0,0,0,185,0,17
2021-07-29,2,Storage,SUP_C,5,143.56,0,0,0,182,0,17
2021-07-30,2,Storage,SUP_C,5,146.51,0,0,0,227,0,17
2021-07-31,2,Storage,SUP_C,5,148.46,0,0,0,185,0,17
2021-08-01,2,Storage,SUP_C,6,140.76,0,0,0,200,0,17
2021-08-02,2,Storage,SUP_C,5,145.35,0,0,0,153,0,17
2021-08-03,2,Storage,SUP_C,6,149.24,0,0,0,191,0,17
2021-08-04,2,Storage,SUP_C,8,139.59,0,0,0,221,0,17
2021-08-05,2,Storage,SUP_C,2,139.6,0,0,0,222,0,17
2021-08-06,2,Storage,SUP_C,11,149.75,0,0,0,238,0,17
2021-08-07,2,Storage,SUP_C,9,148.51,0,0,0,189,0,17
2021-08-08,2,Storage,SUP_C,9,148.37,0,0,0,233,0,17
2021-08-09,2,Storage,SUP_C,10,140.78,0,0,0,204,0,17
2021-08-10,2,Storage,SUP_C,9,143.88,0,0,0,171,0,17
2021-08-11,2,Storage,SUP_C,6,148.37,0,0,0,174,0,17
2021-08-12,2,Storage,SUP_C,11,136.48,0,0,0,237,0,17
2021-08-13,2,Storage,SUP_C,8,140.52,0,0,0,182,0,17
2021-08-14,2,Storage,SUP_C,10,148.59,0,0,0,272,0,17
2021-08-15,2,Storage,SUP_C,4,136.96,0,0,0,212,0,17
2021-08-16,2,Storage,SUP_C,7,136.48,0,0,0,206,0,17
2021-08-17,2,Storage,SUP_C,3,141.23,0,0,0,227,0,17
2021-08-18,2,Storage,SUP_C,8,145.79,0,0,0,192,0,17
2021-08-19,2,Storage,SUP_C,6,148.44,0,0,0,210,0,17
2021-08-20,2,Storage,SUP_C,7,137.11,0,0,0,233,0,17
2021-08-21,2,Storage,SUP_C,9,147.65,0,0,0,174,0,17
2021-08-22,2,Storage,SUP_C,6,142.74,0,0,0,182,0,17
2021-08-23,2,Storage,SUP_C,6,137.62,0,0,0,206,0,17
2021-08-24,2,Storage,SUP_C,10,145.34,0,0,0,231,0,17
2021-08-25,2,Storage,SUP_C,6,137.19,0,0,0,239,0,17
2021-08-26,2,Storage,SUP_C,2,141.37,0,0,0,162,0,17
2021-08-27,2,Storage,SUP_C,10,146.53,0,0,0,187,0,17
2021-08-28,2,Storage,SUP_C,12,139.9,0,0,0,243,0,17
2021-08-29,2,Storage,SUP_C,7,138.25,0,0,0,248,0,17
2021-08-30,2,Storage,SUP_C,4,147.81,0,0,0,253,0,17
2021-08-31,2,Storage,SUP_C,5,136.27,0,0,0,202,0,17
2021-09-01,2,Storage,SUP_C,6,149.4,0,0,0,186,0,17
2021-09-02,2,Storage,SUP_C,6,147.97,0,0,0,232,0,17
2021-09-03,2,Storage,SUP_C,6,143.83,0,0,0,204,0,17
2021-09-04,2,Storage,SUP_C,18,138.2,0,0,0,179,0,17
2021-09-05,2,Storage,SUP_C,13,138.25,0,0,0,150,0,17
2021-09-06,2,Storage,SUP_C,10,138.56,0,0,0,183,0,17
2021-09-07,2,Storage,SUP_C,7,149.97,0,0,0,192,0,17
2021-09-08,2,Storage,SUP_C,9,140.58,0,0,0,228,0,17
2021-09-09,2,Storage,SUP_C,9,143.72,0,0,0,182,0,17
2021-09-10,2,Storage,SUP_C,5,145.6,0,0,0,197,0,17
2021-09-11,2,Storage,SUP_C,7,145.17,0,0,0,172,0,17
2021-09-12,2,Storage,SUP_C,7,140.85,0,0,0,151,0,17
2021-09-13,2,Storage,SUP_C,8,105.79,1,0,0,168,0,17
2021-09-14,2,Storage,SUP_C,12,105.94,1,0,0,230,0,17
