synthetic_ecommerce_demand_2021_2024.csv
date,sku_id,category,supplier_id,units_sold,price,promo_flag,is_black_friday_week,is_christmas_peak,stock_on_hand,stockout_flag,lead_time_days
2021-09-15,2,Storage,SUP_C,9,115.64,1,0,0,208,0,17
2021-09-16,2,Storage,SUP_C,14,129.91,1,0,0,175,0,17
2021-09-17,2,Storage,SUP_C,15,107.4,1,0,0,201,0,17
2021-09-18,2,Storage,SUP_C,19,122.67,1,0,0,187,0,17
2021-09-19,2,Storage,SUP_C,14,116.69,1,0,0,233,0,17
2021-09-20,2,Storage,SUP_C,10,138.09,0,0,0,217,0,17
2021-09-21,2,Storage,SUP_C,6,143.17,0,0,0,253,0,17
2021-09-22,2,Storage,SUP_C,7,136.74,0,0,0,220,0,17
2021-09-23,2,Storage,SUP_C,3,141.75,0,0,0,168,0,17
2021-09-24,2,Storage,SUP_C,7,145.53,0,0,0,267,0,17
2021-09-25,2,Storage,SUP_C,6,143.79,0,0,0,274,0,17
2021-09-26,2,Storage,SUP_C,10,138.91,0,0,0,275,0,17
2021-09-27,2,Storage,SUP_C,6,149.19,0,0,0,241,0,17
2021-09-28,2,Storage,SUP_C,13,138.66,0,0,0,257,0,17
2021-09-29,2,Storage,SUP_C,6,138.75,0,0,0,149,0,17
2021-09-30,2,Storage,SUP_C,10,140.37,0,0,0,226,0,17
2021-10-01,2,Storage,SUP_C,9,147.29,0,0,0,259,0,17
2021-10-02,2,Storage,SUP_C,5,145.18,0,0,0,153,0,17
2021-10-03,2,Storage,SUP_C,12,140.15,0,0,0,249,0,17
2021-10-04,2,Storage,SUP_C,9,150.12,0,0,0,258,0,17
2021-10-05,2,Storage,SUP_C,11,143.02,0,0,0,231,0,17
2021-10-06,2,Storage,SUP_C,12,146.61,0,0,0,247,0,17
2021-10-07,2,Storage,SUP_C,7,149.69,0,0,0,244,0,17
2021-10-08,2,Storage,SUP_C,8,143.17,0,0,0,179,0,17
2021-10-09,2,Storage,SUP_C,16,145.1,0,0,0,251,0,17
2021-10-10,2,Storage,SUP_C,10,136.2,0,0,0,224,0,17
2021-10-11,2,Storage,SUP_C,2,144.83,0,0,0,208,0,17
2021-10-12,2,Storage,SUP_C,7,136.65,0,0,0,217,0,17
2021-10-13,2,Storage,SUP_C,15,149.29,0,0,0,203,0,17
2021-10-14,2,Storage,SUP_C,10,148.35,0,0,0,177,0,17
2021-10-15,2,Storage,SUP_C,9,144.65,0,0,0,229,0,17
2021-10-16,2,Storage,SUP_C,8,136.56,0,0,0,247,0,17
2021-10-17,2,Storage,SUP_C,14,138.91,0,0,0,145,0,17
2021-10-18,2,Storage,SUP_C,12,149.42,0,0,0,193,0,17
2021-10-19,2,Storage,SUP_C,8,138.9,0,0,0,224,0,17
2021-10-20,2,Storage,SUP_C,9,145.38,0,0,0,183,0,17
2021-10-21,2,Storage,SUP_C,5,146.01,0,0,0,158,0,17
2021-10-22,2,Storage,SUP_C,9,147.38,0,0,0,223,0,17
2021-10-23,2,Storage,SUP_C,10,145.37,0,0,0,166,0,17
2021-10-24,2,Storage,SUP_C,16,146.14,0,0,0,168,0,17
2021-10-25,2,Storage,SUP_C,8,141.16,0,0,0,196,0,17
2021-10-26,2,Storage,SUP_C,8,146.11,0,0,0,235,0,17
2021-10-27,2,Storage,SUP_C,7,145.55,0,0,0,274,0,17
2021-10-28,2,Storage,SUP_C,15,147.07,0,0,0,145,0,17
2021-10-29,2,Storage,SUP_C,8,145.01,0,0,0,242,0,17
2021-10-30,2,Storage,SUP_C,9,140.67,0,0,0,249,0,17
2021-10-31,2,Storage,SUP_C,9,148.61,0,0,0,217,0,17
2021-11-01,2,Storage,SUP_C,12,143.57,0,0,0,234,0,17
2021-11-02,2,Storage,SUP_C,13,148.39,0,0,0,227,0,17
2021-11-03,2,Storage,SUP_C,10,153.04,0,0,0,261,0,17
2021-11-04,2,Storage,SUP_C,8,147.45,0,0,0,151,0,17
2021-11-05,2,Storage,SUP_C,6,148.92,0,0,0,166,0,17
2021-11-06,2,Storage,SUP_C,6,157.43,0,0,0,191,0,17
2021-11-07,2,Storage,SUP_C,16,149.47,0,0,0,243,0,17
2021-11-08,2,Storage,SUP_C,5,156.17,0,0,0,264,0,17
2021-11-09,2,Storage,SUP_C,11,147.27,0,0,0,189,0,17
2021-11-10,2,Storage,SUP_C,8,153.74,0,0,0,202,0,17
2021-11-11,2,Storage,SUP_C,8,143.98,0,0,0,228,0,17
2021-11-12,2,Storage,SUP_C,6,147.88,0,0,0,151,0,17
2021-11-13,2,Storage,SUP_C,10,152.05,0,0,0,226,0,17
2021-11-14,2,Storage,SUP_C,9,147.42,0,0,0,183,0,17
2021-11-15,2,Storage,SUP_C,6,145.11,0,0,0,182,0,17
2021-11-16,2,Storage,SUP_C,9,145.13,0,0,0,148,0,17
2021-11-17,2,Storage,SUP_C,6,156.72,0,0,0,159,0,17
2021-11-18,2,Storage,SUP_C,8,154.18,0,0,0,181,0,17
2021-11-19,2,Storage,SUP_C,6,156.35,0,0,0,186,0,17
2021-11-20,2,Storage,SUP_C,8,151.99,0,0,0,258,0,17
2021-11-21,2,Storage,SUP_C,9,156.88,0,0,0,243,0,17
2021-11-22,2,Storage,SUP_C,10,152.22,0,1,0,219,0,17
2021-11-23,2,Storage,SUP_C,9,154.57,0,1,0,188,0,17
2021-11-24,2,Storage,SUP_C,9,154.92,0,1,0,159,0,17
2021-11-25,2,Storage,SUP_C,6,146.84,0,1,0,180,0,17
2021-11-26,2,Storage,SUP_C,9,145.33,0,1,0,219,0,17
2021-11-27,2,Storage,SUP_C,12,153.61,0,1,0,273,0,17
2021-11-28,2,Storage,SUP_C,13,156.07,0,1,0,147,0,17
2021-11-29,2,Storage,SUP_C,9,151.19,0,1,0,228,0,17
2021-11-30,2,Storage,SUP_C,8,151.09,0,1,0,230,0,17
2021-12-01,2,Storage,SUP_C,8,150.08,0,0,1,239,0,17
2021-12-02,2,Storage,SUP_C,12,144.85,0,0,1,217,0,17
2021-12-03,2,Storage,SUP_C,10,149.9,0,0,1,194,0,17
2021-12-04,2,Storage,SUP_C,16,147.71,0,0,1,265,0,17
2021-12-05,2,Storage,SUP_C,14,156.15,0,0,1,170,0,17
2021-12-06,2,Storage,SUP_C,10,153.0,0,0,1,184,0,17
2021-12-07,2,Storage,SUP_C,6,145.09,0,0,1,260,0,17
2021-12-08,2,Storage,SUP_C,9,143.99,0,0,1,202,0,17
2021-12-09,2,Storage,SUP_C,6,152.3,0,0,1,178,0,17
2021-12-10,2,Storage,SUP_C,12,149.79,0,0,1,146,0,17
2021-12-11,2,Storage,SUP_C,12,144.94,0,0,1,192,0,17
2021-12-12,2,Storage,SUP_C,14,143.67,0,0,1,176,0,17
2021-12-13,2,Storage,SUP_C,11,145.71,0,0,1,223,0,17
2021-12-14,2,Storage,SUP_C,8,151.81,0,0,1,162,0,17
2021-12-15,2,Storage,SUP_C,14,147.96,0,0,1,249,0,17
2021-12-16,2,Storage,SUP_C,11,145.61,0,0,1,255,0,17
2021-12-17,2,Storage,SUP_C,7,147.83,0,0,1,189,0,17
2021-12-18,2,Storage,SUP_C,13,152.25,0,0,1,232,0,17
2021-12-19,2,Storage,SUP_C,12,149.1,0,0,1,191,0,17
2021-12-20,2,Storage,SUP_C,9,150.67,0,0,1,261,0,17
2021-12-21,2,Storage,SUP_C,17,146.81,0,0,1,224,0,17
2021-12-22,2,Storage,SUP_C,4,145.51,0,0,1,266,0,17
2021-12-23,2,Storage,SUP_C,10,143.77,0,0,1,209,0,17
2021-12-24,2,Storage,SUP_C,7,149.58,0,0,1,261,0,17
2021-12-25,2,Storage,SUP_C,12,147.4,0,0,0,215,0,17
2021-12-26,2,Storage,SUP_C,16,151.79,0,0,0,178,0,17
2021-12-27,2,Storage,SUP_C,6,147.69,0,0,0,278,0,17
2021-12-28,2,Storage,SUP_C,6,155.93,0,0,0,205,0,17
2021-12-29,2,Storage,SUP_C,7,148.32,0,0,0,246,0,17
2021-12-30,2,Storage,SUP_C,5,147.91,0,0,0,199,0,17
2021-12-31,2,Storage,SUP_C,7,144.93,0,0,0,207,0,17
2022-01-01,2,Storage,SUP_C,10,118.79,1,0,0,176,0,17
2022-01-02,2,Storage,SUP_C,13,105.08,1,0,0,252,0,17
2022-01-03,2,Storage,SUP_C,12,123.05,1,0,0,179,0,17
2022-01-04,2,Storage,SUP_C,18,118.93,1,0,0,137,0,17
2022-01-05,2,Storage,SUP_C,11,119.63,1,0,0,191,0,17
2022-01-06,2,Storage,SUP_C,10,103.54,1,0,0,182,0,17
2022-01-07,2,Storage,SUP_C,14,118.92,1,0,0,266,0,17
2022-01-08,2,Storage,SUP_C,18,130.59,1,0,0,202,0,17
2022-01-09,2,Storage,SUP_C,14,111.49,1,0,0,148,0,17
2022-01-10,2,Storage,SUP_C,13,143.18,0,0,0,256,0,17
2022-01-11,2,Storage,SUP_C,4,140.98,0,0,0,258,0,17
2022-01-12,2,Storage,SUP_C,8,138.16,0,0,0,249,0,17
2022-01-13,2,Storage,SUP_C,10,147.02,0,0,0,166,0,17
2022-01-14,2,Storage,SUP_C,8,136.04,0,0,0,196,0,17
2022-01-15,2,Storage,SUP_C,8,149.67,0,0,0,232,0,17
2022-01-16,2,Storage,SUP_C,9,149.26,0,0,0,220,0,17
2022-01-17,2,Storage,SUP_C,6,139.74,0,0,0,225,0,17
2022-01-18,2,Storage,SUP_C,3,140.61,0,0,0,187,0,17
2022-01-19,2,Storage,SUP_C,12,149.96,0,0,0,204,0,17
2022-01-20,2,Storage,SUP_C,9,140.67,0,0,0,214,0,17
2022-01-21,2,Storage,SUP_C,5,141.79,0,0,0,149,0,17
2022-01-22,2,Storage,SUP_C,4,142.48,0,0,0,170,0,17
2022-01-23,2,Storage,SUP_C,9,140.35,0,0,0,240,0,17
2022-01-24,2,Storage,SUP_C,4,139.22,0,0,0,230,0,17
2022-01-25,2,Storage,SUP_C,11,150.16,0,0,0,236,0,17
2022-01-26,2,Storage,SUP_C,3,139.36,0,0,0,205,0,17
2022-01-27,2,Storage,SUP_C,7,144.3,0,0,0,181,0,17
2022-01-28,2,Storage,SUP_C,8,141.03,0,0,0,225,0,17
2022-01-29,2,Storage,SUP_C,7,149.68,0,0,0,202,0,17
2022-01-30,2,Storage,SUP_C,12,139.65,0,0,0,259,0,17
2022-01-31,2,Storage,SUP_C,9,146.97,0,0,0,255,0,17
2022-02-01,2,Storage,SUP_C,16,147.9,0,0,0,211,0,17
2022-02-02,2,Storage,SUP_C,10,139.38,0,0,0,189,0,17
2022-02-03,2,Storage,SUP_C,4,140.18,0,0,0,177,0,17
2022-02-04,2,Storage,SUP_C,8,146.47,0,0,0,252,0,17
2022-02-05,2,Storage,SUP_C,12,147.52,0,0,0,205,0,17
2022-02-06,2,Storage,SUP_C,10,147.38,0,0,0,200,0,17
2022-02-07,2,Storage,SUP_C,7,116.54,1,0,0,147,0,17
2022-02-08,2,Storage,SUP_C,16,120.01,1,0,0,202,0,17
2022-02-09,2,Storage,SUP_C,8,109.49,1,0,0,242,0,17
2022-02-10,2,Storage,SUP_C,12,114.62,1,0,0,188,0,17
2022-02-11,2,Storage,SUP_C,15,123.14,1,0,0,215,0,17
2022-02-12,2,Storage,SUP_C,14,105.01,1,0,0,268,0,17
2022-02-13,2,Storage,SUP_C,9,116.87,1,0,0,193,0,17
2022-02-14,2,Storage,SUP_C,7,143.38,0,0,0,237,0,17
2022-02-15,2,Storage,SUP_C,4,140.13,0,0,0,160,0,17
2022-02-16,2,Storage,SUP_C,8,138.51,0,0,0,219,0,17
2022-02-17,2,Storage,SUP_C,11,147.31,0,0,0,233,0,17
2022-02-18,2,Storage,SUP_C,5,149.02,0,0,0,186,0,17
2022-02-19,2,Storage,SUP_C,9,148.95,0,0,0,154,0,17
2022-02-20,2,Storage,SUP_C,9,147.93,0,0,0,200,0,17
2022-02-21,2,Storage,SUP_C,18,112.5,1,0,0,149,0,17
2022-02-22,2,Storage,SUP_C,11,116.83,1,0,0,260,0,17
2022-02-23,2,Storage,SUP_C,13,110.9,1,0,0,150,0,17
2022-02-24,2,Storage,SUP_C,10,119.86,1,0,0,267,0,17
2022-02-25,2,Storage,SUP_C,16,118.04,1,0,0,262,0,17
2022-02-26,2,Storage,SUP_C,16,105.89,1,0,0,224,0,17
2022-02-27,2,Storage,SUP_C,13,122.22,1,0,0,187,0,17
2022-02-28,2,Storage,SUP_C,10,142.75,0,0,0,260,0,17
2022-03-01,2,Storage,SUP_C,5,143.4,0,0,0,155,0,17
2022-03-02,2,Storage,SUP_C,10,150.04,0,0,0,175,0,17
2022-03-03,2,Storage,SUP_C,6,141.3,0,0,0,173,0,17
2022-03-04,2,Storage,SUP_C,10,149.81,0,0,0,226,0,17
2022-03-05,2,Storage,SUP_C,12,139.22,0,0,0,183,0,17
2022-03-06,2,Storage,SUP_C,8,136.59,0,0,0,255,0,17
2022-03-07,2,Storage,SUP_C,6,144.97,0,0,0,255,0,17
2022-03-08,2,Storage,SUP_C,6,136.48,0,0,0,159,0,17
2022-03-09,2,Storage,SUP_C,9,136.52,0,0,0,232,0,17
2022-03-10,2,Storage,SUP_C,10,146.72,0,0,0,259,0,17
2022-03-11,2,Storage,SUP_C,7,144.77,0,0,0,170,0,17
2022-03-12,2,Storage,SUP_C,10,141.47,0,0,0,168,0,17
2022-03-13,2,Storage,SUP_C,6,145.29,0,0,0,169,0,17
2022-03-14,2,Storage,SUP_C,8,144.47,0,0,0,203,0,17
2022-03-15,2,Storage,SUP_C,2,144.29,0,0,0,279,0,17
2022-03-16,2,Storage,SUP_C,2,136.97,0,0,0,158,0,17
2022-03-17,2,Storage,SUP_C,9,144.89,0,0,0,241,0,17
2022-03-18,2,Storage,SUP_C,5,149.71,0,0,0,205,0,17
2022-03-19,2,Storage,SUP_C,8,137.98,0,0,0,183,0,17
2022-03-20,2,Storage,SUP_C,4,137.32,0,0,0,196,0,17
2022-03-21,2,Storage,SUP_C,3,146.34,0,0,0,184,0,17
2022-03-22,2,Storage,SUP_C,2,137.74,0,0,0,251,0,17
2022-03-23,2,Storage,SUP_C,9,136.9,0,0,0,194,0,17
2022-03-24,2,Storage,SUP_C,5,147.91,0,0,0,268,0,17
2022-03-25,2,Storage,SUP_C,5,136.45,0,0,0,153,0,17
2022-03-26,2,Storage,SUP_C,9,137.02,0,0,0,201,0,17
2022-03-27,2,Storage,SUP_C,6,147.11,0,0,0,220,0,17
2022-03-28,2,Storage,SUP_C,10,145.76,0,0,0,173,0,17
2022-03-29,2,Storage,SUP_C,2,138.84,0,0,0,187,0,17
2022-03-30,2,Storage,SUP_C,3,140.21,0,0,0,190,0,17
2022-03-31,2,Storage,SUP_C,3,148.7,0,0,0,268,0,17
2022-04-01,2,Storage,SUP_C,9,141.43,0,0,0,163,0,17
2022-04-02,2,Storage,SUP_C,3,148.51,0,0,0,209,0,17
2022-04-03,2,Storage,SUP_C,7,149.62,0,0,0,226,0,17
2022-04-04,2,Storage,SUP_C,6,138.43,0,0,0,163,0,17
2022-04-05,2,Storage,SUP_C,7,139.67,0,0,0,239,0,17
2022-04-06,2,Storage,SUP_C,7,138.86,0,0,0,175,0,17
2022-04-07,2,Storage,SUP_C,10,150.19,0,0,0,170,0,17
2022-04-08,2,Storage,SUP_C,6,149.78,0,0,0,242,0,17
2022-04-09,2,Storage,SUP_C,8,150.15,0,0,0,185,0,17
2022-04-10,2,Storage,SUP_C,6,147.69,0,0,0,165,0,17
2022-04-11,2,Storage,SUP_C,6,147.01,0,0,0,194,0,17
2022-04-12,2,Storage,SUP_C,11,136.23,0,0,0,225,0,17
2022-04-13,2,Storage,SUP_C,9,146.3,0,0,0,173,0,17
2022-04-14,2,Storage,SUP_C,4,146.33,0,0,0,231,0,17
2022-04-15,2,Storage,SUP_C,9,143.76,0,0,0,204,0,17
2022-04-16,2,Storage,SUP_C,10,137.1,0,0,0,150,0,17
2022-04-17,2,Storage,SUP_C,6,147.99,0,0,0,232,0,17
2022-04-18,2,Storage,SUP_C,4,139.85,0,0,0,157,0,17
2022-04-19,2,Storage,SUP_C,7,144.37,0,0,0,152,0,17
2022-04-20,2,Storage,SUP_C,5,139.17,0,0,0,227,0,17
2022-04-21,2,Storage,SUP_C,8,144.82,0,0,0,215,0,17
2022-04-22,2,Storage,SUP_C,8,137.99,0,0,0,154,0,17
2022-04-23,2,Storage,SUP_C,9,148.37,0,0,0,275,0,17
2022-04-24,2,Storage,SUP_C,15,136.11,0,0,0,209,0,17
2022-04-25,2,Storage,SUP_C,10,137.95,0,0,0,238,0,17
2022-04-26,2,Storage,SUP_C,8,137.96,0,0,0,172,0,17
2022-04-27,2,Storage,SUP_C,10,147.61,0,0,0,155,0,17
2022-04-28,2,Storage,SUP_C,3,136.16,0,0,0,201,0,17
2022-04-29,2,Storage,SUP_C,13,137.48,0,0,0,260,0,17
2022-04-30,2,Storage,SUP_C,7,141.65,0,0,0,239,0,17
2022-05-01,2,Storage,SUP_C,10,145.1,0,0,0,229,0,17
2022-05-02,2,Storage,SUP_C,8,137.29,0,0,0,210,0,17
2022-05-03,2,Storage,SUP_C,6,141.49,0,0,0,207,0,17
2022-05-04,2,Storage,SUP_C,2,147.9,0,0,0,223,0,17
2022-05-05,2,Storage,SUP_C,9,148.97,0,0,0,263,0,17
2022-05-06,2,Storage,SUP_C,3,142.44,0,0,0,164,0,17
2022-05-07,2,Storage,SUP_C,18,141.22,0,0,0,243,0,17
2022-05-08,2,Storage,SUP_C,12,146.54,0,0,0,207,0,17
2022-05-09,2,Storage,SUP_C,4,144.74,0,0,0,258,0,17
2022-05-10,2,Storage,SUP_C,9,142.62,0,0,0,225,0,17
2022-05-11,2,Storage,SUP_C,5,148.29,0,0,0,176,0,17
2022-05-12,2,Storage,SUP_C,5,148.58,0,0,0,150,0,17
2022-05-13,2,Storage,SUP_C,5,144.22,0,0,0,279,0,17
2022-05-14,2,Storage,SUP_C,5,148.29,0,0,0,172,0,17
2022-05-15,2,Storage,SUP_C,16,139.64,0,0,0,184,0,17
2022-05-16,2,Storage,SUP_C,7,136.27,0,0,0,263,0,17
2022-05-17,2,Storage,SUP_C,10,140.92,0,0,0,164,0,17
2022-05-18,2,Storage,SUP_C,8,140.24,0,0,0,248,0,17
2022-05-19,2,Storage,SUP_C,6,140.89,0,0,0,216,0,17
2022-05-20,2,Storage,SUP_C,5,146.84,0,0,0,202,0,17
2022-05-21,2,Storage,SUP_C,12,146.39,0,0,0,177,0,17
2022-05-22,2,Storage,SUP_C,9,146.95,0,0,0,242,0,17
2022-05-23,2,Storage,SUP_C,10,144.83,0,0,0,174,0,17
2022-05-24,2,Storage,SUP_C,13,139.21,0,0,0,205,0,17
2022-05-25,2,Storage,SUP_C,5,144.41,0,0,0,270,0,17
2022-05-26,2,Storage,SUP_C,6,144.31,0,0,0,166,0,17
2022-05-27,2,Storage,SUP_C,8,142.46,0,0,0,232,0,17
2022-05-28,2,Storage,SUP_C,12,142.55,0,0,0,145,0,17
2022-05-29,2,Storage,SUP_C,11,136.74,0,0,0,223,0,17
2022-05-30,2,Storage,SUP_C,9,143.14,0,0,0,157,0,17
2022-05-31,2,Storage,SUP_C,13,136.13,0,0,0,148,0,17
2022-06-01,2,Storage,SUP_C,3,147.21,0,0,0,251,0,17
2022-06-02,2,Storage,SUP_C,7,137.28,0,0,0,228,0,17
2022-06-03,2,Storage,SUP_C,12,140.84,0,0,0,194,0,17
2022-06-04,2,Storage,SUP_C,7,139.97,0,0,0,238,0,17
2022-06-05,2,Storage,SUP_C,7,140.66,0,0,0,188,0,17
2022-06-06,2,Storage,SUP_C,5,143.57,0,0,0,153,0,17
2022-06-07,2,Storage,SUP_C,6,138.62,0,0,0,161,0,17
2022-06-08,2,Storage,SUP_C,14,140.57,0,0,0,144,0,17
2022-06-09,2,Storage,SUP_C,4,137.13,0,0,0,184,0,17
2022-06-10,2,Storage,SUP_C,3,138.15,0,0,0,243,0,17
2022-06-11,2,Storage,SUP_C,6,137.18,0,0,0,234,0,17
2022-06-12,2,Storage,SUP_C,4,140.61,0,0,0,162,0,17
2022-06-13,2,Storage,SUP_C,9,144.54,0,0,0,212,0,17
2022-06-14,2,Storage,SUP_C,3,149.88,0,0,0,198,0,17
2022-06-15,2,Storage,SUP_C,6,139.65,0,0,0,189,0,17
2022-06-16,2,Storage,SUP_C,6,150.03,0,0,0,237,0,17
2022-06-17,2,Storage,SUP_C,9,142.93,0,0,0,258,0,17
2022-06-18,2,Storage,SUP_C,11,149.07,0,0,0,218,0,17
2022-06-19,2,Storage,SUP_C,6,145.82,0,0,0,166,0,17
2022-06-20,2,Storage,SUP_C,8,150.03,0,0,0,238,0,17
2022-06-21,2,Storage,SUP_C,9,143.16,0,0,0,268,0,17
2022-06-22,2,Storage,SUP_C,12,142.98,0,0,0,182,0,17
2022-06-23,2,Storage,SUP_C,9,138.79,0,0,0,149,0,17
2022-06-24,2,Storage,SUP_C,9,144.36,0,0,0,229,0,17
2022-06-25,2,Storage,SUP_C,3,138.81,0,0,0,231,0,17
2022-06-26,2,Storage,SUP_C,7,136.92,0,0,0,271,0,17
2022-06-27,2,Storage,SUP_C,6,143.75,0,0,0,241,0,17
2022-06-28,2,Storage,SUP_C,2,142.4,0,0,0,272,0,17
2022-06-29,2,Storage,SUP_C,4,148.61,0,0,0,242,0,17
2022-06-30,2,Storage,SUP_C,9,138.04,0,0,0,153,0,17
2022-07-01,2,Storage,SUP_C,10,141.77,0,0,0,274,0,17
2022-07-02,2,Storage,SUP_C,7,146.48,0,0,0,275,0,17
2022-07-03,2,Storage,SUP_C,6,142.6,0,0,0,235,0,17
2022-07-04,2,Storage,SUP_C,10,114.15,1,0,0,169,0,17
2022-07-05,2,Storage,SUP_C,10,119.6,1,0,0,249,0,17
2022-07-06,2,Storage,SUP_C,8,101.63,1,0,0,149,0,17
2022-07-07,2,Storage,SUP_C,10,112.1,1,0,0,156,0,17
2022-07-08,2,Storage,SUP_C,10,112.66,1,0,0,163,0,17
2022-07-09,2,Storage,SUP_C,12,132.18,1,0,0,145,0,17
2022-07-10,2,Storage,SUP_C,16,96.27,1,0,0,254,0,17
2022-07-11,2,Storage,SUP_C,9,138.9,0,0,0,204,0,17
2022-07-12,2,Storage,SUP_C,12,142.78,0,0,0,173,0,17
2022-07-13,2,Storage,SUP_C,6,147.09,0,0,0,177,0,17
2022-07-14,2,Storage,SUP_C,6,143.34,0,0,0,155,0,17
2022-07-15,2,Storage,SUP_C,5,136.6,0,0,0,222,0,17
2022-07-16,2,Storage,SUP_C,6,145.04,0,0,0,221,0,17
2022-07-17,2,Storage,SUP_C,9,142.44,0,0,0,188,0,17
2022-07-18,2,Storage,SUP_C,6,114.48,1,0,0,234,0,17
2022-07-19,2,Storage,SUP_C,14,113.2,1,0,0,173,0,17
2022-07-20,2,Storage,SUP_C,8,128.62,1,0,0,176,0,17
2022-07-21,2,Storage,SUP_C,6,112.53,1,0,0,220,0,17
2022-07-22,2,Storage,SUP_C,14,114.19,1,0,0,269,0,17
2022-07-23,2,Storage,SUP_C,10,123.36,1,0,0,251,0,17
2022-07-24,2,Storage,SUP_C,12,97.25,1,0,0,181,0,17
2022-07-25,2,Storage,SUP_C,5,142.61,0,0,0,239,0,17
2022-07-26,2,Storage,SUP_C,9,137.65,0,0,0,244,0,17
2022-07-27,2,Storage,SUP_C,5,142.8,0,0,0,189,0,17
2022-07-28,2,Storage,SUP_C,4,143.42,0,0,0,163,0,17
2022-07-29,2,Storage,SUP_C,3,147.13,0,0,0,187,0,17
2022-07-30,2,Storage,SUP_C,6,139.73,0,0,0,188,0,17
2022-07-31,2,Storage,SUP_C,8,140.42,0,0,0,195,0,17
2022-08-01,2,Storage,SUP_C,6,136.2,0,0,0,151,0,17
2022-08-02,2,Storage,SUP_C,9,137.37,0,0,0,241,0,17
2022-08-03,2,Storage,SUP_C,5,141.22,0,0,0,160,0,17
2022-08-04,2,Storage,SUP_C,10,148.86,0,0,0,148,0,17
2022-08-05,2,Storage,SUP_C,4,149.63,0,0,0,243,0,17
2022-08-06,2,Storage,SUP_C,11,146.89,0,0,0,265,0,17
2022-08-07,2,Storage,SUP_C,13,147.62,0,0,0,180,0,17
2022-08-08,2,Storage,SUP_C,6,143.55,0,0,0,156,0,17
2022-08-09,2,Storage,SUP_C,9,150.07,0,0,0,166,0,17
2022-08-10,2,Storage,SUP_C,9,141.77,0,0,0,243,0,17
2022-08-11,2,Storage,SUP_C,8,136.61,0,0,0,275,0,17
2022-08-12,2,Storage,SUP_C,8,148.95,0,0,0,177,0,17
2022-08-13,2,Storage,SUP_C,7,139.53,0,0,0,243,0,17
2022-08-14,2,Storage,SUP_C,11,147.68,0,0,0,253,0,17
2022-08-15,2,Storage,SUP_C,7,140.0,0,0,0,213,0,17
2022-08-16,2,Storage,SUP_C,8,139.86,0,0,0,196,0,17
2022-08-17,2,Storage,SUP_C,6,140.68,0,0,0,159,0,17
2022-08-18,2,Storage,SUP_C,6,141.57,0,0,0,213,0,17
2022-08-19,2,Storage,SUP_C,3,144.18,0,0,0,250,0,17
2022-08-20,2,Storage,SUP_C,8,145.95,0,0,0,152,0,17
2022-08-21,2,Storage,SUP_C,7,148.17,0,0,0,189,0,17
2022-08-22,2,Storage,SUP_C,8,136.97,0,0,0,196,0,17
2022-08-23,2,Storage,SUP_C,6,138.98,0,0,0,242,0,17
2022-08-24,2,Storage,SUP_C,4,141.81,0,0,0,170,0,17
2022-08-25,2,Storage,SUP_C,4,144.69,0,0,0,193,0,17
2022-08-26,2,Storage,SUP_C,9,146.94,0,0,0,203,0,17
2022-08-27,2,Storage,SUP_C,12,136.02,0,0,0,176,0,17
