synthetic_ecommerce_demand_2021_2024.csv
date,sku_id,category,supplier_id,units_sold,price,promo_flag,is_black_friday_week,is_christmas_peak,stock_on_hand,stockout_flag,lead_time_days
2022-08-28,2,Storage,SUP_C,4,139.43,0,0,0,248,0,17
2022-08-29,2,Storage,SUP_C,8,147.98,0,0,0,158,0,17
2022-08-30,2,Storage,SUP_C,5,141.07,0,0,0,193,0,17
2022-08-31,2,Storage,SUP_C,9,136.06,0,0,0,265,0,17
2022-09-01,2,Storage,SUP_C,11,140.45,0,0,0,217,0,17
2022-09-02,2,Storage,SUP_C,7,137.51,0,0,0,260,0,17
2022-09-03,2,Storage,SUP_C,8,149.62,0,0,0,170,0,17
2022-09-04,2,Storage,SUP_C,8,147.9,0,0,0,205,0,17
2022-09-05,2,Storage,SUP_C,5,137.79,0,0,0,208,0,17
2022-09-06,2,Storage,SUP_C,7,137.29,0,0,0,209,0,17
2022-09-07,2,Storage,SUP_C,3,139.98,0,0,0,236,0,17
2022-09-08,2,Storage,SUP_C,4,146.48,0,0,0,199,0,17
2022-09-09,2,Storage,SUP_C,7,138.33,0,0,0,181,0,17
2022-09-10,2,Storage,SUP_C,10,143.46,0,0,0,185,0,17
2022-09-11,2,Storage,SUP_C,7,139.53,0,0,0,249,0,17
2022-09-12,2,Storage,SUP_C,6,99.07,1,0,0,248,0,17
2022-09-13,2,Storage,SUP_C,13,102.93,1,0,0,237,0,17
2022-09-14,2,Storage,SUP_C,15,124.13,1,0,0,143,0,17
2022-09-15,2,Storage,SUP_C,15,120.82,1,0,0,143,0,17
2022-09-16,2,Storage,SUP_C,15,118.27,1,0,0,142,0,17
2022-09-17,2,Storage,SUP_C,11,104.64,1,0,0,245,0,17
2022-09-18,2,Storage,SUP_C,15,113.74,1,0,0,227,0,17
2022-09-19,2,Storage,SUP_C,8,137.46,0,0,0,181,0,17
2022-09-20,2,Storage,SUP_C,8,147.78,0,0,0,234,0,17
2022-09-21,2,Storage,SUP_C,6,147.7,0,0,0,180,0,17
2022-09-22,2,Storage,SUP_C,8,137.26,0,0,0,186,0,17
2022-09-23,2,Storage,SUP_C,10,143.46,0,0,0,196,0,17
2022-09-24,2,Storage,SUP_C,9,143.27,0,0,0,267,0,17
2022-09-25,2,Storage,SUP_C,8,143.45,0,0,0,163,0,17
2022-09-26,2,Storage,SUP_C,8,141.84,0,0,0,149,0,17
2022-09-27,2,Storage,SUP_C,8,149.14,0,0,0,212,0,17
2022-09-28,2,Storage,SUP_C,8,149.84,0,0,0,162,0,17
2022-09-29,2,Storage,SUP_C,5,148.41,0,0,0,255,0,17
2022-09-30,2,Storage,SUP_C,9,140.7,0,0,0,154,0,17
2022-10-01,2,Storage,SUP_C,15,145.04,0,0,0,224,0,17
2022-10-02,2,Storage,SUP_C,10,138.36,0,0,0,241,0,17
2022-10-03,2,Storage,SUP_C,5,143.41,0,0,0,183,0,17
2022-10-04,2,Storage,SUP_C,11,149.8,0,0,0,177,0,17
2022-10-05,2,Storage,SUP_C,11,144.14,0,0,0,240,0,17
2022-10-06,2,Storage,SUP_C,5,136.45,0,0,0,277,0,17
2022-10-07,2,Storage,SUP_C,10,149.7,0,0,0,202,0,17
2022-10-08,2,Storage,SUP_C,13,138.39,0,0,0,272,0,17
2022-10-09,2,Storage,SUP_C,10,149.19,0,0,0,214,0,17
2022-10-10,2,Storage,SUP_C,7,140.11,0,0,0,187,0,17
2022-10-11,2,Storage,SUP_C,12,150.27,0,0,0,241,0,17
2022-10-12,2,Storage,SUP_C,8,147.31,0,0,0,254,0,17
2022-10-13,2,Storage,SUP_C,14,139.86,0,0,0,190,0,17
2022-10-14,2,Storage,SUP_C,9,146.21,0,0,0,187,0,17
2022-10-15,2,Storage,SUP_C,12,145.65,0,0,0,252,0,17
2022-10-16,2,Storage,SUP_C,7,136.77,0,0,0,160,0,17
2022-10-17,2,Storage,SUP_C,6,147.78,0,0,0,232,0,17
2022-10-18,2,Storage,SUP_C,10,142.7,0,0,0,262,0,17
2022-10-19,2,Storage,SUP_C,8,144.06,0,0,0,242,0,17
2022-10-20,2,Storage,SUP_C,10,147.43,0,0,0,246,0,17
2022-10-21,2,Storage,SUP_C,5,145.97,0,0,0,208,0,17
2022-10-22,2,Storage,SUP_C,14,140.83,0,0,0,184,0,17
2022-10-23,2,Storage,SUP_C,15,141.83,0,0,0,144,0,17
2022-10-24,2,Storage,SUP_C,12,149.99,0,0,0,257,0,17
2022-10-25,2,Storage,SUP_C,11,140.69,0,0,0,225,0,17
2022-10-26,2,Storage,SUP_C,7,145.33,0,0,0,237,0,17
2022-10-27,2,Storage,SUP_C,7,139.37,0,0,0,172,0,17
2022-10-28,2,Storage,SUP_C,9,148.65,0,0,0,166,0,17
2022-10-29,2,Storage,SUP_C,7,140.94,0,0,0,202,0,17
2022-10-30,2,Storage,SUP_C,13,150.05,0,0,0,189,0,17
2022-10-31,2,Storage,SUP_C,9,140.04,0,0,0,227,0,17
2022-11-01,2,Storage,SUP_C,9,151.49,0,0,0,148,0,17
2022-11-02,2,Storage,SUP_C,7,152.32,0,0,0,184,0,17
2022-11-03,2,Storage,SUP_C,8,154.89,0,0,0,196,0,17
2022-11-04,2,Storage,SUP_C,4,151.88,0,0,0,275,0,17
2022-11-05,2,Storage,SUP_C,9,150.83,0,0,0,182,0,17
2022-11-06,2,Storage,SUP_C,7,156.29,0,0,0,257,0,17
2022-11-07,2,Storage,SUP_C,7,147.38,0,0,0,224,0,17
2022-11-08,2,Storage,SUP_C,4,154.47,0,0,0,257,0,17
2022-11-09,2,Storage,SUP_C,6,146.2,0,0,0,247,0,17
2022-11-10,2,Storage,SUP_C,6,156.78,0,0,0,241,0,17
2022-11-11,2,Storage,SUP_C,9,152.48,0,0,0,198,0,17
2022-11-12,2,Storage,SUP_C,11,152.48,0,0,0,175,0,17
2022-11-13,2,Storage,SUP_C,10,145.72,0,0,0,259,0,17
2022-11-14,2,Storage,SUP_C,5,145.29,0,0,0,159,0,17
2022-11-15,2,Storage,SUP_C,14,157.43,0,0,0,265,0,17
2022-11-16,2,Storage,SUP_C,7,156.45,0,0,0,213,0,17
2022-11-17,2,Storage,SUP_C,10,148.2,0,0,0,234,0,17
2022-11-18,2,Storage,SUP_C,13,152.09,0,0,0,268,0,17
2022-11-19,2,Storage,SUP_C,9,149.56,0,0,0,217,0,17
2022-11-20,2,Storage,SUP_C,13,156.99,0,0,0,244,0,17
2022-11-21,2,Storage,SUP_C,12,137.46,1,1,0,160,0,17
2022-11-22,2,Storage,SUP_C,11,110.23,1,1,0,229,0,17
2022-11-23,2,Storage,SUP_C,19,133.45,1,1,0,210,0,17
2022-11-24,2,Storage,SUP_C,11,110.21,1,1,0,224,0,17
2022-11-25,2,Storage,SUP_C,13,136.84,1,1,0,203,0,17
2022-11-26,2,Storage,SUP_C,16,106.9,1,1,0,179,0,17
2022-11-27,2,Storage,SUP_C,17,102.58,1,1,0,220,0,17
2022-11-28,2,Storage,SUP_C,6,146.07,0,1,0,155,0,17
2022-11-29,2,Storage,SUP_C,9,144.56,0,1,0,154,0,17
2022-11-30,2,Storage,SUP_C,5,144.82,0,0,0,198,0,17
2022-12-01,2,Storage,SUP_C,5,153.75,0,0,1,262,0,17
2022-12-02,2,Storage,SUP_C,11,145.14,0,0,1,207,0,17
2022-12-03,2,Storage,SUP_C,14,153.49,0,0,1,178,0,17
2022-12-04,2,Storage,SUP_C,12,147.08,0,0,1,173,0,17
2022-12-05,2,Storage,SUP_C,4,146.6,0,0,1,267,0,17
2022-12-06,2,Storage,SUP_C,10,155.14,0,0,1,219,0,17
2022-12-07,2,Storage,SUP_C,11,144.66,0,0,1,178,0,17
2022-12-08,2,Storage,SUP_C,9,154.64,0,0,1,183,0,17
2022-12-09,2,Storage,SUP_C,12,147.13,0,0,1,271,0,17
2022-12-10,2,Storage,SUP_C,15,147.55,0,0,1,152,0,17
2022-12-11,2,Storage,SUP_C,15,151.38,0,0,1,258,0,17
2022-12-12,2,Storage,SUP_C,10,153.3,0,0,1,193,0,17
2022-12-13,2,Storage,SUP_C,9,147.65,0,0,1,172,0,17
2022-12-14,2,Storage,SUP_C,4,143.85,0,0,1,191,0,17
2022-12-15,2,Storage,SUP_C,7,148.12,0,0,1,255,0,17
2022-12-16,2,Storage,SUP_C,11,151.45,0,0,1,183,0,17
2022-12-17,2,Storage,SUP_C,12,148.8,0,0,1,166,0,17
2022-12-18,2,Storage,SUP_C,11,151.77,0,0,1,223,0,17
2022-12-19,2,Storage,SUP_C,13,147.89,0,0,1,268,0,17
2022-12-20,2,Storage,SUP_C,8,149.23,0,0,1,210,0,17
2022-12-21,2,Storage,SUP_C,7,144.79,0,0,1,157,0,17
2022-12-22,2,Storage,SUP_C,8,147.63,0,0,1,194,0,17
2022-12-23,2,Storage,SUP_C,7,150.23,0,0,1,180,0,17
2022-12-24,2,Storage,SUP_C,8,155.03,0,0,1,168,0,17
2022-12-25,2,Storage,SUP_C,14,151.61,0,0,0,230,0,17
2022-12-26,2,Storage,SUP_C,21,121.9,1,0,0,159,0,17
2022-12-27,2,Storage,SUP_C,17,125.39,1,0,0,255,0,17
2022-12-28,2,Storage,SUP_C,14,106.45,1,0,0,209,0,17
2022-12-29,2,Storage,SUP_C,16,116.78,1,0,0,220,0,17
2022-12-30,2,Storage,SUP_C,11,122.44,1,0,0,210,0,17
2022-12-31,2,Storage,SUP_C,14,128.6,1,0,0,209,0,17
2023-01-01,2,Storage,SUP_C,14,105.66,1,0,0,253,0,17
2023-01-02,2,Storage,SUP_C,3,142.79,0,0,0,269,0,17
2023-01-03,2,Storage,SUP_C,11,136.72,0,0,0,181,0,17
2023-01-04,2,Storage,SUP_C,9,149.61,0,0,0,192,0,17
2023-01-05,2,Storage,SUP_C,4,138.07,0,0,0,193,0,17
2023-01-06,2,Storage,SUP_C,10,137.23,0,0,0,255,0,17
2023-01-07,2,Storage,SUP_C,6,146.2,0,0,0,212,0,17
2023-01-08,2,Storage,SUP_C,9,148.93,0,0,0,151,0,17
2023-01-09,2,Storage,SUP_C,6,143.23,0,0,0,184,0,17
2023-01-10,2,Storage,SUP_C,9,140.62,0,0,0,274,0,17
2023-01-11,2,Storage,SUP_C,3,137.34,0,0,0,218,0,17
2023-01-12,2,Storage,SUP_C,5,149.2,0,0,0,202,0,17
2023-01-13,2,Storage,SUP_C,10,145.82,0,0,0,158,0,17
2023-01-14,2,Storage,SUP_C,9,147.04,0,0,0,163,0,17
2023-01-15,2,Storage,SUP_C,11,136.63,0,0,0,180,0,17
2023-01-16,2,Storage,SUP_C,9,142.06,0,0,0,267,0,17
2023-01-17,2,Storage,SUP_C,6,146.87,0,0,0,236,0,17
2023-01-18,2,Storage,SUP_C,8,136.11,0,0,0,167,0,17
2023-01-19,2,Storage,SUP_C,7,143.4,0,0,0,249,0,17
2023-01-20,2,Storage,SUP_C,7,147.39,0,0,0,265,0,17
2023-01-21,2,Storage,SUP_C,8,143.17,0,0,0,149,0,17
2023-01-22,2,Storage,SUP_C,8,139.12,0,0,0,226,0,17
2023-01-23,2,Storage,SUP_C,5,148.18,0,0,0,188,0,17
2023-01-24,2,Storage,SUP_C,15,140.57,0,0,0,154,0,17
2023-01-25,2,Storage,SUP_C,8,140.25,0,0,0,237,0,17
2023-01-26,2,Storage,SUP_C,4,144.61,0,0,0,277,0,17
2023-01-27,2,Storage,SUP_C,4,140.17,0,0,0,198,0,17
2023-01-28,2,Storage,SUP_C,7,149.57,0,0,0,261,0,17
2023-01-29,2,Storage,SUP_C,12,146.49,0,0,0,271,0,17
2023-01-30,2,Storage,SUP_C,6,149.02,0,0,0,165,0,17
2023-01-31,2,Storage,SUP_C,15,148.58,0,0,0,271,0,17
2023-02-01,2,Storage,SUP_C,6,148.81,0,0,0,232,0,17
2023-02-02,2,Storage,SUP_C,6,145.98,0,0,0,242,0,17
2023-02-03,2,Storage,SUP_C,9,144.72,0,0,0,245,0,17
2023-02-04,2,Storage,SUP_C,6,148.99,0,0,0,220,0,17
2023-02-05,2,Storage,SUP_C,11,142.91,0,0,0,172,0,17
2023-02-06,2,Storage,SUP_C,14,144.66,0,0,0,152,0,17
2023-02-07,2,Storage,SUP_C,8,136.06,0,0,0,267,0,17
2023-02-08,2,Storage,SUP_C,6,141.56,0,0,0,179,0,17
2023-02-09,2,Storage,SUP_C,10,145.61,0,0,0,197,0,17
2023-02-10,2,Storage,SUP_C,4,149.15,0,0,0,190,0,17
2023-02-11,2,Storage,SUP_C,15,143.64,0,0,0,150,0,17
2023-02-12,2,Storage,SUP_C,7,145.39,0,0,0,227,0,17
2023-02-13,2,Storage,SUP_C,8,148.36,0,0,0,256,0,17
2023-02-14,2,Storage,SUP_C,9,143.47,0,0,0,275,0,17
2023-02-15,2,Storage,SUP_C,11,141.13,0,0,0,260,0,17
2023-02-16,2,Storage,SUP_C,8,143.47,0,0,0,193,0,17
2023-02-17,2,Storage,SUP_C,7,140.9,0,0,0,254,0,17
2023-02-18,2,Storage,SUP_C,9,138.11,0,0,0,145,0,17
2023-02-19,2,Storage,SUP_C,8,141.77,0,0,0,171,0,17
2023-02-20,2,Storage,SUP_C,8,140.96,0,0,0,235,0,17
2023-02-21,2,Storage,SUP_C,2,142.51,0,0,0,226,0,17
2023-02-22,2,Storage,SUP_C,6,136.62,0,0,0,183,0,17
2023-02-23,2,Storage,SUP_C,7,139.3,0,0,0,263,0,17
2023-02-24,2,Storage,SUP_C,9,144.02,0,0,0,160,0,17
2023-02-25,2,Storage,SUP_C,9,142.66,0,0,0,201,0,17
2023-02-26,2,Storage,SUP_C,11,145.37,0,0,0,187,0,17
2023-02-27,2,Storage,SUP_C,8,147.11,0,0,0,251,0,17
2023-02-28,2,Storage,SUP_C,6,136.55,0,0,0,181,0,17
2023-03-01,2,Storage,SUP_C,13,144.68,0,0,0,232,0,17
2023-03-02,2,Storage,SUP_C,8,147.34,0,0,0,187,0,17
2023-03-03,2,Storage,SUP_C,5,137.6,0,0,0,252,0,17
2023-03-04,2,Storage,SUP_C,13,136.6,0,0,0,269,0,17
2023-03-05,2,Storage,SUP_C,5,143.48,0,0,0,211,0,17
2023-03-06,2,Storage,SUP_C,12,145.56,0,0,0,262,0,17
2023-03-07,2,Storage,SUP_C,6,137.54,0,0,0,199,0,17
2023-03-08,2,Storage,SUP_C,7,144.32,0,0,0,254,0,17
2023-03-09,2,Storage,SUP_C,1,146.44,0,0,0,243,0,17
2023-03-10,2,Storage,SUP_C,9,141.28,0,0,0,164,0,17
2023-03-11,2,Storage,SUP_C,8,144.71,0,0,0,216,0,17
2023-03-12,2,Storage,SUP_C,8,141.78,0,0,0,213,0,17
2023-03-13,2,Storage,SUP_C,6,147.06,0,0,0,170,0,17
2023-03-14,2,Storage,SUP_C,11,138.2,0,0,0,176,0,17
2023-03-15,2,Storage,SUP_C,10,144.71,0,0,0,252,0,17
2023-03-16,2,Storage,SUP_C,5,141.45,0,0,0,269,0,17
2023-03-17,2,Storage,SUP_C,7,140.36,0,0,0,220,0,17
2023-03-18,2,Storage,SUP_C,7,136.6,0,0,0,190,0,17
2023-03-19,2,Storage,SUP_C,8,146.63,0,0,0,245,0,17
2023-03-20,2,Storage,SUP_C,4,143.59,0,0,0,279,0,17
2023-03-21,2,Storage,SUP_C,8,136.95,0,0,0,181,0,17
2023-03-22,2,Storage,SUP_C,11,140.53,0,0,0,240,0,17
2023-03-23,2,Storage,SUP_C,8,141.04,0,0,0,250,0,17
2023-03-24,2,Storage,SUP_C,5,136.51,0,0,0,205,0,17
2023-03-25,2,Storage,SUP_C,8,144.84,0,0,0,277,0,17
2023-03-26,2,Storage,SUP_C,5,143.81,0,0,0,172,0,17
2023-03-27,2,Storage,SUP_C,6,143.5,0,0,0,186,0,17
2023-03-28,2,Storage,SUP_C,8,136.18,0,0,0,257,0,17
2023-03-29,2,Storage,SUP_C,5,140.76,0,0,0,196,0,17
2023-03-30,2,Storage,SUP_C,5,141.47,0,0,0,165,0,17
2023-03-31,2,Storage,SUP_C,9,143.58,0,0,0,146,0,17
2023-04-01,2,Storage,SUP_C,8,143.26,0,0,0,248,0,17
2023-04-02,2,Storage,SUP_C,7,137.6,0,0,0,267,0,17
2023-04-03,2,Storage,SUP_C,14,102.78,1,0,0,233,0,17
2023-04-04,2,Storage,SUP_C,16,114.05,1,0,0,184,0,17
2023-04-05,2,Storage,SUP_C,16,97.31,1,0,0,187,0,17
2023-04-06,2,Storage,SUP_C,10,105.17,1,0,0,242,0,17
2023-04-07,2,Storage,SUP_C,15,98.51,1,0,0,172,0,17
2023-04-08,2,Storage,SUP_C,19,127.96,1,0,0,173,0,17
2023-04-09,2,Storage,SUP_C,20,112.19,1,0,0,179,0,17
2023-04-10,2,Storage,SUP_C,10,148.97,0,0,0,264,0,17
2023-04-11,2,Storage,SUP_C,7,150.31,0,0,0,204,0,17
2023-04-12,2,Storage,SUP_C,11,147.31,0,0,0,232,0,17
2023-04-13,2,Storage,SUP_C,7,145.89,0,0,0,203,0,17
2023-04-14,2,Storage,SUP_C,6,148.77,0,0,0,197,0,17
2023-04-15,2,Storage,SUP_C,3,136.38,0,0,0,195,0,17
2023-04-16,2,Storage,SUP_C,6,137.94,0,0,0,186,0,17
2023-04-17,2,Storage,SUP_C,14,107.15,1,0,0,200,0,17
2023-04-18,2,Storage,SUP_C,13,116.03,1,0,0,211,0,17
2023-04-19,2,Storage,SUP_C,11,116.34,1,0,0,156,0,17
2023-04-20,2,Storage,SUP_C,12,104.39,1,0,0,194,0,17
2023-04-21,2,Storage,SUP_C,12,129.4,1,0,0,262,0,17
2023-04-22,2,Storage,SUP_C,17,128.21,1,0,0,246,0,17
2023-04-23,2,Storage,SUP_C,10,133.88,1,0,0,218,0,17
2023-04-24,2,Storage,SUP_C,11,145.47,0,0,0,177,0,17
2023-04-25,2,Storage,SUP_C,5,149.92,0,0,0,201,0,17
2023-04-26,2,Storage,SUP_C,8,149.94,0,0,0,234,0,17
2023-04-27,2,Storage,SUP_C,6,140.53,0,0,0,189,0,17
2023-04-28,2,Storage,SUP_C,1,140.76,0,0,0,249,0,17
2023-04-29,2,Storage,SUP_C,9,144.5,0,0,0,258,0,17
2023-04-30,2,Storage,SUP_C,8,144.69,0,0,0,265,0,17
2023-05-01,2,Storage,SUP_C,11,136.55,0,0,0,261,0,17
2023-05-02,2,Storage,SUP_C,8,147.15,0,0,0,191,0,17
2023-05-03,2,Storage,SUP_C,6,150.0,0,0,0,195,0,17
2023-05-04,2,Storage,SUP_C,5,149.17,0,0,0,165,0,17
2023-05-05,2,Storage,SUP_C,8,149.99,0,0,0,239,0,17
2023-05-06,2,Storage,SUP_C,7,148.7,0,0,0,165,0,17
2023-05-07,2,Storage,SUP_C,12,136.34,0,0,0,262,0,17
2023-05-08,2,Storage,SUP_C,4,137.69,0,0,0,252,0,17
2023-05-09,2,Storage,SUP_C,12,139.47,0,0,0,239,0,17
2023-05-10,2,Storage,SUP_C,5,140.08,0,0,0,230,0,17
2023-05-11,2,Storage,SUP_C,5,142.98,0,0,0,185,0,17
2023-05-12,2,Storage,SUP_C,6,140.74,0,0,0,211,0,17
2023-05-13,2,Storage,SUP_C,7,138.75,0,0,0,214,0,17
2023-05-14,2,Storage,SUP_C,6,136.52,0,0,0,204,0,17
2023-05-15,2,Storage,SUP_C,4,142.08,0,0,0,227,0,17
2023-05-16,2,Storage,SUP_C,6,148.39,0,0,0,250,0,17
2023-05-17,2,Storage,SUP_C,7,148.7,0,0,0,239,0,17
2023-05-18,2,Storage,SUP_C,15,138.01,0,0,0,213,0,17
2023-05-19,2,Storage,SUP_C,4,142.69,0,0,0,172,0,17
2023-05-20,2,Storage,SUP_C,7,149.39,0,0,0,193,0,17
2023-05-21,2,Storage,SUP_C,8,145.9,0,0,0,224,0,17
2023-05-22,2,Storage,SUP_C,5,147.0,0,0,0,265,0,17
2023-05-23,2,Storage,SUP_C,11,139.24,0,0,0,204,0,17
2023-05-24,2,Storage,SUP_C,8,146.78,0,0,0,250,0,17
2023-05-25,2,Storage,SUP_C,9,146.05,0,0,0,238,0,17
2023-05-26,2,Storage,SUP_C,4,149.0,0,0,0,150,0,17
2023-05-27,2,Storage,SUP_C,3,144.77,0,0,0,255,0,17
2023-05-28,2,Storage,SUP_C,7,140.84,0,0,0,224,0,17
2023-05-29,2,Storage,SUP_C,7,146.8,0,0,0,153,0,17
2023-05-30,2,Storage,SUP_C,3,145.54,0,0,0,157,0,17
2023-05-31,2,Storage,SUP_C,15,141.67,0,0,0,143,0,17
2023-06-01,2,Storage,SUP_C,6,143.88,0,0,0,169,0,17
2023-06-02,2,Storage,SUP_C,6,148.94,0,0,0,239,0,17
2023-06-03,2,Storage,SUP_C,5,146.73,0,0,0,228,0,17
2023-06-04,2,Storage,SUP_C,6,144.98,0,0,0,216,0,17
2023-06-05,2,Storage,SUP_C,6,139.88,0,0,0,203,0,17
2023-06-06,2,Storage,SUP_C,8,147.1,0,0,0,222,0,17
2023-06-07,2,Storage,SUP_C,5,137.25,0,0,0,205,0,17
2023-06-08,2,Storage,SUP_C,4,145.15,0,0,0,190,0,17
2023-06-09,2,Storage,SUP_C,11,139.5,0,0,0,218,0,17
2023-06-10,2,Storage,SUP_C,8,142.1,0,0,0,155,0,17
2023-06-11,2,Storage,SUP_C,7,148.19,0,0,0,261,0,17
2023-06-12,2,Storage,SUP_C,12,121.66,1,0,0,197,0,17
2023-06-13,2,Storage,SUP_C,8,127.81,1,0,0,273,0,17
2023-06-14,2,Storage,SUP_C,9,106.97,1,0,0,197,0,17
2023-06-15,2,Storage,SUP_C,12,101.28,1,0,0,236,0,17
2023-06-16,2,Storage,SUP_C,10,102.26,1,0,0,266,0,17
2023-06-17,2,Storage,SUP_C,14,102.58,1,0,0,252,0,17
2023-06-18,2,Storage,SUP_C,10,119.76,1,0,0,264,0,17
2023-06-19,2,Storage,SUP_C,7,150.25,0,0,0,165,0,17
2023-06-20,2,Storage,SUP_C,12,142.15,0,0,0,259,0,17
2023-06-21,2,Storage,SUP_C,3,148.03,0,0,0,243,0,17
2023-06-22,2,Storage,SUP_C,5,146.93,0,0,0,174,0,17
2023-06-23,2,Storage,SUP_C,4,137.39,0,0,0,274,0,17
2023-06-24,2,Storage,SUP_C,5,144.96,0,0,0,221,0,17
2023-06-25,2,Storage,SUP_C,14,144.44,0,0,0,248,0,17
2023-06-26,2,Storage,SUP_C,12,148.91,0,0,0,154,0,17
2023-06-27,2,Storage,SUP_C,7,140.88,0,0,0,229,0,17
2023-06-28,2,Storage,SUP_C,6,142.24,0,0,0,245,0,17
2023-06-29,2,Storage,SUP_C,11,147.7,0,0,0,224,0,17
2023-06-30,2,Storage,SUP_C,8,146.09,0,0,0,237,0,17
2023-07-01,2,Storage,SUP_C,9,146.19,0,0,0,184,0,17
2023-07-02,2,Storage,SUP_C,4,143.49,0,0,0,170,0,17
2023-07-03,2,Storage,SUP_C,6,145.01,0,0,0,255,0,17
2023-07-04,2,Storage,SUP_C,8,139.03,0,0,0,234,0,17
2023-07-05,2,Storage,SUP_C,7,142.35,0,0,0,210,0,17
2023-07-06,2,Storage,SUP_C,8,146.76,0,0,0,193,0,17
2023-07-07,2,Storage,SUP_C,10,149.11,0,0,0,179,0,17
2023-07-08,2,Storage,SUP_C,7,140.15,0,0,0,214,0,17
2023-07-09,2,Storage,SUP_C,8,139.73,0,0,0,247,0,17
2023-07-10,2,Storage,SUP_C,3,141.25,0,0,0,165,0,17
2023-07-11,2,Storage,SUP_C,6,146.4,0,0,0,201,0,17
2023-07-12,2,Storage,SUP_C,5,146.38,0,0,0,272,0,17
2023-07-13,2,Storage,SUP_C,4,150.12,0,0,0,188,0,17
2023-07-14,2,Storage,SUP_C,7,139.84,0,0,0,242,0,17
2023-07-15,2,Storage,SUP_C,8,136.34,0,0,0,230,0,17
2023-07-16,2,Storage,SUP_C,10,140.47,0,0,0,215,0,17
2023-07-17,2,Storage,SUP_C,7,150.07,0,0,0,232,0,17
2023-07-18,2,Storage,SUP_C,4,140.91,0,0,0,248,0,17
2023-07-19,2,Storage,SUP_C,7,149.07,0,0,0,216,0,17
2023-07-20,2,Storage,SUP_C,7,136.29,0,0,0,235,0,17
2023-07-21,2,Storage,SUP_C,10,147.67,0,0,0,190,0,17
2023-07-22,2,Storage,SUP_C,8,136.21,0,0,0,233,0,17
2023-07-23,2,Storage,SUP_C,10,140.33,0,0,0,219,0,17
2023-07-24,2,Storage,SUP_C,6,147.38,0,0,0,241,0,17
2023-07-25,2,Storage,SUP_C,7,140.17,0,0,0,262,0,17
2023-07-26,2,Storage,SUP_C,6,139.22,0,0,0,228,0,17
2023-07-27,2,Storage,SUP_C,7,146.02,0,0,0,247,0,17
2023-07-28,2,Storage,SUP_C,9,143.14,0,0,0,214,0,17
2023-07-29,2,Storage,SUP_C,6,143.41,0,0,0,226,0,17
2023-07-30,2,Storage,SUP_C,5,148.09,0,0,0,216,0,17
2023-07-31,2,Storage,SUP_C,6,143.92,0,0,0,271,0,17
2023-08-01,2,Storage,SUP_C,4,143.33,0,0,0,166,0,17
2023-08-02,2,Storage,SUP_C,10,149.98,0,0,0,172,0,17
2023-08-03,2,Storage,SUP_C,7,144.83,0,0,0,198,0,17
2023-08-04,2,Storage,SUP_C,5,138.0,0,0,0,198,0,17
2023-08-05,2,Storage,SUP_C,9,138.34,0,0,0,217,0,17
2023-08-06,2,Storage,SUP_C,9,146.06,0,0,0,160,0,17
2023-08-07,2,Storage,SUP_C,4,139.83,0,0,0,208,0,17
2023-08-08,2,Storage,SUP_C,12,139.98,0,0,0,174,0,17
2023-08-09,2,Storage,SUP_C,7,147.23,0,0,0,257,0,17
