synthetic_ecommerce_demand_2021_2024.csv
date,sku_id,category,supplier_id,units_sold,price,promo_flag,is_black_friday_week,is_christmas_peak,stock_on_hand,stockout_flag,lead_time_days
2023-08-10,2,Storage,SUP_C,7,142.22,0,0,0,233,0,17
2023-08-11,2,Storage,SUP_C,4,149.79,0,0,0,187,0,17
2023-08-12,2,Storage,SUP_C,11,143.99,0,0,0,274,0,17
2023-08-13,2,Storage,SUP_C,10,141.3,0,0,0,231,0,17
2023-08-14,2,Storage,SUP_C,11,110.57,1,0,0,188,0,17
2023-08-15,2,Storage,SUP_C,8,112.46,1,0,0,226,0,17
2023-08-16,2,Storage,SUP_C,11,101.11,1,0,0,264,0,17
2023-08-17,2,Storage,SUP_C,11,113.67,1,0,0,264,0,17
2023-08-18,2,Storage,SUP_C,9,126.14,1,0,0,153,0,17
2023-08-19,2,Storage,SUP_C,12,122.29,1,0,0,268,0,17
2023-08-20,2,Storage,SUP_C,8,105.93,1,0,0,254,0,17
2023-08-21,2,Storage,SUP_C,7,134.26,1,0,0,180,0,17
2023-08-22,2,Storage,SUP_C,18,124.28,1,0,0,240,0,17
2023-08-23,2,Storage,SUP_C,9,112.09,1,0,0,165,0,17
2023-08-24,2,Storage,SUP_C,10,122.38,1,0,0,209,0,17
2023-08-25,2,Storage,SUP_C,14,110.78,1,0,0,199,0,17
2023-08-26,2,Storage,SUP_C,14,120.67,1,0,0,242,0,17
2023-08-27,2,Storage,SUP_C,13,110.7,1,0,0,162,0,17
2023-08-28,2,Storage,SUP_C,8,107.46,1,0,0,163,0,17
2023-08-29,2,Storage,SUP_C,19,107.33,1,0,0,249,0,17
2023-08-30,2,Storage,SUP_C,11,114.98,1,0,0,237,0,17
2023-08-31,2,Storage,SUP_C,11,115.61,1,0,0,236,0,17
2023-09-01,2,Storage,SUP_C,6,115.26,1,0,0,233,0,17
2023-09-02,2,Storage,SUP_C,21,108.31,1,0,0,171,0,17
2023-09-03,2,Storage,SUP_C,6,122.25,1,0,0,230,0,17
2023-09-04,2,Storage,SUP_C,4,142.72,0,0,0,270,0,17
2023-09-05,2,Storage,SUP_C,4,143.13,0,0,0,243,0,17
2023-09-06,2,Storage,SUP_C,12,147.38,0,0,0,199,0,17
2023-09-07,2,Storage,SUP_C,4,139.11,0,0,0,202,0,17
2023-09-08,2,Storage,SUP_C,7,142.07,0,0,0,206,0,17
2023-09-09,2,Storage,SUP_C,10,146.13,0,0,0,220,0,17
2023-09-10,2,Storage,SUP_C,5,148.88,0,0,0,203,0,17
2023-09-11,2,Storage,SUP_C,6,138.42,0,0,0,175,0,17
2023-09-12,2,Storage,SUP_C,12,142.09,0,0,0,184,0,17
2023-09-13,2,Storage,SUP_C,5,142.41,0,0,0,219,0,17
2023-09-14,2,Storage,SUP_C,13,147.36,0,0,0,182,0,17
2023-09-15,2,Storage,SUP_C,13,136.22,0,0,0,174,0,17
2023-09-16,2,Storage,SUP_C,11,144.97,0,0,0,174,0,17
2023-09-17,2,Storage,SUP_C,8,141.97,0,0,0,203,0,17
2023-09-18,2,Storage,SUP_C,7,137.66,0,0,0,196,0,17
2023-09-19,2,Storage,SUP_C,6,139.88,0,0,0,199,0,17
2023-09-20,2,Storage,SUP_C,6,141.14,0,0,0,248,0,17
2023-09-21,2,Storage,SUP_C,6,149.03,0,0,0,184,0,17
2023-09-22,2,Storage,SUP_C,8,138.28,0,0,0,240,0,17
2023-09-23,2,Storage,SUP_C,7,138.11,0,0,0,195,0,17
2023-09-24,2,Storage,SUP_C,6,149.78,0,0,0,257,0,17
2023-09-25,2,Storage,SUP_C,8,148.28,0,0,0,171,0,17
2023-09-26,2,Storage,SUP_C,3,138.93,0,0,0,188,0,17
2023-09-27,2,Storage,SUP_C,8,146.77,0,0,0,212,0,17
2023-09-28,2,Storage,SUP_C,8,142.17,0,0,0,277,0,17
2023-09-29,2,Storage,SUP_C,11,144.44,0,0,0,169,0,17
2023-09-30,2,Storage,SUP_C,11,147.08,0,0,0,173,0,17
2023-10-01,2,Storage,SUP_C,9,146.07,0,0,0,157,0,17
2023-10-02,2,Storage,SUP_C,5,136.24,0,0,0,172,0,17
2023-10-03,2,Storage,SUP_C,12,144.3,0,0,0,150,0,17
2023-10-04,2,Storage,SUP_C,12,146.02,0,0,0,259,0,17
2023-10-05,2,Storage,SUP_C,8,139.66,0,0,0,270,0,17
2023-10-06,2,Storage,SUP_C,8,140.24,0,0,0,246,0,17
2023-10-07,2,Storage,SUP_C,7,138.81,0,0,0,241,0,17
2023-10-08,2,Storage,SUP_C,11,137.0,0,0,0,170,0,17
2023-10-09,2,Storage,SUP_C,9,144.23,0,0,0,276,0,17
2023-10-10,2,Storage,SUP_C,12,150.24,0,0,0,198,0,17
2023-10-11,2,Storage,SUP_C,10,137.69,0,0,0,266,0,17
2023-10-12,2,Storage,SUP_C,15,146.91,0,0,0,182,0,17
2023-10-13,2,Storage,SUP_C,8,138.62,0,0,0,203,0,17
2023-10-14,2,Storage,SUP_C,13,137.59,0,0,0,269,0,17
2023-10-15,2,Storage,SUP_C,7,142.61,0,0,0,190,0,17
2023-10-16,2,Storage,SUP_C,5,137.2,0,0,0,183,0,17
2023-10-17,2,Storage,SUP_C,11,137.37,0,0,0,254,0,17
2023-10-18,2,Storage,SUP_C,5,138.56,0,0,0,235,0,17
2023-10-19,2,Storage,SUP_C,7,145.94,0,0,0,185,0,17
2023-10-20,2,Storage,SUP_C,14,141.27,0,0,0,166,0,17
2023-10-21,2,Storage,SUP_C,7,145.18,0,0,0,157,0,17
2023-10-22,2,Storage,SUP_C,11,147.0,0,0,0,163,0,17
2023-10-23,2,Storage,SUP_C,6,144.32,0,0,0,249,0,17
2023-10-24,2,Storage,SUP_C,12,143.77,0,0,0,268,0,17
2023-10-25,2,Storage,SUP_C,7,138.04,0,0,0,197,0,17
2023-10-26,2,Storage,SUP_C,11,136.57,0,0,0,248,0,17
2023-10-27,2,Storage,SUP_C,7,140.26,0,0,0,149,0,17
2023-10-28,2,Storage,SUP_C,13,144.45,0,0,0,146,0,17
2023-10-29,2,Storage,SUP_C,12,146.4,0,0,0,246,0,17
2023-10-30,2,Storage,SUP_C,11,141.98,0,0,0,163,0,17
2023-10-31,2,Storage,SUP_C,12,137.1,0,0,0,254,0,17
2023-11-01,2,Storage,SUP_C,10,150.32,0,0,0,246,0,17
2023-11-02,2,Storage,SUP_C,11,147.82,0,0,0,241,0,17
2023-11-03,2,Storage,SUP_C,9,144.49,0,0,0,247,0,17
2023-11-04,2,Storage,SUP_C,10,151.41,0,0,0,225,0,17
2023-11-05,2,Storage,SUP_C,16,150.96,0,0,0,145,0,17
2023-11-06,2,Storage,SUP_C,13,129.38,1,0,0,221,0,17
2023-11-07,2,Storage,SUP_C,20,107.19,1,0,0,196,0,17
2023-11-08,2,Storage,SUP_C,15,117.27,1,0,0,198,0,17
2023-11-09,2,Storage,SUP_C,9,107.62,1,0,0,228,0,17
2023-11-10,2,Storage,SUP_C,12,126.02,1,0,0,155,0,17
2023-11-11,2,Storage,SUP_C,17,107.84,1,0,0,202,0,17
2023-11-12,2,Storage,SUP_C,14,124.96,1,0,0,160,0,17
2023-11-13,2,Storage,SUP_C,5,148.13,0,0,0,255,0,17
2023-11-14,2,Storage,SUP_C,5,146.94,0,0,0,173,0,17
2023-11-15,2,Storage,SUP_C,11,149.13,0,0,0,188,0,17
2023-11-16,2,Storage,SUP_C,6,155.63,0,0,0,272,0,17
2023-11-17,2,Storage,SUP_C,11,144.9,0,0,0,215,0,17
2023-11-18,2,Storage,SUP_C,11,145.51,0,0,0,244,0,17
2023-11-19,2,Storage,SUP_C,11,149.85,0,0,0,238,0,17
2023-11-20,2,Storage,SUP_C,9,151.72,0,1,0,182,0,17
2023-11-21,2,Storage,SUP_C,7,148.34,0,1,0,220,0,17
2023-11-22,2,Storage,SUP_C,12,146.7,0,1,0,172,0,17
2023-11-23,2,Storage,SUP_C,11,144.39,0,1,0,251,0,17
2023-11-24,2,Storage,SUP_C,8,152.91,0,1,0,157,0,17
2023-11-25,2,Storage,SUP_C,11,156.44,0,1,0,181,0,17
2023-11-26,2,Storage,SUP_C,9,149.46,0,1,0,176,0,17
2023-11-27,2,Storage,SUP_C,9,148.12,0,1,0,269,0,17
2023-11-28,2,Storage,SUP_C,7,146.22,0,1,0,229,0,17
2023-11-29,2,Storage,SUP_C,10,151.16,0,0,0,223,0,17
2023-11-30,2,Storage,SUP_C,5,146.04,0,0,0,228,0,17
2023-12-01,2,Storage,SUP_C,11,147.62,0,0,1,188,0,17
2023-12-02,2,Storage,SUP_C,9,154.45,0,0,1,243,0,17
2023-12-03,2,Storage,SUP_C,11,144.2,0,0,1,252,0,17
2023-12-04,2,Storage,SUP_C,7,150.13,0,0,1,252,0,17
2023-12-05,2,Storage,SUP_C,10,157.25,0,0,1,145,0,17
2023-12-06,2,Storage,SUP_C,9,152.76,0,0,1,185,0,17
2023-12-07,2,Storage,SUP_C,7,154.43,0,0,1,231,0,17
2023-12-08,2,Storage,SUP_C,5,150.31,0,0,1,195,0,17
2023-12-09,2,Storage,SUP_C,7,155.73,0,0,1,218,0,17
2023-12-10,2,Storage,SUP_C,8,155.62,0,0,1,158,0,17
2023-12-11,2,Storage,SUP_C,4,153.06,0,0,1,235,0,17
2023-12-12,2,Storage,SUP_C,8,148.86,0,0,1,210,0,17
2023-12-13,2,Storage,SUP_C,6,153.33,0,0,1,270,0,17
2023-12-14,2,Storage,SUP_C,9,152.53,0,0,1,224,0,17
2023-12-15,2,Storage,SUP_C,4,147.74,0,0,1,254,0,17
2023-12-16,2,Storage,SUP_C,9,156.66,0,0,1,150,0,17
2023-12-17,2,Storage,SUP_C,13,156.7,0,0,1,193,0,17
2023-12-18,2,Storage,SUP_C,8,145.4,0,0,1,198,0,17
2023-12-19,2,Storage,SUP_C,13,152.73,0,0,1,204,0,17
2023-12-20,2,Storage,SUP_C,9,144.82,0,0,1,152,0,17
2023-12-21,2,Storage,SUP_C,4,145.37,0,0,1,226,0,17
2023-12-22,2,Storage,SUP_C,4,153.69,0,0,1,167,0,17
2023-12-23,2,Storage,SUP_C,7,146.72,0,0,1,252,0,17
2023-12-24,2,Storage,SUP_C,9,145.9,0,0,1,169,0,17
2023-12-25,2,Storage,SUP_C,15,121.85,1,0,0,231,0,17
2023-12-26,2,Storage,SUP_C,10,129.1,1,0,0,183,0,17
2023-12-27,2,Storage,SUP_C,20,106.17,1,0,0,259,0,17
2023-12-28,2,Storage,SUP_C,23,129.9,1,0,0,141,0,17
2023-12-29,2,Storage,SUP_C,10,121.53,1,0,0,183,0,17
2023-12-30,2,Storage,SUP_C,15,115.8,1,0,0,156,0,17
2023-12-31,2,Storage,SUP_C,17,118.32,1,0,0,211,0,17
2024-01-01,2,Storage,SUP_C,10,144.78,0,0,0,173,0,17
2024-01-02,2,Storage,SUP_C,10,147.33,0,0,0,154,0,17
2024-01-03,2,Storage,SUP_C,5,140.76,0,0,0,229,0,17
2024-01-04,2,Storage,SUP_C,11,146.6,0,0,0,215,0,17
2024-01-05,2,Storage,SUP_C,3,148.76,0,0,0,215,0,17
2024-01-06,2,Storage,SUP_C,10,137.45,0,0,0,252,0,17
2024-01-07,2,Storage,SUP_C,11,141.71,0,0,0,152,0,17
2024-01-08,2,Storage,SUP_C,14,99.71,1,0,0,164,0,17
2024-01-09,2,Storage,SUP_C,12,101.33,1,0,0,228,0,17
2024-01-10,2,Storage,SUP_C,13,120.57,1,0,0,217,0,17
2024-01-11,2,Storage,SUP_C,10,112.16,1,0,0,155,0,17
2024-01-12,2,Storage,SUP_C,17,111.01,1,0,0,204,0,17
2024-01-13,2,Storage,SUP_C,19,130.56,1,0,0,220,0,17
2024-01-14,2,Storage,SUP_C,14,132.96,1,0,0,194,0,17
2024-01-15,2,Storage,SUP_C,11,146.6,0,0,0,224,0,17
2024-01-16,2,Storage,SUP_C,8,146.13,0,0,0,238,0,17
2024-01-17,2,Storage,SUP_C,8,140.58,0,0,0,238,0,17
2024-01-18,2,Storage,SUP_C,10,149.28,0,0,0,246,0,17
2024-01-19,2,Storage,SUP_C,6,139.78,0,0,0,208,0,17
2024-01-20,2,Storage,SUP_C,9,149.22,0,0,0,148,0,17
2024-01-21,2,Storage,SUP_C,5,148.47,0,0,0,209,0,17
2024-01-22,2,Storage,SUP_C,16,146.22,0,0,0,234,0,17
2024-01-23,2,Storage,SUP_C,4,141.66,0,0,0,282,0,17
2024-01-24,2,Storage,SUP_C,9,146.44,0,0,0,210,0,17
2024-01-25,2,Storage,SUP_C,10,145.21,0,0,0,219,0,17
2024-01-26,2,Storage,SUP_C,12,145.18,0,0,0,211,0,17
2024-01-27,2,Storage,SUP_C,12,144.58,0,0,0,269,0,17
2024-01-28,2,Storage,SUP_C,6,137.6,0,0,0,197,0,17
2024-01-29,2,Storage,SUP_C,11,145.4,0,0,0,254,0,17
2024-01-30,2,Storage,SUP_C,7,141.31,0,0,0,181,0,17
2024-01-31,2,Storage,SUP_C,8,147.49,0,0,0,218,0,17
2024-02-01,2,Storage,SUP_C,6,146.97,0,0,0,208,0,17
2024-02-02,2,Storage,SUP_C,4,138.67,0,0,0,154,0,17
2024-02-03,2,Storage,SUP_C,9,149.4,0,0,0,199,0,17
2024-02-04,2,Storage,SUP_C,10,137.54,0,0,0,254,0,17
2024-02-05,2,Storage,SUP_C,12,147.72,0,0,0,234,0,17
2024-02-06,2,Storage,SUP_C,6,137.53,0,0,0,265,0,17
2024-02-07,2,Storage,SUP_C,10,146.76,0,0,0,174,0,17
2024-02-08,2,Storage,SUP_C,11,143.27,0,0,0,195,0,17
2024-02-09,2,Storage,SUP_C,8,143.35,0,0,0,220,0,17
2024-02-10,2,Storage,SUP_C,9,146.52,0,0,0,226,0,17
2024-02-11,2,Storage,SUP_C,10,140.43,0,0,0,144,0,17
2024-02-12,2,Storage,SUP_C,11,105.11,1,0,0,251,0,17
2024-02-13,2,Storage,SUP_C,13,111.55,1,0,0,158,0,17
2024-02-14,2,Storage,SUP_C,20,112.9,1,0,0,220,0,17
2024-02-15,2,Storage,SUP_C,16,114.08,1,0,0,208,0,17
2024-02-16,2,Storage,SUP_C,15,99.64,1,0,0,232,0,17
2024-02-17,2,Storage,SUP_C,15,113.74,1,0,0,214,0,17
2024-02-18,2,Storage,SUP_C,22,114.77,1,0,0,230,0,17
2024-02-19,2,Storage,SUP_C,6,136.75,0,0,0,239,0,17
2024-02-20,2,Storage,SUP_C,11,146.29,0,0,0,247,0,17
2024-02-21,2,Storage,SUP_C,6,149.75,0,0,0,274,0,17
2024-02-22,2,Storage,SUP_C,9,141.51,0,0,0,154,0,17
2024-02-23,2,Storage,SUP_C,8,136.56,0,0,0,247,0,17
2024-02-24,2,Storage,SUP_C,8,141.38,0,0,0,187,0,17
2024-02-25,2,Storage,SUP_C,11,136.92,0,0,0,168,0,17
2024-02-26,2,Storage,SUP_C,6,138.7,0,0,0,172,0,17
2024-02-27,2,Storage,SUP_C,8,144.14,0,0,0,251,0,17
2024-02-28,2,Storage,SUP_C,6,141.54,0,0,0,187,0,17
2024-02-29,2,Storage,SUP_C,3,144.65,0,0,0,210,0,17
2024-03-01,2,Storage,SUP_C,2,141.15,0,0,0,186,0,17
2024-03-02,2,Storage,SUP_C,16,142.82,0,0,0,164,0,17
2024-03-03,2,Storage,SUP_C,5,143.2,0,0,0,170,0,17
2024-03-04,2,Storage,SUP_C,4,136.37,0,0,0,216,0,17
2024-03-05,2,Storage,SUP_C,7,146.93,0,0,0,256,0,17
2024-03-06,2,Storage,SUP_C,4,144.27,0,0,0,242,0,17
2024-03-07,2,Storage,SUP_C,5,146.42,0,0,0,267,0,17
2024-03-08,2,Storage,SUP_C,4,140.95,0,0,0,249,0,17
2024-03-09,2,Storage,SUP_C,15,143.41,0,0,0,177,0,17
2024-03-10,2,Storage,SUP_C,12,137.95,0,0,0,143,0,17
2024-03-11,2,Storage,SUP_C,6,148.33,0,0,0,210,0,17
2024-03-12,2,Storage,SUP_C,5,146.91,0,0,0,235,0,17
2024-03-13,2,Storage,SUP_C,11,145.87,0,0,0,185,0,17
2024-03-14,2,Storage,SUP_C,5,140.64,0,0,0,244,0,17
2024-03-15,2,Storage,SUP_C,7,140.64,0,0,0,245,0,17
2024-03-16,2,Storage,SUP_C,6,148.31,0,0,0,173,0,17
2024-03-17,2,Storage,SUP_C,12,140.25,0,0,0,254,0,17
2024-03-18,2,Storage,SUP_C,6,139.88,0,0,0,213,0,17
2024-03-19,2,Storage,SUP_C,3,146.35,0,0,0,203,0,17
2024-03-20,2,Storage,SUP_C,6,136.96,0,0,0,233,0,17
2024-03-21,2,Storage,SUP_C,8,148.78,0,0,0,248,0,17
2024-03-22,2,Storage,SUP_C,10,145.84,0,0,0,186,0,17
2024-03-23,2,Storage,SUP_C,8,139.72,0,0,0,192,0,17
2024-03-24,2,Storage,SUP_C,9,142.93,0,0,0,259,0,17
2024-03-25,2,Storage,SUP_C,5,137.82,0,0,0,155,0,17
2024-03-26,2,Storage,SUP_C,7,140.29,0,0,0,278,0,17
2024-03-27,2,Storage,SUP_C,9,143.08,0,0,0,250,0,17
2024-03-28,2,Storage,SUP_C,7,137.32,0,0,0,249,0,17
2024-03-29,2,Storage,SUP_C,8,141.9,0,0,0,206,0,17
2024-03-30,2,Storage,SUP_C,8,147.67,0,0,0,259,0,17
2024-03-31,2,Storage,SUP_C,9,148.11,0,0,0,230,0,17
2024-04-01,2,Storage,SUP_C,11,140.32,0,0,0,152,0,17
2024-04-02,2,Storage,SUP_C,8,144.03,0,0,0,263,0,17
2024-04-03,2,Storage,SUP_C,5,147.71,0,0,0,246,0,17
2024-04-04,2,Storage,SUP_C,7,149.41,0,0,0,201,0,17
2024-04-05,2,Storage,SUP_C,7,139.88,0,0,0,173,0,17
2024-04-06,2,Storage,SUP_C,9,146.52,0,0,0,249,0,17
2024-04-07,2,Storage,SUP_C,6,149.49,0,0,0,224,0,17
2024-04-08,2,Storage,SUP_C,6,142.47,0,0,0,211,0,17
2024-04-09,2,Storage,SUP_C,3,141.89,0,0,0,225,0,17
2024-04-10,2,Storage,SUP_C,8,137.38,0,0,0,220,0,17
2024-04-11,2,Storage,SUP_C,7,141.27,0,0,0,227,0,17
2024-04-12,2,Storage,SUP_C,12,136.71,0,0,0,269,0,17
2024-04-13,2,Storage,SUP_C,8,150.04,0,0,0,153,0,17
2024-04-14,2,Storage,SUP_C,6,147.45,0,0,0,246,0,17
2024-04-15,2,Storage,SUP_C,8,148.46,0,0,0,248,0,17
2024-04-16,2,Storage,SUP_C,8,138.83,0,0,0,237,0,17
2024-04-17,2,Storage,SUP_C,10,142.18,0,0,0,247,0,17
2024-04-18,2,Storage,SUP_C,5,140.9,0,0,0,151,0,17
2024-04-19,2,Storage,SUP_C,6,143.13,0,0,0,269,0,17
2024-04-20,2,Storage,SUP_C,7,147.51,0,0,0,227,0,17
2024-04-21,2,Storage,SUP_C,8,137.57,0,0,0,153,0,17
2024-04-22,2,Storage,SUP_C,7,137.45,0,0,0,204,0,17
2024-04-23,2,Storage,SUP_C,9,142.79,0,0,0,230,0,17
2024-04-24,2,Storage,SUP_C,6,142.46,0,0,0,257,0,17
2024-04-25,2,Storage,SUP_C,12,145.97,0,0,0,249,0,17
2024-04-26,2,Storage,SUP_C,9,136.27,0,0,0,230,0,17
2024-04-27,2,Storage,SUP_C,13,138.62,0,0,0,225,0,17
2024-04-28,2,Storage,SUP_C,7,145.89,0,0,0,275,0,17
2024-04-29,2,Storage,SUP_C,14,145.04,0,0,0,143,0,17
2024-04-30,2,Storage,SUP_C,10,146.19,0,0,0,233,0,17
2024-05-01,2,Storage,SUP_C,10,143.47,0,0,0,274,0,17
2024-05-02,2,Storage,SUP_C,8,149.12,0,0,0,269,0,17
2024-05-03,2,Storage,SUP_C,7,141.86,0,0,0,201,0,17
2024-05-04,2,Storage,SUP_C,9,141.5,0,0,0,271,0,17
2024-05-05,2,Storage,SUP_C,8,146.23,0,0,0,255,0,17
2024-05-06,2,Storage,SUP_C,8,137.46,0,0,0,189,0,17
2024-05-07,2,Storage,SUP_C,4,137.67,0,0,0,207,0,17
2024-05-08,2,Storage,SUP_C,8,149.04,0,0,0,179,0,17
2024-05-09,2,Storage,SUP_C,13,136.79,0,0,0,217,0,17
2024-05-10,2,Storage,SUP_C,6,149.92,0,0,0,193,0,17
2024-05-11,2,Storage,SUP_C,11,147.55,0,0,0,233,0,17
2024-05-12,2,Storage,SUP_C,13,148.08,0,0,0,252,0,17
2024-05-13,2,Storage,SUP_C,13,145.55,0,0,0,151,0,17
2024-05-14,2,Storage,SUP_C,17,147.34,0,0,0,204,0,17
2024-05-15,2,Storage,SUP_C,5,148.47,0,0,0,152,0,17
2024-05-16,2,Storage,SUP_C,8,142.35,0,0,0,243,0,17
2024-05-17,2,Storage,SUP_C,5,143.75,0,0,0,208,0,17
2024-05-18,2,Storage,SUP_C,9,139.4,0,0,0,267,0,17
2024-05-19,2,Storage,SUP_C,8,140.43,0,0,0,218,0,17
2024-05-20,2,Storage,SUP_C,10,147.17,0,0,0,232,0,17
2024-05-21,2,Storage,SUP_C,9,136.59,0,0,0,188,0,17
2024-05-22,2,Storage,SUP_C,10,138.09,0,0,0,228,0,17
2024-05-23,2,Storage,SUP_C,9,144.4,0,0,0,181,0,17
2024-05-24,2,Storage,SUP_C,8,142.6,0,0,0,255,0,17
2024-05-25,2,Storage,SUP_C,6,141.07,0,0,0,256,0,17
2024-05-26,2,Storage,SUP_C,6,139.3,0,0,0,156,0,17
2024-05-27,2,Storage,SUP_C,8,149.67,0,0,0,193,0,17
2024-05-28,2,Storage,SUP_C,5,145.68,0,0,0,200,0,17
2024-05-29,2,Storage,SUP_C,4,149.9,0,0,0,156,0,17
2024-05-30,2,Storage,SUP_C,7,140.0,0,0,0,215,0,17
2024-05-31,2,Storage,SUP_C,5,138.27,0,0,0,154,0,17
2024-06-01,2,Storage,SUP_C,8,149.03,0,0,0,225,0,17
2024-06-02,2,Storage,SUP_C,5,138.85,0,0,0,212,0,17
2024-06-03,2,Storage,SUP_C,9,142.54,0,0,0,162,0,17
2024-06-04,2,Storage,SUP_C,5,140.05,0,0,0,264,0,17
2024-06-05,2,Storage,SUP_C,5,146.05,0,0,0,150,0,17
2024-06-06,2,Storage,SUP_C,12,150.04,0,0,0,166,0,17
2024-06-07,2,Storage,SUP_C,8,145.78,0,0,0,200,0,17
2024-06-08,2,Storage,SUP_C,10,137.86,0,0,0,166,0,17
2024-06-09,2,Storage,SUP_C,6,139.95,0,0,0,260,0,17
2024-06-10,2,Storage,SUP_C,14,107.43,1,0,0,202,0,17
2024-06-11,2,Storage,SUP_C,12,119.39,1,0,0,187,0,17
2024-06-12,2,Storage,SUP_C,12,116.47,1,0,0,156,0,17
2024-06-13,2,Storage,SUP_C,11,101.34,1,0,0,222,0,17
2024-06-14,2,Storage,SUP_C,8,126.8,1,0,0,250,0,17
2024-06-15,2,Storage,SUP_C,20,120.03,1,0,0,168,0,17
2024-06-16,2,Storage,SUP_C,7,117.17,1,0,0,220,0,17
2024-06-17,2,Storage,SUP_C,7,145.98,0,0,0,270,0,17
2024-06-18,2,Storage,SUP_C,2,140.75,0,0,0,255,0,17
2024-06-19,2,Storage,SUP_C,6,137.7,0,0,0,274,0,17
2024-06-20,2,Storage,SUP_C,7,143.89,0,0,0,167,0,17
2024-06-21,2,Storage,SUP_C,1,146.84,0,0,0,190,0,17
2024-06-22,2,Storage,SUP_C,7,148.07,0,0,0,173,0,17
2024-06-23,2,Storage,SUP_C,7,140.94,0,0,0,259,0,17
2024-06-24,2,Storage,SUP_C,3,140.6,0,0,0,154,0,17
2024-06-25,2,Storage,SUP_C,6,144.38,0,0,0,263,0,17
2024-06-26,2,Storage,SUP_C,6,146.51,0,0,0,213,0,17
2024-06-27,2,Storage,SUP_C,3,145.26,0,0,0,257,0,17
2024-06-28,2,Storage,SUP_C,13,139.1,0,0,0,164,0,17
2024-06-29,2,Storage,SUP_C,10,145.55,0,0,0,163,0,17
2024-06-30,2,Storage,SUP_C,6,148.79,0,0,0,198,0,17
2024-07-01,2,Storage,SUP_C,7,141.07,0,0,0,235,0,17
2024-07-02,2,Storage,SUP_C,5,146.41,0,0,0,159,0,17
2024-07-03,2,Storage,SUP_C,8,138.28,0,0,0,150,0,17
2024-07-04,2,Storage,SUP_C,7,140.43,0,0,0,197,0,17
2024-07-05,2,Storage,SUP_C,9,137.8,0,0,0,210,0,17
2024-07-06,2,Storage,SUP_C,11,136.34,0,0,0,164,0,17
2024-07-07,2,Storage,SUP_C,8,145.58,0,0,0,185,0,17
2024-07-08,2,Storage,SUP_C,18,106.54,1,0,0,235,0,17
2024-07-09,2,Storage,SUP_C,13,107.31,1,0,0,193,0,17
2024-07-10,2,Storage,SUP_C,8,107.7,1,0,0,181,0,17
2024-07-11,2,Storage,SUP_C,11,127.4,1,0,0,225,0,17
2024-07-12,2,Storage,SUP_C,9,117.41,1,0,0,248,0,17
2024-07-13,2,Storage,SUP_C,16,127.95,1,0,0,235,0,17
2024-07-14,2,Storage,SUP_C,7,105.99,1,0,0,222,0,17
2024-07-15,2,Storage,SUP_C,8,141.46,0,0,0,166,0,17
2024-07-16,2,Storage,SUP_C,4,145.92,0,0,0,269,0,17
2024-07-17,2,Storage,SUP_C,10,145.5,0,0,0,272,0,17
2024-07-18,2,Storage,SUP_C,6,139.28,0,0,0,149,0,17
2024-07-19,2,Storage,SUP_C,11,137.79,0,0,0,175,0,17
2024-07-20,2,Storage,SUP_C,7,141.19,0,0,0,245,0,17
2024-07-21,2,Storage,SUP_C,8,137.32,0,0,0,165,0,17
