synthetic_ecommerce_demand_2021_2024.csv
date,sku_id,category,supplier_id,units_sold,price,promo_flag,is_black_friday_week,is_christmas_peak,stock_on_hand,stockout_flag,lead_time_days
2024-07-22,2,Storage,SUP_C,4,143.72,0,0,0,235,0,17
2024-07-23,2,Storage,SUP_C,11,140.33,0,0,0,240,0,17
2024-07-24,2,Storage,SUP_C,6,141.45,0,0,0,171,0,17
2024-07-25,2,Storage,SUP_C,8,146.86,0,0,0,251,0,17
2024-07-26,2,Storage,SUP_C,11,146.01,0,0,0,149,0,17
2024-07-27,2,Storage,SUP_C,10,144.39,0,0,0,157,0,17
2024-07-28,2,Storage,SUP_C,13,140.5,0,0,0,163,0,17
2024-07-29,2,Storage,SUP_C,6,149.25,0,0,0,262,0,17
2024-07-30,2,Storage,SUP_C,12,144.47,0,0,0,235,0,17
2024-07-31,2,Storage,SUP_C,5,141.05,0,0,0,164,0,17
2024-08-01,2,Storage,SUP_C,11,138.67,0,0,0,145,0,17
2024-08-02,2,Storage,SUP_C,11,144.11,0,0,0,184,0,17
2024-08-03,2,Storage,SUP_C,9,142.32,0,0,0,234,0,17
2024-08-04,2,Storage,SUP_C,7,142.39,0,0,0,230,0,17
2024-08-05,2,Storage,SUP_C,3,144.18,0,0,0,179,0,17
2024-08-06,2,Storage,SUP_C,3,140.09,0,0,0,172,0,17
2024-08-07,2,Storage,SUP_C,5,149.2,0,0,0,250,0,17
2024-08-08,2,Storage,SUP_C,6,141.5,0,0,0,185,0,17
2024-08-09,2,Storage,SUP_C,2,145.77,0,0,0,242,0,17
2024-08-10,2,Storage,SUP_C,8,145.19,0,0,0,190,0,17
2024-08-11,2,Storage,SUP_C,5,138.63,0,0,0,211,0,17
2024-08-12,2,Storage,SUP_C,6,140.75,0,0,0,215,0,17
2024-08-13,2,Storage,SUP_C,9,148.16,0,0,0,260,0,17
2024-08-14,2,Storage,SUP_C,10,149.47,0,0,0,222,0,17
2024-08-15,2,Storage,SUP_C,6,141.52,0,0,0,220,0,17
2024-08-16,2,Storage,SUP_C,5,136.83,0,0,0,152,0,17
2024-08-17,2,Storage,SUP_C,3,137.71,0,0,0,276,0,17
2024-08-18,2,Storage,SUP_C,5,137.25,0,0,0,278,0,17
2024-08-19,2,Storage,SUP_C,14,122.06,1,0,0,196,0,17
2024-08-20,2,Storage,SUP_C,13,108.6,1,0,0,245,0,17
2024-08-21,2,Storage,SUP_C,8,123.25,1,0,0,197,0,17
2024-08-22,2,Storage,SUP_C,13,101.99,1,0,0,218,0,17
2024-08-23,2,Storage,SUP_C,10,113.78,1,0,0,185,0,17
2024-08-24,2,Storage,SUP_C,12,123.35,1,0,0,200,0,17
2024-08-25,2,Storage,SUP_C,11,102.7,1,0,0,202,0,17
2024-08-26,2,Storage,SUP_C,9,145.89,0,0,0,186,0,17
2024-08-27,2,Storage,SUP_C,9,147.4,0,0,0,255,0,17
2024-08-28,2,Storage,SUP_C,7,150.2,0,0,0,167,0,17
2024-08-29,2,Storage,SUP_C,3,136.31,0,0,0,282,0,17
2024-08-30,2,Storage,SUP_C,7,143.19,0,0,0,279,0,17
2024-08-31,2,Storage,SUP_C,7,138.16,0,0,0,269,0,17
2024-09-01,2,Storage,SUP_C,13,136.05,0,0,0,172,0,17
2024-09-02,2,Storage,SUP_C,3,138.62,0,0,0,181,0,17
2024-09-03,2,Storage,SUP_C,7,140.39,0,0,0,227,0,17
2024-09-04,2,Storage,SUP_C,6,146.76,0,0,0,181,0,17
2024-09-05,2,Storage,SUP_C,1,136.47,0,0,0,186,0,17
2024-09-06,2,Storage,SUP_C,9,149.16,0,0,0,146,0,17
2024-09-07,2,Storage,SUP_C,11,145.62,0,0,0,208,0,17
2024-09-08,2,Storage,SUP_C,10,140.85,0,0,0,266,0,17
2024-09-09,2,Storage,SUP_C,11,139.23,0,0,0,191,0,17
2024-09-10,2,Storage,SUP_C,7,140.4,0,0,0,236,0,17
2024-09-11,2,Storage,SUP_C,5,143.6,0,0,0,149,0,17
2024-09-12,2,Storage,SUP_C,10,141.63,0,0,0,263,0,17
2024-09-13,2,Storage,SUP_C,13,148.4,0,0,0,152,0,17
2024-09-14,2,Storage,SUP_C,10,141.67,0,0,0,254,0,17
2024-09-15,2,Storage,SUP_C,9,138.55,0,0,0,253,0,17
2024-09-16,2,Storage,SUP_C,15,116.08,1,0,0,191,0,17
2024-09-17,2,Storage,SUP_C,13,106.69,1,0,0,248,0,17
2024-09-18,2,Storage,SUP_C,12,100.47,1,0,0,259,0,17
2024-09-19,2,Storage,SUP_C,13,125.67,1,0,0,219,0,17
2024-09-20,2,Storage,SUP_C,10,98.69,1,0,0,255,0,17
2024-09-21,2,Storage,SUP_C,13,105.24,1,0,0,247,0,17
2024-09-22,2,Storage,SUP_C,14,132.11,1,0,0,151,0,17
2024-09-23,2,Storage,SUP_C,3,137.06,0,0,0,217,0,17
2024-09-24,2,Storage,SUP_C,6,138.6,0,0,0,258,0,17
2024-09-25,2,Storage,SUP_C,9,148.5,0,0,0,198,0,17
2024-09-26,2,Storage,SUP_C,7,144.22,0,0,0,223,0,17
2024-09-27,2,Storage,SUP_C,6,144.41,0,0,0,154,0,17
2024-09-28,2,Storage,SUP_C,10,137.44,0,0,0,167,0,17
2024-09-29,2,Storage,SUP_C,5,144.53,0,0,0,153,0,17
2024-09-30,2,Storage,SUP_C,17,120.15,1,0,0,166,0,17
2024-10-01,2,Storage,SUP_C,24,115.33,1,0,0,193,0,17
2024-10-02,2,Storage,SUP_C,14,102.34,1,0,0,241,0,17
2024-10-03,2,Storage,SUP_C,13,121.61,1,0,0,149,0,17
2024-10-04,2,Storage,SUP_C,17,127.46,1,0,0,165,0,17
2024-10-05,2,Storage,SUP_C,18,110.37,1,0,0,173,0,17
2024-10-06,2,Storage,SUP_C,16,131.14,1,0,0,252,0,17
2024-10-07,2,Storage,SUP_C,8,139.64,0,0,0,213,0,17
2024-10-08,2,Storage,SUP_C,10,140.74,0,0,0,250,0,17
2024-10-09,2,Storage,SUP_C,7,147.12,0,0,0,154,0,17
2024-10-10,2,Storage,SUP_C,7,139.73,0,0,0,269,0,17
2024-10-11,2,Storage,SUP_C,10,137.44,0,0,0,270,0,17
2024-10-12,2,Storage,SUP_C,13,143.34,0,0,0,214,0,17
2024-10-13,2,Storage,SUP_C,7,145.27,0,0,0,184,0,17
2024-10-14,2,Storage,SUP_C,8,144.16,0,0,0,227,0,17
2024-10-15,2,Storage,SUP_C,11,145.24,0,0,0,250,0,17
2024-10-16,2,Storage,SUP_C,10,140.79,0,0,0,151,0,17
2024-10-17,2,Storage,SUP_C,5,146.51,0,0,0,227,0,17
2024-10-18,2,Storage,SUP_C,10,145.31,0,0,0,225,0,17
2024-10-19,2,Storage,SUP_C,8,148.83,0,0,0,248,0,17
2024-10-20,2,Storage,SUP_C,4,137.17,0,0,0,272,0,17
2024-10-21,2,Storage,SUP_C,5,142.02,0,0,0,279,0,17
2024-10-22,2,Storage,SUP_C,16,146.09,0,0,0,232,0,17
2024-10-23,2,Storage,SUP_C,8,147.64,0,0,0,269,0,17
2024-10-24,2,Storage,SUP_C,6,149.4,0,0,0,240,0,17
2024-10-25,2,Storage,SUP_C,8,147.04,0,0,0,168,0,17
2024-10-26,2,Storage,SUP_C,11,145.49,0,0,0,158,0,17
2024-10-27,2,Storage,SUP_C,9,144.22,0,0,0,246,0,17
2024-10-28,2,Storage,SUP_C,16,120.34,1,0,0,209,0,17
2024-10-29,2,Storage,SUP_C,15,130.32,1,0,0,181,0,17
2024-10-30,2,Storage,SUP_C,15,114.06,1,0,0,164,0,17
2024-10-31,2,Storage,SUP_C,14,99.64,1,0,0,156,0,17
2024-11-01,2,Storage,SUP_C,22,127.73,1,0,0,183,0,17
2024-11-02,2,Storage,SUP_C,16,121.27,1,0,0,206,0,17
2024-11-03,2,Storage,SUP_C,18,136.73,1,0,0,240,0,17
2024-11-04,2,Storage,SUP_C,9,154.98,0,0,0,202,0,17
2024-11-05,2,Storage,SUP_C,9,143.2,0,0,0,172,0,17
2024-11-06,2,Storage,SUP_C,7,146.43,0,0,0,240,0,17
2024-11-07,2,Storage,SUP_C,10,148.94,0,0,0,169,0,17
2024-11-08,2,Storage,SUP_C,14,154.22,0,0,0,189,0,17
2024-11-09,2,Storage,SUP_C,9,146.61,0,0,0,166,0,17
2024-11-10,2,Storage,SUP_C,6,154.55,0,0,0,209,0,17
2024-11-11,2,Storage,SUP_C,13,150.91,0,0,0,237,0,17
2024-11-12,2,Storage,SUP_C,11,152.33,0,0,0,160,0,17
2024-11-13,2,Storage,SUP_C,8,153.72,0,0,0,196,0,17
2024-11-14,2,Storage,SUP_C,6,151.67,0,0,0,151,0,17
2024-11-15,2,Storage,SUP_C,10,143.73,0,0,0,163,0,17
2024-11-16,2,Storage,SUP_C,5,151.91,0,0,0,155,0,17
2024-11-17,2,Storage,SUP_C,13,156.98,0,0,0,216,0,17
2024-11-18,2,Storage,SUP_C,10,144.52,0,1,0,200,0,17
2024-11-19,2,Storage,SUP_C,10,144.07,0,1,0,227,0,17
2024-11-20,2,Storage,SUP_C,10,150.68,0,1,0,222,0,17
2024-11-21,2,Storage,SUP_C,8,144.77,0,1,0,214,0,17
2024-11-22,2,Storage,SUP_C,8,148.29,0,1,0,181,0,17
2024-11-23,2,Storage,SUP_C,12,147.94,0,1,0,179,0,17
2024-11-24,2,Storage,SUP_C,13,156.65,0,1,0,163,0,17
2024-11-25,2,Storage,SUP_C,6,146.47,0,1,0,273,0,17
2024-11-26,2,Storage,SUP_C,13,147.93,0,1,0,229,0,17
2024-11-27,2,Storage,SUP_C,12,152.27,0,0,0,185,0,17
2024-11-28,2,Storage,SUP_C,6,155.44,0,0,0,192,0,17
2024-11-29,2,Storage,SUP_C,8,154.42,0,0,0,238,0,17
2024-11-30,2,Storage,SUP_C,13,155.53,0,0,0,213,0,17
2024-12-01,2,Storage,SUP_C,7,153.39,0,0,1,233,0,17
2024-12-02,2,Storage,SUP_C,6,155.77,0,0,1,248,0,17
2024-12-03,2,Storage,SUP_C,12,143.7,0,0,1,260,0,17
2024-12-04,2,Storage,SUP_C,10,151.51,0,0,1,228,0,17
2024-12-05,2,Storage,SUP_C,11,149.93,0,0,1,166,0,17
2024-12-06,2,Storage,SUP_C,9,144.6,0,0,1,171,0,17
2024-12-07,2,Storage,SUP_C,8,152.84,0,0,1,197,0,17
2024-12-08,2,Storage,SUP_C,11,154.66,0,0,1,155,0,17
2024-12-09,2,Storage,SUP_C,7,146.3,0,0,1,155,0,17
2024-12-10,2,Storage,SUP_C,10,156.87,0,0,1,251,0,17
2024-12-11,2,Storage,SUP_C,7,153.81,0,0,1,263,0,17
2024-12-12,2,Storage,SUP_C,11,143.79,0,0,1,199,0,17
2024-12-13,2,Storage,SUP_C,5,155.88,0,0,1,168,0,17
2024-12-14,2,Storage,SUP_C,10,152.71,0,0,1,151,0,17
2024-12-15,2,Storage,SUP_C,12,156.44,0,0,1,254,0,17
2024-12-16,2,Storage,SUP_C,8,152.01,0,0,1,178,0,17
2024-12-17,2,Storage,SUP_C,5,148.42,0,0,1,270,0,17
2024-12-18,2,Storage,SUP_C,15,155.52,0,0,1,221,0,17
2024-12-19,2,Storage,SUP_C,8,147.19,0,0,1,153,0,17
2024-12-20,2,Storage,SUP_C,5,152.53,0,0,1,277,0,17
2024-12-21,2,Storage,SUP_C,7,153.23,0,0,1,230,0,17
2024-12-22,2,Storage,SUP_C,11,153.61,0,0,1,229,0,17
2024-12-23,2,Storage,SUP_C,11,146.92,0,0,1,215,0,17
2024-12-24,2,Storage,SUP_C,4,156.82,0,0,1,201,0,17
2024-12-25,2,Storage,SUP_C,8,155.34,0,0,0,182,0,17
2024-12-26,2,Storage,SUP_C,8,156.0,0,0,0,149,0,17
2024-12-27,2,Storage,SUP_C,11,151.06,0,0,0,272,0,17
2024-12-28,2,Storage,SUP_C,8,154.09,0,0,0,226,0,17
2024-12-29,2,Storage,SUP_C,9,149.82,0,0,0,184,0,17
2024-12-30,2,Storage,SUP_C,9,145.21,0,0,0,191,0,17
2024-12-31,2,Storage,SUP_C,13,156.08,0,0,0,228,0,17
2021-01-01,3,Power Tools,SUP_B,26,210.03,0,0,0,532,0,17
2021-01-02,3,Power Tools,SUP_B,20,223.0,0,0,0,446,0,17
2021-01-03,3,Power Tools,SUP_B,20,222.53,0,0,0,486,0,17
2021-01-04,3,Power Tools,SUP_B,21,221.41,0,0,0,455,0,17
2021-01-05,3,Power Tools,SUP_B,23,210.09,0,0,0,570,0,17
2021-01-06,3,Power Tools,SUP_B,23,212.75,0,0,0,571,0,17
2021-01-07,3,Power Tools,SUP_B,24,221.51,0,0,0,589,0,17
2021-01-08,3,Power Tools,SUP_B,20,222.26,0,0,0,419,0,17
2021-01-09,3,Power Tools,SUP_B,19,208.8,0,0,0,591,0,17
2021-01-10,3,Power Tools,SUP_B,25,221.53,0,0,0,551,0,17
2021-01-11,3,Power Tools,SUP_B,15,228.37,0,0,0,525,0,17
2021-01-12,3,Power Tools,SUP_B,20,210.12,0,0,0,403,0,17
2021-01-13,3,Power Tools,SUP_B,23,213.4,0,0,0,625,0,17
2021-01-14,3,Power Tools,SUP_B,14,217.86,0,0,0,493,0,17
2021-01-15,3,Power Tools,SUP_B,20,217.03,0,0,0,667,0,17
2021-01-16,3,Power Tools,SUP_B,29,227.38,0,0,0,559,0,17
2021-01-17,3,Power Tools,SUP_B,25,225.65,0,0,0,557,0,17
2021-01-18,3,Power Tools,SUP_B,22,212.59,0,0,0,465,0,17
2021-01-19,3,Power Tools,SUP_B,16,211.35,0,0,0,510,0,17
2021-01-20,3,Power Tools,SUP_B,14,223.91,0,0,0,671,0,17
2021-01-21,3,Power Tools,SUP_B,7,223.88,0,0,0,637,0,17
2021-01-22,3,Power Tools,SUP_B,23,227.27,0,0,0,429,0,17
2021-01-23,3,Power Tools,SUP_B,19,225.91,0,0,0,453,0,17
2021-01-24,3,Power Tools,SUP_B,17,210.1,0,0,0,393,0,17
2021-01-25,3,Power Tools,SUP_B,28,181.75,1,0,0,438,0,17
2021-01-26,3,Power Tools,SUP_B,32,184.25,1,0,0,516,0,17
2021-01-27,3,Power Tools,SUP_B,39,166.44,1,0,0,429,0,17
2021-01-28,3,Power Tools,SUP_B,49,163.93,1,0,0,604,0,17
2021-01-29,3,Power Tools,SUP_B,32,185.9,1,0,0,602,0,17
2021-01-30,3,Power Tools,SUP_B,42,158.26,1,0,0,369,0,17
2021-01-31,3,Power Tools,SUP_B,48,188.23,1,0,0,357,0,17
2021-02-01,3,Power Tools,SUP_B,21,227.23,0,0,0,622,0,17
2021-02-02,3,Power Tools,SUP_B,17,218.94,0,0,0,672,0,17
2021-02-03,3,Power Tools,SUP_B,15,227.38,0,0,0,389,0,17
2021-02-04,3,Power Tools,SUP_B,26,219.56,0,0,0,414,0,17
2021-02-05,3,Power Tools,SUP_B,26,212.46,0,0,0,473,0,17
2021-02-06,3,Power Tools,SUP_B,22,228.74,0,0,0,503,0,17
2021-02-07,3,Power Tools,SUP_B,17,217.64,0,0,0,626,0,17
2021-02-08,3,Power Tools,SUP_B,16,209.01,0,0,0,708,0,17
2021-02-09,3,Power Tools,SUP_B,23,230.34,0,0,0,577,0,17
2021-02-10,3,Power Tools,SUP_B,24,216.95,0,0,0,598,0,17
2021-02-11,3,Power Tools,SUP_B,12,218.12,0,0,0,456,0,17
2021-02-12,3,Power Tools,SUP_B,16,220.17,0,0,0,606,0,17
2021-02-13,3,Power Tools,SUP_B,26,209.22,0,0,0,502,0,17
2021-02-14,3,Power Tools,SUP_B,24,217.11,0,0,0,396,0,17
2021-02-15,3,Power Tools,SUP_B,42,166.46,1,0,0,510,0,17
2021-02-16,3,Power Tools,SUP_B,36,173.39,1,0,0,545,0,17
2021-02-17,3,Power Tools,SUP_B,34,177.08,1,0,0,606,0,17
2021-02-18,3,Power Tools,SUP_B,39,174.12,1,0,0,583,0,17
2021-02-19,3,Power Tools,SUP_B,32,156.77,1,0,0,511,0,17
2021-02-20,3,Power Tools,SUP_B,54,156.15,1,0,0,423,0,17
2021-02-21,3,Power Tools,SUP_B,51,190.26,1,0,0,623,0,17
2021-02-22,3,Power Tools,SUP_B,42,173.34,1,0,0,458,0,17
2021-02-23,3,Power Tools,SUP_B,44,158.35,1,0,0,428,0,17
2021-02-24,3,Power Tools,SUP_B,46,176.86,1,0,0,569,0,17
2021-02-25,3,Power Tools,SUP_B,42,205.03,1,0,0,690,0,17
2021-02-26,3,Power Tools,SUP_B,36,201.14,1,0,0,641,0,17
2021-02-27,3,Power Tools,SUP_B,43,184.12,1,0,0,431,0,17
2021-02-28,3,Power Tools,SUP_B,45,196.64,1,0,0,574,0,17
2021-03-01,3,Power Tools,SUP_B,23,226.7,0,0,0,461,0,17
2021-03-02,3,Power Tools,SUP_B,21,218.66,0,0,0,502,0,17
2021-03-03,3,Power Tools,SUP_B,19,218.39,0,0,0,530,0,17
2021-03-04,3,Power Tools,SUP_B,19,229.41,0,0,0,597,0,17
2021-03-05,3,Power Tools,SUP_B,25,222.16,0,0,0,394,0,17
2021-03-06,3,Power Tools,SUP_B,16,217.09,0,0,0,650,0,17
2021-03-07,3,Power Tools,SUP_B,23,229.74,0,0,0,422,0,17
2021-03-08,3,Power Tools,SUP_B,17,215.11,0,0,0,469,0,17
2021-03-09,3,Power Tools,SUP_B,23,218.12,0,0,0,555,0,17
2021-03-10,3,Power Tools,SUP_B,18,212.87,0,0,0,683,0,17
2021-03-11,3,Power Tools,SUP_B,22,229.25,0,0,0,469,0,17
2021-03-12,3,Power Tools,SUP_B,11,214.5,0,0,0,694,0,17
2021-03-13,3,Power Tools,SUP_B,22,214.97,0,0,0,504,0,17
2021-03-14,3,Power Tools,SUP_B,33,221.1,0,0,0,494,0,17
2021-03-15,3,Power Tools,SUP_B,23,218.0,0,0,0,609,0,17
2021-03-16,3,Power Tools,SUP_B,18,223.88,0,0,0,548,0,17
2021-03-17,3,Power Tools,SUP_B,26,221.37,0,0,0,616,0,17
2021-03-18,3,Power Tools,SUP_B,11,218.59,0,0,0,652,0,17
2021-03-19,3,Power Tools,SUP_B,14,222.81,0,0,0,494,0,17
2021-03-20,3,Power Tools,SUP_B,18,222.11,0,0,0,424,0,17
2021-03-21,3,Power Tools,SUP_B,11,215.53,0,0,0,409,0,17
2021-03-22,3,Power Tools,SUP_B,25,151.88,1,0,0,479,0,17
2021-03-23,3,Power Tools,SUP_B,36,173.51,1,0,0,442,0,17
2021-03-24,3,Power Tools,SUP_B,29,167.61,1,0,0,510,0,17
2021-03-25,3,Power Tools,SUP_B,43,160.07,1,0,0,432,0,17
2021-03-26,3,Power Tools,SUP_B,31,170.23,1,0,0,502,0,17
2021-03-27,3,Power Tools,SUP_B,36,171.27,1,0,0,417,0,17
2021-03-28,3,Power Tools,SUP_B,47,151.8,1,0,0,421,0,17
2021-03-29,3,Power Tools,SUP_B,10,217.32,0,0,0,697,0,17
2021-03-30,3,Power Tools,SUP_B,17,219.67,0,0,0,391,0,17
2021-03-31,3,Power Tools,SUP_B,28,221.52,0,0,0,664,0,17
2021-04-01,3,Power Tools,SUP_B,11,226.49,0,0,0,718,0,17
2021-04-02,3,Power Tools,SUP_B,22,223.76,0,0,0,612,0,17
2021-04-03,3,Power Tools,SUP_B,25,210.33,0,0,0,407,0,17
2021-04-04,3,Power Tools,SUP_B,28,208.95,0,0,0,412,0,17
2021-04-05,3,Power Tools,SUP_B,13,210.97,0,0,0,694,0,17
2021-04-06,3,Power Tools,SUP_B,21,225.82,0,0,0,540,0,17
2021-04-07,3,Power Tools,SUP_B,17,214.79,0,0,0,547,0,17
2021-04-08,3,Power Tools,SUP_B,23,229.85,0,0,0,396,0,17
2021-04-09,3,Power Tools,SUP_B,19,229.16,0,0,0,455,0,17
2021-04-10,3,Power Tools,SUP_B,17,209.33,0,0,0,542,0,17
2021-04-11,3,Power Tools,SUP_B,27,212.54,0,0,0,533,0,17
2021-04-12,3,Power Tools,SUP_B,48,172.05,1,0,0,411,0,17
2021-04-13,3,Power Tools,SUP_B,33,173.45,1,0,0,602,0,17
2021-04-14,3,Power Tools,SUP_B,42,187.67,1,0,0,357,0,17
2021-04-15,3,Power Tools,SUP_B,25,158.12,1,0,0,385,0,17
2021-04-16,3,Power Tools,SUP_B,42,188.71,1,0,0,599,0,17
2021-04-17,3,Power Tools,SUP_B,41,165.21,1,0,0,365,0,17
2021-04-18,3,Power Tools,SUP_B,39,188.42,1,0,0,484,0,17
2021-04-19,3,Power Tools,SUP_B,24,219.59,0,0,0,451,0,17
2021-04-20,3,Power Tools,SUP_B,26,223.52,0,0,0,580,0,17
2021-04-21,3,Power Tools,SUP_B,18,217.86,0,0,0,673,0,17
2021-04-22,3,Power Tools,SUP_B,16,208.82,0,0,0,699,0,17
2021-04-23,3,Power Tools,SUP_B,16,228.33,0,0,0,557,0,17
2021-04-24,3,Power Tools,SUP_B,23,219.35,0,0,0,683,0,17
2021-04-25,3,Power Tools,SUP_B,23,209.1,0,0,0,486,0,17
2021-04-26,3,Power Tools,SUP_B,20,221.79,0,0,0,552,0,17
2021-04-27,3,Power Tools,SUP_B,23,225.54,0,0,0,549,0,17
2021-04-28,3,Power Tools,SUP_B,14,215.45,0,0,0,560,0,17
2021-04-29,3,Power Tools,SUP_B,19,222.91,0,0,0,591,0,17
2021-04-30,3,Power Tools,SUP_B,23,214.93,0,0,0,592,0,17
2021-05-01,3,Power Tools,SUP_B,16,209.71,0,0,0,493,0,17
2021-05-02,3,Power Tools,SUP_B,28,222.56,0,0,0,662,0,17
2021-05-03,3,Power Tools,SUP_B,22,229.9,0,0,0,609,0,17
2021-05-04,3,Power Tools,SUP_B,20,228.21,0,0,0,475,0,17
2021-05-05,3,Power Tools,SUP_B,12,226.53,0,0,0,604,0,17
2021-05-06,3,Power Tools,SUP_B,14,219.47,0,0,0,555,0,17
2021-05-07,3,Power Tools,SUP_B,17,215.39,0,0,0,410,0,17
2021-05-08,3,Power Tools,SUP_B,20,222.84,0,0,0,439,0,17
2021-05-09,3,Power Tools,SUP_B,16,223.25,0,0,0,503,0,17
2021-05-10,3,Power Tools,SUP_B,15,208.53,0,0,0,622,0,17
2021-05-11,3,Power Tools,SUP_B,18,224.91,0,0,0,652,0,17
2021-05-12,3,Power Tools,SUP_B,12,215.74,0,0,0,595,0,17
2021-05-13,3,Power Tools,SUP_B,23,221.15,0,0,0,643,0,17
2021-05-14,3,Power Tools,SUP_B,19,219.74,0,0,0,674,0,17
2021-05-15,3,Power Tools,SUP_B,19,211.22,0,0,0,654,0,17
2021-05-16,3,Power Tools,SUP_B,21,229.94,0,0,0,688,0,17
2021-05-17,3,Power Tools,SUP_B,57,174.56,1,0,0,342,0,17
2021-05-18,3,Power Tools,SUP_B,35,170.22,1,0,0,638,0,17
2021-05-19,3,Power Tools,SUP_B,35,190.94,1,0,0,377,0,17
2021-05-20,3,Power Tools,SUP_B,36,163.99,1,0,0,498,0,17
2021-05-21,3,Power Tools,SUP_B,36,176.69,1,0,0,405,0,17
2021-05-22,3,Power Tools,SUP_B,61,174.78,1,0,0,450,0,17
2021-05-23,3,Power Tools,SUP_B,39,177.05,1,0,0,655,0,17
2021-05-24,3,Power Tools,SUP_B,17,218.56,0,0,0,621,0,17
2021-05-25,3,Power Tools,SUP_B,22,219.89,0,0,0,383,0,17
2021-05-26,3,Power Tools,SUP_B,16,220.67,0,0,0,568,0,17
2021-05-27,3,Power Tools,SUP_B,22,213.57,0,0,0,634,0,17
2021-05-28,3,Power Tools,SUP_B,12,219.97,0,0,0,531,0,17
2021-05-29,3,Power Tools,SUP_B,25,213.31,0,0,0,579,0,17
2021-05-30,3,Power Tools,SUP_B,28,214.09,0,0,0,543,0,17
2021-05-31,3,Power Tools,SUP_B,20,227.64,0,0,0,552,0,17
2021-06-01,3,Power Tools,SUP_B,17,213.23,0,0,0,709,0,17
2021-06-02,3,Power Tools,SUP_B,15,208.83,0,0,0,680,0,17
2021-06-03,3,Power Tools,SUP_B,22,228.88,0,0,0,480,0,17
2021-06-04,3,Power Tools,SUP_B,20,224.67,0,0,0,686,0,17
2021-06-05,3,Power Tools,SUP_B,16,222.37,0,0,0,627,0,17
2021-06-06,3,Power Tools,SUP_B,22,226.87,0,0,0,699,0,17
2021-06-07,3,Power Tools,SUP_B,17,208.83,0,0,0,458,0,17
2021-06-08,3,Power Tools,SUP_B,11,223.67,0,0,0,478,0,17
2021-06-09,3,Power Tools,SUP_B,19,226.79,0,0,0,529,0,17
2021-06-10,3,Power Tools,SUP_B,21,213.08,0,0,0,437,0,17
2021-06-11,3,Power Tools,SUP_B,16,214.62,0,0,0,600,0,17
2021-06-12,3,Power Tools,SUP_B,23,214.72,0,0,0,565,0,17
2021-06-13,3,Power Tools,SUP_B,19,224.05,0,0,0,379,0,17
2021-06-14,3,Power Tools,SUP_B,15,211.21,0,0,0,705,0,17
2021-06-15,3,Power Tools,SUP_B,16,224.51,0,0,0,395,0,17
2021-06-16,3,Power Tools,SUP_B,23,216.63,0,0,0,629,0,17
2021-06-17,3,Power Tools,SUP_B,15,214.06,0,0,0,511,0,17
