synthetic_ecommerce_demand_2021_2024.csv
date,sku_id,category,supplier_id,units_sold,price,promo_flag,is_black_friday_week,is_christmas_peak,stock_on_hand,stockout_flag,lead_time_days
2021-06-18,3,Power Tools,SUP_B,9,224.65,0,0,0,560,0,17
2021-06-19,3,Power Tools,SUP_B,13,223.96,0,0,0,402,0,17
2021-06-20,3,Power Tools,SUP_B,12,212.69,0,0,0,700,0,17
2021-06-21,3,Power Tools,SUP_B,19,223.87,0,0,0,503,0,17
2021-06-22,3,Power Tools,SUP_B,12,222.51,0,0,0,401,0,17
2021-06-23,3,Power Tools,SUP_B,15,212.82,0,0,0,611,0,17
2021-06-24,3,Power Tools,SUP_B,22,222.58,0,0,0,684,0,17
2021-06-25,3,Power Tools,SUP_B,9,217.5,0,0,0,512,0,17
2021-06-26,3,Power Tools,SUP_B,20,211.69,0,0,0,548,0,17
2021-06-27,3,Power Tools,SUP_B,30,209.36,0,0,0,604,0,17
2021-06-28,3,Power Tools,SUP_B,15,215.52,0,0,0,625,0,17
2021-06-29,3,Power Tools,SUP_B,22,215.49,0,0,0,478,0,17
2021-06-30,3,Power Tools,SUP_B,20,222.94,0,0,0,527,0,17
2021-07-01,3,Power Tools,SUP_B,13,219.06,0,0,0,445,0,17
2021-07-02,3,Power Tools,SUP_B,20,209.08,0,0,0,594,0,17
2021-07-03,3,Power Tools,SUP_B,23,216.07,0,0,0,571,0,17
2021-07-04,3,Power Tools,SUP_B,15,222.02,0,0,0,517,0,17
2021-07-05,3,Power Tools,SUP_B,15,209.91,0,0,0,475,0,17
2021-07-06,3,Power Tools,SUP_B,7,216.16,0,0,0,454,0,17
2021-07-07,3,Power Tools,SUP_B,15,211.99,0,0,0,644,0,17
2021-07-08,3,Power Tools,SUP_B,20,220.4,0,0,0,526,0,17
2021-07-09,3,Power Tools,SUP_B,19,226.48,0,0,0,403,0,17
2021-07-10,3,Power Tools,SUP_B,17,226.64,0,0,0,670,0,17
2021-07-11,3,Power Tools,SUP_B,22,211.39,0,0,0,649,0,17
2021-07-12,3,Power Tools,SUP_B,26,208.66,0,0,0,481,0,17
2021-07-13,3,Power Tools,SUP_B,18,217.44,0,0,0,494,0,17
2021-07-14,3,Power Tools,SUP_B,14,223.67,0,0,0,503,0,17
2021-07-15,3,Power Tools,SUP_B,15,209.81,0,0,0,591,0,17
2021-07-16,3,Power Tools,SUP_B,18,226.56,0,0,0,548,0,17
2021-07-17,3,Power Tools,SUP_B,20,226.42,0,0,0,570,0,17
2021-07-18,3,Power Tools,SUP_B,14,217.74,0,0,0,656,0,17
2021-07-19,3,Power Tools,SUP_B,25,224.46,0,0,0,389,0,17
2021-07-20,3,Power Tools,SUP_B,19,219.31,0,0,0,577,0,17
2021-07-21,3,Power Tools,SUP_B,24,210.57,0,0,0,605,0,17
2021-07-22,3,Power Tools,SUP_B,20,223.78,0,0,0,405,0,17
2021-07-23,3,Power Tools,SUP_B,21,213.6,0,0,0,508,0,17
2021-07-24,3,Power Tools,SUP_B,19,212.12,0,0,0,476,0,17
2021-07-25,3,Power Tools,SUP_B,26,224.44,0,0,0,467,0,17
2021-07-26,3,Power Tools,SUP_B,20,221.93,0,0,0,428,0,17
2021-07-27,3,Power Tools,SUP_B,23,226.13,0,0,0,634,0,17
2021-07-28,3,Power Tools,SUP_B,15,212.28,0,0,0,411,0,17
2021-07-29,3,Power Tools,SUP_B,14,228.3,0,0,0,677,0,17
2021-07-30,3,Power Tools,SUP_B,21,215.9,0,0,0,605,0,17
2021-07-31,3,Power Tools,SUP_B,29,223.9,0,0,0,416,0,17
2021-08-01,3,Power Tools,SUP_B,24,211.72,0,0,0,612,0,17
2021-08-02,3,Power Tools,SUP_B,39,182.76,1,0,0,618,0,17
2021-08-03,3,Power Tools,SUP_B,41,160.04,1,0,0,410,0,17
2021-08-04,3,Power Tools,SUP_B,38,159.96,1,0,0,500,0,17
2021-08-05,3,Power Tools,SUP_B,35,169.43,1,0,0,485,0,17
2021-08-06,3,Power Tools,SUP_B,36,164.4,1,0,0,575,0,17
2021-08-07,3,Power Tools,SUP_B,38,158.95,1,0,0,388,0,17
2021-08-08,3,Power Tools,SUP_B,43,160.1,1,0,0,467,0,17
2021-08-09,3,Power Tools,SUP_B,15,216.36,0,0,0,481,0,17
2021-08-10,3,Power Tools,SUP_B,17,211.61,0,0,0,681,0,17
2021-08-11,3,Power Tools,SUP_B,13,210.75,0,0,0,487,0,17
2021-08-12,3,Power Tools,SUP_B,22,221.04,0,0,0,584,0,17
2021-08-13,3,Power Tools,SUP_B,22,220.9,0,0,0,600,0,17
2021-08-14,3,Power Tools,SUP_B,25,212.81,0,0,0,603,0,17
2021-08-15,3,Power Tools,SUP_B,27,229.91,0,0,0,441,0,17
2021-08-16,3,Power Tools,SUP_B,17,228.82,0,0,0,475,0,17
2021-08-17,3,Power Tools,SUP_B,17,219.85,0,0,0,669,0,17
2021-08-18,3,Power Tools,SUP_B,15,228.4,0,0,0,405,0,17
2021-08-19,3,Power Tools,SUP_B,21,212.26,0,0,0,578,0,17
2021-08-20,3,Power Tools,SUP_B,21,209.27,0,0,0,682,0,17
2021-08-21,3,Power Tools,SUP_B,25,219.31,0,0,0,379,0,17
2021-08-22,3,Power Tools,SUP_B,19,219.76,0,0,0,447,0,17
2021-08-23,3,Power Tools,SUP_B,22,221.14,0,0,0,465,0,17
2021-08-24,3,Power Tools,SUP_B,17,222.3,0,0,0,522,0,17
2021-08-25,3,Power Tools,SUP_B,17,221.25,0,0,0,516,0,17
2021-08-26,3,Power Tools,SUP_B,18,224.93,0,0,0,689,0,17
2021-08-27,3,Power Tools,SUP_B,14,228.28,0,0,0,514,0,17
2021-08-28,3,Power Tools,SUP_B,19,222.18,0,0,0,505,0,17
2021-08-29,3,Power Tools,SUP_B,26,212.28,0,0,0,553,0,17
2021-08-30,3,Power Tools,SUP_B,19,218.44,0,0,0,652,0,17
2021-08-31,3,Power Tools,SUP_B,15,212.98,0,0,0,511,0,17
2021-09-01,3,Power Tools,SUP_B,24,226.19,0,0,0,467,0,17
2021-09-02,3,Power Tools,SUP_B,7,224.77,0,0,0,477,0,17
2021-09-03,3,Power Tools,SUP_B,21,215.98,0,0,0,535,0,17
2021-09-04,3,Power Tools,SUP_B,21,215.43,0,0,0,436,0,17
2021-09-05,3,Power Tools,SUP_B,21,223.71,0,0,0,687,0,17
2021-09-06,3,Power Tools,SUP_B,25,218.4,0,0,0,623,0,17
2021-09-07,3,Power Tools,SUP_B,26,218.16,0,0,0,674,0,17
2021-09-08,3,Power Tools,SUP_B,17,228.25,0,0,0,650,0,17
2021-09-09,3,Power Tools,SUP_B,15,216.15,0,0,0,689,0,17
2021-09-10,3,Power Tools,SUP_B,19,223.71,0,0,0,508,0,17
2021-09-11,3,Power Tools,SUP_B,24,218.96,0,0,0,691,0,17
2021-09-12,3,Power Tools,SUP_B,21,223.22,0,0,0,377,0,17
2021-09-13,3,Power Tools,SUP_B,16,212.07,0,0,0,626,0,17
2021-09-14,3,Power Tools,SUP_B,15,213.83,0,0,0,577,0,17
2021-09-15,3,Power Tools,SUP_B,22,221.64,0,0,0,653,0,17
2021-09-16,3,Power Tools,SUP_B,12,215.5,0,0,0,425,0,17
2021-09-17,3,Power Tools,SUP_B,19,226.43,0,0,0,391,0,17
2021-09-18,3,Power Tools,SUP_B,15,221.33,0,0,0,627,0,17
2021-09-19,3,Power Tools,SUP_B,19,229.32,0,0,0,545,0,17
2021-09-20,3,Power Tools,SUP_B,22,209.93,0,0,0,484,0,17
2021-09-21,3,Power Tools,SUP_B,15,214.65,0,0,0,601,0,17
2021-09-22,3,Power Tools,SUP_B,15,210.84,0,0,0,683,0,17
2021-09-23,3,Power Tools,SUP_B,24,209.89,0,0,0,442,0,17
2021-09-24,3,Power Tools,SUP_B,24,211.83,0,0,0,555,0,17
2021-09-25,3,Power Tools,SUP_B,19,221.04,0,0,0,502,0,17
2021-09-26,3,Power Tools,SUP_B,17,216.9,0,0,0,627,0,17
2021-09-27,3,Power Tools,SUP_B,28,170.29,1,0,0,446,0,17
2021-09-28,3,Power Tools,SUP_B,34,186.34,1,0,0,496,0,17
2021-09-29,3,Power Tools,SUP_B,41,189.24,1,0,0,596,0,17
2021-09-30,3,Power Tools,SUP_B,33,152.78,1,0,0,636,0,17
2021-10-01,3,Power Tools,SUP_B,33,165.81,1,0,0,524,0,17
2021-10-02,3,Power Tools,SUP_B,42,154.03,1,0,0,370,0,17
2021-10-03,3,Power Tools,SUP_B,48,163.76,1,0,0,657,0,17
2021-10-04,3,Power Tools,SUP_B,22,229.54,0,0,0,477,0,17
2021-10-05,3,Power Tools,SUP_B,20,224.39,0,0,0,540,0,17
2021-10-06,3,Power Tools,SUP_B,15,224.32,0,0,0,460,0,17
2021-10-07,3,Power Tools,SUP_B,15,226.02,0,0,0,474,0,17
2021-10-08,3,Power Tools,SUP_B,17,211.65,0,0,0,587,0,17
2021-10-09,3,Power Tools,SUP_B,15,211.53,0,0,0,702,0,17
2021-10-10,3,Power Tools,SUP_B,27,213.54,0,0,0,432,0,17
2021-10-11,3,Power Tools,SUP_B,15,217.36,0,0,0,645,0,17
2021-10-12,3,Power Tools,SUP_B,22,221.4,0,0,0,406,0,17
2021-10-13,3,Power Tools,SUP_B,13,214.9,0,0,0,565,0,17
2021-10-14,3,Power Tools,SUP_B,22,227.11,0,0,0,505,0,17
2021-10-15,3,Power Tools,SUP_B,21,225.73,0,0,0,462,0,17
2021-10-16,3,Power Tools,SUP_B,30,208.65,0,0,0,417,0,17
2021-10-17,3,Power Tools,SUP_B,18,215.22,0,0,0,390,0,17
2021-10-18,3,Power Tools,SUP_B,21,219.8,0,0,0,422,0,17
2021-10-19,3,Power Tools,SUP_B,20,209.77,0,0,0,510,0,17
2021-10-20,3,Power Tools,SUP_B,18,221.67,0,0,0,576,0,17
2021-10-21,3,Power Tools,SUP_B,22,214.68,0,0,0,444,0,17
2021-10-22,3,Power Tools,SUP_B,21,215.66,0,0,0,640,0,17
2021-10-23,3,Power Tools,SUP_B,18,216.49,0,0,0,670,0,17
2021-10-24,3,Power Tools,SUP_B,16,215.77,0,0,0,716,0,17
2021-10-25,3,Power Tools,SUP_B,22,211.8,0,0,0,430,0,17
2021-10-26,3,Power Tools,SUP_B,15,214.3,0,0,0,553,0,17
2021-10-27,3,Power Tools,SUP_B,18,212.06,0,0,0,488,0,17
2021-10-28,3,Power Tools,SUP_B,16,216.08,0,0,0,540,0,17
2021-10-29,3,Power Tools,SUP_B,18,226.94,0,0,0,474,0,17
2021-10-30,3,Power Tools,SUP_B,21,212.69,0,0,0,591,0,17
2021-10-31,3,Power Tools,SUP_B,17,219.67,0,0,0,417,0,17
2021-11-01,3,Power Tools,SUP_B,23,224.14,0,0,0,492,0,17
2021-11-02,3,Power Tools,SUP_B,21,240.39,0,0,0,600,0,17
2021-11-03,3,Power Tools,SUP_B,14,226.46,0,0,0,583,0,17
2021-11-04,3,Power Tools,SUP_B,17,235.24,0,0,0,565,0,17
2021-11-05,3,Power Tools,SUP_B,17,227.78,0,0,0,427,0,17
2021-11-06,3,Power Tools,SUP_B,22,237.61,0,0,0,486,0,17
2021-11-07,3,Power Tools,SUP_B,21,238.92,0,0,0,513,0,17
2021-11-08,3,Power Tools,SUP_B,25,232.43,0,0,0,569,0,17
2021-11-09,3,Power Tools,SUP_B,19,228.77,0,0,0,605,0,17
2021-11-10,3,Power Tools,SUP_B,21,232.69,0,0,0,624,0,17
2021-11-11,3,Power Tools,SUP_B,14,222.32,0,0,0,664,0,17
2021-11-12,3,Power Tools,SUP_B,27,223.47,0,0,0,411,0,17
2021-11-13,3,Power Tools,SUP_B,26,234.62,0,0,0,472,0,17
2021-11-14,3,Power Tools,SUP_B,23,232.77,0,0,0,515,0,17
2021-11-15,3,Power Tools,SUP_B,28,228.13,0,0,0,456,0,17
2021-11-16,3,Power Tools,SUP_B,28,226.55,0,0,0,687,0,17
2021-11-17,3,Power Tools,SUP_B,23,223.85,0,0,0,654,0,17
2021-11-18,3,Power Tools,SUP_B,16,223.59,0,0,0,433,0,17
2021-11-19,3,Power Tools,SUP_B,31,233.37,0,0,0,687,0,17
2021-11-20,3,Power Tools,SUP_B,20,232.52,0,0,0,547,0,17
2021-11-21,3,Power Tools,SUP_B,24,229.35,0,0,0,468,0,17
2021-11-22,3,Power Tools,SUP_B,17,226.68,0,1,0,498,0,17
2021-11-23,3,Power Tools,SUP_B,29,240.9,0,1,0,702,0,17
2021-11-24,3,Power Tools,SUP_B,19,240.42,0,1,0,582,0,17
2021-11-25,3,Power Tools,SUP_B,16,223.89,0,1,0,494,0,17
2021-11-26,3,Power Tools,SUP_B,17,219.48,0,1,0,677,0,17
2021-11-27,3,Power Tools,SUP_B,22,221.29,0,1,0,561,0,17
2021-11-28,3,Power Tools,SUP_B,17,231.74,0,1,0,478,0,17
2021-11-29,3,Power Tools,SUP_B,18,226.27,0,1,0,687,0,17
2021-11-30,3,Power Tools,SUP_B,9,237.12,0,1,0,669,0,17
2021-12-01,3,Power Tools,SUP_B,23,229.38,0,0,1,473,0,17
2021-12-02,3,Power Tools,SUP_B,15,232.11,0,0,1,660,0,17
2021-12-03,3,Power Tools,SUP_B,19,229.65,0,0,1,594,0,17
2021-12-04,3,Power Tools,SUP_B,29,232.24,0,0,1,498,0,17
2021-12-05,3,Power Tools,SUP_B,28,225.02,0,0,1,511,0,17
2021-12-06,3,Power Tools,SUP_B,27,240.56,0,0,1,403,0,17
2021-12-07,3,Power Tools,SUP_B,20,232.55,0,0,1,650,0,17
2021-12-08,3,Power Tools,SUP_B,26,233.45,0,0,1,691,0,17
2021-12-09,3,Power Tools,SUP_B,19,239.6,0,0,1,543,0,17
2021-12-10,3,Power Tools,SUP_B,24,222.87,0,0,1,570,0,17
2021-12-11,3,Power Tools,SUP_B,20,238.53,0,0,1,404,0,17
2021-12-12,3,Power Tools,SUP_B,22,228.28,0,0,1,402,0,17
2021-12-13,3,Power Tools,SUP_B,16,240.7,0,0,1,659,0,17
2021-12-14,3,Power Tools,SUP_B,14,235.4,0,0,1,618,0,17
2021-12-15,3,Power Tools,SUP_B,24,223.24,0,0,1,529,0,17
2021-12-16,3,Power Tools,SUP_B,23,220.93,0,0,1,394,0,17
2021-12-17,3,Power Tools,SUP_B,33,225.84,0,0,1,622,0,17
2021-12-18,3,Power Tools,SUP_B,23,229.63,0,0,1,565,0,17
2021-12-19,3,Power Tools,SUP_B,24,225.63,0,0,1,595,0,17
2021-12-20,3,Power Tools,SUP_B,14,235.64,0,0,1,457,0,17
2021-12-21,3,Power Tools,SUP_B,22,221.63,0,0,1,550,0,17
2021-12-22,3,Power Tools,SUP_B,23,239.51,0,0,1,449,0,17
2021-12-23,3,Power Tools,SUP_B,14,223.1,0,0,1,412,0,17
2021-12-24,3,Power Tools,SUP_B,25,227.9,0,0,1,692,0,17
2021-12-25,3,Power Tools,SUP_B,23,225.39,0,0,0,453,0,17
2021-12-26,3,Power Tools,SUP_B,25,230.7,0,0,0,597,0,17
2021-12-27,3,Power Tools,SUP_B,25,223.89,0,0,0,409,0,17
2021-12-28,3,Power Tools,SUP_B,21,221.24,0,0,0,553,0,17
2021-12-29,3,Power Tools,SUP_B,18,226.27,0,0,0,709,0,17
2021-12-30,3,Power Tools,SUP_B,24,230.54,0,0,0,562,0,17
2021-12-31,3,Power Tools,SUP_B,23,229.99,0,0,0,497,0,17
2022-01-01,3,Power Tools,SUP_B,20,212.08,0,0,0,666,0,17
2022-01-02,3,Power Tools,SUP_B,24,226.15,0,0,0,650,0,17
2022-01-03,3,Power Tools,SUP_B,19,211.66,0,0,0,571,0,17
2022-01-04,3,Power Tools,SUP_B,17,219.35,0,0,0,582,0,17
2022-01-05,3,Power Tools,SUP_B,6,224.24,0,0,0,454,0,17
2022-01-06,3,Power Tools,SUP_B,21,229.95,0,0,0,657,0,17
2022-01-07,3,Power Tools,SUP_B,18,210.98,0,0,0,508,0,17
2022-01-08,3,Power Tools,SUP_B,26,219.04,0,0,0,429,0,17
2022-01-09,3,Power Tools,SUP_B,27,226.41,0,0,0,575,0,17
2022-01-10,3,Power Tools,SUP_B,17,213.51,0,0,0,679,0,17
2022-01-11,3,Power Tools,SUP_B,23,218.64,0,0,0,591,0,17
2022-01-12,3,Power Tools,SUP_B,18,215.15,0,0,0,661,0,17
2022-01-13,3,Power Tools,SUP_B,21,226.63,0,0,0,539,0,17
2022-01-14,3,Power Tools,SUP_B,14,223.76,0,0,0,674,0,17
2022-01-15,3,Power Tools,SUP_B,27,211.51,0,0,0,400,0,17
2022-01-16,3,Power Tools,SUP_B,20,229.51,0,0,0,457,0,17
2022-01-17,3,Power Tools,SUP_B,22,209.11,0,0,0,557,0,17
2022-01-18,3,Power Tools,SUP_B,23,228.1,0,0,0,452,0,17
2022-01-19,3,Power Tools,SUP_B,11,226.77,0,0,0,525,0,17
2022-01-20,3,Power Tools,SUP_B,23,218.95,0,0,0,646,0,17
2022-01-21,3,Power Tools,SUP_B,18,210.62,0,0,0,593,0,17
2022-01-22,3,Power Tools,SUP_B,18,217.92,0,0,0,507,0,17
2022-01-23,3,Power Tools,SUP_B,15,226.77,0,0,0,634,0,17
2022-01-24,3,Power Tools,SUP_B,17,210.18,0,0,0,590,0,17
2022-01-25,3,Power Tools,SUP_B,24,216.59,0,0,0,624,0,17
2022-01-26,3,Power Tools,SUP_B,18,220.05,0,0,0,636,0,17
2022-01-27,3,Power Tools,SUP_B,11,220.48,0,0,0,591,0,17
2022-01-28,3,Power Tools,SUP_B,23,226.53,0,0,0,413,0,17
2022-01-29,3,Power Tools,SUP_B,24,210.63,0,0,0,659,0,17
2022-01-30,3,Power Tools,SUP_B,27,215.19,0,0,0,505,0,17
2022-01-31,3,Power Tools,SUP_B,31,221.13,0,0,0,392,0,17
2022-02-01,3,Power Tools,SUP_B,15,215.05,0,0,0,714,0,17
2022-02-02,3,Power Tools,SUP_B,19,209.21,0,0,0,700,0,17
2022-02-03,3,Power Tools,SUP_B,14,217.09,0,0,0,522,0,17
2022-02-04,3,Power Tools,SUP_B,21,211.8,0,0,0,543,0,17
2022-02-05,3,Power Tools,SUP_B,27,212.05,0,0,0,474,0,17
2022-02-06,3,Power Tools,SUP_B,18,216.69,0,0,0,560,0,17
2022-02-07,3,Power Tools,SUP_B,11,230.2,0,0,0,711,0,17
2022-02-08,3,Power Tools,SUP_B,24,208.9,0,0,0,654,0,17
2022-02-09,3,Power Tools,SUP_B,10,220.36,0,0,0,445,0,17
2022-02-10,3,Power Tools,SUP_B,22,213.23,0,0,0,620,0,17
2022-02-11,3,Power Tools,SUP_B,17,211.09,0,0,0,617,0,17
2022-02-12,3,Power Tools,SUP_B,38,210.47,0,0,0,399,0,17
2022-02-13,3,Power Tools,SUP_B,22,226.11,0,0,0,534,0,17
2022-02-14,3,Power Tools,SUP_B,19,216.35,0,0,0,496,0,17
2022-02-15,3,Power Tools,SUP_B,22,208.73,0,0,0,422,0,17
2022-02-16,3,Power Tools,SUP_B,15,214.8,0,0,0,607,0,17
2022-02-17,3,Power Tools,SUP_B,24,220.76,0,0,0,496,0,17
2022-02-18,3,Power Tools,SUP_B,19,228.01,0,0,0,441,0,17
2022-02-19,3,Power Tools,SUP_B,15,217.06,0,0,0,435,0,17
2022-02-20,3,Power Tools,SUP_B,16,215.0,0,0,0,717,0,17
2022-02-21,3,Power Tools,SUP_B,18,222.21,0,0,0,460,0,17
2022-02-22,3,Power Tools,SUP_B,19,218.36,0,0,0,646,0,17
2022-02-23,3,Power Tools,SUP_B,15,225.77,0,0,0,493,0,17
2022-02-24,3,Power Tools,SUP_B,14,215.71,0,0,0,570,0,17
2022-02-25,3,Power Tools,SUP_B,12,210.81,0,0,0,470,0,17
2022-02-26,3,Power Tools,SUP_B,28,213.4,0,0,0,662,0,17
2022-02-27,3,Power Tools,SUP_B,27,227.01,0,0,0,578,0,17
2022-02-28,3,Power Tools,SUP_B,38,173.11,1,0,0,659,0,17
2022-03-01,3,Power Tools,SUP_B,39,181.43,1,0,0,576,0,17
2022-03-02,3,Power Tools,SUP_B,41,155.42,1,0,0,686,0,17
2022-03-03,3,Power Tools,SUP_B,23,168.09,1,0,0,637,0,17
2022-03-04,3,Power Tools,SUP_B,36,204.91,1,0,0,688,0,17
2022-03-05,3,Power Tools,SUP_B,49,180.72,1,0,0,631,0,17
2022-03-06,3,Power Tools,SUP_B,50,169.78,1,0,0,498,0,17
2022-03-07,3,Power Tools,SUP_B,17,213.55,0,0,0,574,0,17
2022-03-08,3,Power Tools,SUP_B,17,220.8,0,0,0,691,0,17
2022-03-09,3,Power Tools,SUP_B,12,225.22,0,0,0,508,0,17
2022-03-10,3,Power Tools,SUP_B,14,222.72,0,0,0,396,0,17
2022-03-11,3,Power Tools,SUP_B,16,219.82,0,0,0,391,0,17
2022-03-12,3,Power Tools,SUP_B,19,212.78,0,0,0,656,0,17
2022-03-13,3,Power Tools,SUP_B,25,228.5,0,0,0,503,0,17
2022-03-14,3,Power Tools,SUP_B,15,220.99,0,0,0,494,0,17
2022-03-15,3,Power Tools,SUP_B,17,214.8,0,0,0,619,0,17
2022-03-16,3,Power Tools,SUP_B,21,217.14,0,0,0,498,0,17
2022-03-17,3,Power Tools,SUP_B,16,214.29,0,0,0,488,0,17
2022-03-18,3,Power Tools,SUP_B,19,217.09,0,0,0,696,0,17
2022-03-19,3,Power Tools,SUP_B,29,221.54,0,0,0,410,0,17
2022-03-20,3,Power Tools,SUP_B,26,219.53,0,0,0,604,0,17
2022-03-21,3,Power Tools,SUP_B,18,217.15,0,0,0,620,0,17
2022-03-22,3,Power Tools,SUP_B,23,228.42,0,0,0,465,0,17
2022-03-23,3,Power Tools,SUP_B,25,218.06,0,0,0,624,0,17
2022-03-24,3,Power Tools,SUP_B,21,223.3,0,0,0,560,0,17
2022-03-25,3,Power Tools,SUP_B,16,212.89,0,0,0,614,0,17
2022-03-26,3,Power Tools,SUP_B,21,219.72,0,0,0,593,0,17
2022-03-27,3,Power Tools,SUP_B,26,217.01,0,0,0,380,0,17
2022-03-28,3,Power Tools,SUP_B,35,171.8,1,0,0,452,0,17
2022-03-29,3,Power Tools,SUP_B,33,175.2,1,0,0,567,0,17
2022-03-30,3,Power Tools,SUP_B,38,192.12,1,0,0,526,0,17
2022-03-31,3,Power Tools,SUP_B,35,153.12,1,0,0,502,0,17
2022-04-01,3,Power Tools,SUP_B,40,181.99,1,0,0,519,0,17
2022-04-02,3,Power Tools,SUP_B,43,152.98,1,0,0,450,0,17
2022-04-03,3,Power Tools,SUP_B,49,178.29,1,0,0,536,0,17
2022-04-04,3,Power Tools,SUP_B,16,228.08,0,0,0,582,0,17
2022-04-05,3,Power Tools,SUP_B,21,225.01,0,0,0,572,0,17
2022-04-06,3,Power Tools,SUP_B,16,210.34,0,0,0,623,0,17
2022-04-07,3,Power Tools,SUP_B,22,228.5,0,0,0,491,0,17
2022-04-08,3,Power Tools,SUP_B,20,229.9,0,0,0,481,0,17
2022-04-09,3,Power Tools,SUP_B,34,225.17,0,0,0,576,0,17
2022-04-10,3,Power Tools,SUP_B,28,210.13,0,0,0,391,0,17
2022-04-11,3,Power Tools,SUP_B,20,228.29,0,0,0,533,0,17
2022-04-12,3,Power Tools,SUP_B,11,208.59,0,0,0,647,0,17
2022-04-13,3,Power Tools,SUP_B,18,213.56,0,0,0,576,0,17
2022-04-14,3,Power Tools,SUP_B,30,211.08,0,0,0,603,0,17
2022-04-15,3,Power Tools,SUP_B,21,226.25,0,0,0,418,0,17
2022-04-16,3,Power Tools,SUP_B,31,210.2,0,0,0,479,0,17
2022-04-17,3,Power Tools,SUP_B,18,223.48,0,0,0,543,0,17
2022-04-18,3,Power Tools,SUP_B,40,187.04,1,0,0,633,0,17
2022-04-19,3,Power Tools,SUP_B,26,164.11,1,0,0,565,0,17
2022-04-20,3,Power Tools,SUP_B,38,180.16,1,0,0,466,0,17
2022-04-21,3,Power Tools,SUP_B,33,169.6,1,0,0,658,0,17
2022-04-22,3,Power Tools,SUP_B,41,184.11,1,0,0,426,0,17
2022-04-23,3,Power Tools,SUP_B,44,180.97,1,0,0,536,0,17
2022-04-24,3,Power Tools,SUP_B,38,188.39,1,0,0,579,0,17
2022-04-25,3,Power Tools,SUP_B,12,215.9,0,0,0,460,0,17
2022-04-26,3,Power Tools,SUP_B,20,212.3,0,0,0,474,0,17
2022-04-27,3,Power Tools,SUP_B,23,220.81,0,0,0,382,0,17
2022-04-28,3,Power Tools,SUP_B,16,218.43,0,0,0,430,0,17
2022-04-29,3,Power Tools,SUP_B,18,217.04,0,0,0,542,0,17
2022-04-30,3,Power Tools,SUP_B,23,225.1,0,0,0,596,0,17
2022-05-01,3,Power Tools,SUP_B,22,221.87,0,0,0,494,0,17
2022-05-02,3,Power Tools,SUP_B,13,224.55,0,0,0,708,0,17
