synthetic_ecommerce_demand_2021_2024.csv
date,sku_id,category,supplier_id,units_sold,price,promo_flag,is_black_friday_week,is_christmas_peak,stock_on_hand,stockout_flag,lead_time_days
2022-05-03,3,Power Tools,SUP_B,17,227.09,0,0,0,491,0,17
2022-05-04,3,Power Tools,SUP_B,13,228.14,0,0,0,436,0,17
2022-05-05,3,Power Tools,SUP_B,16,226.99,0,0,0,697,0,17
2022-05-06,3,Power Tools,SUP_B,18,211.95,0,0,0,430,0,17
2022-05-07,3,Power Tools,SUP_B,33,212.49,0,0,0,527,0,17
2022-05-08,3,Power Tools,SUP_B,29,227.43,0,0,0,539,0,17
2022-05-09,3,Power Tools,SUP_B,20,217.74,0,0,0,400,0,17
2022-05-10,3,Power Tools,SUP_B,17,212.63,0,0,0,428,0,17
2022-05-11,3,Power Tools,SUP_B,16,224.72,0,0,0,467,0,17
2022-05-12,3,Power Tools,SUP_B,13,226.9,0,0,0,389,0,17
2022-05-13,3,Power Tools,SUP_B,17,214.43,0,0,0,452,0,17
2022-05-14,3,Power Tools,SUP_B,18,228.08,0,0,0,709,0,17
2022-05-15,3,Power Tools,SUP_B,28,226.54,0,0,0,438,0,17
2022-05-16,3,Power Tools,SUP_B,17,227.6,0,0,0,602,0,17
2022-05-17,3,Power Tools,SUP_B,24,224.15,0,0,0,703,0,17
2022-05-18,3,Power Tools,SUP_B,14,219.87,0,0,0,599,0,17
2022-05-19,3,Power Tools,SUP_B,25,217.6,0,0,0,549,0,17
2022-05-20,3,Power Tools,SUP_B,12,229.2,0,0,0,688,0,17
2022-05-21,3,Power Tools,SUP_B,25,214.57,0,0,0,494,0,17
2022-05-22,3,Power Tools,SUP_B,15,215.52,0,0,0,606,0,17
2022-05-23,3,Power Tools,SUP_B,17,220.59,0,0,0,650,0,17
2022-05-24,3,Power Tools,SUP_B,15,211.26,0,0,0,406,0,17
2022-05-25,3,Power Tools,SUP_B,20,209.72,0,0,0,679,0,17
2022-05-26,3,Power Tools,SUP_B,19,209.58,0,0,0,417,0,17
2022-05-27,3,Power Tools,SUP_B,18,222.48,0,0,0,426,0,17
2022-05-28,3,Power Tools,SUP_B,24,218.61,0,0,0,643,0,17
2022-05-29,3,Power Tools,SUP_B,20,227.57,0,0,0,447,0,17
2022-05-30,3,Power Tools,SUP_B,34,192.15,1,0,0,423,0,17
2022-05-31,3,Power Tools,SUP_B,35,167.09,1,0,0,594,0,17
2022-06-01,3,Power Tools,SUP_B,34,204.89,1,0,0,502,0,17
2022-06-02,3,Power Tools,SUP_B,22,162.3,1,0,0,475,0,17
2022-06-03,3,Power Tools,SUP_B,23,152.98,1,0,0,511,0,17
2022-06-04,3,Power Tools,SUP_B,40,162.45,1,0,0,623,0,17
2022-06-05,3,Power Tools,SUP_B,44,161.72,1,0,0,526,0,17
2022-06-06,3,Power Tools,SUP_B,16,212.73,0,0,0,549,0,17
2022-06-07,3,Power Tools,SUP_B,13,221.44,0,0,0,409,0,17
2022-06-08,3,Power Tools,SUP_B,24,215.35,0,0,0,386,0,17
2022-06-09,3,Power Tools,SUP_B,20,228.32,0,0,0,387,0,17
2022-06-10,3,Power Tools,SUP_B,29,224.12,0,0,0,441,0,17
2022-06-11,3,Power Tools,SUP_B,24,210.62,0,0,0,452,0,17
2022-06-12,3,Power Tools,SUP_B,18,225.69,0,0,0,545,0,17
2022-06-13,3,Power Tools,SUP_B,17,220.87,0,0,0,420,0,17
2022-06-14,3,Power Tools,SUP_B,21,223.2,0,0,0,593,0,17
2022-06-15,3,Power Tools,SUP_B,19,214.27,0,0,0,669,0,17
2022-06-16,3,Power Tools,SUP_B,19,216.27,0,0,0,597,0,17
2022-06-17,3,Power Tools,SUP_B,19,222.05,0,0,0,652,0,17
2022-06-18,3,Power Tools,SUP_B,24,208.63,0,0,0,579,0,17
2022-06-19,3,Power Tools,SUP_B,15,214.14,0,0,0,502,0,17
2022-06-20,3,Power Tools,SUP_B,18,220.54,0,0,0,458,0,17
2022-06-21,3,Power Tools,SUP_B,14,222.64,0,0,0,572,0,17
2022-06-22,3,Power Tools,SUP_B,16,209.03,0,0,0,504,0,17
2022-06-23,3,Power Tools,SUP_B,18,219.55,0,0,0,599,0,17
2022-06-24,3,Power Tools,SUP_B,21,230.14,0,0,0,579,0,17
2022-06-25,3,Power Tools,SUP_B,19,220.98,0,0,0,675,0,17
2022-06-26,3,Power Tools,SUP_B,22,216.26,0,0,0,505,0,17
2022-06-27,3,Power Tools,SUP_B,15,216.29,0,0,0,445,0,17
2022-06-28,3,Power Tools,SUP_B,16,224.61,0,0,0,492,0,17
2022-06-29,3,Power Tools,SUP_B,25,209.5,0,0,0,413,0,17
2022-06-30,3,Power Tools,SUP_B,12,222.92,0,0,0,587,0,17
2022-07-01,3,Power Tools,SUP_B,20,225.02,0,0,0,445,0,17
2022-07-02,3,Power Tools,SUP_B,23,229.11,0,0,0,451,0,17
2022-07-03,3,Power Tools,SUP_B,12,224.65,0,0,0,479,0,17
2022-07-04,3,Power Tools,SUP_B,19,229.47,0,0,0,413,0,17
2022-07-05,3,Power Tools,SUP_B,10,217.78,0,0,0,418,0,17
2022-07-06,3,Power Tools,SUP_B,15,209.34,0,0,0,511,0,17
2022-07-07,3,Power Tools,SUP_B,15,222.55,0,0,0,424,0,17
2022-07-08,3,Power Tools,SUP_B,23,224.0,0,0,0,689,0,17
2022-07-09,3,Power Tools,SUP_B,31,219.28,0,0,0,478,0,17
2022-07-10,3,Power Tools,SUP_B,25,228.88,0,0,0,451,0,17
2022-07-11,3,Power Tools,SUP_B,15,226.09,0,0,0,414,0,17
2022-07-12,3,Power Tools,SUP_B,17,210.02,0,0,0,517,0,17
2022-07-13,3,Power Tools,SUP_B,18,219.6,0,0,0,702,0,17
2022-07-14,3,Power Tools,SUP_B,18,230.29,0,0,0,470,0,17
2022-07-15,3,Power Tools,SUP_B,17,216.07,0,0,0,402,0,17
2022-07-16,3,Power Tools,SUP_B,25,220.96,0,0,0,467,0,17
2022-07-17,3,Power Tools,SUP_B,26,215.73,0,0,0,593,0,17
2022-07-18,3,Power Tools,SUP_B,25,220.28,0,0,0,552,0,17
2022-07-19,3,Power Tools,SUP_B,24,217.72,0,0,0,433,0,17
2022-07-20,3,Power Tools,SUP_B,26,228.84,0,0,0,591,0,17
2022-07-21,3,Power Tools,SUP_B,12,215.4,0,0,0,513,0,17
2022-07-22,3,Power Tools,SUP_B,17,222.98,0,0,0,638,0,17
2022-07-23,3,Power Tools,SUP_B,19,229.0,0,0,0,390,0,17
2022-07-24,3,Power Tools,SUP_B,23,214.1,0,0,0,602,0,17
2022-07-25,3,Power Tools,SUP_B,19,227.82,0,0,0,606,0,17
2022-07-26,3,Power Tools,SUP_B,16,210.88,0,0,0,538,0,17
2022-07-27,3,Power Tools,SUP_B,13,215.83,0,0,0,433,0,17
2022-07-28,3,Power Tools,SUP_B,20,211.67,0,0,0,383,0,17
2022-07-29,3,Power Tools,SUP_B,22,215.96,0,0,0,541,0,17
2022-07-30,3,Power Tools,SUP_B,25,224.21,0,0,0,454,0,17
2022-07-31,3,Power Tools,SUP_B,17,223.3,0,0,0,396,0,17
2022-08-01,3,Power Tools,SUP_B,23,217.82,0,0,0,659,0,17
2022-08-02,3,Power Tools,SUP_B,21,215.43,0,0,0,441,0,17
2022-08-03,3,Power Tools,SUP_B,17,215.85,0,0,0,553,0,17
2022-08-04,3,Power Tools,SUP_B,13,211.6,0,0,0,545,0,17
2022-08-05,3,Power Tools,SUP_B,21,216.33,0,0,0,535,0,17
2022-08-06,3,Power Tools,SUP_B,23,208.73,0,0,0,670,0,17
2022-08-07,3,Power Tools,SUP_B,32,224.95,0,0,0,537,0,17
2022-08-08,3,Power Tools,SUP_B,15,221.5,0,0,0,576,0,17
2022-08-09,3,Power Tools,SUP_B,21,218.65,0,0,0,706,0,17
2022-08-10,3,Power Tools,SUP_B,22,216.08,0,0,0,476,0,17
2022-08-11,3,Power Tools,SUP_B,20,225.93,0,0,0,633,0,17
2022-08-12,3,Power Tools,SUP_B,15,219.26,0,0,0,490,0,17
2022-08-13,3,Power Tools,SUP_B,20,216.3,0,0,0,472,0,17
2022-08-14,3,Power Tools,SUP_B,19,220.36,0,0,0,426,0,17
2022-08-15,3,Power Tools,SUP_B,42,160.61,1,0,0,685,0,17
2022-08-16,3,Power Tools,SUP_B,35,189.85,1,0,0,640,0,17
2022-08-17,3,Power Tools,SUP_B,26,183.64,1,0,0,693,0,17
2022-08-18,3,Power Tools,SUP_B,45,167.34,1,0,0,391,0,17
2022-08-19,3,Power Tools,SUP_B,26,187.31,1,0,0,580,0,17
2022-08-20,3,Power Tools,SUP_B,42,187.59,1,0,0,375,0,17
2022-08-21,3,Power Tools,SUP_B,41,153.48,1,0,0,650,0,17
2022-08-22,3,Power Tools,SUP_B,15,216.91,0,0,0,708,0,17
2022-08-23,3,Power Tools,SUP_B,11,215.9,0,0,0,672,0,17
2022-08-24,3,Power Tools,SUP_B,12,225.06,0,0,0,432,0,17
2022-08-25,3,Power Tools,SUP_B,15,216.21,0,0,0,405,0,17
2022-08-26,3,Power Tools,SUP_B,17,222.49,0,0,0,632,0,17
2022-08-27,3,Power Tools,SUP_B,22,222.26,0,0,0,611,0,17
2022-08-28,3,Power Tools,SUP_B,19,214.33,0,0,0,562,0,17
2022-08-29,3,Power Tools,SUP_B,16,217.32,0,0,0,663,0,17
2022-08-30,3,Power Tools,SUP_B,10,221.04,0,0,0,515,0,17
2022-08-31,3,Power Tools,SUP_B,17,214.57,0,0,0,673,0,17
2022-09-01,3,Power Tools,SUP_B,25,225.37,0,0,0,578,0,17
2022-09-02,3,Power Tools,SUP_B,16,214.72,0,0,0,587,0,17
2022-09-03,3,Power Tools,SUP_B,18,217.43,0,0,0,665,0,17
2022-09-04,3,Power Tools,SUP_B,19,209.71,0,0,0,463,0,17
2022-09-05,3,Power Tools,SUP_B,37,179.62,1,0,0,503,0,17
2022-09-06,3,Power Tools,SUP_B,42,160.7,1,0,0,591,0,17
2022-09-07,3,Power Tools,SUP_B,33,196.45,1,0,0,674,0,17
2022-09-08,3,Power Tools,SUP_B,35,171.97,1,0,0,641,0,17
2022-09-09,3,Power Tools,SUP_B,33,170.52,1,0,0,648,0,17
2022-09-10,3,Power Tools,SUP_B,46,173.84,1,0,0,547,0,17
2022-09-11,3,Power Tools,SUP_B,47,198.38,1,0,0,521,0,17
2022-09-12,3,Power Tools,SUP_B,21,224.24,0,0,0,462,0,17
2022-09-13,3,Power Tools,SUP_B,20,214.91,0,0,0,679,0,17
2022-09-14,3,Power Tools,SUP_B,20,222.08,0,0,0,511,0,17
2022-09-15,3,Power Tools,SUP_B,24,228.18,0,0,0,544,0,17
2022-09-16,3,Power Tools,SUP_B,24,211.42,0,0,0,575,0,17
2022-09-17,3,Power Tools,SUP_B,23,211.25,0,0,0,563,0,17
2022-09-18,3,Power Tools,SUP_B,27,208.76,0,0,0,384,0,17
2022-09-19,3,Power Tools,SUP_B,17,211.36,0,0,0,607,0,17
2022-09-20,3,Power Tools,SUP_B,21,218.67,0,0,0,600,0,17
2022-09-21,3,Power Tools,SUP_B,19,226.32,0,0,0,608,0,17
2022-09-22,3,Power Tools,SUP_B,20,228.17,0,0,0,507,0,17
2022-09-23,3,Power Tools,SUP_B,14,213.1,0,0,0,696,0,17
2022-09-24,3,Power Tools,SUP_B,24,217.15,0,0,0,707,0,17
2022-09-25,3,Power Tools,SUP_B,18,209.54,0,0,0,696,0,17
2022-09-26,3,Power Tools,SUP_B,18,223.49,0,0,0,673,0,17
2022-09-27,3,Power Tools,SUP_B,21,223.99,0,0,0,629,0,17
2022-09-28,3,Power Tools,SUP_B,14,210.05,0,0,0,508,0,17
2022-09-29,3,Power Tools,SUP_B,19,229.43,0,0,0,488,0,17
2022-09-30,3,Power Tools,SUP_B,22,213.24,0,0,0,582,0,17
2022-10-01,3,Power Tools,SUP_B,39,219.54,0,0,0,373,0,17
2022-10-02,3,Power Tools,SUP_B,22,226.86,0,0,0,621,0,17
2022-10-03,3,Power Tools,SUP_B,41,182.97,1,0,0,515,0,17
2022-10-04,3,Power Tools,SUP_B,51,169.51,1,0,0,570,0,17
2022-10-05,3,Power Tools,SUP_B,46,154.12,1,0,0,438,0,17
2022-10-06,3,Power Tools,SUP_B,38,163.55,1,0,0,679,0,17
2022-10-07,3,Power Tools,SUP_B,35,185.86,1,0,0,614,0,17
2022-10-08,3,Power Tools,SUP_B,46,164.96,1,0,0,477,0,17
2022-10-09,3,Power Tools,SUP_B,44,168.81,1,0,0,433,0,17
2022-10-10,3,Power Tools,SUP_B,21,223.78,0,0,0,514,0,17
2022-10-11,3,Power Tools,SUP_B,17,216.8,0,0,0,460,0,17
2022-10-12,3,Power Tools,SUP_B,16,227.37,0,0,0,639,0,17
2022-10-13,3,Power Tools,SUP_B,23,219.55,0,0,0,463,0,17
2022-10-14,3,Power Tools,SUP_B,12,219.28,0,0,0,402,0,17
2022-10-15,3,Power Tools,SUP_B,17,216.46,0,0,0,511,0,17
2022-10-16,3,Power Tools,SUP_B,18,214.15,0,0,0,400,0,17
2022-10-17,3,Power Tools,SUP_B,18,223.84,0,0,0,508,0,17
2022-10-18,3,Power Tools,SUP_B,18,213.38,0,0,0,456,0,17
2022-10-19,3,Power Tools,SUP_B,17,223.89,0,0,0,423,0,17
2022-10-20,3,Power Tools,SUP_B,20,220.58,0,0,0,706,0,17
2022-10-21,3,Power Tools,SUP_B,19,224.52,0,0,0,715,0,17
2022-10-22,3,Power Tools,SUP_B,19,212.16,0,0,0,537,0,17
2022-10-23,3,Power Tools,SUP_B,30,228.29,0,0,0,550,0,17
2022-10-24,3,Power Tools,SUP_B,20,210.64,0,0,0,637,0,17
2022-10-25,3,Power Tools,SUP_B,17,221.56,0,0,0,684,0,17
2022-10-26,3,Power Tools,SUP_B,22,225.45,0,0,0,461,0,17
2022-10-27,3,Power Tools,SUP_B,26,212.26,0,0,0,488,0,17
2022-10-28,3,Power Tools,SUP_B,17,214.61,0,0,0,439,0,17
2022-10-29,3,Power Tools,SUP_B,27,222.64,0,0,0,485,0,17
2022-10-30,3,Power Tools,SUP_B,29,220.94,0,0,0,459,0,17
2022-10-31,3,Power Tools,SUP_B,21,225.75,0,0,0,676,0,17
2022-11-01,3,Power Tools,SUP_B,24,225.41,0,0,0,683,0,17
2022-11-02,3,Power Tools,SUP_B,20,227.99,0,0,0,698,0,17
2022-11-03,3,Power Tools,SUP_B,29,219.57,0,0,0,502,0,17
2022-11-04,3,Power Tools,SUP_B,16,237.71,0,0,0,575,0,17
2022-11-05,3,Power Tools,SUP_B,33,222.57,0,0,0,390,0,17
2022-11-06,3,Power Tools,SUP_B,34,220.79,0,0,0,470,0,17
2022-11-07,3,Power Tools,SUP_B,19,235.51,0,0,0,610,0,17
2022-11-08,3,Power Tools,SUP_B,16,220.74,0,0,0,407,0,17
2022-11-09,3,Power Tools,SUP_B,22,225.75,0,0,0,662,0,17
2022-11-10,3,Power Tools,SUP_B,14,228.69,0,0,0,667,0,17
2022-11-11,3,Power Tools,SUP_B,19,222.06,0,0,0,607,0,17
2022-11-12,3,Power Tools,SUP_B,21,224.28,0,0,0,505,0,17
2022-11-13,3,Power Tools,SUP_B,31,222.77,0,0,0,570,0,17
2022-11-14,3,Power Tools,SUP_B,22,229.6,0,0,0,461,0,17
2022-11-15,3,Power Tools,SUP_B,20,222.85,0,0,0,417,0,17
2022-11-16,3,Power Tools,SUP_B,24,228.18,0,0,0,458,0,17
2022-11-17,3,Power Tools,SUP_B,23,240.54,0,0,0,446,0,17
2022-11-18,3,Power Tools,SUP_B,22,237.49,0,0,0,511,0,17
2022-11-19,3,Power Tools,SUP_B,28,228.93,0,0,0,671,0,17
2022-11-20,3,Power Tools,SUP_B,36,227.59,0,0,0,637,0,17
2022-11-21,3,Power Tools,SUP_B,23,240.25,0,1,0,520,0,17
2022-11-22,3,Power Tools,SUP_B,20,236.22,0,1,0,536,0,17
2022-11-23,3,Power Tools,SUP_B,16,226.41,0,1,0,438,0,17
2022-11-24,3,Power Tools,SUP_B,22,240.69,0,1,0,587,0,17
2022-11-25,3,Power Tools,SUP_B,35,220.27,0,1,0,371,0,17
2022-11-26,3,Power Tools,SUP_B,24,230.62,0,1,0,482,0,17
2022-11-27,3,Power Tools,SUP_B,22,222.96,0,1,0,633,0,17
2022-11-28,3,Power Tools,SUP_B,25,232.08,0,1,0,642,0,17
2022-11-29,3,Power Tools,SUP_B,21,234.59,0,1,0,395,0,17
2022-11-30,3,Power Tools,SUP_B,25,222.39,0,0,0,463,0,17
2022-12-01,3,Power Tools,SUP_B,14,227.47,0,0,1,664,0,17
2022-12-02,3,Power Tools,SUP_B,20,231.69,0,0,1,463,0,17
2022-12-03,3,Power Tools,SUP_B,23,237.02,0,0,1,685,0,17
2022-12-04,3,Power Tools,SUP_B,29,230.44,0,0,1,408,0,17
2022-12-05,3,Power Tools,SUP_B,24,239.18,0,0,1,439,0,17
2022-12-06,3,Power Tools,SUP_B,24,225.21,0,0,1,597,0,17
2022-12-07,3,Power Tools,SUP_B,24,238.52,0,0,1,594,0,17
2022-12-08,3,Power Tools,SUP_B,18,221.93,0,0,1,394,0,17
2022-12-09,3,Power Tools,SUP_B,24,219.91,0,0,1,506,0,17
2022-12-10,3,Power Tools,SUP_B,25,220.35,0,0,1,434,0,17
2022-12-11,3,Power Tools,SUP_B,28,231.56,0,0,1,417,0,17
2022-12-12,3,Power Tools,SUP_B,16,221.59,0,0,1,438,0,17
2022-12-13,3,Power Tools,SUP_B,19,235.82,0,0,1,401,0,17
2022-12-14,3,Power Tools,SUP_B,26,236.18,0,0,1,474,0,17
2022-12-15,3,Power Tools,SUP_B,26,222.11,0,0,1,384,0,17
2022-12-16,3,Power Tools,SUP_B,30,239.51,0,0,1,457,0,17
2022-12-17,3,Power Tools,SUP_B,34,238.38,0,0,1,683,0,17
2022-12-18,3,Power Tools,SUP_B,22,235.16,0,0,1,475,0,17
2022-12-19,3,Power Tools,SUP_B,46,167.25,1,0,1,448,0,17
2022-12-20,3,Power Tools,SUP_B,36,192.7,1,0,1,628,0,17
2022-12-21,3,Power Tools,SUP_B,41,177.91,1,0,1,357,0,17
2022-12-22,3,Power Tools,SUP_B,42,181.49,1,0,1,679,0,17
2022-12-23,3,Power Tools,SUP_B,49,180.86,1,0,1,648,0,17
2022-12-24,3,Power Tools,SUP_B,64,177.83,1,0,1,444,0,17
2022-12-25,3,Power Tools,SUP_B,43,183.64,1,0,0,384,0,17
2022-12-26,3,Power Tools,SUP_B,25,221.89,0,0,0,581,0,17
2022-12-27,3,Power Tools,SUP_B,19,227.18,0,0,0,638,0,17
2022-12-28,3,Power Tools,SUP_B,22,223.59,0,0,0,587,0,17
2022-12-29,3,Power Tools,SUP_B,27,237.21,0,0,0,545,0,17
2022-12-30,3,Power Tools,SUP_B,20,233.02,0,0,0,670,0,17
2022-12-31,3,Power Tools,SUP_B,31,233.9,0,0,0,644,0,17
2023-01-01,3,Power Tools,SUP_B,19,220.91,0,0,0,552,0,17
2023-01-02,3,Power Tools,SUP_B,8,210.62,0,0,0,476,0,17
2023-01-03,3,Power Tools,SUP_B,15,220.98,0,0,0,639,0,17
2023-01-04,3,Power Tools,SUP_B,11,215.51,0,0,0,672,0,17
2023-01-05,3,Power Tools,SUP_B,19,219.54,0,0,0,559,0,17
2023-01-06,3,Power Tools,SUP_B,16,209.87,0,0,0,703,0,17
2023-01-07,3,Power Tools,SUP_B,20,229.46,0,0,0,695,0,17
2023-01-08,3,Power Tools,SUP_B,19,222.44,0,0,0,541,0,17
2023-01-09,3,Power Tools,SUP_B,12,220.76,0,0,0,676,0,17
2023-01-10,3,Power Tools,SUP_B,20,218.08,0,0,0,532,0,17
2023-01-11,3,Power Tools,SUP_B,29,218.2,0,0,0,588,0,17
2023-01-12,3,Power Tools,SUP_B,18,214.72,0,0,0,456,0,17
2023-01-13,3,Power Tools,SUP_B,17,219.49,0,0,0,459,0,17
2023-01-14,3,Power Tools,SUP_B,21,228.24,0,0,0,512,0,17
2023-01-15,3,Power Tools,SUP_B,28,210.08,0,0,0,378,0,17
2023-01-16,3,Power Tools,SUP_B,20,218.14,0,0,0,652,0,17
2023-01-17,3,Power Tools,SUP_B,15,226.96,0,0,0,547,0,17
2023-01-18,3,Power Tools,SUP_B,24,217.15,0,0,0,428,0,17
2023-01-19,3,Power Tools,SUP_B,23,218.38,0,0,0,653,0,17
2023-01-20,3,Power Tools,SUP_B,14,215.32,0,0,0,648,0,17
2023-01-21,3,Power Tools,SUP_B,21,230.32,0,0,0,504,0,17
2023-01-22,3,Power Tools,SUP_B,19,226.0,0,0,0,400,0,17
2023-01-23,3,Power Tools,SUP_B,20,219.96,0,0,0,462,0,17
2023-01-24,3,Power Tools,SUP_B,16,228.75,0,0,0,620,0,17
2023-01-25,3,Power Tools,SUP_B,27,208.57,0,0,0,458,0,17
2023-01-26,3,Power Tools,SUP_B,26,229.95,0,0,0,422,0,17
2023-01-27,3,Power Tools,SUP_B,16,215.58,0,0,0,464,0,17
2023-01-28,3,Power Tools,SUP_B,22,215.24,0,0,0,400,0,17
2023-01-29,3,Power Tools,SUP_B,26,220.62,0,0,0,523,0,17
2023-01-30,3,Power Tools,SUP_B,25,228.67,0,0,0,543,0,17
2023-01-31,3,Power Tools,SUP_B,16,219.87,0,0,0,559,0,17
2023-02-01,3,Power Tools,SUP_B,21,222.86,0,0,0,638,0,17
2023-02-02,3,Power Tools,SUP_B,21,230.17,0,0,0,511,0,17
2023-02-03,3,Power Tools,SUP_B,15,212.34,0,0,0,386,0,17
2023-02-04,3,Power Tools,SUP_B,17,210.75,0,0,0,445,0,17
2023-02-05,3,Power Tools,SUP_B,21,219.95,0,0,0,534,0,17
2023-02-06,3,Power Tools,SUP_B,22,225.73,0,0,0,519,0,17
2023-02-07,3,Power Tools,SUP_B,13,212.03,0,0,0,684,0,17
2023-02-08,3,Power Tools,SUP_B,16,226.48,0,0,0,450,0,17
2023-02-09,3,Power Tools,SUP_B,26,228.09,0,0,0,557,0,17
2023-02-10,3,Power Tools,SUP_B,21,226.65,0,0,0,657,0,17
2023-02-11,3,Power Tools,SUP_B,24,228.64,0,0,0,686,0,17
2023-02-12,3,Power Tools,SUP_B,25,210.7,0,0,0,661,0,17
2023-02-13,3,Power Tools,SUP_B,27,175.05,1,0,0,563,0,17
2023-02-14,3,Power Tools,SUP_B,34,199.76,1,0,0,379,0,17
2023-02-15,3,Power Tools,SUP_B,30,194.01,1,0,0,609,0,17
2023-02-16,3,Power Tools,SUP_B,46,173.47,1,0,0,628,0,17
2023-02-17,3,Power Tools,SUP_B,43,151.33,1,0,0,618,0,17
2023-02-18,3,Power Tools,SUP_B,38,200.56,1,0,0,431,0,17
2023-02-19,3,Power Tools,SUP_B,51,177.04,1,0,0,603,0,17
2023-02-20,3,Power Tools,SUP_B,21,210.07,0,0,0,577,0,17
2023-02-21,3,Power Tools,SUP_B,21,214.74,0,0,0,707,0,17
2023-02-22,3,Power Tools,SUP_B,18,216.06,0,0,0,553,0,17
2023-02-23,3,Power Tools,SUP_B,27,221.07,0,0,0,423,0,17
2023-02-24,3,Power Tools,SUP_B,13,224.4,0,0,0,637,0,17
2023-02-25,3,Power Tools,SUP_B,18,216.85,0,0,0,688,0,17
2023-02-26,3,Power Tools,SUP_B,23,215.51,0,0,0,417,0,17
2023-02-27,3,Power Tools,SUP_B,18,229.66,0,0,0,547,0,17
2023-02-28,3,Power Tools,SUP_B,14,225.01,0,0,0,405,0,17
2023-03-01,3,Power Tools,SUP_B,18,224.06,0,0,0,606,0,17
2023-03-02,3,Power Tools,SUP_B,14,218.07,0,0,0,566,0,17
2023-03-03,3,Power Tools,SUP_B,23,224.84,0,0,0,522,0,17
2023-03-04,3,Power Tools,SUP_B,21,229.58,0,0,0,636,0,17
2023-03-05,3,Power Tools,SUP_B,27,210.09,0,0,0,472,0,17
2023-03-06,3,Power Tools,SUP_B,20,214.46,0,0,0,526,0,17
2023-03-07,3,Power Tools,SUP_B,15,219.75,0,0,0,498,0,17
2023-03-08,3,Power Tools,SUP_B,13,210.1,0,0,0,539,0,17
2023-03-09,3,Power Tools,SUP_B,22,219.27,0,0,0,493,0,17
2023-03-10,3,Power Tools,SUP_B,16,221.83,0,0,0,436,0,17
2023-03-11,3,Power Tools,SUP_B,27,214.32,0,0,0,538,0,17
2023-03-12,3,Power Tools,SUP_B,35,212.79,0,0,0,512,0,17
2023-03-13,3,Power Tools,SUP_B,21,228.84,0,0,0,592,0,17
2023-03-14,3,Power Tools,SUP_B,25,226.6,0,0,0,498,0,17
2023-03-15,3,Power Tools,SUP_B,19,208.57,0,0,0,544,0,17
2023-03-16,3,Power Tools,SUP_B,22,211.88,0,0,0,515,0,17
