synthetic_ecommerce_demand_2021_2024.csv
date,sku_id,category,supplier_id,units_sold,price,promo_flag,is_black_friday_week,is_christmas_peak,stock_on_hand,stockout_flag,lead_time_days
2023-03-17,3,Power Tools,SUP_B,18,218.13,0,0,0,651,0,17
2023-03-18,3,Power Tools,SUP_B,20,229.49,0,0,0,386,0,17
2023-03-19,3,Power Tools,SUP_B,24,225.1,0,0,0,614,0,17
2023-03-20,3,Power Tools,SUP_B,22,220.13,0,0,0,638,0,17
2023-03-21,3,Power Tools,SUP_B,12,226.28,0,0,0,624,0,17
2023-03-22,3,Power Tools,SUP_B,18,225.23,0,0,0,705,0,17
2023-03-23,3,Power Tools,SUP_B,27,224.97,0,0,0,595,0,17
2023-03-24,3,Power Tools,SUP_B,23,211.77,0,0,0,451,0,17
2023-03-25,3,Power Tools,SUP_B,19,226.2,0,0,0,544,0,17
2023-03-26,3,Power Tools,SUP_B,24,215.27,0,0,0,388,0,17
2023-03-27,3,Power Tools,SUP_B,19,225.75,0,0,0,500,0,17
2023-03-28,3,Power Tools,SUP_B,24,217.74,0,0,0,413,0,17
2023-03-29,3,Power Tools,SUP_B,26,213.33,0,0,0,646,0,17
2023-03-30,3,Power Tools,SUP_B,20,208.86,0,0,0,440,0,17
2023-03-31,3,Power Tools,SUP_B,20,227.8,0,0,0,439,0,17
2023-04-01,3,Power Tools,SUP_B,23,221.66,0,0,0,483,0,17
2023-04-02,3,Power Tools,SUP_B,29,223.77,0,0,0,582,0,17
2023-04-03,3,Power Tools,SUP_B,13,220.49,0,0,0,687,0,17
2023-04-04,3,Power Tools,SUP_B,25,210.2,0,0,0,470,0,17
2023-04-05,3,Power Tools,SUP_B,21,222.6,0,0,0,448,0,17
2023-04-06,3,Power Tools,SUP_B,15,210.51,0,0,0,405,0,17
2023-04-07,3,Power Tools,SUP_B,12,217.14,0,0,0,483,0,17
2023-04-08,3,Power Tools,SUP_B,20,217.44,0,0,0,444,0,17
2023-04-09,3,Power Tools,SUP_B,25,229.21,0,0,0,400,0,17
2023-04-10,3,Power Tools,SUP_B,13,213.94,0,0,0,465,0,17
2023-04-11,3,Power Tools,SUP_B,16,209.03,0,0,0,509,0,17
2023-04-12,3,Power Tools,SUP_B,15,230.02,0,0,0,555,0,17
2023-04-13,3,Power Tools,SUP_B,18,225.63,0,0,0,401,0,17
2023-04-14,3,Power Tools,SUP_B,30,215.29,0,0,0,695,0,17
2023-04-15,3,Power Tools,SUP_B,32,208.82,0,0,0,617,0,17
2023-04-16,3,Power Tools,SUP_B,20,211.89,0,0,0,552,0,17
2023-04-17,3,Power Tools,SUP_B,22,229.0,0,0,0,439,0,17
2023-04-18,3,Power Tools,SUP_B,22,229.86,0,0,0,685,0,17
2023-04-19,3,Power Tools,SUP_B,14,220.6,0,0,0,531,0,17
2023-04-20,3,Power Tools,SUP_B,20,219.98,0,0,0,639,0,17
2023-04-21,3,Power Tools,SUP_B,15,229.27,0,0,0,638,0,17
2023-04-22,3,Power Tools,SUP_B,24,217.74,0,0,0,633,0,17
2023-04-23,3,Power Tools,SUP_B,28,222.94,0,0,0,399,0,17
2023-04-24,3,Power Tools,SUP_B,15,224.42,0,0,0,549,0,17
2023-04-25,3,Power Tools,SUP_B,23,224.42,0,0,0,476,0,17
2023-04-26,3,Power Tools,SUP_B,16,212.8,0,0,0,655,0,17
2023-04-27,3,Power Tools,SUP_B,19,222.13,0,0,0,696,0,17
2023-04-28,3,Power Tools,SUP_B,11,226.92,0,0,0,421,0,17
2023-04-29,3,Power Tools,SUP_B,22,219.54,0,0,0,683,0,17
2023-04-30,3,Power Tools,SUP_B,22,229.37,0,0,0,374,0,17
2023-05-01,3,Power Tools,SUP_B,23,225.11,0,0,0,690,0,17
2023-05-02,3,Power Tools,SUP_B,17,213.38,0,0,0,545,0,17
2023-05-03,3,Power Tools,SUP_B,14,216.49,0,0,0,491,0,17
2023-05-04,3,Power Tools,SUP_B,18,211.52,0,0,0,617,0,17
2023-05-05,3,Power Tools,SUP_B,25,212.37,0,0,0,628,0,17
2023-05-06,3,Power Tools,SUP_B,18,222.0,0,0,0,458,0,17
2023-05-07,3,Power Tools,SUP_B,23,224.5,0,0,0,674,0,17
2023-05-08,3,Power Tools,SUP_B,14,218.17,0,0,0,637,0,17
2023-05-09,3,Power Tools,SUP_B,22,212.33,0,0,0,533,0,17
2023-05-10,3,Power Tools,SUP_B,27,222.21,0,0,0,372,0,17
2023-05-11,3,Power Tools,SUP_B,22,224.11,0,0,0,680,0,17
2023-05-12,3,Power Tools,SUP_B,13,230.26,0,0,0,435,0,17
2023-05-13,3,Power Tools,SUP_B,26,223.39,0,0,0,446,0,17
2023-05-14,3,Power Tools,SUP_B,18,212.5,0,0,0,601,0,17
2023-05-15,3,Power Tools,SUP_B,37,191.24,1,0,0,530,0,17
2023-05-16,3,Power Tools,SUP_B,34,171.36,1,0,0,500,0,17
2023-05-17,3,Power Tools,SUP_B,42,162.46,1,0,0,663,0,17
2023-05-18,3,Power Tools,SUP_B,33,159.06,1,0,0,499,0,17
2023-05-19,3,Power Tools,SUP_B,37,159.88,1,0,0,620,0,17
2023-05-20,3,Power Tools,SUP_B,44,174.96,1,0,0,533,0,17
2023-05-21,3,Power Tools,SUP_B,37,149.7,1,0,0,363,0,17
2023-05-22,3,Power Tools,SUP_B,15,215.35,0,0,0,496,0,17
2023-05-23,3,Power Tools,SUP_B,13,215.92,0,0,0,611,0,17
2023-05-24,3,Power Tools,SUP_B,22,214.47,0,0,0,545,0,17
2023-05-25,3,Power Tools,SUP_B,22,229.59,0,0,0,558,0,17
2023-05-26,3,Power Tools,SUP_B,16,220.34,0,0,0,671,0,17
2023-05-27,3,Power Tools,SUP_B,29,217.04,0,0,0,586,0,17
2023-05-28,3,Power Tools,SUP_B,27,218.86,0,0,0,599,0,17
2023-05-29,3,Power Tools,SUP_B,17,228.28,0,0,0,687,0,17
2023-05-30,3,Power Tools,SUP_B,23,224.43,0,0,0,406,0,17
2023-05-31,3,Power Tools,SUP_B,25,222.94,0,0,0,577,0,17
2023-06-01,3,Power Tools,SUP_B,22,209.72,0,0,0,612,0,17
2023-06-02,3,Power Tools,SUP_B,16,230.17,0,0,0,579,0,17
2023-06-03,3,Power Tools,SUP_B,24,225.3,0,0,0,626,0,17
2023-06-04,3,Power Tools,SUP_B,21,225.91,0,0,0,501,0,17
2023-06-05,3,Power Tools,SUP_B,18,228.14,0,0,0,474,0,17
2023-06-06,3,Power Tools,SUP_B,15,214.51,0,0,0,603,0,17
2023-06-07,3,Power Tools,SUP_B,22,225.57,0,0,0,403,0,17
2023-06-08,3,Power Tools,SUP_B,11,209.2,0,0,0,554,0,17
2023-06-09,3,Power Tools,SUP_B,16,214.97,0,0,0,544,0,17
2023-06-10,3,Power Tools,SUP_B,19,222.66,0,0,0,604,0,17
2023-06-11,3,Power Tools,SUP_B,24,209.65,0,0,0,408,0,17
2023-06-12,3,Power Tools,SUP_B,42,157.63,1,0,0,419,0,17
2023-06-13,3,Power Tools,SUP_B,41,159.4,1,0,0,584,0,17
2023-06-14,3,Power Tools,SUP_B,40,168.76,1,0,0,590,0,17
2023-06-15,3,Power Tools,SUP_B,31,155.19,1,0,0,422,0,17
2023-06-16,3,Power Tools,SUP_B,33,168.7,1,0,0,691,0,17
2023-06-17,3,Power Tools,SUP_B,55,177.77,1,0,0,513,0,17
2023-06-18,3,Power Tools,SUP_B,55,178.47,1,0,0,534,0,17
2023-06-19,3,Power Tools,SUP_B,22,222.04,0,0,0,457,0,17
2023-06-20,3,Power Tools,SUP_B,24,226.91,0,0,0,401,0,17
2023-06-21,3,Power Tools,SUP_B,16,211.3,0,0,0,527,0,17
2023-06-22,3,Power Tools,SUP_B,14,209.4,0,0,0,502,0,17
2023-06-23,3,Power Tools,SUP_B,10,225.52,0,0,0,691,0,17
2023-06-24,3,Power Tools,SUP_B,19,217.24,0,0,0,591,0,17
2023-06-25,3,Power Tools,SUP_B,20,220.4,0,0,0,496,0,17
2023-06-26,3,Power Tools,SUP_B,22,223.54,0,0,0,451,0,17
2023-06-27,3,Power Tools,SUP_B,14,212.22,0,0,0,402,0,17
2023-06-28,3,Power Tools,SUP_B,18,212.56,0,0,0,495,0,17
2023-06-29,3,Power Tools,SUP_B,27,211.82,0,0,0,704,0,17
2023-06-30,3,Power Tools,SUP_B,15,213.49,0,0,0,566,0,17
2023-07-01,3,Power Tools,SUP_B,20,217.91,0,0,0,573,0,17
2023-07-02,3,Power Tools,SUP_B,20,216.64,0,0,0,511,0,17
2023-07-03,3,Power Tools,SUP_B,13,220.4,0,0,0,446,0,17
2023-07-04,3,Power Tools,SUP_B,21,228.51,0,0,0,569,0,17
2023-07-05,3,Power Tools,SUP_B,12,212.38,0,0,0,643,0,17
2023-07-06,3,Power Tools,SUP_B,30,217.95,0,0,0,508,0,17
2023-07-07,3,Power Tools,SUP_B,15,221.96,0,0,0,402,0,17
2023-07-08,3,Power Tools,SUP_B,27,229.89,0,0,0,496,0,17
2023-07-09,3,Power Tools,SUP_B,23,215.97,0,0,0,644,0,17
2023-07-10,3,Power Tools,SUP_B,18,221.03,0,0,0,692,0,17
2023-07-11,3,Power Tools,SUP_B,19,213.27,0,0,0,668,0,17
2023-07-12,3,Power Tools,SUP_B,19,210.16,0,0,0,636,0,17
2023-07-13,3,Power Tools,SUP_B,15,219.58,0,0,0,473,0,17
2023-07-14,3,Power Tools,SUP_B,27,230.03,0,0,0,492,0,17
2023-07-15,3,Power Tools,SUP_B,23,223.49,0,0,0,385,0,17
2023-07-16,3,Power Tools,SUP_B,24,217.12,0,0,0,678,0,17
2023-07-17,3,Power Tools,SUP_B,18,210.49,0,0,0,591,0,17
2023-07-18,3,Power Tools,SUP_B,24,224.6,0,0,0,380,0,17
2023-07-19,3,Power Tools,SUP_B,16,222.86,0,0,0,389,0,17
2023-07-20,3,Power Tools,SUP_B,18,218.8,0,0,0,383,0,17
2023-07-21,3,Power Tools,SUP_B,9,221.99,0,0,0,576,0,17
2023-07-22,3,Power Tools,SUP_B,17,227.81,0,0,0,472,0,17
2023-07-23,3,Power Tools,SUP_B,27,209.15,0,0,0,495,0,17
2023-07-24,3,Power Tools,SUP_B,18,214.71,0,0,0,710,0,17
2023-07-25,3,Power Tools,SUP_B,20,210.54,0,0,0,436,0,17
2023-07-26,3,Power Tools,SUP_B,18,225.25,0,0,0,623,0,17
2023-07-27,3,Power Tools,SUP_B,14,208.86,0,0,0,516,0,17
2023-07-28,3,Power Tools,SUP_B,21,226.74,0,0,0,705,0,17
2023-07-29,3,Power Tools,SUP_B,23,216.74,0,0,0,375,0,17
2023-07-30,3,Power Tools,SUP_B,23,222.23,0,0,0,638,0,17
2023-07-31,3,Power Tools,SUP_B,15,222.76,0,0,0,478,0,17
2023-08-01,3,Power Tools,SUP_B,19,214.15,0,0,0,517,0,17
2023-08-02,3,Power Tools,SUP_B,13,219.29,0,0,0,454,0,17
2023-08-03,3,Power Tools,SUP_B,20,209.76,0,0,0,505,0,17
2023-08-04,3,Power Tools,SUP_B,17,214.07,0,0,0,493,0,17
2023-08-05,3,Power Tools,SUP_B,16,228.26,0,0,0,455,0,17
2023-08-06,3,Power Tools,SUP_B,24,216.18,0,0,0,480,0,17
2023-08-07,3,Power Tools,SUP_B,26,223.56,0,0,0,573,0,17
2023-08-08,3,Power Tools,SUP_B,16,215.0,0,0,0,493,0,17
2023-08-09,3,Power Tools,SUP_B,11,216.02,0,0,0,597,0,17
2023-08-10,3,Power Tools,SUP_B,13,224.11,0,0,0,440,0,17
2023-08-11,3,Power Tools,SUP_B,12,213.83,0,0,0,440,0,17
2023-08-12,3,Power Tools,SUP_B,24,220.21,0,0,0,387,0,17
2023-08-13,3,Power Tools,SUP_B,27,216.31,0,0,0,392,0,17
2023-08-14,3,Power Tools,SUP_B,12,223.6,0,0,0,612,0,17
2023-08-15,3,Power Tools,SUP_B,18,213.84,0,0,0,410,0,17
2023-08-16,3,Power Tools,SUP_B,18,219.91,0,0,0,447,0,17
2023-08-17,3,Power Tools,SUP_B,15,227.56,0,0,0,718,0,17
2023-08-18,3,Power Tools,SUP_B,16,213.43,0,0,0,591,0,17
2023-08-19,3,Power Tools,SUP_B,24,212.96,0,0,0,659,0,17
2023-08-20,3,Power Tools,SUP_B,20,220.31,0,0,0,668,0,17
2023-08-21,3,Power Tools,SUP_B,10,216.81,0,0,0,500,0,17
2023-08-22,3,Power Tools,SUP_B,12,221.91,0,0,0,653,0,17
2023-08-23,3,Power Tools,SUP_B,16,215.38,0,0,0,528,0,17
2023-08-24,3,Power Tools,SUP_B,19,226.79,0,0,0,681,0,17
2023-08-25,3,Power Tools,SUP_B,17,229.15,0,0,0,627,0,17
2023-08-26,3,Power Tools,SUP_B,23,210.08,0,0,0,395,0,17
2023-08-27,3,Power Tools,SUP_B,16,217.64,0,0,0,432,0,17
2023-08-28,3,Power Tools,SUP_B,43,154.56,1,0,0,552,0,17
2023-08-29,3,Power Tools,SUP_B,27,182.81,1,0,0,419,0,17
2023-08-30,3,Power Tools,SUP_B,41,169.38,1,0,0,667,0,17
2023-08-31,3,Power Tools,SUP_B,32,150.21,1,0,0,600,0,17
2023-09-01,3,Power Tools,SUP_B,31,162.03,1,0,0,459,0,17
2023-09-02,3,Power Tools,SUP_B,50,193.78,1,0,0,581,0,17
2023-09-03,3,Power Tools,SUP_B,41,167.55,1,0,0,663,0,17
2023-09-04,3,Power Tools,SUP_B,19,225.44,0,0,0,482,0,17
2023-09-05,3,Power Tools,SUP_B,21,214.19,0,0,0,549,0,17
2023-09-06,3,Power Tools,SUP_B,24,210.7,0,0,0,396,0,17
2023-09-07,3,Power Tools,SUP_B,19,209.34,0,0,0,448,0,17
2023-09-08,3,Power Tools,SUP_B,21,226.12,0,0,0,640,0,17
2023-09-09,3,Power Tools,SUP_B,16,230.01,0,0,0,714,0,17
2023-09-10,3,Power Tools,SUP_B,24,229.28,0,0,0,524,0,17
2023-09-11,3,Power Tools,SUP_B,13,229.47,0,0,0,618,0,17
2023-09-12,3,Power Tools,SUP_B,23,210.53,0,0,0,429,0,17
2023-09-13,3,Power Tools,SUP_B,19,220.44,0,0,0,410,0,17
2023-09-14,3,Power Tools,SUP_B,15,216.59,0,0,0,685,0,17
2023-09-15,3,Power Tools,SUP_B,19,226.36,0,0,0,393,0,17
2023-09-16,3,Power Tools,SUP_B,15,223.5,0,0,0,558,0,17
2023-09-17,3,Power Tools,SUP_B,29,213.28,0,0,0,639,0,17
2023-09-18,3,Power Tools,SUP_B,15,219.23,0,0,0,397,0,17
2023-09-19,3,Power Tools,SUP_B,15,214.91,0,0,0,542,0,17
2023-09-20,3,Power Tools,SUP_B,17,221.13,0,0,0,619,0,17
2023-09-21,3,Power Tools,SUP_B,21,211.43,0,0,0,543,0,17
2023-09-22,3,Power Tools,SUP_B,25,212.7,0,0,0,402,0,17
2023-09-23,3,Power Tools,SUP_B,32,215.28,0,0,0,463,0,17
2023-09-24,3,Power Tools,SUP_B,30,220.15,0,0,0,607,0,17
2023-09-25,3,Power Tools,SUP_B,36,187.88,1,0,0,536,0,17
2023-09-26,3,Power Tools,SUP_B,44,202.04,1,0,0,515,0,17
2023-09-27,3,Power Tools,SUP_B,34,178.5,1,0,0,640,0,17
2023-09-28,3,Power Tools,SUP_B,31,167.45,1,0,0,513,0,17
2023-09-29,3,Power Tools,SUP_B,51,183.57,1,0,0,392,0,17
2023-09-30,3,Power Tools,SUP_B,45,173.52,1,0,0,428,0,17
2023-10-01,3,Power Tools,SUP_B,52,151.63,1,0,0,618,0,17
2023-10-02,3,Power Tools,SUP_B,20,218.62,0,0,0,461,0,17
2023-10-03,3,Power Tools,SUP_B,19,229.7,0,0,0,645,0,17
2023-10-04,3,Power Tools,SUP_B,17,227.33,0,0,0,499,0,17
2023-10-05,3,Power Tools,SUP_B,22,217.21,0,0,0,590,0,17
2023-10-06,3,Power Tools,SUP_B,20,226.28,0,0,0,413,0,17
2023-10-07,3,Power Tools,SUP_B,24,223.89,0,0,0,510,0,17
2023-10-08,3,Power Tools,SUP_B,28,222.75,0,0,0,647,0,17
2023-10-09,3,Power Tools,SUP_B,51,157.73,1,0,0,461,0,17
2023-10-10,3,Power Tools,SUP_B,42,201.66,1,0,0,364,0,17
2023-10-11,3,Power Tools,SUP_B,42,172.06,1,0,0,491,0,17
2023-10-12,3,Power Tools,SUP_B,35,177.97,1,0,0,547,0,17
2023-10-13,3,Power Tools,SUP_B,38,167.29,1,0,0,662,0,17
2023-10-14,3,Power Tools,SUP_B,41,173.11,1,0,0,534,0,17
2023-10-15,3,Power Tools,SUP_B,53,170.19,1,0,0,432,0,17
2023-10-16,3,Power Tools,SUP_B,27,199.39,1,0,0,420,0,17
2023-10-17,3,Power Tools,SUP_B,36,174.28,1,0,0,649,0,17
2023-10-18,3,Power Tools,SUP_B,41,189.15,1,0,0,503,0,17
2023-10-19,3,Power Tools,SUP_B,56,189.44,1,0,0,584,0,17
2023-10-20,3,Power Tools,SUP_B,44,200.88,1,0,0,354,0,17
2023-10-21,3,Power Tools,SUP_B,51,191.59,1,0,0,647,0,17
2023-10-22,3,Power Tools,SUP_B,55,200.36,1,0,0,616,0,17
2023-10-23,3,Power Tools,SUP_B,13,220.63,0,0,0,623,0,17
2023-10-24,3,Power Tools,SUP_B,18,215.24,0,0,0,638,0,17
2023-10-25,3,Power Tools,SUP_B,19,217.33,0,0,0,503,0,17
2023-10-26,3,Power Tools,SUP_B,23,208.86,0,0,0,521,0,17
2023-10-27,3,Power Tools,SUP_B,17,218.74,0,0,0,448,0,17
2023-10-28,3,Power Tools,SUP_B,24,221.66,0,0,0,707,0,17
2023-10-29,3,Power Tools,SUP_B,25,228.58,0,0,0,497,0,17
2023-10-30,3,Power Tools,SUP_B,16,217.25,0,0,0,598,0,17
2023-10-31,3,Power Tools,SUP_B,13,229.24,0,0,0,718,0,17
2023-11-01,3,Power Tools,SUP_B,25,234.87,0,0,0,439,0,17
2023-11-02,3,Power Tools,SUP_B,28,226.55,0,0,0,678,0,17
2023-11-03,3,Power Tools,SUP_B,20,233.59,0,0,0,602,0,17
2023-11-04,3,Power Tools,SUP_B,32,230.84,0,0,0,609,0,17
2023-11-05,3,Power Tools,SUP_B,27,219.76,0,0,0,388,0,17
2023-11-06,3,Power Tools,SUP_B,14,221.96,0,0,0,525,0,17
2023-11-07,3,Power Tools,SUP_B,16,238.5,0,0,0,511,0,17
2023-11-08,3,Power Tools,SUP_B,21,240.71,0,0,0,701,0,17
2023-11-09,3,Power Tools,SUP_B,19,222.47,0,0,0,607,0,17
2023-11-10,3,Power Tools,SUP_B,16,236.48,0,0,0,507,0,17
2023-11-11,3,Power Tools,SUP_B,20,223.65,0,0,0,660,0,17
2023-11-12,3,Power Tools,SUP_B,21,225.92,0,0,0,592,0,17
2023-11-13,3,Power Tools,SUP_B,14,226.72,0,0,0,681,0,17
2023-11-14,3,Power Tools,SUP_B,16,223.82,0,0,0,414,0,17
2023-11-15,3,Power Tools,SUP_B,19,226.66,0,0,0,679,0,17
2023-11-16,3,Power Tools,SUP_B,17,228.6,0,0,0,481,0,17
2023-11-17,3,Power Tools,SUP_B,13,225.92,0,0,0,661,0,17
2023-11-18,3,Power Tools,SUP_B,18,225.72,0,0,0,676,0,17
2023-11-19,3,Power Tools,SUP_B,24,241.01,0,0,0,431,0,17
2023-11-20,3,Power Tools,SUP_B,22,227.56,0,1,0,696,0,17
2023-11-21,3,Power Tools,SUP_B,14,227.73,0,1,0,446,0,17
2023-11-22,3,Power Tools,SUP_B,20,223.14,0,1,0,663,0,17
2023-11-23,3,Power Tools,SUP_B,20,237.99,0,1,0,704,0,17
2023-11-24,3,Power Tools,SUP_B,18,227.95,0,1,0,653,0,17
2023-11-25,3,Power Tools,SUP_B,28,226.63,0,1,0,663,0,17
2023-11-26,3,Power Tools,SUP_B,29,232.77,0,1,0,375,0,17
2023-11-27,3,Power Tools,SUP_B,24,236.7,0,1,0,429,0,17
2023-11-28,3,Power Tools,SUP_B,22,240.15,0,1,0,602,0,17
2023-11-29,3,Power Tools,SUP_B,13,233.93,0,0,0,544,0,17
2023-11-30,3,Power Tools,SUP_B,24,233.81,0,0,0,431,0,17
2023-12-01,3,Power Tools,SUP_B,22,241.07,0,0,1,426,0,17
2023-12-02,3,Power Tools,SUP_B,28,225.84,0,0,1,427,0,17
2023-12-03,3,Power Tools,SUP_B,31,221.65,0,0,1,664,0,17
2023-12-04,3,Power Tools,SUP_B,20,228.32,0,0,1,499,0,17
2023-12-05,3,Power Tools,SUP_B,21,229.61,0,0,1,678,0,17
2023-12-06,3,Power Tools,SUP_B,18,225.96,0,0,1,632,0,17
2023-12-07,3,Power Tools,SUP_B,14,236.96,0,0,1,443,0,17
2023-12-08,3,Power Tools,SUP_B,21,226.42,0,0,1,653,0,17
2023-12-09,3,Power Tools,SUP_B,23,236.43,0,0,1,542,0,17
2023-12-10,3,Power Tools,SUP_B,29,230.7,0,0,1,599,0,17
2023-12-11,3,Power Tools,SUP_B,34,194.21,1,0,1,528,0,17
2023-12-12,3,Power Tools,SUP_B,47,202.23,1,0,1,455,0,17
2023-12-13,3,Power Tools,SUP_B,39,175.84,1,0,1,530,0,17
2023-12-14,3,Power Tools,SUP_B,32,167.74,1,0,1,588,0,17
2023-12-15,3,Power Tools,SUP_B,35,172.17,1,0,1,500,0,17
2023-12-16,3,Power Tools,SUP_B,62,193.2,1,0,1,367,0,17
2023-12-17,3,Power Tools,SUP_B,48,182.33,1,0,1,511,0,17
2023-12-18,3,Power Tools,SUP_B,20,236.98,0,0,1,538,0,17
2023-12-19,3,Power Tools,SUP_B,18,239.37,0,0,1,635,0,17
2023-12-20,3,Power Tools,SUP_B,14,219.82,0,0,1,390,0,17
2023-12-21,3,Power Tools,SUP_B,21,240.54,0,0,1,677,0,17
2023-12-22,3,Power Tools,SUP_B,23,226.51,0,0,1,498,0,17
2023-12-23,3,Power Tools,SUP_B,25,232.05,0,0,1,518,0,17
2023-12-24,3,Power Tools,SUP_B,26,222.4,0,0,1,445,0,17
2023-12-25,3,Power Tools,SUP_B,28,223.54,0,0,0,560,0,17
2023-12-26,3,Power Tools,SUP_B,29,223.46,0,0,0,685,0,17
2023-12-27,3,Power Tools,SUP_B,20,225.25,0,0,0,677,0,17
2023-12-28,3,Power Tools,SUP_B,26,220.05,0,0,0,520,0,17
2023-12-29,3,Power Tools,SUP_B,16,228.0,0,0,0,413,0,17
2023-12-30,3,Power Tools,SUP_B,37,228.19,0,0,0,413,0,17
2023-12-31,3,Power Tools,SUP_B,28,231.38,0,0,0,629,0,17
2024-01-01,3,Power Tools,SUP_B,28,210.59,0,0,0,397,0,17
2024-01-02,3,Power Tools,SUP_B,22,218.22,0,0,0,704,0,17
2024-01-03,3,Power Tools,SUP_B,24,224.73,0,0,0,493,0,17
2024-01-04,3,Power Tools,SUP_B,20,210.87,0,0,0,567,0,17
2024-01-05,3,Power Tools,SUP_B,17,220.67,0,0,0,562,0,17
2024-01-06,3,Power Tools,SUP_B,16,226.22,0,0,0,486,0,17
2024-01-07,3,Power Tools,SUP_B,22,227.34,0,0,0,595,0,17
2024-01-08,3,Power Tools,SUP_B,18,218.91,0,0,0,627,0,17
2024-01-09,3,Power Tools,SUP_B,18,210.64,0,0,0,411,0,17
2024-01-10,3,Power Tools,SUP_B,19,211.77,0,0,0,536,0,17
2024-01-11,3,Power Tools,SUP_B,12,227.17,0,0,0,633,0,17
2024-01-12,3,Power Tools,SUP_B,21,223.1,0,0,0,709,0,17
2024-01-13,3,Power Tools,SUP_B,28,216.46,0,0,0,598,0,17
2024-01-14,3,Power Tools,SUP_B,24,215.94,0,0,0,516,0,17
2024-01-15,3,Power Tools,SUP_B,20,225.15,0,0,0,415,0,17
2024-01-16,3,Power Tools,SUP_B,15,208.59,0,0,0,456,0,17
2024-01-17,3,Power Tools,SUP_B,17,223.9,0,0,0,701,0,17
2024-01-18,3,Power Tools,SUP_B,26,213.86,0,0,0,386,0,17
2024-01-19,3,Power Tools,SUP_B,20,215.17,0,0,0,664,0,17
2024-01-20,3,Power Tools,SUP_B,20,225.57,0,0,0,393,0,17
2024-01-21,3,Power Tools,SUP_B,26,213.96,0,0,0,654,0,17
2024-01-22,3,Power Tools,SUP_B,29,229.69,0,0,0,578,0,17
2024-01-23,3,Power Tools,SUP_B,18,214.89,0,0,0,467,0,17
2024-01-24,3,Power Tools,SUP_B,21,211.39,0,0,0,397,0,17
2024-01-25,3,Power Tools,SUP_B,23,217.45,0,0,0,676,0,17
2024-01-26,3,Power Tools,SUP_B,18,228.36,0,0,0,662,0,17
2024-01-27,3,Power Tools,SUP_B,23,217.49,0,0,0,591,0,17
2024-01-28,3,Power Tools,SUP_B,19,213.01,0,0,0,389,0,17
