synthetic_ecommerce_demand_2021_2024.csv
date,sku_id,category,supplier_id,units_sold,price,promo_flag,is_black_friday_week,is_christmas_peak,stock_on_hand,stockout_flag,lead_time_days
2024-01-29,3,Power Tools,SUP_B,20,208.97,0,0,0,441,0,17
2024-01-30,3,Power Tools,SUP_B,18,212.17,0,0,0,396,0,17
2024-01-31,3,Power Tools,SUP_B,19,209.18,0,0,0,494,0,17
2024-02-01,3,Power Tools,SUP_B,21,213.59,0,0,0,556,0,17
2024-02-02,3,Power Tools,SUP_B,29,219.11,0,0,0,502,0,17
2024-02-03,3,Power Tools,SUP_B,30,220.83,0,0,0,652,0,17
2024-02-04,3,Power Tools,SUP_B,21,216.13,0,0,0,579,0,17
2024-02-05,3,Power Tools,SUP_B,18,228.51,0,0,0,689,0,17
2024-02-06,3,Power Tools,SUP_B,22,220.07,0,0,0,435,0,17
2024-02-07,3,Power Tools,SUP_B,13,211.91,0,0,0,578,0,17
2024-02-08,3,Power Tools,SUP_B,21,209.21,0,0,0,394,0,17
2024-02-09,3,Power Tools,SUP_B,13,230.13,0,0,0,499,0,17
2024-02-10,3,Power Tools,SUP_B,19,222.35,0,0,0,597,0,17
2024-02-11,3,Power Tools,SUP_B,27,219.07,0,0,0,523,0,17
2024-02-12,3,Power Tools,SUP_B,17,210.81,0,0,0,519,0,17
2024-02-13,3,Power Tools,SUP_B,18,227.31,0,0,0,451,0,17
2024-02-14,3,Power Tools,SUP_B,12,212.22,0,0,0,408,0,17
2024-02-15,3,Power Tools,SUP_B,18,216.34,0,0,0,465,0,17
2024-02-16,3,Power Tools,SUP_B,12,209.0,0,0,0,711,0,17
2024-02-17,3,Power Tools,SUP_B,20,226.19,0,0,0,470,0,17
2024-02-18,3,Power Tools,SUP_B,26,213.71,0,0,0,705,0,17
2024-02-19,3,Power Tools,SUP_B,23,223.73,0,0,0,662,0,17
2024-02-20,3,Power Tools,SUP_B,30,229.72,0,0,0,505,0,17
2024-02-21,3,Power Tools,SUP_B,15,222.67,0,0,0,535,0,17
2024-02-22,3,Power Tools,SUP_B,20,219.92,0,0,0,698,0,17
2024-02-23,3,Power Tools,SUP_B,19,225.06,0,0,0,490,0,17
2024-02-24,3,Power Tools,SUP_B,28,215.7,0,0,0,399,0,17
2024-02-25,3,Power Tools,SUP_B,15,216.86,0,0,0,675,0,17
2024-02-26,3,Power Tools,SUP_B,19,224.23,0,0,0,588,0,17
2024-02-27,3,Power Tools,SUP_B,23,212.07,0,0,0,599,0,17
2024-02-28,3,Power Tools,SUP_B,17,228.63,0,0,0,500,0,17
2024-02-29,3,Power Tools,SUP_B,20,210.49,0,0,0,529,0,17
2024-03-01,3,Power Tools,SUP_B,20,216.98,0,0,0,653,0,17
2024-03-02,3,Power Tools,SUP_B,21,212.78,0,0,0,449,0,17
2024-03-03,3,Power Tools,SUP_B,18,210.39,0,0,0,466,0,17
2024-03-04,3,Power Tools,SUP_B,22,218.41,0,0,0,571,0,17
2024-03-05,3,Power Tools,SUP_B,25,223.65,0,0,0,684,0,17
2024-03-06,3,Power Tools,SUP_B,15,223.72,0,0,0,385,0,17
2024-03-07,3,Power Tools,SUP_B,15,219.43,0,0,0,559,0,17
2024-03-08,3,Power Tools,SUP_B,15,214.26,0,0,0,512,0,17
2024-03-09,3,Power Tools,SUP_B,21,210.39,0,0,0,444,0,17
2024-03-10,3,Power Tools,SUP_B,18,212.97,0,0,0,583,0,17
2024-03-11,3,Power Tools,SUP_B,42,155.48,1,0,0,678,0,17
2024-03-12,3,Power Tools,SUP_B,31,191.79,1,0,0,438,0,17
2024-03-13,3,Power Tools,SUP_B,34,182.5,1,0,0,607,0,17
2024-03-14,3,Power Tools,SUP_B,42,178.82,1,0,0,521,0,17
2024-03-15,3,Power Tools,SUP_B,29,164.92,1,0,0,424,0,17
2024-03-16,3,Power Tools,SUP_B,52,176.43,1,0,0,536,0,17
2024-03-17,3,Power Tools,SUP_B,39,174.37,1,0,0,542,0,17
2024-03-18,3,Power Tools,SUP_B,12,212.33,0,0,0,495,0,17
2024-03-19,3,Power Tools,SUP_B,22,226.06,0,0,0,612,0,17
2024-03-20,3,Power Tools,SUP_B,15,220.61,0,0,0,533,0,17
2024-03-21,3,Power Tools,SUP_B,14,214.58,0,0,0,384,0,17
2024-03-22,3,Power Tools,SUP_B,26,223.54,0,0,0,563,0,17
2024-03-23,3,Power Tools,SUP_B,21,216.3,0,0,0,664,0,17
2024-03-24,3,Power Tools,SUP_B,16,219.28,0,0,0,466,0,17
2024-03-25,3,Power Tools,SUP_B,22,227.14,0,0,0,433,0,17
2024-03-26,3,Power Tools,SUP_B,17,221.69,0,0,0,404,0,17
2024-03-27,3,Power Tools,SUP_B,24,227.49,0,0,0,665,0,17
2024-03-28,3,Power Tools,SUP_B,19,227.02,0,0,0,701,0,17
2024-03-29,3,Power Tools,SUP_B,18,228.39,0,0,0,622,0,17
2024-03-30,3,Power Tools,SUP_B,19,223.46,0,0,0,538,0,17
2024-03-31,3,Power Tools,SUP_B,14,224.77,0,0,0,492,0,17
2024-04-01,3,Power Tools,SUP_B,19,224.89,0,0,0,433,0,17
2024-04-02,3,Power Tools,SUP_B,12,224.68,0,0,0,434,0,17
2024-04-03,3,Power Tools,SUP_B,17,229.13,0,0,0,532,0,17
2024-04-04,3,Power Tools,SUP_B,11,213.52,0,0,0,465,0,17
2024-04-05,3,Power Tools,SUP_B,19,211.1,0,0,0,677,0,17
2024-04-06,3,Power Tools,SUP_B,24,230.07,0,0,0,584,0,17
2024-04-07,3,Power Tools,SUP_B,31,213.68,0,0,0,539,0,17
2024-04-08,3,Power Tools,SUP_B,19,223.76,0,0,0,386,0,17
2024-04-09,3,Power Tools,SUP_B,21,223.53,0,0,0,536,0,17
2024-04-10,3,Power Tools,SUP_B,21,226.45,0,0,0,642,0,17
2024-04-11,3,Power Tools,SUP_B,23,226.45,0,0,0,445,0,17
2024-04-12,3,Power Tools,SUP_B,18,213.21,0,0,0,415,0,17
2024-04-13,3,Power Tools,SUP_B,24,220.72,0,0,0,636,0,17
2024-04-14,3,Power Tools,SUP_B,21,229.68,0,0,0,418,0,17
2024-04-15,3,Power Tools,SUP_B,39,172.09,1,0,0,578,0,17
2024-04-16,3,Power Tools,SUP_B,33,190.43,1,0,0,658,0,17
2024-04-17,3,Power Tools,SUP_B,44,171.83,1,0,0,567,0,17
2024-04-18,3,Power Tools,SUP_B,39,160.24,1,0,0,453,0,17
2024-04-19,3,Power Tools,SUP_B,52,152.12,1,0,0,478,0,17
2024-04-20,3,Power Tools,SUP_B,39,164.21,1,0,0,629,0,17
2024-04-21,3,Power Tools,SUP_B,48,166.24,1,0,0,424,0,17
2024-04-22,3,Power Tools,SUP_B,11,209.42,0,0,0,420,0,17
2024-04-23,3,Power Tools,SUP_B,18,226.32,0,0,0,607,0,17
2024-04-24,3,Power Tools,SUP_B,14,214.68,0,0,0,423,0,17
2024-04-25,3,Power Tools,SUP_B,16,213.71,0,0,0,662,0,17
2024-04-26,3,Power Tools,SUP_B,18,217.46,0,0,0,617,0,17
2024-04-27,3,Power Tools,SUP_B,23,228.64,0,0,0,394,0,17
2024-04-28,3,Power Tools,SUP_B,32,225.32,0,0,0,544,0,17
2024-04-29,3,Power Tools,SUP_B,19,213.65,0,0,0,640,0,17
2024-04-30,3,Power Tools,SUP_B,25,216.16,0,0,0,390,0,17
2024-05-01,3,Power Tools,SUP_B,21,209.62,0,0,0,600,0,17
2024-05-02,3,Power Tools,SUP_B,19,210.84,0,0,0,613,0,17
2024-05-03,3,Power Tools,SUP_B,16,225.08,0,0,0,557,0,17
2024-05-04,3,Power Tools,SUP_B,20,208.88,0,0,0,600,0,17
2024-05-05,3,Power Tools,SUP_B,21,222.19,0,0,0,595,0,17
2024-05-06,3,Power Tools,SUP_B,23,217.6,0,0,0,504,0,17
2024-05-07,3,Power Tools,SUP_B,13,225.11,0,0,0,465,0,17
2024-05-08,3,Power Tools,SUP_B,24,218.91,0,0,0,377,0,17
2024-05-09,3,Power Tools,SUP_B,17,210.38,0,0,0,534,0,17
2024-05-10,3,Power Tools,SUP_B,19,209.37,0,0,0,700,0,17
2024-05-11,3,Power Tools,SUP_B,31,210.58,0,0,0,434,0,17
2024-05-12,3,Power Tools,SUP_B,18,212.97,0,0,0,613,0,17
2024-05-13,3,Power Tools,SUP_B,19,224.73,0,0,0,440,0,17
2024-05-14,3,Power Tools,SUP_B,24,215.84,0,0,0,375,0,17
2024-05-15,3,Power Tools,SUP_B,18,223.75,0,0,0,473,0,17
2024-05-16,3,Power Tools,SUP_B,12,213.97,0,0,0,407,0,17
2024-05-17,3,Power Tools,SUP_B,32,227.21,0,0,0,623,0,17
2024-05-18,3,Power Tools,SUP_B,21,208.54,0,0,0,443,0,17
2024-05-19,3,Power Tools,SUP_B,22,221.25,0,0,0,635,0,17
2024-05-20,3,Power Tools,SUP_B,35,173.21,1,0,0,457,0,17
2024-05-21,3,Power Tools,SUP_B,48,157.69,1,0,0,673,0,17
2024-05-22,3,Power Tools,SUP_B,32,203.65,1,0,0,599,0,17
2024-05-23,3,Power Tools,SUP_B,29,184.34,1,0,0,411,0,17
2024-05-24,3,Power Tools,SUP_B,31,185.03,1,0,0,490,0,17
2024-05-25,3,Power Tools,SUP_B,42,153.7,1,0,0,619,0,17
2024-05-26,3,Power Tools,SUP_B,53,158.51,1,0,0,651,0,17
2024-05-27,3,Power Tools,SUP_B,16,214.68,0,0,0,697,0,17
2024-05-28,3,Power Tools,SUP_B,26,225.31,0,0,0,426,0,17
2024-05-29,3,Power Tools,SUP_B,15,221.05,0,0,0,490,0,17
2024-05-30,3,Power Tools,SUP_B,20,208.9,0,0,0,569,0,17
2024-05-31,3,Power Tools,SUP_B,19,222.67,0,0,0,680,0,17
2024-06-01,3,Power Tools,SUP_B,21,222.25,0,0,0,603,0,17
2024-06-02,3,Power Tools,SUP_B,22,215.51,0,0,0,423,0,17
2024-06-03,3,Power Tools,SUP_B,20,218.42,0,0,0,542,0,17
2024-06-04,3,Power Tools,SUP_B,18,209.06,0,0,0,712,0,17
2024-06-05,3,Power Tools,SUP_B,21,212.61,0,0,0,401,0,17
2024-06-06,3,Power Tools,SUP_B,20,213.45,0,0,0,504,0,17
2024-06-07,3,Power Tools,SUP_B,19,222.56,0,0,0,669,0,17
2024-06-08,3,Power Tools,SUP_B,17,210.63,0,0,0,564,0,17
2024-06-09,3,Power Tools,SUP_B,23,217.0,0,0,0,652,0,17
2024-06-10,3,Power Tools,SUP_B,13,228.87,0,0,0,553,0,17
2024-06-11,3,Power Tools,SUP_B,14,225.05,0,0,0,636,0,17
2024-06-12,3,Power Tools,SUP_B,9,217.15,0,0,0,667,0,17
2024-06-13,3,Power Tools,SUP_B,17,230.27,0,0,0,643,0,17
2024-06-14,3,Power Tools,SUP_B,20,209.88,0,0,0,569,0,17
2024-06-15,3,Power Tools,SUP_B,19,223.5,0,0,0,533,0,17
2024-06-16,3,Power Tools,SUP_B,25,211.72,0,0,0,526,0,17
2024-06-17,3,Power Tools,SUP_B,27,212.92,0,0,0,501,0,17
2024-06-18,3,Power Tools,SUP_B,26,213.98,0,0,0,458,0,17
2024-06-19,3,Power Tools,SUP_B,19,210.16,0,0,0,589,0,17
2024-06-20,3,Power Tools,SUP_B,11,219.53,0,0,0,551,0,17
2024-06-21,3,Power Tools,SUP_B,10,217.87,0,0,0,524,0,17
2024-06-22,3,Power Tools,SUP_B,23,208.74,0,0,0,414,0,17
2024-06-23,3,Power Tools,SUP_B,17,221.06,0,0,0,635,0,17
2024-06-24,3,Power Tools,SUP_B,16,226.64,0,0,0,460,0,17
2024-06-25,3,Power Tools,SUP_B,17,228.46,0,0,0,516,0,17
2024-06-26,3,Power Tools,SUP_B,14,213.78,0,0,0,701,0,17
2024-06-27,3,Power Tools,SUP_B,16,215.98,0,0,0,653,0,17
2024-06-28,3,Power Tools,SUP_B,24,227.03,0,0,0,406,0,17
2024-06-29,3,Power Tools,SUP_B,30,227.48,0,0,0,597,0,17
2024-06-30,3,Power Tools,SUP_B,17,210.41,0,0,0,614,0,17
2024-07-01,3,Power Tools,SUP_B,34,202.36,1,0,0,664,0,17
2024-07-02,3,Power Tools,SUP_B,41,160.67,1,0,0,659,0,17
2024-07-03,3,Power Tools,SUP_B,44,185.43,1,0,0,503,0,17
2024-07-04,3,Power Tools,SUP_B,38,187.69,1,0,0,569,0,17
2024-07-05,3,Power Tools,SUP_B,36,196.21,1,0,0,361,0,17
2024-07-06,3,Power Tools,SUP_B,34,190.37,1,0,0,684,0,17
2024-07-07,3,Power Tools,SUP_B,44,165.32,1,0,0,480,0,17
2024-07-08,3,Power Tools,SUP_B,17,216.56,0,0,0,404,0,17
2024-07-09,3,Power Tools,SUP_B,14,225.87,0,0,0,443,0,17
2024-07-10,3,Power Tools,SUP_B,16,220.63,0,0,0,586,0,17
2024-07-11,3,Power Tools,SUP_B,15,211.84,0,0,0,708,0,17
2024-07-12,3,Power Tools,SUP_B,20,211.41,0,0,0,540,0,17
2024-07-13,3,Power Tools,SUP_B,17,220.99,0,0,0,586,0,17
2024-07-14,3,Power Tools,SUP_B,21,221.34,0,0,0,617,0,17
2024-07-15,3,Power Tools,SUP_B,16,226.83,0,0,0,429,0,17
2024-07-16,3,Power Tools,SUP_B,18,223.83,0,0,0,383,0,17
2024-07-17,3,Power Tools,SUP_B,20,209.83,0,0,0,621,0,17
2024-07-18,3,Power Tools,SUP_B,18,223.92,0,0,0,487,0,17
2024-07-19,3,Power Tools,SUP_B,7,213.63,0,0,0,502,0,17
2024-07-20,3,Power Tools,SUP_B,31,228.94,0,0,0,702,0,17
2024-07-21,3,Power Tools,SUP_B,20,220.7,0,0,0,674,0,17
2024-07-22,3,Power Tools,SUP_B,17,211.36,0,0,0,521,0,17
2024-07-23,3,Power Tools,SUP_B,16,227.88,0,0,0,399,0,17
2024-07-24,3,Power Tools,SUP_B,31,229.16,0,0,0,550,0,17
2024-07-25,3,Power Tools,SUP_B,20,222.76,0,0,0,674,0,17
2024-07-26,3,Power Tools,SUP_B,12,215.08,0,0,0,438,0,17
2024-07-27,3,Power Tools,SUP_B,15,213.1,0,0,0,606,0,17
2024-07-28,3,Power Tools,SUP_B,27,211.03,0,0,0,562,0,17
2024-07-29,3,Power Tools,SUP_B,16,215.4,0,0,0,694,0,17
2024-07-30,3,Power Tools,SUP_B,21,218.85,0,0,0,482,0,17
2024-07-31,3,Power Tools,SUP_B,15,221.56,0,0,0,542,0,17
2024-08-01,3,Power Tools,SUP_B,14,215.74,0,0,0,603,0,17
2024-08-02,3,Power Tools,SUP_B,16,223.06,0,0,0,551,0,17
2024-08-03,3,Power Tools,SUP_B,24,210.96,0,0,0,433,0,17
2024-08-04,3,Power Tools,SUP_B,18,224.02,0,0,0,502,0,17
2024-08-05,3,Power Tools,SUP_B,20,213.84,0,0,0,426,0,17
2024-08-06,3,Power Tools,SUP_B,17,212.54,0,0,0,571,0,17
2024-08-07,3,Power Tools,SUP_B,17,226.5,0,0,0,578,0,17
2024-08-08,3,Power Tools,SUP_B,23,226.62,0,0,0,695,0,17
2024-08-09,3,Power Tools,SUP_B,18,221.78,0,0,0,642,0,17
2024-08-10,3,Power Tools,SUP_B,26,224.5,0,0,0,635,0,17
2024-08-11,3,Power Tools,SUP_B,24,209.32,0,0,0,521,0,17
2024-08-12,3,Power Tools,SUP_B,14,226.06,0,0,0,636,0,17
2024-08-13,3,Power Tools,SUP_B,19,224.29,0,0,0,638,0,17
2024-08-14,3,Power Tools,SUP_B,21,217.86,0,0,0,711,0,17
2024-08-15,3,Power Tools,SUP_B,22,228.91,0,0,0,681,0,17
2024-08-16,3,Power Tools,SUP_B,22,219.97,0,0,0,484,0,17
2024-08-17,3,Power Tools,SUP_B,18,221.09,0,0,0,460,0,17
2024-08-18,3,Power Tools,SUP_B,30,219.96,0,0,0,513,0,17
2024-08-19,3,Power Tools,SUP_B,15,221.74,0,0,0,578,0,17
2024-08-20,3,Power Tools,SUP_B,18,214.57,0,0,0,555,0,17
2024-08-21,3,Power Tools,SUP_B,22,212.88,0,0,0,403,0,17
2024-08-22,3,Power Tools,SUP_B,20,211.16,0,0,0,604,0,17
2024-08-23,3,Power Tools,SUP_B,14,215.13,0,0,0,697,0,17
2024-08-24,3,Power Tools,SUP_B,17,229.46,0,0,0,486,0,17
2024-08-25,3,Power Tools,SUP_B,23,210.84,0,0,0,585,0,17
2024-08-26,3,Power Tools,SUP_B,25,222.15,0,0,0,576,0,17
2024-08-27,3,Power Tools,SUP_B,17,214.1,0,0,0,506,0,17
2024-08-28,3,Power Tools,SUP_B,17,216.05,0,0,0,593,0,17
2024-08-29,3,Power Tools,SUP_B,14,222.64,0,0,0,639,0,17
2024-08-30,3,Power Tools,SUP_B,17,228.38,0,0,0,424,0,17
2024-08-31,3,Power Tools,SUP_B,25,223.55,0,0,0,687,0,17
2024-09-01,3,Power Tools,SUP_B,26,216.16,0,0,0,502,0,17
2024-09-02,3,Power Tools,SUP_B,11,224.43,0,0,0,670,0,17
2024-09-03,3,Power Tools,SUP_B,19,215.05,0,0,0,629,0,17
2024-09-04,3,Power Tools,SUP_B,17,212.0,0,0,0,485,0,17
2024-09-05,3,Power Tools,SUP_B,19,224.84,0,0,0,447,0,17
2024-09-06,3,Power Tools,SUP_B,13,219.02,0,0,0,565,0,17
2024-09-07,3,Power Tools,SUP_B,22,217.79,0,0,0,694,0,17
2024-09-08,3,Power Tools,SUP_B,19,221.82,0,0,0,471,0,17
2024-09-09,3,Power Tools,SUP_B,36,168.79,1,0,0,490,0,17
2024-09-10,3,Power Tools,SUP_B,31,158.08,1,0,0,408,0,17
2024-09-11,3,Power Tools,SUP_B,40,164.33,1,0,0,395,0,17
2024-09-12,3,Power Tools,SUP_B,24,173.37,1,0,0,641,0,17
2024-09-13,3,Power Tools,SUP_B,30,150.92,1,0,0,681,0,17
2024-09-14,3,Power Tools,SUP_B,41,161.36,1,0,0,406,0,17
2024-09-15,3,Power Tools,SUP_B,41,186.45,1,0,0,535,0,17
2024-09-16,3,Power Tools,SUP_B,19,218.32,0,0,0,713,0,17
2024-09-17,3,Power Tools,SUP_B,16,211.0,0,0,0,581,0,17
2024-09-18,3,Power Tools,SUP_B,12,228.58,0,0,0,699,0,17
2024-09-19,3,Power Tools,SUP_B,12,210.54,0,0,0,577,0,17
2024-09-20,3,Power Tools,SUP_B,23,227.54,0,0,0,644,0,17
2024-09-21,3,Power Tools,SUP_B,19,208.57,0,0,0,510,0,17
2024-09-22,3,Power Tools,SUP_B,19,217.3,0,0,0,598,0,17
2024-09-23,3,Power Tools,SUP_B,22,224.55,0,0,0,471,0,17
2024-09-24,3,Power Tools,SUP_B,21,221.52,0,0,0,374,0,17
2024-09-25,3,Power Tools,SUP_B,16,212.51,0,0,0,426,0,17
2024-09-26,3,Power Tools,SUP_B,15,228.57,0,0,0,491,0,17
2024-09-27,3,Power Tools,SUP_B,16,216.24,0,0,0,688,0,17
2024-09-28,3,Power Tools,SUP_B,21,220.11,0,0,0,639,0,17
2024-09-29,3,Power Tools,SUP_B,23,211.13,0,0,0,690,0,17
2024-09-30,3,Power Tools,SUP_B,23,226.43,0,0,0,572,0,17
2024-10-01,3,Power Tools,SUP_B,21,225.54,0,0,0,441,0,17
2024-10-02,3,Power Tools,SUP_B,24,225.88,0,0,0,379,0,17
2024-10-03,3,Power Tools,SUP_B,17,211.87,0,0,0,541,0,17
2024-10-04,3,Power Tools,SUP_B,22,213.26,0,0,0,512,0,17
2024-10-05,3,Power Tools,SUP_B,18,215.68,0,0,0,632,0,17
2024-10-06,3,Power Tools,SUP_B,19,221.46,0,0,0,699,0,17
2024-10-07,3,Power Tools,SUP_B,23,220.27,0,0,0,680,0,17
2024-10-08,3,Power Tools,SUP_B,13,223.44,0,0,0,620,0,17
2024-10-09,3,Power Tools,SUP_B,19,216.36,0,0,0,604,0,17
2024-10-10,3,Power Tools,SUP_B,17,219.56,0,0,0,624,0,17
2024-10-11,3,Power Tools,SUP_B,19,218.03,0,0,0,434,0,17
2024-10-12,3,Power Tools,SUP_B,17,216.87,0,0,0,687,0,17
2024-10-13,3,Power Tools,SUP_B,25,216.07,0,0,0,415,0,17
2024-10-14,3,Power Tools,SUP_B,22,225.96,0,0,0,441,0,17
2024-10-15,3,Power Tools,SUP_B,18,214.89,0,0,0,522,0,17
2024-10-16,3,Power Tools,SUP_B,25,211.58,0,0,0,457,0,17
2024-10-17,3,Power Tools,SUP_B,17,215.9,0,0,0,669,0,17
2024-10-18,3,Power Tools,SUP_B,24,212.68,0,0,0,682,0,17
2024-10-19,3,Power Tools,SUP_B,20,216.04,0,0,0,499,0,17
2024-10-20,3,Power Tools,SUP_B,24,211.49,0,0,0,389,0,17
2024-10-21,3,Power Tools,SUP_B,39,190.43,1,0,0,646,0,17
2024-10-22,3,Power Tools,SUP_B,35,192.53,1,0,0,658,0,17
2024-10-23,3,Power Tools,SUP_B,45,157.15,1,0,0,660,0,17
2024-10-24,3,Power Tools,SUP_B,40,161.93,1,0,0,406,0,17
2024-10-25,3,Power Tools,SUP_B,34,188.45,1,0,0,542,0,17
2024-10-26,3,Power Tools,SUP_B,52,190.59,1,0,0,453,0,17
2024-10-27,3,Power Tools,SUP_B,75,186.65,1,0,0,385,0,17
2024-10-28,3,Power Tools,SUP_B,19,210.48,0,0,0,574,0,17
2024-10-29,3,Power Tools,SUP_B,21,211.47,0,0,0,548,0,17
2024-10-30,3,Power Tools,SUP_B,18,220.54,0,0,0,609,0,17
2024-10-31,3,Power Tools,SUP_B,23,208.96,0,0,0,692,0,17
2024-11-01,3,Power Tools,SUP_B,12,239.55,0,0,0,548,0,17
2024-11-02,3,Power Tools,SUP_B,15,232.07,0,0,0,410,0,17
2024-11-03,3,Power Tools,SUP_B,24,237.26,0,0,0,408,0,17
2024-11-04,3,Power Tools,SUP_B,23,232.27,0,0,0,442,0,17
2024-11-05,3,Power Tools,SUP_B,22,220.92,0,0,0,652,0,17
2024-11-06,3,Power Tools,SUP_B,26,232.61,0,0,0,570,0,17
2024-11-07,3,Power Tools,SUP_B,29,220.0,0,0,0,392,0,17
2024-11-08,3,Power Tools,SUP_B,24,222.17,0,0,0,579,0,17
2024-11-09,3,Power Tools,SUP_B,30,224.78,0,0,0,453,0,17
2024-11-10,3,Power Tools,SUP_B,22,222.93,0,0,0,440,0,17
2024-11-11,3,Power Tools,SUP_B,16,238.13,0,0,0,575,0,17
2024-11-12,3,Power Tools,SUP_B,17,236.99,0,0,0,412,0,17
2024-11-13,3,Power Tools,SUP_B,23,235.08,0,0,0,617,0,17
2024-11-14,3,Power Tools,SUP_B,16,237.9,0,0,0,684,0,17
2024-11-15,3,Power Tools,SUP_B,18,238.24,0,0,0,505,0,17
2024-11-16,3,Power Tools,SUP_B,22,228.5,0,0,0,501,0,17
2024-11-17,3,Power Tools,SUP_B,26,240.69,0,0,0,686,0,17
2024-11-18,3,Power Tools,SUP_B,29,233.87,0,1,0,441,0,17
2024-11-19,3,Power Tools,SUP_B,10,226.49,0,1,0,556,0,17
2024-11-20,3,Power Tools,SUP_B,21,223.34,0,1,0,690,0,17
2024-11-21,3,Power Tools,SUP_B,21,239.89,0,1,0,586,0,17
2024-11-22,3,Power Tools,SUP_B,20,235.8,0,1,0,427,0,17
2024-11-23,3,Power Tools,SUP_B,26,238.24,0,1,0,496,0,17
2024-11-24,3,Power Tools,SUP_B,24,230.82,0,1,0,409,0,17
2024-11-25,3,Power Tools,SUP_B,25,236.84,0,1,0,422,0,17
2024-11-26,3,Power Tools,SUP_B,21,241.06,0,1,0,674,0,17
2024-11-27,3,Power Tools,SUP_B,27,237.76,0,0,0,425,0,17
2024-11-28,3,Power Tools,SUP_B,16,238.19,0,0,0,416,0,17
2024-11-29,3,Power Tools,SUP_B,15,231.94,0,0,0,678,0,17
2024-11-30,3,Power Tools,SUP_B,24,223.03,0,0,0,461,0,17
2024-12-01,3,Power Tools,SUP_B,18,232.33,0,0,1,473,0,17
2024-12-02,3,Power Tools,SUP_B,32,174.72,1,0,1,483,0,17
2024-12-03,3,Power Tools,SUP_B,39,165.58,1,0,1,361,0,17
2024-12-04,3,Power Tools,SUP_B,35,199.55,1,0,1,467,0,17
2024-12-05,3,Power Tools,SUP_B,39,195.65,1,0,1,403,0,17
2024-12-06,3,Power Tools,SUP_B,37,204.01,1,0,1,392,0,17
2024-12-07,3,Power Tools,SUP_B,48,195.71,1,0,1,584,0,17
2024-12-08,3,Power Tools,SUP_B,49,183.34,1,0,1,582,0,17
2024-12-09,3,Power Tools,SUP_B,42,162.61,1,0,1,500,0,17
2024-12-10,3,Power Tools,SUP_B,43,204.9,1,0,1,466,0,17
2024-12-11,3,Power Tools,SUP_B,36,169.14,1,0,1,497,0,17
