synthetic_ecommerce_demand_2021_2024.csv
date,sku_id,category,supplier_id,units_sold,price,promo_flag,is_black_friday_week,is_christmas_peak,stock_on_hand,stockout_flag,lead_time_days
2024-12-12,3,Power Tools,SUP_B,45,189.49,1,0,1,621,0,17
2024-12-13,3,Power Tools,SUP_B,38,187.59,1,0,1,625,0,17
2024-12-14,3,Power Tools,SUP_B,44,169.17,1,0,1,425,0,17
2024-12-15,3,Power Tools,SUP_B,49,172.22,1,0,1,370,0,17
2024-12-16,3,Power Tools,SUP_B,19,231.71,0,0,1,580,0,17
2024-12-17,3,Power Tools,SUP_B,21,236.15,0,0,1,404,0,17
2024-12-18,3,Power Tools,SUP_B,16,225.52,0,0,1,546,0,17
2024-12-19,3,Power Tools,SUP_B,18,226.98,0,0,1,714,0,17
2024-12-20,3,Power Tools,SUP_B,19,238.87,0,0,1,592,0,17
2024-12-21,3,Power Tools,SUP_B,26,230.27,0,0,1,643,0,17
2024-12-22,3,Power Tools,SUP_B,26,219.61,0,0,1,664,0,17
2024-12-23,3,Power Tools,SUP_B,14,228.52,0,0,1,612,0,17
2024-12-24,3,Power Tools,SUP_B,22,230.67,0,0,1,467,0,17
2024-12-25,3,Power Tools,SUP_B,21,221.16,0,0,0,549,0,17
2024-12-26,3,Power Tools,SUP_B,22,240.29,0,0,0,549,0,17
2024-12-27,3,Power Tools,SUP_B,16,231.26,0,0,0,506,0,17
2024-12-28,3,Power Tools,SUP_B,20,231.81,0,0,0,578,0,17
2024-12-29,3,Power Tools,SUP_B,19,240.26,0,0,0,708,0,17
2024-12-30,3,Power Tools,SUP_B,27,223.97,0,0,0,421,0,17
2024-12-31,3,Power Tools,SUP_B,20,238.04,0,0,0,454,0,17
2021-01-01,4,Power Tools,SUP_D,1,192.37,0,0,0,31,0,28
2021-01-02,4,Power Tools,SUP_D,4,182.06,0,0,0,31,0,28
2021-01-03,4,Power Tools,SUP_D,1,192.11,0,0,0,40,0,28
2021-01-04,4,Power Tools,SUP_D,2,156.39,1,0,0,24,0,28
2021-01-05,4,Power Tools,SUP_D,1,145.13,1,0,0,34,0,28
2021-01-06,4,Power Tools,SUP_D,3,155.33,1,0,0,22,0,28
2021-01-07,4,Power Tools,SUP_D,3,160.88,1,0,0,33,0,28
2021-01-08,4,Power Tools,SUP_D,2,149.48,1,0,0,37,0,28
2021-01-09,4,Power Tools,SUP_D,1,143.72,1,0,0,33,0,28
2021-01-10,4,Power Tools,SUP_D,2,141.65,1,0,0,25,0,28
2021-01-11,4,Power Tools,SUP_D,2,195.49,0,0,0,22,0,28
2021-01-12,4,Power Tools,SUP_D,0,186.63,0,0,0,38,0,28
2021-01-13,4,Power Tools,SUP_D,1,178.55,0,0,0,32,0,28
2021-01-14,4,Power Tools,SUP_D,0,187.69,0,0,0,34,0,28
2021-01-15,4,Power Tools,SUP_D,2,187.94,0,0,0,42,0,28
2021-01-16,4,Power Tools,SUP_D,3,184.47,0,0,0,36,0,28
2021-01-17,4,Power Tools,SUP_D,0,178.7,0,0,0,38,0,28
2021-01-18,4,Power Tools,SUP_D,0,194.95,0,0,0,39,0,28
2021-01-19,4,Power Tools,SUP_D,1,189.96,0,0,0,32,0,28
2021-01-20,4,Power Tools,SUP_D,0,195.72,0,0,0,27,0,28
2021-01-21,4,Power Tools,SUP_D,3,188.03,0,0,0,39,0,28
2021-01-22,4,Power Tools,SUP_D,3,178.79,0,0,0,24,0,28
2021-01-23,4,Power Tools,SUP_D,1,189.38,0,0,0,34,0,28
2021-01-24,4,Power Tools,SUP_D,1,191.48,0,0,0,41,0,28
2021-01-25,4,Power Tools,SUP_D,1,188.09,0,0,0,39,0,28
2021-01-26,4,Power Tools,SUP_D,1,183.34,0,0,0,29,0,28
2021-01-27,4,Power Tools,SUP_D,0,181.68,0,0,0,35,0,28
2021-01-28,4,Power Tools,SUP_D,2,186.65,0,0,0,35,0,28
2021-01-29,4,Power Tools,SUP_D,2,186.43,0,0,0,36,0,28
2021-01-30,4,Power Tools,SUP_D,3,178.76,0,0,0,39,0,28
2021-01-31,4,Power Tools,SUP_D,1,196.68,0,0,0,29,0,28
2021-02-01,4,Power Tools,SUP_D,0,183.85,0,0,0,34,0,28
2021-02-02,4,Power Tools,SUP_D,0,184.62,0,0,0,37,0,28
2021-02-03,4,Power Tools,SUP_D,2,189.93,0,0,0,23,0,28
2021-02-04,4,Power Tools,SUP_D,1,191.8,0,0,0,30,0,28
2021-02-05,4,Power Tools,SUP_D,0,178.14,0,0,0,34,0,28
2021-02-06,4,Power Tools,SUP_D,2,195.27,0,0,0,42,0,28
2021-02-07,4,Power Tools,SUP_D,2,185.21,0,0,0,33,0,28
2021-02-08,4,Power Tools,SUP_D,1,192.87,0,0,0,43,0,28
2021-02-09,4,Power Tools,SUP_D,2,178.07,0,0,0,26,0,28
2021-02-10,4,Power Tools,SUP_D,1,183.56,0,0,0,34,0,28
2021-02-11,4,Power Tools,SUP_D,1,196.39,0,0,0,23,0,28
2021-02-12,4,Power Tools,SUP_D,1,183.51,0,0,0,33,0,28
2021-02-13,4,Power Tools,SUP_D,2,193.05,0,0,0,40,0,28
2021-02-14,4,Power Tools,SUP_D,0,185.82,0,0,0,34,0,28
2021-02-15,4,Power Tools,SUP_D,0,138.97,1,0,0,42,0,28
2021-02-16,4,Power Tools,SUP_D,2,142.27,1,0,0,39,0,28
2021-02-17,4,Power Tools,SUP_D,3,157.22,1,0,0,22,0,28
2021-02-18,4,Power Tools,SUP_D,1,158.51,1,0,0,30,0,28
2021-02-19,4,Power Tools,SUP_D,4,164.98,1,0,0,32,0,28
2021-02-20,4,Power Tools,SUP_D,1,132.4,1,0,0,36,0,28
2021-02-21,4,Power Tools,SUP_D,3,128.14,1,0,0,34,0,28
2021-02-22,4,Power Tools,SUP_D,0,180.03,0,0,0,30,0,28
2021-02-23,4,Power Tools,SUP_D,0,178.56,0,0,0,32,0,28
2021-02-24,4,Power Tools,SUP_D,0,178.02,0,0,0,39,0,28
2021-02-25,4,Power Tools,SUP_D,0,188.65,0,0,0,29,0,28
2021-02-26,4,Power Tools,SUP_D,2,181.96,0,0,0,24,0,28
2021-02-27,4,Power Tools,SUP_D,2,195.24,0,0,0,29,0,28
2021-02-28,4,Power Tools,SUP_D,3,194.66,0,0,0,40,0,28
2021-03-01,4,Power Tools,SUP_D,2,182.52,0,0,0,38,0,28
2021-03-02,4,Power Tools,SUP_D,0,184.66,0,0,0,24,0,28
2021-03-03,4,Power Tools,SUP_D,2,191.82,0,0,0,29,0,28
2021-03-04,4,Power Tools,SUP_D,0,195.93,0,0,0,35,0,28
2021-03-05,4,Power Tools,SUP_D,0,196.43,0,0,0,31,0,28
2021-03-06,4,Power Tools,SUP_D,2,188.05,0,0,0,26,0,28
2021-03-07,4,Power Tools,SUP_D,1,188.27,0,0,0,36,0,28
2021-03-08,4,Power Tools,SUP_D,2,179.48,0,0,0,26,0,28
2021-03-09,4,Power Tools,SUP_D,3,188.76,0,0,0,32,0,28
2021-03-10,4,Power Tools,SUP_D,2,190.7,0,0,0,37,0,28
2021-03-11,4,Power Tools,SUP_D,0,195.73,0,0,0,34,0,28
2021-03-12,4,Power Tools,SUP_D,2,184.06,0,0,0,35,0,28
2021-03-13,4,Power Tools,SUP_D,0,196.4,0,0,0,27,0,28
2021-03-14,4,Power Tools,SUP_D,2,181.2,0,0,0,38,0,28
2021-03-15,4,Power Tools,SUP_D,0,179.79,0,0,0,28,0,28
2021-03-16,4,Power Tools,SUP_D,1,191.04,0,0,0,30,0,28
2021-03-17,4,Power Tools,SUP_D,0,180.71,0,0,0,43,0,28
2021-03-18,4,Power Tools,SUP_D,1,181.74,0,0,0,31,0,28
2021-03-19,4,Power Tools,SUP_D,1,183.22,0,0,0,38,0,28
2021-03-20,4,Power Tools,SUP_D,1,179.02,0,0,0,31,0,28
2021-03-21,4,Power Tools,SUP_D,0,181.27,0,0,0,38,0,28
2021-03-22,4,Power Tools,SUP_D,1,189.22,0,0,0,38,0,28
2021-03-23,4,Power Tools,SUP_D,0,181.25,0,0,0,26,0,28
2021-03-24,4,Power Tools,SUP_D,2,182.15,0,0,0,36,0,28
2021-03-25,4,Power Tools,SUP_D,0,191.61,0,0,0,42,0,28
2021-03-26,4,Power Tools,SUP_D,0,181.5,0,0,0,23,0,28
2021-03-27,4,Power Tools,SUP_D,0,189.57,0,0,0,24,0,28
2021-03-28,4,Power Tools,SUP_D,1,195.0,0,0,0,32,0,28
2021-03-29,4,Power Tools,SUP_D,0,153.06,1,0,0,26,0,28
2021-03-30,4,Power Tools,SUP_D,2,157.12,1,0,0,23,0,28
2021-03-31,4,Power Tools,SUP_D,0,151.21,1,0,0,44,0,28
2021-04-01,4,Power Tools,SUP_D,1,146.53,1,0,0,37,0,28
2021-04-02,4,Power Tools,SUP_D,3,158.02,1,0,0,26,0,28
2021-04-03,4,Power Tools,SUP_D,2,162.02,1,0,0,24,0,28
2021-04-04,4,Power Tools,SUP_D,1,141.7,1,0,0,38,0,28
2021-04-05,4,Power Tools,SUP_D,0,185.82,0,0,0,38,0,28
2021-04-06,4,Power Tools,SUP_D,0,183.89,0,0,0,37,0,28
2021-04-07,4,Power Tools,SUP_D,0,195.85,0,0,0,27,0,28
2021-04-08,4,Power Tools,SUP_D,2,180.94,0,0,0,25,0,28
2021-04-09,4,Power Tools,SUP_D,3,178.37,0,0,0,34,0,28
2021-04-10,4,Power Tools,SUP_D,1,192.15,0,0,0,25,0,28
2021-04-11,4,Power Tools,SUP_D,2,195.37,0,0,0,34,0,28
2021-04-12,4,Power Tools,SUP_D,1,196.34,0,0,0,40,0,28
2021-04-13,4,Power Tools,SUP_D,0,185.76,0,0,0,42,0,28
2021-04-14,4,Power Tools,SUP_D,0,186.51,0,0,0,38,0,28
2021-04-15,4,Power Tools,SUP_D,0,192.12,0,0,0,31,0,28
2021-04-16,4,Power Tools,SUP_D,0,188.8,0,0,0,34,0,28
2021-04-17,4,Power Tools,SUP_D,2,190.19,0,0,0,37,0,28
2021-04-18,4,Power Tools,SUP_D,3,194.72,0,0,0,37,0,28
2021-04-19,4,Power Tools,SUP_D,0,154.38,1,0,0,25,0,28
2021-04-20,4,Power Tools,SUP_D,1,144.55,1,0,0,25,0,28
2021-04-21,4,Power Tools,SUP_D,0,138.52,1,0,0,41,0,28
2021-04-22,4,Power Tools,SUP_D,0,155.87,1,0,0,42,0,28
2021-04-23,4,Power Tools,SUP_D,1,159.62,1,0,0,30,0,28
2021-04-24,4,Power Tools,SUP_D,0,138.63,1,0,0,30,0,28
2021-04-25,4,Power Tools,SUP_D,3,142.42,1,0,0,25,0,28
2021-04-26,4,Power Tools,SUP_D,4,182.23,0,0,0,35,0,28
2021-04-27,4,Power Tools,SUP_D,1,186.85,0,0,0,41,0,28
2021-04-28,4,Power Tools,SUP_D,3,178.12,0,0,0,23,0,28
2021-04-29,4,Power Tools,SUP_D,1,193.24,0,0,0,41,0,28
2021-04-30,4,Power Tools,SUP_D,0,192.31,0,0,0,34,0,28
2021-05-01,4,Power Tools,SUP_D,2,189.91,0,0,0,23,0,28
2021-05-02,4,Power Tools,SUP_D,1,187.25,0,0,0,27,0,28
2021-05-03,4,Power Tools,SUP_D,1,133.01,1,0,0,39,0,28
2021-05-04,4,Power Tools,SUP_D,0,136.34,1,0,0,35,0,28
2021-05-05,4,Power Tools,SUP_D,2,154.07,1,0,0,27,0,28
2021-05-06,4,Power Tools,SUP_D,1,153.98,1,0,0,24,0,28
2021-05-07,4,Power Tools,SUP_D,2,146.62,1,0,0,35,0,28
2021-05-08,4,Power Tools,SUP_D,2,165.45,1,0,0,25,0,28
2021-05-09,4,Power Tools,SUP_D,2,173.99,1,0,0,35,0,28
2021-05-10,4,Power Tools,SUP_D,1,194.55,0,0,0,24,0,28
2021-05-11,4,Power Tools,SUP_D,1,195.97,0,0,0,25,0,28
2021-05-12,4,Power Tools,SUP_D,2,191.67,0,0,0,23,0,28
2021-05-13,4,Power Tools,SUP_D,0,193.0,0,0,0,26,0,28
2021-05-14,4,Power Tools,SUP_D,1,189.04,0,0,0,38,0,28
2021-05-15,4,Power Tools,SUP_D,0,181.87,0,0,0,28,0,28
2021-05-16,4,Power Tools,SUP_D,1,178.26,0,0,0,38,0,28
2021-05-17,4,Power Tools,SUP_D,2,187.84,0,0,0,38,0,28
2021-05-18,4,Power Tools,SUP_D,1,194.63,0,0,0,25,0,28
2021-05-19,4,Power Tools,SUP_D,1,183.29,0,0,0,39,0,28
2021-05-20,4,Power Tools,SUP_D,2,195.38,0,0,0,38,0,28
2021-05-21,4,Power Tools,SUP_D,3,178.4,0,0,0,21,0,28
2021-05-22,4,Power Tools,SUP_D,1,187.3,0,0,0,25,0,28
2021-05-23,4,Power Tools,SUP_D,1,186.35,0,0,0,31,0,28
2021-05-24,4,Power Tools,SUP_D,0,190.52,0,0,0,34,0,28
2021-05-25,4,Power Tools,SUP_D,2,194.15,0,0,0,39,0,28
2021-05-26,4,Power Tools,SUP_D,1,181.06,0,0,0,32,0,28
2021-05-27,4,Power Tools,SUP_D,0,178.99,0,0,0,29,0,28
2021-05-28,4,Power Tools,SUP_D,1,195.71,0,0,0,36,0,28
2021-05-29,4,Power Tools,SUP_D,0,193.23,0,0,0,42,0,28
2021-05-30,4,Power Tools,SUP_D,1,184.05,0,0,0,39,0,28
2021-05-31,4,Power Tools,SUP_D,0,192.61,0,0,0,38,0,28
2021-06-01,4,Power Tools,SUP_D,1,184.88,0,0,0,24,0,28
2021-06-02,4,Power Tools,SUP_D,1,194.84,0,0,0,39,0,28
2021-06-03,4,Power Tools,SUP_D,0,180.61,0,0,0,41,0,28
2021-06-04,4,Power Tools,SUP_D,1,191.15,0,0,0,30,0,28
2021-06-05,4,Power Tools,SUP_D,1,193.19,0,0,0,28,0,28
2021-06-06,4,Power Tools,SUP_D,2,189.3,0,0,0,22,0,28
2021-06-07,4,Power Tools,SUP_D,0,188.33,0,0,0,34,0,28
2021-06-08,4,Power Tools,SUP_D,0,187.23,0,0,0,39,0,28
2021-06-09,4,Power Tools,SUP_D,1,191.46,0,0,0,26,0,28
2021-06-10,4,Power Tools,SUP_D,1,187.83,0,0,0,34,0,28
2021-06-11,4,Power Tools,SUP_D,0,179.43,0,0,0,27,0,28
2021-06-12,4,Power Tools,SUP_D,1,183.17,0,0,0,37,0,28
2021-06-13,4,Power Tools,SUP_D,0,185.46,0,0,0,42,0,28
2021-06-14,4,Power Tools,SUP_D,1,189.21,0,0,0,36,0,28
2021-06-15,4,Power Tools,SUP_D,2,194.66,0,0,0,22,0,28
2021-06-16,4,Power Tools,SUP_D,1,195.06,0,0,0,42,0,28
2021-06-17,4,Power Tools,SUP_D,0,183.29,0,0,0,29,0,28
2021-06-18,4,Power Tools,SUP_D,0,187.06,0,0,0,34,0,28
2021-06-19,4,Power Tools,SUP_D,2,189.68,0,0,0,40,0,28
2021-06-20,4,Power Tools,SUP_D,1,179.62,0,0,0,28,0,28
2021-06-21,4,Power Tools,SUP_D,1,193.27,0,0,0,39,0,28
2021-06-22,4,Power Tools,SUP_D,1,189.21,0,0,0,39,0,28
2021-06-23,4,Power Tools,SUP_D,0,195.88,0,0,0,37,0,28
2021-06-24,4,Power Tools,SUP_D,1,185.24,0,0,0,31,0,28
2021-06-25,4,Power Tools,SUP_D,1,181.3,0,0,0,27,0,28
2021-06-26,4,Power Tools,SUP_D,1,191.54,0,0,0,28,0,28
2021-06-27,4,Power Tools,SUP_D,0,179.05,0,0,0,24,0,28
2021-06-28,4,Power Tools,SUP_D,0,194.1,0,0,0,38,0,28
2021-06-29,4,Power Tools,SUP_D,1,193.92,0,0,0,37,0,28
2021-06-30,4,Power Tools,SUP_D,1,185.07,0,0,0,40,0,28
2021-07-01,4,Power Tools,SUP_D,2,181.46,0,0,0,41,0,28
2021-07-02,4,Power Tools,SUP_D,2,192.33,0,0,0,24,0,28
2021-07-03,4,Power Tools,SUP_D,0,186.75,0,0,0,35,0,28
2021-07-04,4,Power Tools,SUP_D,1,187.3,0,0,0,41,0,28
2021-07-05,4,Power Tools,SUP_D,0,179.26,0,0,0,42,0,28
2021-07-06,4,Power Tools,SUP_D,2,195.58,0,0,0,37,0,28
2021-07-07,4,Power Tools,SUP_D,3,187.02,0,0,0,36,0,28
2021-07-08,4,Power Tools,SUP_D,2,193.36,0,0,0,35,0,28
2021-07-09,4,Power Tools,SUP_D,0,187.02,0,0,0,44,0,28
2021-07-10,4,Power Tools,SUP_D,1,178.42,0,0,0,26,0,28
2021-07-11,4,Power Tools,SUP_D,0,194.09,0,0,0,27,0,28
2021-07-12,4,Power Tools,SUP_D,1,195.0,0,0,0,28,0,28
2021-07-13,4,Power Tools,SUP_D,1,185.32,0,0,0,24,0,28
2021-07-14,4,Power Tools,SUP_D,1,193.98,0,0,0,26,0,28
2021-07-15,4,Power Tools,SUP_D,0,181.33,0,0,0,35,0,28
2021-07-16,4,Power Tools,SUP_D,0,181.56,0,0,0,37,0,28
2021-07-17,4,Power Tools,SUP_D,0,191.94,0,0,0,25,0,28
2021-07-18,4,Power Tools,SUP_D,2,182.9,0,0,0,40,0,28
2021-07-19,4,Power Tools,SUP_D,2,159.88,1,0,0,37,0,28
2021-07-20,4,Power Tools,SUP_D,4,132.47,1,0,0,23,0,28
2021-07-21,4,Power Tools,SUP_D,3,130.08,1,0,0,39,0,28
2021-07-22,4,Power Tools,SUP_D,4,174.74,1,0,0,38,0,28
2021-07-23,4,Power Tools,SUP_D,1,136.39,1,0,0,25,0,28
2021-07-24,4,Power Tools,SUP_D,1,144.98,1,0,0,32,0,28
2021-07-25,4,Power Tools,SUP_D,0,157.65,1,0,0,25,0,28
2021-07-26,4,Power Tools,SUP_D,2,188.37,0,0,0,32,0,28
2021-07-27,4,Power Tools,SUP_D,0,191.79,0,0,0,34,0,28
2021-07-28,4,Power Tools,SUP_D,0,190.77,0,0,0,38,0,28
2021-07-29,4,Power Tools,SUP_D,0,192.94,0,0,0,33,0,28
2021-07-30,4,Power Tools,SUP_D,0,190.33,0,0,0,36,0,28
2021-07-31,4,Power Tools,SUP_D,0,194.36,0,0,0,41,0,28
2021-08-01,4,Power Tools,SUP_D,2,193.84,0,0,0,42,0,28
2021-08-02,4,Power Tools,SUP_D,2,183.49,0,0,0,31,0,28
2021-08-03,4,Power Tools,SUP_D,3,182.64,0,0,0,21,0,28
2021-08-04,4,Power Tools,SUP_D,3,195.39,0,0,0,24,0,28
2021-08-05,4,Power Tools,SUP_D,1,181.54,0,0,0,42,0,28
2021-08-06,4,Power Tools,SUP_D,1,183.04,0,0,0,27,0,28
2021-08-07,4,Power Tools,SUP_D,0,191.08,0,0,0,35,0,28
2021-08-08,4,Power Tools,SUP_D,1,183.21,0,0,0,30,0,28
2021-08-09,4,Power Tools,SUP_D,2,184.41,0,0,0,27,0,28
2021-08-10,4,Power Tools,SUP_D,0,182.12,0,0,0,42,0,28
2021-08-11,4,Power Tools,SUP_D,1,184.87,0,0,0,29,0,28
2021-08-12,4,Power Tools,SUP_D,0,189.67,0,0,0,35,0,28
2021-08-13,4,Power Tools,SUP_D,2,182.87,0,0,0,29,0,28
2021-08-14,4,Power Tools,SUP_D,0,189.09,0,0,0,35,0,28
2021-08-15,4,Power Tools,SUP_D,4,192.54,0,0,0,21,0,28
2021-08-16,4,Power Tools,SUP_D,0,181.18,0,0,0,34,0,28
2021-08-17,4,Power Tools,SUP_D,1,191.71,0,0,0,31,0,28
2021-08-18,4,Power Tools,SUP_D,3,195.32,0,0,0,28,0,28
2021-08-19,4,Power Tools,SUP_D,1,192.25,0,0,0,42,0,28
2021-08-20,4,Power Tools,SUP_D,2,184.48,0,0,0,30,0,28
2021-08-21,4,Power Tools,SUP_D,1,194.75,0,0,0,42,0,28
2021-08-22,4,Power Tools,SUP_D,1,188.82,0,0,0,36,0,28
2021-08-23,4,Power Tools,SUP_D,0,193.8,0,0,0,29,0,28
2021-08-24,4,Power Tools,SUP_D,3,178.48,0,0,0,28,0,28
2021-08-25,4,Power Tools,SUP_D,0,196.08,0,0,0,29,0,28
2021-08-26,4,Power Tools,SUP_D,3,178.05,0,0,0,37,0,28
2021-08-27,4,Power Tools,SUP_D,2,191.75,0,0,0,32,0,28
2021-08-28,4,Power Tools,SUP_D,1,188.28,0,0,0,28,0,28
2021-08-29,4,Power Tools,SUP_D,0,187.13,0,0,0,33,0,28
2021-08-30,4,Power Tools,SUP_D,1,170.91,1,0,0,39,0,28
2021-08-31,4,Power Tools,SUP_D,1,142.36,1,0,0,33,0,28
2021-09-01,4,Power Tools,SUP_D,1,170.39,1,0,0,43,0,28
2021-09-02,4,Power Tools,SUP_D,3,140.57,1,0,0,38,0,28
2021-09-03,4,Power Tools,SUP_D,3,166.99,1,0,0,36,0,28
2021-09-04,4,Power Tools,SUP_D,4,140.69,1,0,0,39,0,28
2021-09-05,4,Power Tools,SUP_D,4,161.33,1,0,0,36,0,28
2021-09-06,4,Power Tools,SUP_D,1,194.83,0,0,0,33,0,28
2021-09-07,4,Power Tools,SUP_D,1,187.73,0,0,0,31,0,28
2021-09-08,4,Power Tools,SUP_D,0,185.46,0,0,0,29,0,28
2021-09-09,4,Power Tools,SUP_D,1,189.42,0,0,0,27,0,28
2021-09-10,4,Power Tools,SUP_D,0,191.96,0,0,0,34,0,28
2021-09-11,4,Power Tools,SUP_D,1,185.78,0,0,0,39,0,28
2021-09-12,4,Power Tools,SUP_D,1,184.24,0,0,0,42,0,28
2021-09-13,4,Power Tools,SUP_D,1,195.13,0,0,0,29,0,28
2021-09-14,4,Power Tools,SUP_D,1,180.94,0,0,0,34,0,28
2021-09-15,4,Power Tools,SUP_D,0,178.94,0,0,0,42,0,28
2021-09-16,4,Power Tools,SUP_D,0,191.45,0,0,0,30,0,28
2021-09-17,4,Power Tools,SUP_D,2,189.09,0,0,0,37,0,28
2021-09-18,4,Power Tools,SUP_D,0,191.3,0,0,0,42,0,28
2021-09-19,4,Power Tools,SUP_D,0,193.73,0,0,0,26,0,28
2021-09-20,4,Power Tools,SUP_D,1,186.85,0,0,0,28,0,28
2021-09-21,4,Power Tools,SUP_D,0,191.94,0,0,0,28,0,28
2021-09-22,4,Power Tools,SUP_D,1,182.48,0,0,0,35,0,28
2021-09-23,4,Power Tools,SUP_D,0,192.79,0,0,0,34,0,28
2021-09-24,4,Power Tools,SUP_D,1,191.3,0,0,0,31,0,28
2021-09-25,4,Power Tools,SUP_D,0,192.11,0,0,0,39,0,28
2021-09-26,4,Power Tools,SUP_D,1,192.33,0,0,0,29,0,28
2021-09-27,4,Power Tools,SUP_D,0,186.26,0,0,0,29,0,28
2021-09-28,4,Power Tools,SUP_D,0,185.49,0,0,0,24,0,28
2021-09-29,4,Power Tools,SUP_D,1,182.96,0,0,0,24,0,28
2021-09-30,4,Power Tools,SUP_D,1,192.08,0,0,0,42,0,28
2021-10-01,4,Power Tools,SUP_D,0,183.12,0,0,0,37,0,28
2021-10-02,4,Power Tools,SUP_D,1,180.07,0,0,0,31,0,28
2021-10-03,4,Power Tools,SUP_D,2,190.72,0,0,0,31,0,28
2021-10-04,4,Power Tools,SUP_D,0,179.99,0,0,0,41,0,28
2021-10-05,4,Power Tools,SUP_D,0,179.83,0,0,0,28,0,28
2021-10-06,4,Power Tools,SUP_D,0,179.36,0,0,0,36,0,28
2021-10-07,4,Power Tools,SUP_D,0,184.35,0,0,0,40,0,28
2021-10-08,4,Power Tools,SUP_D,2,179.62,0,0,0,37,0,28
2021-10-09,4,Power Tools,SUP_D,2,187.38,0,0,0,32,0,28
2021-10-10,4,Power Tools,SUP_D,2,186.02,0,0,0,21,0,28
2021-10-11,4,Power Tools,SUP_D,2,193.3,0,0,0,31,0,28
2021-10-12,4,Power Tools,SUP_D,4,181.52,0,0,0,28,0,28
2021-10-13,4,Power Tools,SUP_D,2,180.68,0,0,0,38,0,28
2021-10-14,4,Power Tools,SUP_D,2,181.98,0,0,0,24,0,28
2021-10-15,4,Power Tools,SUP_D,1,179.66,0,0,0,28,0,28
2021-10-16,4,Power Tools,SUP_D,1,191.91,0,0,0,42,0,28
2021-10-17,4,Power Tools,SUP_D,0,192.66,0,0,0,24,0,28
2021-10-18,4,Power Tools,SUP_D,0,187.66,0,0,0,44,0,28
2021-10-19,4,Power Tools,SUP_D,1,182.5,0,0,0,42,0,28
2021-10-20,4,Power Tools,SUP_D,0,191.93,0,0,0,23,0,28
2021-10-21,4,Power Tools,SUP_D,2,193.55,0,0,0,23,0,28
2021-10-22,4,Power Tools,SUP_D,1,180.33,0,0,0,24,0,28
2021-10-23,4,Power Tools,SUP_D,0,182.53,0,0,0,43,0,28
2021-10-24,4,Power Tools,SUP_D,2,190.83,0,0,0,32,0,28
2021-10-25,4,Power Tools,SUP_D,1,179.09,0,0,0,41,0,28
2021-10-26,4,Power Tools,SUP_D,2,188.93,0,0,0,31,0,28
2021-10-27,4,Power Tools,SUP_D,0,183.61,0,0,0,41,0,28
2021-10-28,4,Power Tools,SUP_D,1,184.14,0,0,0,29,0,28
2021-10-29,4,Power Tools,SUP_D,2,195.83,0,0,0,39,0,28
2021-10-30,4,Power Tools,SUP_D,2,185.86,0,0,0,30,0,28
2021-10-31,4,Power Tools,SUP_D,2,187.64,0,0,0,26,0,28
2021-11-01,4,Power Tools,SUP_D,1,164.34,1,0,0,37,0,28
2021-11-02,4,Power Tools,SUP_D,2,136.38,1,0,0,24,0,28
2021-11-03,4,Power Tools,SUP_D,3,168.31,1,0,0,31,0,28
2021-11-04,4,Power Tools,SUP_D,3,148.04,1,0,0,29,0,28
2021-11-05,4,Power Tools,SUP_D,2,160.73,1,0,0,32,0,28
