synthetic_ecommerce_demand_2021_2024.csv
date,sku_id,category,supplier_id,units_sold,price,promo_flag,is_black_friday_week,is_christmas_peak,stock_on_hand,stockout_flag,lead_time_days
2021-11-06,4,Power Tools,SUP_D,2,140.13,1,0,0,26,0,28
2021-11-07,4,Power Tools,SUP_D,2,154.98,1,0,0,24,0,28
2021-11-08,4,Power Tools,SUP_D,0,204.89,0,0,0,33,0,28
2021-11-09,4,Power Tools,SUP_D,1,201.12,0,0,0,37,0,28
2021-11-10,4,Power Tools,SUP_D,1,194.27,0,0,0,24,0,28
2021-11-11,4,Power Tools,SUP_D,3,192.44,0,0,0,39,0,28
2021-11-12,4,Power Tools,SUP_D,1,199.43,0,0,0,34,0,28
2021-11-13,4,Power Tools,SUP_D,0,188.02,0,0,0,33,0,28
2021-11-14,4,Power Tools,SUP_D,1,197.44,0,0,0,36,0,28
2021-11-15,4,Power Tools,SUP_D,1,199.77,0,0,0,39,0,28
2021-11-16,4,Power Tools,SUP_D,2,199.78,0,0,0,23,0,28
2021-11-17,4,Power Tools,SUP_D,1,194.71,0,0,0,23,0,28
2021-11-18,4,Power Tools,SUP_D,3,203.34,0,0,0,38,0,28
2021-11-19,4,Power Tools,SUP_D,1,196.9,0,0,0,23,0,28
2021-11-20,4,Power Tools,SUP_D,2,201.52,0,0,0,27,0,28
2021-11-21,4,Power Tools,SUP_D,0,189.77,0,0,0,34,0,28
2021-11-22,4,Power Tools,SUP_D,0,200.67,0,1,0,33,0,28
2021-11-23,4,Power Tools,SUP_D,1,190.72,0,1,0,37,0,28
2021-11-24,4,Power Tools,SUP_D,0,202.0,0,1,0,27,0,28
2021-11-25,4,Power Tools,SUP_D,2,206.06,0,1,0,29,0,28
2021-11-26,4,Power Tools,SUP_D,1,193.7,0,1,0,25,0,28
2021-11-27,4,Power Tools,SUP_D,2,200.87,0,1,0,39,0,28
2021-11-28,4,Power Tools,SUP_D,1,193.38,0,1,0,30,0,28
2021-11-29,4,Power Tools,SUP_D,0,194.15,0,1,0,28,0,28
2021-11-30,4,Power Tools,SUP_D,5,201.59,0,1,0,19,0,28
2021-12-01,4,Power Tools,SUP_D,0,187.93,0,0,1,26,0,28
2021-12-02,4,Power Tools,SUP_D,2,189.61,0,0,1,27,0,28
2021-12-03,4,Power Tools,SUP_D,1,205.39,0,0,1,25,0,28
2021-12-04,4,Power Tools,SUP_D,1,195.84,0,0,1,27,0,28
2021-12-05,4,Power Tools,SUP_D,1,203.79,0,0,1,25,0,28
2021-12-06,4,Power Tools,SUP_D,1,193.21,0,0,1,25,0,28
2021-12-07,4,Power Tools,SUP_D,1,193.98,0,0,1,29,0,28
2021-12-08,4,Power Tools,SUP_D,1,202.57,0,0,1,32,0,28
2021-12-09,4,Power Tools,SUP_D,1,196.56,0,0,1,30,0,28
2021-12-10,4,Power Tools,SUP_D,0,190.54,0,0,1,38,0,28
2021-12-11,4,Power Tools,SUP_D,0,190.53,0,0,1,35,0,28
2021-12-12,4,Power Tools,SUP_D,1,197.74,0,0,1,28,0,28
2021-12-13,4,Power Tools,SUP_D,1,196.01,0,0,1,43,0,28
2021-12-14,4,Power Tools,SUP_D,1,199.3,0,0,1,38,0,28
2021-12-15,4,Power Tools,SUP_D,1,193.17,0,0,1,40,0,28
2021-12-16,4,Power Tools,SUP_D,1,192.55,0,0,1,28,0,28
2021-12-17,4,Power Tools,SUP_D,3,188.51,0,0,1,22,0,28
2021-12-18,4,Power Tools,SUP_D,1,189.33,0,0,1,28,0,28
2021-12-19,4,Power Tools,SUP_D,1,195.78,0,0,1,39,0,28
2021-12-20,4,Power Tools,SUP_D,0,193.04,0,0,1,41,0,28
2021-12-21,4,Power Tools,SUP_D,2,206.06,0,0,1,24,0,28
2021-12-22,4,Power Tools,SUP_D,3,201.9,0,0,1,27,0,28
2021-12-23,4,Power Tools,SUP_D,2,204.35,0,0,1,36,0,28
2021-12-24,4,Power Tools,SUP_D,1,190.9,0,0,1,41,0,28
2021-12-25,4,Power Tools,SUP_D,0,199.21,0,0,0,39,0,28
2021-12-26,4,Power Tools,SUP_D,1,188.61,0,0,0,33,0,28
2021-12-27,4,Power Tools,SUP_D,1,204.04,0,0,0,25,0,28
2021-12-28,4,Power Tools,SUP_D,1,193.45,0,0,0,32,0,28
2021-12-29,4,Power Tools,SUP_D,2,201.23,0,0,0,34,0,28
2021-12-30,4,Power Tools,SUP_D,1,202.58,0,0,0,41,0,28
2021-12-31,4,Power Tools,SUP_D,2,199.37,0,0,0,28,0,28
2022-01-01,4,Power Tools,SUP_D,2,129.36,1,0,0,27,0,28
2022-01-02,4,Power Tools,SUP_D,1,155.94,1,0,0,39,0,28
2022-01-03,4,Power Tools,SUP_D,0,193.39,0,0,0,43,0,28
2022-01-04,4,Power Tools,SUP_D,1,190.13,0,0,0,35,0,28
2022-01-05,4,Power Tools,SUP_D,0,195.38,0,0,0,33,0,28
2022-01-06,4,Power Tools,SUP_D,1,182.91,0,0,0,25,0,28
2022-01-07,4,Power Tools,SUP_D,0,196.63,0,0,0,37,0,28
2022-01-08,4,Power Tools,SUP_D,2,181.1,0,0,0,40,0,28
2022-01-09,4,Power Tools,SUP_D,2,193.27,0,0,0,32,0,28
2022-01-10,4,Power Tools,SUP_D,3,184.85,0,0,0,24,0,28
2022-01-11,4,Power Tools,SUP_D,1,195.93,0,0,0,36,0,28
2022-01-12,4,Power Tools,SUP_D,1,195.75,0,0,0,35,0,28
2022-01-13,4,Power Tools,SUP_D,1,187.38,0,0,0,34,0,28
2022-01-14,4,Power Tools,SUP_D,1,194.96,0,0,0,24,0,28
2022-01-15,4,Power Tools,SUP_D,0,184.02,0,0,0,42,0,28
2022-01-16,4,Power Tools,SUP_D,1,185.56,0,0,0,39,0,28
2022-01-17,4,Power Tools,SUP_D,0,178.22,0,0,0,24,0,28
2022-01-18,4,Power Tools,SUP_D,1,189.71,0,0,0,37,0,28
2022-01-19,4,Power Tools,SUP_D,0,182.93,0,0,0,28,0,28
2022-01-20,4,Power Tools,SUP_D,0,182.59,0,0,0,36,0,28
2022-01-21,4,Power Tools,SUP_D,1,188.06,0,0,0,27,0,28
2022-01-22,4,Power Tools,SUP_D,2,193.63,0,0,0,30,0,28
2022-01-23,4,Power Tools,SUP_D,1,189.87,0,0,0,41,0,28
2022-01-24,4,Power Tools,SUP_D,2,141.79,1,0,0,31,0,28
2022-01-25,4,Power Tools,SUP_D,1,144.42,1,0,0,27,0,28
2022-01-26,4,Power Tools,SUP_D,2,149.22,1,0,0,34,0,28
2022-01-27,4,Power Tools,SUP_D,1,154.85,1,0,0,38,0,28
2022-01-28,4,Power Tools,SUP_D,2,149.93,1,0,0,26,0,28
2022-01-29,4,Power Tools,SUP_D,0,138.3,1,0,0,33,0,28
2022-01-30,4,Power Tools,SUP_D,3,149.53,1,0,0,39,0,28
2022-01-31,4,Power Tools,SUP_D,3,192.24,0,0,0,38,0,28
2022-02-01,4,Power Tools,SUP_D,0,194.61,0,0,0,28,0,28
2022-02-02,4,Power Tools,SUP_D,1,186.54,0,0,0,41,0,28
2022-02-03,4,Power Tools,SUP_D,0,191.98,0,0,0,31,0,28
2022-02-04,4,Power Tools,SUP_D,0,195.61,0,0,0,26,0,28
2022-02-05,4,Power Tools,SUP_D,2,192.07,0,0,0,34,0,28
2022-02-06,4,Power Tools,SUP_D,1,192.97,0,0,0,36,0,28
2022-02-07,4,Power Tools,SUP_D,0,188.24,0,0,0,36,0,28
2022-02-08,4,Power Tools,SUP_D,1,179.92,0,0,0,24,0,28
2022-02-09,4,Power Tools,SUP_D,0,180.9,0,0,0,34,0,28
2022-02-10,4,Power Tools,SUP_D,2,181.87,0,0,0,22,0,28
2022-02-11,4,Power Tools,SUP_D,3,182.68,0,0,0,30,0,28
2022-02-12,4,Power Tools,SUP_D,1,186.94,0,0,0,25,0,28
2022-02-13,4,Power Tools,SUP_D,2,186.81,0,0,0,33,0,28
2022-02-14,4,Power Tools,SUP_D,3,131.84,1,0,0,21,0,28
2022-02-15,4,Power Tools,SUP_D,1,165.69,1,0,0,38,0,28
2022-02-16,4,Power Tools,SUP_D,2,150.66,1,0,0,23,0,28
2022-02-17,4,Power Tools,SUP_D,3,151.26,1,0,0,28,0,28
2022-02-18,4,Power Tools,SUP_D,3,130.86,1,0,0,27,0,28
2022-02-19,4,Power Tools,SUP_D,4,144.98,1,0,0,28,0,28
2022-02-20,4,Power Tools,SUP_D,1,166.11,1,0,0,34,0,28
2022-02-21,4,Power Tools,SUP_D,1,182.35,0,0,0,30,0,28
2022-02-22,4,Power Tools,SUP_D,1,188.18,0,0,0,40,0,28
2022-02-23,4,Power Tools,SUP_D,1,193.52,0,0,0,33,0,28
2022-02-24,4,Power Tools,SUP_D,1,191.75,0,0,0,23,0,28
2022-02-25,4,Power Tools,SUP_D,0,189.95,0,0,0,32,0,28
2022-02-26,4,Power Tools,SUP_D,2,180.62,0,0,0,40,0,28
2022-02-27,4,Power Tools,SUP_D,1,192.8,0,0,0,42,0,28
2022-02-28,4,Power Tools,SUP_D,1,190.6,0,0,0,33,0,28
2022-03-01,4,Power Tools,SUP_D,2,194.55,0,0,0,39,0,28
2022-03-02,4,Power Tools,SUP_D,3,192.06,0,0,0,33,0,28
2022-03-03,4,Power Tools,SUP_D,0,193.38,0,0,0,40,0,28
2022-03-04,4,Power Tools,SUP_D,2,194.99,0,0,0,28,0,28
2022-03-05,4,Power Tools,SUP_D,5,181.3,0,0,0,33,0,28
2022-03-06,4,Power Tools,SUP_D,0,190.41,0,0,0,26,0,28
2022-03-07,4,Power Tools,SUP_D,1,188.36,0,0,0,36,0,28
2022-03-08,4,Power Tools,SUP_D,3,182.73,0,0,0,32,0,28
2022-03-09,4,Power Tools,SUP_D,2,185.89,0,0,0,21,0,28
2022-03-10,4,Power Tools,SUP_D,0,195.74,0,0,0,39,0,28
2022-03-11,4,Power Tools,SUP_D,0,179.26,0,0,0,30,0,28
2022-03-12,4,Power Tools,SUP_D,1,188.19,0,0,0,28,0,28
2022-03-13,4,Power Tools,SUP_D,1,183.2,0,0,0,36,0,28
2022-03-14,4,Power Tools,SUP_D,2,187.96,0,0,0,25,0,28
2022-03-15,4,Power Tools,SUP_D,1,180.8,0,0,0,29,0,28
2022-03-16,4,Power Tools,SUP_D,1,188.89,0,0,0,32,0,28
2022-03-17,4,Power Tools,SUP_D,0,184.45,0,0,0,25,0,28
2022-03-18,4,Power Tools,SUP_D,0,179.75,0,0,0,27,0,28
2022-03-19,4,Power Tools,SUP_D,3,196.02,0,0,0,29,0,28
2022-03-20,4,Power Tools,SUP_D,3,189.25,0,0,0,31,0,28
2022-03-21,4,Power Tools,SUP_D,2,192.67,0,0,0,40,0,28
2022-03-22,4,Power Tools,SUP_D,1,191.04,0,0,0,26,0,28
2022-03-23,4,Power Tools,SUP_D,2,187.94,0,0,0,37,0,28
2022-03-24,4,Power Tools,SUP_D,0,178.97,0,0,0,33,0,28
2022-03-25,4,Power Tools,SUP_D,1,191.45,0,0,0,31,0,28
2022-03-26,4,Power Tools,SUP_D,0,183.71,0,0,0,30,0,28
2022-03-27,4,Power Tools,SUP_D,2,186.08,0,0,0,41,0,28
2022-03-28,4,Power Tools,SUP_D,1,180.07,0,0,0,38,0,28
2022-03-29,4,Power Tools,SUP_D,1,187.56,0,0,0,26,0,28
2022-03-30,4,Power Tools,SUP_D,0,195.62,0,0,0,41,0,28
2022-03-31,4,Power Tools,SUP_D,1,186.13,0,0,0,33,0,28
2022-04-01,4,Power Tools,SUP_D,2,190.28,0,0,0,28,0,28
2022-04-02,4,Power Tools,SUP_D,2,180.79,0,0,0,32,0,28
2022-04-03,4,Power Tools,SUP_D,2,193.45,0,0,0,26,0,28
2022-04-04,4,Power Tools,SUP_D,1,184.38,0,0,0,31,0,28
2022-04-05,4,Power Tools,SUP_D,1,186.83,0,0,0,23,0,28
2022-04-06,4,Power Tools,SUP_D,1,183.3,0,0,0,29,0,28
2022-04-07,4,Power Tools,SUP_D,0,184.77,0,0,0,33,0,28
2022-04-08,4,Power Tools,SUP_D,1,183.54,0,0,0,35,0,28
2022-04-09,4,Power Tools,SUP_D,4,182.91,0,0,0,37,0,28
2022-04-10,4,Power Tools,SUP_D,0,189.11,0,0,0,43,0,28
2022-04-11,4,Power Tools,SUP_D,1,192.02,0,0,0,30,0,28
2022-04-12,4,Power Tools,SUP_D,1,186.88,0,0,0,38,0,28
2022-04-13,4,Power Tools,SUP_D,0,181.42,0,0,0,23,0,28
2022-04-14,4,Power Tools,SUP_D,2,178.82,0,0,0,34,0,28
2022-04-15,4,Power Tools,SUP_D,0,187.51,0,0,0,31,0,28
2022-04-16,4,Power Tools,SUP_D,1,179.7,0,0,0,38,0,28
2022-04-17,4,Power Tools,SUP_D,0,193.01,0,0,0,39,0,28
2022-04-18,4,Power Tools,SUP_D,2,151.29,1,0,0,25,0,28
2022-04-19,4,Power Tools,SUP_D,5,143.66,1,0,0,35,0,28
2022-04-20,4,Power Tools,SUP_D,3,151.53,1,0,0,32,0,28
2022-04-21,4,Power Tools,SUP_D,2,143.76,1,0,0,37,0,28
2022-04-22,4,Power Tools,SUP_D,1,149.04,1,0,0,23,0,28
2022-04-23,4,Power Tools,SUP_D,5,145.54,1,0,0,37,0,28
2022-04-24,4,Power Tools,SUP_D,4,155.86,1,0,0,28,0,28
2022-04-25,4,Power Tools,SUP_D,3,181.3,0,0,0,29,0,28
2022-04-26,4,Power Tools,SUP_D,2,196.54,0,0,0,27,0,28
2022-04-27,4,Power Tools,SUP_D,0,188.25,0,0,0,35,0,28
2022-04-28,4,Power Tools,SUP_D,1,185.64,0,0,0,29,0,28
2022-04-29,4,Power Tools,SUP_D,1,191.33,0,0,0,32,0,28
2022-04-30,4,Power Tools,SUP_D,2,194.79,0,0,0,26,0,28
2022-05-01,4,Power Tools,SUP_D,0,188.49,0,0,0,37,0,28
2022-05-02,4,Power Tools,SUP_D,1,182.28,0,0,0,25,0,28
2022-05-03,4,Power Tools,SUP_D,0,195.18,0,0,0,40,0,28
2022-05-04,4,Power Tools,SUP_D,0,178.88,0,0,0,25,0,28
2022-05-05,4,Power Tools,SUP_D,0,193.21,0,0,0,30,0,28
2022-05-06,4,Power Tools,SUP_D,0,185.43,0,0,0,26,0,28
2022-05-07,4,Power Tools,SUP_D,2,181.26,0,0,0,31,0,28
2022-05-08,4,Power Tools,SUP_D,1,179.34,0,0,0,29,0,28
2022-05-09,4,Power Tools,SUP_D,1,132.8,1,0,0,31,0,28
2022-05-10,4,Power Tools,SUP_D,0,155.13,1,0,0,32,0,28
2022-05-11,4,Power Tools,SUP_D,4,153.01,1,0,0,26,0,28
2022-05-12,4,Power Tools,SUP_D,1,130.94,1,0,0,25,0,28
2022-05-13,4,Power Tools,SUP_D,1,165.65,1,0,0,35,0,28
2022-05-14,4,Power Tools,SUP_D,3,137.92,1,0,0,37,0,28
2022-05-15,4,Power Tools,SUP_D,0,150.92,1,0,0,44,0,28
2022-05-16,4,Power Tools,SUP_D,2,190.78,0,0,0,34,0,28
2022-05-17,4,Power Tools,SUP_D,0,191.94,0,0,0,28,0,28
2022-05-18,4,Power Tools,SUP_D,1,195.71,0,0,0,34,0,28
2022-05-19,4,Power Tools,SUP_D,1,193.31,0,0,0,43,0,28
2022-05-20,4,Power Tools,SUP_D,1,182.11,0,0,0,26,0,28
2022-05-21,4,Power Tools,SUP_D,4,189.77,0,0,0,30,0,28
2022-05-22,4,Power Tools,SUP_D,2,190.01,0,0,0,35,0,28
2022-05-23,4,Power Tools,SUP_D,2,186.46,0,0,0,24,0,28
2022-05-24,4,Power Tools,SUP_D,0,187.77,0,0,0,25,0,28
2022-05-25,4,Power Tools,SUP_D,1,178.66,0,0,0,31,0,28
2022-05-26,4,Power Tools,SUP_D,0,179.27,0,0,0,29,0,28
2022-05-27,4,Power Tools,SUP_D,0,184.66,0,0,0,31,0,28
2022-05-28,4,Power Tools,SUP_D,1,178.11,0,0,0,37,0,28
2022-05-29,4,Power Tools,SUP_D,1,183.76,0,0,0,42,0,28
2022-05-30,4,Power Tools,SUP_D,0,189.35,0,0,0,28,0,28
2022-05-31,4,Power Tools,SUP_D,1,181.44,0,0,0,25,0,28
2022-06-01,4,Power Tools,SUP_D,4,191.68,0,0,0,25,0,28
2022-06-02,4,Power Tools,SUP_D,2,191.03,0,0,0,30,0,28
2022-06-03,4,Power Tools,SUP_D,3,189.6,0,0,0,29,0,28
2022-06-04,4,Power Tools,SUP_D,0,193.96,0,0,0,25,0,28
2022-06-05,4,Power Tools,SUP_D,0,181.71,0,0,0,30,0,28
2022-06-06,4,Power Tools,SUP_D,0,190.03,0,0,0,32,0,28
2022-06-07,4,Power Tools,SUP_D,1,186.21,0,0,0,30,0,28
2022-06-08,4,Power Tools,SUP_D,1,179.78,0,0,0,28,0,28
2022-06-09,4,Power Tools,SUP_D,1,185.17,0,0,0,33,0,28
2022-06-10,4,Power Tools,SUP_D,5,188.6,0,0,0,26,0,28
2022-06-11,4,Power Tools,SUP_D,1,193.18,0,0,0,25,0,28
2022-06-12,4,Power Tools,SUP_D,0,192.81,0,0,0,37,0,28
2022-06-13,4,Power Tools,SUP_D,2,181.65,0,0,0,28,0,28
2022-06-14,4,Power Tools,SUP_D,1,178.21,0,0,0,27,0,28
2022-06-15,4,Power Tools,SUP_D,1,193.47,0,0,0,36,0,28
2022-06-16,4,Power Tools,SUP_D,1,189.18,0,0,0,33,0,28
2022-06-17,4,Power Tools,SUP_D,1,191.3,0,0,0,33,0,28
2022-06-18,4,Power Tools,SUP_D,0,178.02,0,0,0,24,0,28
2022-06-19,4,Power Tools,SUP_D,0,184.96,0,0,0,30,0,28
2022-06-20,4,Power Tools,SUP_D,0,167.78,1,0,0,27,0,28
2022-06-21,4,Power Tools,SUP_D,1,155.83,1,0,0,33,0,28
2022-06-22,4,Power Tools,SUP_D,6,167.61,1,0,0,37,0,28
2022-06-23,4,Power Tools,SUP_D,1,151.91,1,0,0,27,0,28
2022-06-24,4,Power Tools,SUP_D,0,158.94,1,0,0,27,0,28
2022-06-25,4,Power Tools,SUP_D,3,171.06,1,0,0,25,0,28
2022-06-26,4,Power Tools,SUP_D,2,153.61,1,0,0,36,0,28
2022-06-27,4,Power Tools,SUP_D,0,193.3,0,0,0,29,0,28
2022-06-28,4,Power Tools,SUP_D,1,181.88,0,0,0,40,0,28
2022-06-29,4,Power Tools,SUP_D,0,188.56,0,0,0,40,0,28
2022-06-30,4,Power Tools,SUP_D,1,192.65,0,0,0,33,0,28
2022-07-01,4,Power Tools,SUP_D,0,183.95,0,0,0,35,0,28
2022-07-02,4,Power Tools,SUP_D,2,189.14,0,0,0,28,0,28
2022-07-03,4,Power Tools,SUP_D,0,195.73,0,0,0,30,0,28
2022-07-04,4,Power Tools,SUP_D,0,194.81,0,0,0,26,0,28
2022-07-05,4,Power Tools,SUP_D,2,193.83,0,0,0,37,0,28
2022-07-06,4,Power Tools,SUP_D,1,196.19,0,0,0,35,0,28
2022-07-07,4,Power Tools,SUP_D,2,188.57,0,0,0,39,0,28
2022-07-08,4,Power Tools,SUP_D,1,182.81,0,0,0,37,0,28
2022-07-09,4,Power Tools,SUP_D,1,180.56,0,0,0,32,0,28
2022-07-10,4,Power Tools,SUP_D,3,193.82,0,0,0,21,0,28
2022-07-11,4,Power Tools,SUP_D,1,195.24,0,0,0,32,0,28
2022-07-12,4,Power Tools,SUP_D,0,187.24,0,0,0,34,0,28
2022-07-13,4,Power Tools,SUP_D,2,196.02,0,0,0,41,0,28
2022-07-14,4,Power Tools,SUP_D,0,191.26,0,0,0,31,0,28
2022-07-15,4,Power Tools,SUP_D,2,196.5,0,0,0,29,0,28
2022-07-16,4,Power Tools,SUP_D,2,183.64,0,0,0,25,0,28
2022-07-17,4,Power Tools,SUP_D,2,178.09,0,0,0,30,0,28
2022-07-18,4,Power Tools,SUP_D,2,183.67,0,0,0,31,0,28
2022-07-19,4,Power Tools,SUP_D,0,179.4,0,0,0,27,0,28
2022-07-20,4,Power Tools,SUP_D,1,185.94,0,0,0,35,0,28
2022-07-21,4,Power Tools,SUP_D,2,195.84,0,0,0,23,0,28
2022-07-22,4,Power Tools,SUP_D,1,189.3,0,0,0,36,0,28
2022-07-23,4,Power Tools,SUP_D,1,184.86,0,0,0,31,0,28
2022-07-24,4,Power Tools,SUP_D,0,182.05,0,0,0,31,0,28
2022-07-25,4,Power Tools,SUP_D,3,183.75,0,0,0,22,0,28
2022-07-26,4,Power Tools,SUP_D,0,185.56,0,0,0,37,0,28
2022-07-27,4,Power Tools,SUP_D,2,193.38,0,0,0,30,0,28
2022-07-28,4,Power Tools,SUP_D,0,186.65,0,0,0,35,0,28
2022-07-29,4,Power Tools,SUP_D,1,180.76,0,0,0,24,0,28
2022-07-30,4,Power Tools,SUP_D,0,195.81,0,0,0,43,0,28
2022-07-31,4,Power Tools,SUP_D,2,196.39,0,0,0,41,0,28
2022-08-01,4,Power Tools,SUP_D,0,192.11,0,0,0,29,0,28
2022-08-02,4,Power Tools,SUP_D,1,194.66,0,0,0,22,0,28
2022-08-03,4,Power Tools,SUP_D,1,186.02,0,0,0,31,0,28
2022-08-04,4,Power Tools,SUP_D,1,190.97,0,0,0,23,0,28
2022-08-05,4,Power Tools,SUP_D,0,189.38,0,0,0,25,0,28
2022-08-06,4,Power Tools,SUP_D,3,178.92,0,0,0,40,0,28
2022-08-07,4,Power Tools,SUP_D,0,193.57,0,0,0,27,0,28
2022-08-08,4,Power Tools,SUP_D,1,195.73,0,0,0,23,0,28
2022-08-09,4,Power Tools,SUP_D,0,192.34,0,0,0,27,0,28
2022-08-10,4,Power Tools,SUP_D,0,178.88,0,0,0,34,0,28
2022-08-11,4,Power Tools,SUP_D,2,180.29,0,0,0,30,0,28
2022-08-12,4,Power Tools,SUP_D,0,184.22,0,0,0,36,0,28
2022-08-13,4,Power Tools,SUP_D,0,189.85,0,0,0,43,0,28
2022-08-14,4,Power Tools,SUP_D,2,185.87,0,0,0,39,0,28
2022-08-15,4,Power Tools,SUP_D,3,195.9,0,0,0,38,0,28
2022-08-16,4,Power Tools,SUP_D,1,186.39,0,0,0,25,0,28
2022-08-17,4,Power Tools,SUP_D,2,191.05,0,0,0,25,0,28
2022-08-18,4,Power Tools,SUP_D,1,185.31,0,0,0,29,0,28
2022-08-19,4,Power Tools,SUP_D,1,183.63,0,0,0,39,0,28
2022-08-20,4,Power Tools,SUP_D,3,184.45,0,0,0,21,0,28
2022-08-21,4,Power Tools,SUP_D,1,188.72,0,0,0,38,0,28
2022-08-22,4,Power Tools,SUP_D,1,127.58,1,0,0,36,0,28
2022-08-23,4,Power Tools,SUP_D,0,159.89,1,0,0,31,0,28
2022-08-24,4,Power Tools,SUP_D,0,162.25,1,0,0,43,0,28
2022-08-25,4,Power Tools,SUP_D,0,144.75,1,0,0,31,0,28
2022-08-26,4,Power Tools,SUP_D,2,147.79,1,0,0,39,0,28
2022-08-27,4,Power Tools,SUP_D,6,133.48,1,0,0,29,0,28
2022-08-28,4,Power Tools,SUP_D,2,156.65,1,0,0,34,0,28
2022-08-29,4,Power Tools,SUP_D,0,188.54,0,0,0,28,0,28
2022-08-30,4,Power Tools,SUP_D,3,193.82,0,0,0,32,0,28
2022-08-31,4,Power Tools,SUP_D,0,187.0,0,0,0,43,0,28
2022-09-01,4,Power Tools,SUP_D,1,196.75,0,0,0,29,0,28
2022-09-02,4,Power Tools,SUP_D,3,180.05,0,0,0,41,0,28
2022-09-03,4,Power Tools,SUP_D,0,189.18,0,0,0,28,0,28
2022-09-04,4,Power Tools,SUP_D,0,188.49,0,0,0,40,0,28
2022-09-05,4,Power Tools,SUP_D,1,189.7,0,0,0,38,0,28
2022-09-06,4,Power Tools,SUP_D,0,190.95,0,0,0,25,0,28
2022-09-07,4,Power Tools,SUP_D,1,192.66,0,0,0,29,0,28
2022-09-08,4,Power Tools,SUP_D,1,189.71,0,0,0,33,0,28
2022-09-09,4,Power Tools,SUP_D,1,193.7,0,0,0,25,0,28
2022-09-10,4,Power Tools,SUP_D,1,192.17,0,0,0,38,0,28
2022-09-11,4,Power Tools,SUP_D,2,180.54,0,0,0,26,0,28
2022-09-12,4,Power Tools,SUP_D,3,190.17,0,0,0,34,0,28
2022-09-13,4,Power Tools,SUP_D,2,182.81,0,0,0,38,0,28
2022-09-14,4,Power Tools,SUP_D,3,184.92,0,0,0,21,0,28
2022-09-15,4,Power Tools,SUP_D,1,188.75,0,0,0,42,0,28
2022-09-16,4,Power Tools,SUP_D,1,180.83,0,0,0,25,0,28
2022-09-17,4,Power Tools,SUP_D,2,194.37,0,0,0,28,0,28
2022-09-18,4,Power Tools,SUP_D,2,185.44,0,0,0,33,0,28
2022-09-19,4,Power Tools,SUP_D,0,194.62,0,0,0,26,0,28
2022-09-20,4,Power Tools,SUP_D,0,182.04,0,0,0,34,0,28
2022-09-21,4,Power Tools,SUP_D,1,179.59,0,0,0,27,0,28
2022-09-22,4,Power Tools,SUP_D,0,182.32,0,0,0,38,0,28
2022-09-23,4,Power Tools,SUP_D,1,182.91,0,0,0,43,0,28
2022-09-24,4,Power Tools,SUP_D,2,179.13,0,0,0,36,0,28
2022-09-25,4,Power Tools,SUP_D,0,185.99,0,0,0,27,0,28
2022-09-26,4,Power Tools,SUP_D,0,180.05,0,0,0,35,0,28
2022-09-27,4,Power Tools,SUP_D,1,183.17,0,0,0,36,0,28
2022-09-28,4,Power Tools,SUP_D,1,192.24,0,0,0,23,0,28
2022-09-29,4,Power Tools,SUP_D,1,185.1,0,0,0,22,0,28
2022-09-30,4,Power Tools,SUP_D,1,195.85,0,0,0,34,0,28
2022-10-01,4,Power Tools,SUP_D,1,182.44,0,0,0,26,0,28
