synthetic_ecommerce_demand_2021_2024.csv
date,sku_id,category,supplier_id,units_sold,price,promo_flag,is_black_friday_week,is_christmas_peak,stock_on_hand,stockout_flag,lead_time_days
2022-10-02,4,Power Tools,SUP_D,2,195.05,0,0,0,25,0,28
2022-10-03,4,Power Tools,SUP_D,2,183.57,0,0,0,22,0,28
2022-10-04,4,Power Tools,SUP_D,2,193.57,0,0,0,33,0,28
2022-10-05,4,Power Tools,SUP_D,0,186.46,0,0,0,32,0,28
2022-10-06,4,Power Tools,SUP_D,0,185.89,0,0,0,29,0,28
2022-10-07,4,Power Tools,SUP_D,1,180.0,0,0,0,41,0,28
2022-10-08,4,Power Tools,SUP_D,1,192.87,0,0,0,40,0,28
2022-10-09,4,Power Tools,SUP_D,0,191.38,0,0,0,36,0,28
2022-10-10,4,Power Tools,SUP_D,5,195.13,0,0,0,26,0,28
2022-10-11,4,Power Tools,SUP_D,2,178.98,0,0,0,41,0,28
2022-10-12,4,Power Tools,SUP_D,0,184.53,0,0,0,35,0,28
2022-10-13,4,Power Tools,SUP_D,0,193.72,0,0,0,27,0,28
2022-10-14,4,Power Tools,SUP_D,4,185.34,0,0,0,27,0,28
2022-10-15,4,Power Tools,SUP_D,3,183.76,0,0,0,22,0,28
2022-10-16,4,Power Tools,SUP_D,2,192.74,0,0,0,37,0,28
2022-10-17,4,Power Tools,SUP_D,0,180.99,0,0,0,30,0,28
2022-10-18,4,Power Tools,SUP_D,1,180.89,0,0,0,40,0,28
2022-10-19,4,Power Tools,SUP_D,1,187.88,0,0,0,28,0,28
2022-10-20,4,Power Tools,SUP_D,1,194.92,0,0,0,27,0,28
2022-10-21,4,Power Tools,SUP_D,2,195.43,0,0,0,25,0,28
2022-10-22,4,Power Tools,SUP_D,0,184.04,0,0,0,40,0,28
2022-10-23,4,Power Tools,SUP_D,0,182.5,0,0,0,32,0,28
2022-10-24,4,Power Tools,SUP_D,1,186.41,0,0,0,29,0,28
2022-10-25,4,Power Tools,SUP_D,0,191.85,0,0,0,33,0,28
2022-10-26,4,Power Tools,SUP_D,2,187.38,0,0,0,42,0,28
2022-10-27,4,Power Tools,SUP_D,1,190.23,0,0,0,26,0,28
2022-10-28,4,Power Tools,SUP_D,2,183.34,0,0,0,40,0,28
2022-10-29,4,Power Tools,SUP_D,0,186.11,0,0,0,39,0,28
2022-10-30,4,Power Tools,SUP_D,0,195.49,0,0,0,34,0,28
2022-10-31,4,Power Tools,SUP_D,1,194.27,0,0,0,42,0,28
2022-11-01,4,Power Tools,SUP_D,1,193.29,0,0,0,30,0,28
2022-11-02,4,Power Tools,SUP_D,0,202.11,0,0,0,43,0,28
2022-11-03,4,Power Tools,SUP_D,3,197.58,0,0,0,39,0,28
2022-11-04,4,Power Tools,SUP_D,0,187.57,0,0,0,25,0,28
2022-11-05,4,Power Tools,SUP_D,0,195.34,0,0,0,43,0,28
2022-11-06,4,Power Tools,SUP_D,2,197.38,0,0,0,28,0,28
2022-11-07,4,Power Tools,SUP_D,3,153.93,1,0,0,30,0,28
2022-11-08,4,Power Tools,SUP_D,2,151.45,1,0,0,27,0,28
2022-11-09,4,Power Tools,SUP_D,3,166.57,1,0,0,34,0,28
2022-11-10,4,Power Tools,SUP_D,6,149.08,1,0,0,31,0,28
2022-11-11,4,Power Tools,SUP_D,0,154.0,1,0,0,34,0,28
2022-11-12,4,Power Tools,SUP_D,1,168.08,1,0,0,26,0,28
2022-11-13,4,Power Tools,SUP_D,3,182.37,1,0,0,39,0,28
2022-11-14,4,Power Tools,SUP_D,1,194.89,0,0,0,41,0,28
2022-11-15,4,Power Tools,SUP_D,2,191.28,0,0,0,34,0,28
2022-11-16,4,Power Tools,SUP_D,2,205.18,0,0,0,27,0,28
2022-11-17,4,Power Tools,SUP_D,3,205.08,0,0,0,30,0,28
2022-11-18,4,Power Tools,SUP_D,0,200.13,0,0,0,26,0,28
2022-11-19,4,Power Tools,SUP_D,1,197.48,0,0,0,29,0,28
2022-11-20,4,Power Tools,SUP_D,0,202.2,0,0,0,33,0,28
2022-11-21,4,Power Tools,SUP_D,2,200.68,0,1,0,28,0,28
2022-11-22,4,Power Tools,SUP_D,2,200.28,0,1,0,33,0,28
2022-11-23,4,Power Tools,SUP_D,2,200.77,0,1,0,33,0,28
2022-11-24,4,Power Tools,SUP_D,0,199.9,0,1,0,41,0,28
2022-11-25,4,Power Tools,SUP_D,1,193.68,0,1,0,39,0,28
2022-11-26,4,Power Tools,SUP_D,0,187.52,0,1,0,26,0,28
2022-11-27,4,Power Tools,SUP_D,4,194.63,0,1,0,32,0,28
2022-11-28,4,Power Tools,SUP_D,1,199.58,0,1,0,30,0,28
2022-11-29,4,Power Tools,SUP_D,0,190.58,0,1,0,28,0,28
2022-11-30,4,Power Tools,SUP_D,1,194.15,0,0,0,38,0,28
2022-12-01,4,Power Tools,SUP_D,3,197.7,0,0,1,40,0,28
2022-12-02,4,Power Tools,SUP_D,2,201.04,0,0,1,23,0,28
2022-12-03,4,Power Tools,SUP_D,3,187.44,0,0,1,22,0,28
2022-12-04,4,Power Tools,SUP_D,1,188.95,0,0,1,42,0,28
2022-12-05,4,Power Tools,SUP_D,1,197.22,0,0,1,24,0,28
2022-12-06,4,Power Tools,SUP_D,2,190.41,0,0,1,29,0,28
2022-12-07,4,Power Tools,SUP_D,1,198.56,0,0,1,37,0,28
2022-12-08,4,Power Tools,SUP_D,2,190.03,0,0,1,32,0,28
2022-12-09,4,Power Tools,SUP_D,0,191.95,0,0,1,35,0,28
2022-12-10,4,Power Tools,SUP_D,1,191.26,0,0,1,43,0,28
2022-12-11,4,Power Tools,SUP_D,1,188.98,0,0,1,37,0,28
2022-12-12,4,Power Tools,SUP_D,1,199.24,0,0,1,33,0,28
2022-12-13,4,Power Tools,SUP_D,2,204.52,0,0,1,39,0,28
2022-12-14,4,Power Tools,SUP_D,2,204.04,0,0,1,33,0,28
2022-12-15,4,Power Tools,SUP_D,0,198.18,0,0,1,27,0,28
2022-12-16,4,Power Tools,SUP_D,0,199.64,0,0,1,43,0,28
2022-12-17,4,Power Tools,SUP_D,2,199.64,0,0,1,36,0,28
2022-12-18,4,Power Tools,SUP_D,0,189.2,0,0,1,39,0,28
2022-12-19,4,Power Tools,SUP_D,1,204.63,0,0,1,43,0,28
2022-12-20,4,Power Tools,SUP_D,2,190.98,0,0,1,41,0,28
2022-12-21,4,Power Tools,SUP_D,2,203.99,0,0,1,22,0,28
2022-12-22,4,Power Tools,SUP_D,0,190.76,0,0,1,38,0,28
2022-12-23,4,Power Tools,SUP_D,2,203.75,0,0,1,41,0,28
2022-12-24,4,Power Tools,SUP_D,0,203.16,0,0,1,43,0,28
2022-12-25,4,Power Tools,SUP_D,1,205.7,0,0,0,24,0,28
2022-12-26,4,Power Tools,SUP_D,2,168.5,1,0,0,35,0,28
2022-12-27,4,Power Tools,SUP_D,1,168.35,1,0,0,41,0,28
2022-12-28,4,Power Tools,SUP_D,1,146.77,1,0,0,26,0,28
2022-12-29,4,Power Tools,SUP_D,5,170.19,1,0,0,24,0,28
2022-12-30,4,Power Tools,SUP_D,1,150.66,1,0,0,36,0,28
2022-12-31,4,Power Tools,SUP_D,0,169.74,1,0,0,29,0,28
2023-01-01,4,Power Tools,SUP_D,2,178.55,0,0,0,33,0,28
2023-01-02,4,Power Tools,SUP_D,0,193.19,0,0,0,25,0,28
2023-01-03,4,Power Tools,SUP_D,1,188.43,0,0,0,23,0,28
2023-01-04,4,Power Tools,SUP_D,0,181.75,0,0,0,36,0,28
2023-01-05,4,Power Tools,SUP_D,0,180.71,0,0,0,24,0,28
2023-01-06,4,Power Tools,SUP_D,3,180.3,0,0,0,30,0,28
2023-01-07,4,Power Tools,SUP_D,1,185.1,0,0,0,32,0,28
2023-01-08,4,Power Tools,SUP_D,0,178.73,0,0,0,25,0,28
2023-01-09,4,Power Tools,SUP_D,0,183.22,0,0,0,27,0,28
2023-01-10,4,Power Tools,SUP_D,0,181.49,0,0,0,26,0,28
2023-01-11,4,Power Tools,SUP_D,0,185.46,0,0,0,39,0,28
2023-01-12,4,Power Tools,SUP_D,3,180.37,0,0,0,40,0,28
2023-01-13,4,Power Tools,SUP_D,2,185.53,0,0,0,23,0,28
2023-01-14,4,Power Tools,SUP_D,2,180.86,0,0,0,38,0,28
2023-01-15,4,Power Tools,SUP_D,0,193.18,0,0,0,32,0,28
2023-01-16,4,Power Tools,SUP_D,1,194.55,0,0,0,38,0,28
2023-01-17,4,Power Tools,SUP_D,1,180.43,0,0,0,26,0,28
2023-01-18,4,Power Tools,SUP_D,2,188.49,0,0,0,36,0,28
2023-01-19,4,Power Tools,SUP_D,2,194.74,0,0,0,31,0,28
2023-01-20,4,Power Tools,SUP_D,2,191.83,0,0,0,23,0,28
2023-01-21,4,Power Tools,SUP_D,1,183.96,0,0,0,32,0,28
2023-01-22,4,Power Tools,SUP_D,0,187.68,0,0,0,36,0,28
2023-01-23,4,Power Tools,SUP_D,1,183.83,0,0,0,31,0,28
2023-01-24,4,Power Tools,SUP_D,0,184.23,0,0,0,41,0,28
2023-01-25,4,Power Tools,SUP_D,0,186.33,0,0,0,30,0,28
2023-01-26,4,Power Tools,SUP_D,0,179.81,0,0,0,39,0,28
2023-01-27,4,Power Tools,SUP_D,3,180.86,0,0,0,36,0,28
2023-01-28,4,Power Tools,SUP_D,2,193.61,0,0,0,33,0,28
2023-01-29,4,Power Tools,SUP_D,0,187.74,0,0,0,30,0,28
2023-01-30,4,Power Tools,SUP_D,0,186.39,0,0,0,30,0,28
2023-01-31,4,Power Tools,SUP_D,0,184.55,0,0,0,27,0,28
2023-02-01,4,Power Tools,SUP_D,0,180.17,0,0,0,25,0,28
2023-02-02,4,Power Tools,SUP_D,3,191.61,0,0,0,32,0,28
2023-02-03,4,Power Tools,SUP_D,0,194.87,0,0,0,44,0,28
2023-02-04,4,Power Tools,SUP_D,1,188.4,0,0,0,25,0,28
2023-02-05,4,Power Tools,SUP_D,1,183.65,0,0,0,25,0,28
2023-02-06,4,Power Tools,SUP_D,0,188.74,0,0,0,43,0,28
2023-02-07,4,Power Tools,SUP_D,1,186.69,0,0,0,35,0,28
2023-02-08,4,Power Tools,SUP_D,2,181.53,0,0,0,40,0,28
2023-02-09,4,Power Tools,SUP_D,0,191.65,0,0,0,29,0,28
2023-02-10,4,Power Tools,SUP_D,1,181.9,0,0,0,31,0,28
2023-02-11,4,Power Tools,SUP_D,1,188.76,0,0,0,29,0,28
2023-02-12,4,Power Tools,SUP_D,2,186.09,0,0,0,39,0,28
2023-02-13,4,Power Tools,SUP_D,1,188.45,0,0,0,33,0,28
2023-02-14,4,Power Tools,SUP_D,2,194.6,0,0,0,34,0,28
2023-02-15,4,Power Tools,SUP_D,0,194.32,0,0,0,40,0,28
2023-02-16,4,Power Tools,SUP_D,0,180.36,0,0,0,35,0,28
2023-02-17,4,Power Tools,SUP_D,0,185.72,0,0,0,43,0,28
2023-02-18,4,Power Tools,SUP_D,0,181.87,0,0,0,37,0,28
2023-02-19,4,Power Tools,SUP_D,0,193.39,0,0,0,27,0,28
2023-02-20,4,Power Tools,SUP_D,1,190.36,0,0,0,34,0,28
2023-02-21,4,Power Tools,SUP_D,3,195.15,0,0,0,26,0,28
2023-02-22,4,Power Tools,SUP_D,1,179.25,0,0,0,34,0,28
2023-02-23,4,Power Tools,SUP_D,2,182.95,0,0,0,26,0,28
2023-02-24,4,Power Tools,SUP_D,2,185.85,0,0,0,24,0,28
2023-02-25,4,Power Tools,SUP_D,0,187.55,0,0,0,40,0,28
2023-02-26,4,Power Tools,SUP_D,3,178.78,0,0,0,22,0,28
2023-02-27,4,Power Tools,SUP_D,3,149.97,1,0,0,22,0,28
2023-02-28,4,Power Tools,SUP_D,4,130.18,1,0,0,24,0,28
2023-03-01,4,Power Tools,SUP_D,1,173.16,1,0,0,24,0,28
2023-03-02,4,Power Tools,SUP_D,2,148.16,1,0,0,40,0,28
2023-03-03,4,Power Tools,SUP_D,1,144.75,1,0,0,23,0,28
2023-03-04,4,Power Tools,SUP_D,1,152.4,1,0,0,39,0,28
2023-03-05,4,Power Tools,SUP_D,1,167.71,1,0,0,25,0,28
2023-03-06,4,Power Tools,SUP_D,1,193.23,0,0,0,41,0,28
2023-03-07,4,Power Tools,SUP_D,2,179.38,0,0,0,25,0,28
2023-03-08,4,Power Tools,SUP_D,0,192.25,0,0,0,32,0,28
2023-03-09,4,Power Tools,SUP_D,0,193.99,0,0,0,44,0,28
2023-03-10,4,Power Tools,SUP_D,1,179.48,0,0,0,30,0,28
2023-03-11,4,Power Tools,SUP_D,2,192.67,0,0,0,24,0,28
2023-03-12,4,Power Tools,SUP_D,1,194.13,0,0,0,25,0,28
2023-03-13,4,Power Tools,SUP_D,1,189.9,0,0,0,32,0,28
2023-03-14,4,Power Tools,SUP_D,1,187.64,0,0,0,34,0,28
2023-03-15,4,Power Tools,SUP_D,1,195.3,0,0,0,32,0,28
2023-03-16,4,Power Tools,SUP_D,0,190.48,0,0,0,34,0,28
2023-03-17,4,Power Tools,SUP_D,0,189.76,0,0,0,33,0,28
2023-03-18,4,Power Tools,SUP_D,2,185.33,0,0,0,23,0,28
2023-03-19,4,Power Tools,SUP_D,1,179.01,0,0,0,29,0,28
2023-03-20,4,Power Tools,SUP_D,0,151.24,1,0,0,39,0,28
2023-03-21,4,Power Tools,SUP_D,1,171.56,1,0,0,41,0,28
2023-03-22,4,Power Tools,SUP_D,3,147.14,1,0,0,26,0,28
2023-03-23,4,Power Tools,SUP_D,3,141.55,1,0,0,33,0,28
2023-03-24,4,Power Tools,SUP_D,3,164.5,1,0,0,36,0,28
2023-03-25,4,Power Tools,SUP_D,2,155.3,1,0,0,37,0,28
2023-03-26,4,Power Tools,SUP_D,0,162.07,1,0,0,25,0,28
2023-03-27,4,Power Tools,SUP_D,1,137.04,1,0,0,25,0,28
2023-03-28,4,Power Tools,SUP_D,0,146.97,1,0,0,41,0,28
2023-03-29,4,Power Tools,SUP_D,1,142.41,1,0,0,32,0,28
2023-03-30,4,Power Tools,SUP_D,2,154.13,1,0,0,22,0,28
2023-03-31,4,Power Tools,SUP_D,2,146.72,1,0,0,22,0,28
2023-04-01,4,Power Tools,SUP_D,1,163.12,1,0,0,33,0,28
2023-04-02,4,Power Tools,SUP_D,5,139.37,1,0,0,35,0,28
2023-04-03,4,Power Tools,SUP_D,0,191.8,0,0,0,34,0,28
2023-04-04,4,Power Tools,SUP_D,5,195.4,0,0,0,19,0,28
2023-04-05,4,Power Tools,SUP_D,1,187.14,0,0,0,39,0,28
2023-04-06,4,Power Tools,SUP_D,1,181.08,0,0,0,41,0,28
2023-04-07,4,Power Tools,SUP_D,1,188.58,0,0,0,31,0,28
2023-04-08,4,Power Tools,SUP_D,1,185.11,0,0,0,42,0,28
2023-04-09,4,Power Tools,SUP_D,3,186.76,0,0,0,35,0,28
2023-04-10,4,Power Tools,SUP_D,0,178.63,0,0,0,32,0,28
2023-04-11,4,Power Tools,SUP_D,1,184.02,0,0,0,41,0,28
2023-04-12,4,Power Tools,SUP_D,0,188.68,0,0,0,33,0,28
2023-04-13,4,Power Tools,SUP_D,2,180.69,0,0,0,33,0,28
2023-04-14,4,Power Tools,SUP_D,0,185.38,0,0,0,31,0,28
2023-04-15,4,Power Tools,SUP_D,0,183.65,0,0,0,30,0,28
2023-04-16,4,Power Tools,SUP_D,0,193.11,0,0,0,43,0,28
2023-04-17,4,Power Tools,SUP_D,0,180.11,0,0,0,43,0,28
2023-04-18,4,Power Tools,SUP_D,2,187.08,0,0,0,40,0,28
2023-04-19,4,Power Tools,SUP_D,1,191.22,0,0,0,39,0,28
2023-04-20,4,Power Tools,SUP_D,2,179.47,0,0,0,39,0,28
2023-04-21,4,Power Tools,SUP_D,0,178.94,0,0,0,41,0,28
2023-04-22,4,Power Tools,SUP_D,2,183.89,0,0,0,24,0,28
2023-04-23,4,Power Tools,SUP_D,1,189.3,0,0,0,31,0,28
2023-04-24,4,Power Tools,SUP_D,0,187.95,0,0,0,40,0,28
2023-04-25,4,Power Tools,SUP_D,2,193.2,0,0,0,36,0,28
2023-04-26,4,Power Tools,SUP_D,2,196.05,0,0,0,32,0,28
2023-04-27,4,Power Tools,SUP_D,0,186.89,0,0,0,23,0,28
2023-04-28,4,Power Tools,SUP_D,2,193.25,0,0,0,32,0,28
2023-04-29,4,Power Tools,SUP_D,0,181.01,0,0,0,40,0,28
2023-04-30,4,Power Tools,SUP_D,2,182.58,0,0,0,37,0,28
2023-05-01,4,Power Tools,SUP_D,1,195.55,0,0,0,27,0,28
2023-05-02,4,Power Tools,SUP_D,2,188.41,0,0,0,40,0,28
2023-05-03,4,Power Tools,SUP_D,2,192.79,0,0,0,40,0,28
2023-05-04,4,Power Tools,SUP_D,2,193.64,0,0,0,22,0,28
2023-05-05,4,Power Tools,SUP_D,1,187.14,0,0,0,37,0,28
2023-05-06,4,Power Tools,SUP_D,2,182.21,0,0,0,42,0,28
2023-05-07,4,Power Tools,SUP_D,0,190.48,0,0,0,43,0,28
2023-05-08,4,Power Tools,SUP_D,2,187.93,0,0,0,28,0,28
2023-05-09,4,Power Tools,SUP_D,0,193.07,0,0,0,25,0,28
2023-05-10,4,Power Tools,SUP_D,2,180.55,0,0,0,38,0,28
2023-05-11,4,Power Tools,SUP_D,2,179.41,0,0,0,25,0,28
2023-05-12,4,Power Tools,SUP_D,0,181.6,0,0,0,37,0,28
2023-05-13,4,Power Tools,SUP_D,0,178.72,0,0,0,24,0,28
2023-05-14,4,Power Tools,SUP_D,2,190.67,0,0,0,33,0,28
2023-05-15,4,Power Tools,SUP_D,0,193.72,0,0,0,30,0,28
2023-05-16,4,Power Tools,SUP_D,1,181.52,0,0,0,23,0,28
2023-05-17,4,Power Tools,SUP_D,2,193.36,0,0,0,22,0,28
2023-05-18,4,Power Tools,SUP_D,0,180.92,0,0,0,38,0,28
2023-05-19,4,Power Tools,SUP_D,0,192.49,0,0,0,24,0,28
2023-05-20,4,Power Tools,SUP_D,1,181.51,0,0,0,39,0,28
2023-05-21,4,Power Tools,SUP_D,1,178.63,0,0,0,38,0,28
2023-05-22,4,Power Tools,SUP_D,0,191.0,0,0,0,39,0,28
2023-05-23,4,Power Tools,SUP_D,0,183.56,0,0,0,38,0,28
2023-05-24,4,Power Tools,SUP_D,0,193.9,0,0,0,30,0,28
2023-05-25,4,Power Tools,SUP_D,1,180.78,0,0,0,28,0,28
2023-05-26,4,Power Tools,SUP_D,0,181.63,0,0,0,32,0,28
2023-05-27,4,Power Tools,SUP_D,1,179.52,0,0,0,29,0,28
2023-05-28,4,Power Tools,SUP_D,3,181.9,0,0,0,26,0,28
2023-05-29,4,Power Tools,SUP_D,0,195.69,0,0,0,32,0,28
2023-05-30,4,Power Tools,SUP_D,1,194.36,0,0,0,36,0,28
2023-05-31,4,Power Tools,SUP_D,3,180.25,0,0,0,21,0,28
2023-06-01,4,Power Tools,SUP_D,1,193.84,0,0,0,32,0,28
2023-06-02,4,Power Tools,SUP_D,3,195.73,0,0,0,34,0,28
2023-06-03,4,Power Tools,SUP_D,1,195.57,0,0,0,29,0,28
2023-06-04,4,Power Tools,SUP_D,2,195.1,0,0,0,31,0,28
2023-06-05,4,Power Tools,SUP_D,1,179.04,0,0,0,36,0,28
2023-06-06,4,Power Tools,SUP_D,0,184.65,0,0,0,30,0,28
2023-06-07,4,Power Tools,SUP_D,0,190.5,0,0,0,27,0,28
2023-06-08,4,Power Tools,SUP_D,1,183.39,0,0,0,29,0,28
2023-06-09,4,Power Tools,SUP_D,0,186.15,0,0,0,25,0,28
2023-06-10,4,Power Tools,SUP_D,1,184.35,0,0,0,36,0,28
2023-06-11,4,Power Tools,SUP_D,1,182.92,0,0,0,32,0,28
2023-06-12,4,Power Tools,SUP_D,2,187.0,0,0,0,42,0,28
2023-06-13,4,Power Tools,SUP_D,1,183.4,0,0,0,32,0,28
2023-06-14,4,Power Tools,SUP_D,0,182.64,0,0,0,38,0,28
2023-06-15,4,Power Tools,SUP_D,0,195.37,0,0,0,30,0,28
2023-06-16,4,Power Tools,SUP_D,1,186.97,0,0,0,41,0,28
2023-06-17,4,Power Tools,SUP_D,0,194.06,0,0,0,35,0,28
2023-06-18,4,Power Tools,SUP_D,1,192.28,0,0,0,25,0,28
2023-06-19,4,Power Tools,SUP_D,4,196.59,0,0,0,34,0,28
2023-06-20,4,Power Tools,SUP_D,0,188.07,0,0,0,38,0,28
2023-06-21,4,Power Tools,SUP_D,1,182.66,0,0,0,27,0,28
2023-06-22,4,Power Tools,SUP_D,1,196.04,0,0,0,27,0,28
2023-06-23,4,Power Tools,SUP_D,1,194.93,0,0,0,24,0,28
2023-06-24,4,Power Tools,SUP_D,2,193.78,0,0,0,40,0,28
2023-06-25,4,Power Tools,SUP_D,3,178.25,0,0,0,35,0,28
2023-06-26,4,Power Tools,SUP_D,0,193.54,0,0,0,35,0,28
2023-06-27,4,Power Tools,SUP_D,1,191.57,0,0,0,33,0,28
2023-06-28,4,Power Tools,SUP_D,1,179.12,0,0,0,33,0,28
2023-06-29,4,Power Tools,SUP_D,1,196.5,0,0,0,24,0,28
2023-06-30,4,Power Tools,SUP_D,1,178.05,0,0,0,42,0,28
2023-07-01,4,Power Tools,SUP_D,4,194.8,0,0,0,27,0,28
2023-07-02,4,Power Tools,SUP_D,1,186.41,0,0,0,42,0,28
2023-07-03,4,Power Tools,SUP_D,2,195.92,0,0,0,22,0,28
2023-07-04,4,Power Tools,SUP_D,2,189.34,0,0,0,37,0,28
2023-07-05,4,Power Tools,SUP_D,1,193.55,0,0,0,32,0,28
2023-07-06,4,Power Tools,SUP_D,0,179.34,0,0,0,36,0,28
2023-07-07,4,Power Tools,SUP_D,0,192.83,0,0,0,39,0,28
2023-07-08,4,Power Tools,SUP_D,1,190.55,0,0,0,42,0,28
2023-07-09,4,Power Tools,SUP_D,2,187.88,0,0,0,24,0,28
2023-07-10,4,Power Tools,SUP_D,5,139.17,1,0,0,22,0,28
2023-07-11,4,Power Tools,SUP_D,0,164.06,1,0,0,35,0,28
2023-07-12,4,Power Tools,SUP_D,4,144.69,1,0,0,24,0,28
2023-07-13,4,Power Tools,SUP_D,2,161.53,1,0,0,34,0,28
2023-07-14,4,Power Tools,SUP_D,0,142.52,1,0,0,29,0,28
2023-07-15,4,Power Tools,SUP_D,0,155.12,1,0,0,28,0,28
2023-07-16,4,Power Tools,SUP_D,3,128.57,1,0,0,26,0,28
2023-07-17,4,Power Tools,SUP_D,2,186.85,0,0,0,37,0,28
2023-07-18,4,Power Tools,SUP_D,1,179.51,0,0,0,39,0,28
2023-07-19,4,Power Tools,SUP_D,1,192.2,0,0,0,25,0,28
2023-07-20,4,Power Tools,SUP_D,2,180.67,0,0,0,31,0,28
2023-07-21,4,Power Tools,SUP_D,1,187.37,0,0,0,24,0,28
2023-07-22,4,Power Tools,SUP_D,0,191.36,0,0,0,38,0,28
2023-07-23,4,Power Tools,SUP_D,1,192.75,0,0,0,31,0,28
2023-07-24,4,Power Tools,SUP_D,1,194.07,0,0,0,36,0,28
2023-07-25,4,Power Tools,SUP_D,2,178.11,0,0,0,31,0,28
2023-07-26,4,Power Tools,SUP_D,0,183.77,0,0,0,40,0,28
2023-07-27,4,Power Tools,SUP_D,1,178.41,0,0,0,31,0,28
2023-07-28,4,Power Tools,SUP_D,0,190.7,0,0,0,33,0,28
2023-07-29,4,Power Tools,SUP_D,1,193.54,0,0,0,27,0,28
2023-07-30,4,Power Tools,SUP_D,0,188.59,0,0,0,30,0,28
2023-07-31,4,Power Tools,SUP_D,1,144.61,1,0,0,30,0,28
2023-08-01,4,Power Tools,SUP_D,3,150.58,1,0,0,35,0,28
2023-08-02,4,Power Tools,SUP_D,3,174.81,1,0,0,35,0,28
2023-08-03,4,Power Tools,SUP_D,3,154.56,1,0,0,31,0,28
2023-08-04,4,Power Tools,SUP_D,3,139.01,1,0,0,27,0,28
2023-08-05,4,Power Tools,SUP_D,0,134.21,1,0,0,28,0,28
2023-08-06,4,Power Tools,SUP_D,3,171.08,1,0,0,31,0,28
2023-08-07,4,Power Tools,SUP_D,2,178.33,0,0,0,24,0,28
2023-08-08,4,Power Tools,SUP_D,1,190.16,0,0,0,33,0,28
2023-08-09,4,Power Tools,SUP_D,0,182.11,0,0,0,25,0,28
2023-08-10,4,Power Tools,SUP_D,3,182.95,0,0,0,40,0,28
2023-08-11,4,Power Tools,SUP_D,0,179.08,0,0,0,35,0,28
2023-08-12,4,Power Tools,SUP_D,0,195.95,0,0,0,35,0,28
2023-08-13,4,Power Tools,SUP_D,4,178.22,0,0,0,27,0,28
2023-08-14,4,Power Tools,SUP_D,0,186.15,0,0,0,33,0,28
2023-08-15,4,Power Tools,SUP_D,0,178.45,0,0,0,26,0,28
2023-08-16,4,Power Tools,SUP_D,3,182.44,0,0,0,21,0,28
2023-08-17,4,Power Tools,SUP_D,1,193.67,0,0,0,36,0,28
2023-08-18,4,Power Tools,SUP_D,0,196.51,0,0,0,39,0,28
2023-08-19,4,Power Tools,SUP_D,1,194.97,0,0,0,32,0,28
2023-08-20,4,Power Tools,SUP_D,1,181.98,0,0,0,41,0,28
2023-08-21,4,Power Tools,SUP_D,2,187.31,0,0,0,24,0,28
2023-08-22,4,Power Tools,SUP_D,0,187.06,0,0,0,24,0,28
2023-08-23,4,Power Tools,SUP_D,1,194.25,0,0,0,23,0,28
2023-08-24,4,Power Tools,SUP_D,2,191.27,0,0,0,36,0,28
2023-08-25,4,Power Tools,SUP_D,1,192.72,0,0,0,35,0,28
2023-08-26,4,Power Tools,SUP_D,2,182.37,0,0,0,29,0,28
2023-08-27,4,Power Tools,SUP_D,0,184.33,0,0,0,32,0,28
