synthetic_ecommerce_demand_2021_2024.csv
date,sku_id,category,supplier_id,units_sold,price,promo_flag,is_black_friday_week,is_christmas_peak,stock_on_hand,stockout_flag,lead_time_days
2023-08-28,4,Power Tools,SUP_D,1,195.0,0,0,0,28,0,28
2023-08-29,4,Power Tools,SUP_D,2,180.09,0,0,0,32,0,28
2023-08-30,4,Power Tools,SUP_D,3,193.0,0,0,0,27,0,28
2023-08-31,4,Power Tools,SUP_D,1,187.11,0,0,0,33,0,28
2023-09-01,4,Power Tools,SUP_D,2,196.45,0,0,0,39,0,28
2023-09-02,4,Power Tools,SUP_D,1,179.35,0,0,0,27,0,28
2023-09-03,4,Power Tools,SUP_D,2,178.44,0,0,0,27,0,28
2023-09-04,4,Power Tools,SUP_D,0,179.93,0,0,0,43,0,28
2023-09-05,4,Power Tools,SUP_D,0,178.13,0,0,0,43,0,28
2023-09-06,4,Power Tools,SUP_D,1,178.6,0,0,0,25,0,28
2023-09-07,4,Power Tools,SUP_D,1,188.66,0,0,0,36,0,28
2023-09-08,4,Power Tools,SUP_D,0,187.16,0,0,0,43,0,28
2023-09-09,4,Power Tools,SUP_D,3,186.47,0,0,0,36,0,28
2023-09-10,4,Power Tools,SUP_D,4,185.62,0,0,0,23,0,28
2023-09-11,4,Power Tools,SUP_D,1,178.66,0,0,0,32,0,28
2023-09-12,4,Power Tools,SUP_D,3,180.92,0,0,0,28,0,28
2023-09-13,4,Power Tools,SUP_D,0,190.68,0,0,0,25,0,28
2023-09-14,4,Power Tools,SUP_D,1,189.17,0,0,0,39,0,28
2023-09-15,4,Power Tools,SUP_D,2,194.05,0,0,0,33,0,28
2023-09-16,4,Power Tools,SUP_D,2,195.76,0,0,0,32,0,28
2023-09-17,4,Power Tools,SUP_D,1,192.08,0,0,0,36,0,28
2023-09-18,4,Power Tools,SUP_D,1,181.2,0,0,0,37,0,28
2023-09-19,4,Power Tools,SUP_D,0,182.18,0,0,0,28,0,28
2023-09-20,4,Power Tools,SUP_D,0,186.01,0,0,0,29,0,28
2023-09-21,4,Power Tools,SUP_D,3,189.26,0,0,0,31,0,28
2023-09-22,4,Power Tools,SUP_D,0,178.91,0,0,0,37,0,28
2023-09-23,4,Power Tools,SUP_D,0,179.09,0,0,0,32,0,28
2023-09-24,4,Power Tools,SUP_D,3,196.48,0,0,0,36,0,28
2023-09-25,4,Power Tools,SUP_D,0,193.76,0,0,0,34,0,28
2023-09-26,4,Power Tools,SUP_D,0,180.49,0,0,0,32,0,28
2023-09-27,4,Power Tools,SUP_D,2,186.89,0,0,0,26,0,28
2023-09-28,4,Power Tools,SUP_D,2,187.57,0,0,0,37,0,28
2023-09-29,4,Power Tools,SUP_D,0,194.98,0,0,0,35,0,28
2023-09-30,4,Power Tools,SUP_D,3,191.68,0,0,0,21,0,28
2023-10-01,4,Power Tools,SUP_D,2,188.17,0,0,0,25,0,28
2023-10-02,4,Power Tools,SUP_D,1,190.06,0,0,0,31,0,28
2023-10-03,4,Power Tools,SUP_D,2,186.73,0,0,0,39,0,28
2023-10-04,4,Power Tools,SUP_D,0,188.91,0,0,0,28,0,28
2023-10-05,4,Power Tools,SUP_D,0,195.12,0,0,0,40,0,28
2023-10-06,4,Power Tools,SUP_D,0,193.69,0,0,0,26,0,28
2023-10-07,4,Power Tools,SUP_D,2,193.95,0,0,0,34,0,28
2023-10-08,4,Power Tools,SUP_D,2,187.16,0,0,0,35,0,28
2023-10-09,4,Power Tools,SUP_D,3,183.95,0,0,0,40,0,28
2023-10-10,4,Power Tools,SUP_D,2,190.81,0,0,0,34,0,28
2023-10-11,4,Power Tools,SUP_D,2,185.87,0,0,0,40,0,28
2023-10-12,4,Power Tools,SUP_D,1,187.78,0,0,0,23,0,28
2023-10-13,4,Power Tools,SUP_D,1,180.1,0,0,0,42,0,28
2023-10-14,4,Power Tools,SUP_D,2,193.82,0,0,0,41,0,28
2023-10-15,4,Power Tools,SUP_D,2,189.05,0,0,0,29,0,28
2023-10-16,4,Power Tools,SUP_D,2,181.82,0,0,0,23,0,28
2023-10-17,4,Power Tools,SUP_D,0,185.8,0,0,0,27,0,28
2023-10-18,4,Power Tools,SUP_D,4,194.49,0,0,0,40,0,28
2023-10-19,4,Power Tools,SUP_D,2,178.23,0,0,0,29,0,28
2023-10-20,4,Power Tools,SUP_D,3,180.75,0,0,0,38,0,28
2023-10-21,4,Power Tools,SUP_D,1,183.52,0,0,0,26,0,28
2023-10-22,4,Power Tools,SUP_D,3,179.1,0,0,0,27,0,28
2023-10-23,4,Power Tools,SUP_D,2,142.58,1,0,0,35,0,28
2023-10-24,4,Power Tools,SUP_D,1,156.3,1,0,0,40,0,28
2023-10-25,4,Power Tools,SUP_D,3,154.06,1,0,0,40,0,28
2023-10-26,4,Power Tools,SUP_D,3,158.92,1,0,0,34,0,28
2023-10-27,4,Power Tools,SUP_D,3,135.71,1,0,0,32,0,28
2023-10-28,4,Power Tools,SUP_D,0,127.4,1,0,0,37,0,28
2023-10-29,4,Power Tools,SUP_D,2,141.03,1,0,0,25,0,28
2023-10-30,4,Power Tools,SUP_D,1,187.7,0,0,0,32,0,28
2023-10-31,4,Power Tools,SUP_D,1,191.19,0,0,0,34,0,28
2023-11-01,4,Power Tools,SUP_D,1,202.21,0,0,0,28,0,28
2023-11-02,4,Power Tools,SUP_D,0,189.91,0,0,0,28,0,28
2023-11-03,4,Power Tools,SUP_D,1,198.7,0,0,0,28,0,28
2023-11-04,4,Power Tools,SUP_D,2,198.63,0,0,0,25,0,28
2023-11-05,4,Power Tools,SUP_D,0,195.12,0,0,0,41,0,28
2023-11-06,4,Power Tools,SUP_D,0,199.03,0,0,0,41,0,28
2023-11-07,4,Power Tools,SUP_D,3,203.71,0,0,0,38,0,28
2023-11-08,4,Power Tools,SUP_D,1,196.31,0,0,0,27,0,28
2023-11-09,4,Power Tools,SUP_D,2,202.0,0,0,0,31,0,28
2023-11-10,4,Power Tools,SUP_D,3,199.83,0,0,0,33,0,28
2023-11-11,4,Power Tools,SUP_D,2,194.5,0,0,0,37,0,28
2023-11-12,4,Power Tools,SUP_D,2,196.64,0,0,0,41,0,28
2023-11-13,4,Power Tools,SUP_D,1,170.24,1,0,0,34,0,28
2023-11-14,4,Power Tools,SUP_D,1,151.96,1,0,0,33,0,28
2023-11-15,4,Power Tools,SUP_D,3,165.11,1,0,0,35,0,28
2023-11-16,4,Power Tools,SUP_D,1,146.18,1,0,0,42,0,28
2023-11-17,4,Power Tools,SUP_D,4,169.27,1,0,0,32,0,28
2023-11-18,4,Power Tools,SUP_D,2,146.35,1,0,0,26,0,28
2023-11-19,4,Power Tools,SUP_D,2,176.26,1,0,0,28,0,28
2023-11-20,4,Power Tools,SUP_D,1,191.18,0,1,0,29,0,28
2023-11-21,4,Power Tools,SUP_D,2,190.24,0,1,0,24,0,28
2023-11-22,4,Power Tools,SUP_D,3,195.95,0,1,0,25,0,28
2023-11-23,4,Power Tools,SUP_D,0,190.26,0,1,0,44,0,28
2023-11-24,4,Power Tools,SUP_D,2,193.71,0,1,0,28,0,28
2023-11-25,4,Power Tools,SUP_D,1,204.88,0,1,0,37,0,28
2023-11-26,4,Power Tools,SUP_D,0,194.12,0,1,0,26,0,28
2023-11-27,4,Power Tools,SUP_D,0,205.35,0,1,0,38,0,28
2023-11-28,4,Power Tools,SUP_D,0,193.54,0,1,0,32,0,28
2023-11-29,4,Power Tools,SUP_D,2,197.04,0,0,0,24,0,28
2023-11-30,4,Power Tools,SUP_D,1,190.08,0,0,0,28,0,28
2023-12-01,4,Power Tools,SUP_D,0,192.7,0,0,1,41,0,28
2023-12-02,4,Power Tools,SUP_D,1,197.12,0,0,1,26,0,28
2023-12-03,4,Power Tools,SUP_D,2,204.67,0,0,1,39,0,28
2023-12-04,4,Power Tools,SUP_D,1,196.46,0,0,1,35,0,28
2023-12-05,4,Power Tools,SUP_D,0,197.81,0,0,1,40,0,28
2023-12-06,4,Power Tools,SUP_D,1,192.79,0,0,1,28,0,28
2023-12-07,4,Power Tools,SUP_D,0,195.45,0,0,1,39,0,28
2023-12-08,4,Power Tools,SUP_D,2,198.1,0,0,1,37,0,28
2023-12-09,4,Power Tools,SUP_D,4,204.3,0,0,1,35,0,28
2023-12-10,4,Power Tools,SUP_D,1,191.92,0,0,1,41,0,28
2023-12-11,4,Power Tools,SUP_D,2,168.56,1,0,1,28,0,28
2023-12-12,4,Power Tools,SUP_D,4,160.26,1,0,1,37,0,28
2023-12-13,4,Power Tools,SUP_D,3,168.49,1,0,1,33,0,28
2023-12-14,4,Power Tools,SUP_D,2,149.48,1,0,1,33,0,28
2023-12-15,4,Power Tools,SUP_D,0,165.22,1,0,1,32,0,28
2023-12-16,4,Power Tools,SUP_D,3,153.25,1,0,1,29,0,28
2023-12-17,4,Power Tools,SUP_D,1,174.83,1,0,1,30,0,28
2023-12-18,4,Power Tools,SUP_D,0,195.25,0,0,1,39,0,28
2023-12-19,4,Power Tools,SUP_D,0,201.35,0,0,1,37,0,28
2023-12-20,4,Power Tools,SUP_D,0,199.29,0,0,1,29,0,28
2023-12-21,4,Power Tools,SUP_D,0,194.59,0,0,1,28,0,28
2023-12-22,4,Power Tools,SUP_D,4,194.27,0,0,1,36,0,28
2023-12-23,4,Power Tools,SUP_D,1,195.1,0,0,1,27,0,28
2023-12-24,4,Power Tools,SUP_D,0,190.76,0,0,1,31,0,28
2023-12-25,4,Power Tools,SUP_D,0,198.11,0,0,0,36,0,28
2023-12-26,4,Power Tools,SUP_D,1,199.88,0,0,0,30,0,28
2023-12-27,4,Power Tools,SUP_D,2,187.55,0,0,0,36,0,28
2023-12-28,4,Power Tools,SUP_D,1,195.76,0,0,0,24,0,28
2023-12-29,4,Power Tools,SUP_D,1,202.37,0,0,0,26,0,28
2023-12-30,4,Power Tools,SUP_D,2,205.55,0,0,0,36,0,28
2023-12-31,4,Power Tools,SUP_D,1,204.24,0,0,0,41,0,28
2024-01-01,4,Power Tools,SUP_D,2,147.16,1,0,0,23,0,28
2024-01-02,4,Power Tools,SUP_D,1,149.04,1,0,0,40,0,28
2024-01-03,4,Power Tools,SUP_D,2,157.64,1,0,0,31,0,28
2024-01-04,4,Power Tools,SUP_D,1,148.74,1,0,0,23,0,28
2024-01-05,4,Power Tools,SUP_D,1,161.14,1,0,0,33,0,28
2024-01-06,4,Power Tools,SUP_D,1,158.93,1,0,0,26,0,28
2024-01-07,4,Power Tools,SUP_D,3,129.18,1,0,0,38,0,28
2024-01-08,4,Power Tools,SUP_D,2,189.86,0,0,0,35,0,28
2024-01-09,4,Power Tools,SUP_D,2,195.28,0,0,0,23,0,28
2024-01-10,4,Power Tools,SUP_D,0,184.41,0,0,0,39,0,28
2024-01-11,4,Power Tools,SUP_D,2,184.63,0,0,0,35,0,28
2024-01-12,4,Power Tools,SUP_D,0,188.27,0,0,0,35,0,28
2024-01-13,4,Power Tools,SUP_D,2,190.92,0,0,0,22,0,28
2024-01-14,4,Power Tools,SUP_D,1,180.2,0,0,0,23,0,28
2024-01-15,4,Power Tools,SUP_D,0,139.42,1,0,0,25,0,28
2024-01-16,4,Power Tools,SUP_D,1,150.16,1,0,0,35,0,28
2024-01-17,4,Power Tools,SUP_D,2,154.48,1,0,0,32,0,28
2024-01-18,4,Power Tools,SUP_D,4,154.23,1,0,0,40,0,28
2024-01-19,4,Power Tools,SUP_D,1,156.98,1,0,0,40,0,28
2024-01-20,4,Power Tools,SUP_D,3,135.85,1,0,0,40,0,28
2024-01-21,4,Power Tools,SUP_D,3,136.0,1,0,0,34,0,28
2024-01-22,4,Power Tools,SUP_D,2,193.55,0,0,0,35,0,28
2024-01-23,4,Power Tools,SUP_D,1,178.97,0,0,0,40,0,28
2024-01-24,4,Power Tools,SUP_D,1,195.36,0,0,0,31,0,28
2024-01-25,4,Power Tools,SUP_D,0,179.13,0,0,0,32,0,28
2024-01-26,4,Power Tools,SUP_D,1,191.46,0,0,0,32,0,28
2024-01-27,4,Power Tools,SUP_D,1,192.2,0,0,0,41,0,28
2024-01-28,4,Power Tools,SUP_D,2,179.85,0,0,0,34,0,28
2024-01-29,4,Power Tools,SUP_D,0,193.72,0,0,0,43,0,28
2024-01-30,4,Power Tools,SUP_D,0,185.06,0,0,0,42,0,28
2024-01-31,4,Power Tools,SUP_D,1,192.02,0,0,0,27,0,28
2024-02-01,4,Power Tools,SUP_D,2,180.09,0,0,0,40,0,28
2024-02-02,4,Power Tools,SUP_D,1,180.67,0,0,0,23,0,28
2024-02-03,4,Power Tools,SUP_D,2,195.92,0,0,0,32,0,28
2024-02-04,4,Power Tools,SUP_D,2,196.48,0,0,0,25,0,28
2024-02-05,4,Power Tools,SUP_D,1,195.91,0,0,0,32,0,28
2024-02-06,4,Power Tools,SUP_D,0,182.17,0,0,0,32,0,28
2024-02-07,4,Power Tools,SUP_D,3,189.08,0,0,0,32,0,28
2024-02-08,4,Power Tools,SUP_D,0,195.96,0,0,0,25,0,28
2024-02-09,4,Power Tools,SUP_D,1,195.73,0,0,0,33,0,28
2024-02-10,4,Power Tools,SUP_D,1,187.97,0,0,0,29,0,28
2024-02-11,4,Power Tools,SUP_D,2,179.22,0,0,0,30,0,28
2024-02-12,4,Power Tools,SUP_D,0,183.62,0,0,0,26,0,28
2024-02-13,4,Power Tools,SUP_D,1,183.35,0,0,0,25,0,28
2024-02-14,4,Power Tools,SUP_D,1,193.69,0,0,0,33,0,28
2024-02-15,4,Power Tools,SUP_D,0,191.8,0,0,0,29,0,28
2024-02-16,4,Power Tools,SUP_D,1,187.64,0,0,0,33,0,28
2024-02-17,4,Power Tools,SUP_D,1,195.6,0,0,0,34,0,28
2024-02-18,4,Power Tools,SUP_D,4,186.96,0,0,0,33,0,28
2024-02-19,4,Power Tools,SUP_D,1,193.39,0,0,0,26,0,28
2024-02-20,4,Power Tools,SUP_D,0,191.81,0,0,0,36,0,28
2024-02-21,4,Power Tools,SUP_D,0,189.91,0,0,0,39,0,28
2024-02-22,4,Power Tools,SUP_D,0,188.91,0,0,0,40,0,28
2024-02-23,4,Power Tools,SUP_D,1,179.48,0,0,0,39,0,28
2024-02-24,4,Power Tools,SUP_D,2,190.39,0,0,0,33,0,28
2024-02-25,4,Power Tools,SUP_D,2,182.78,0,0,0,30,0,28
2024-02-26,4,Power Tools,SUP_D,0,146.19,1,0,0,37,0,28
2024-02-27,4,Power Tools,SUP_D,3,136.73,1,0,0,39,0,28
2024-02-28,4,Power Tools,SUP_D,3,170.62,1,0,0,26,0,28
2024-02-29,4,Power Tools,SUP_D,3,146.81,1,0,0,30,0,28
2024-03-01,4,Power Tools,SUP_D,1,149.03,1,0,0,24,0,28
2024-03-02,4,Power Tools,SUP_D,2,159.01,1,0,0,30,0,28
2024-03-03,4,Power Tools,SUP_D,2,153.08,1,0,0,34,0,28
2024-03-04,4,Power Tools,SUP_D,2,191.86,0,0,0,42,0,28
2024-03-05,4,Power Tools,SUP_D,2,184.7,0,0,0,36,0,28
2024-03-06,4,Power Tools,SUP_D,1,185.92,0,0,0,42,0,28
2024-03-07,4,Power Tools,SUP_D,0,190.21,0,0,0,32,0,28
2024-03-08,4,Power Tools,SUP_D,1,181.32,0,0,0,33,0,28
2024-03-09,4,Power Tools,SUP_D,1,181.68,0,0,0,29,0,28
2024-03-10,4,Power Tools,SUP_D,2,178.38,0,0,0,29,0,28
2024-03-11,4,Power Tools,SUP_D,2,188.44,0,0,0,23,0,28
2024-03-12,4,Power Tools,SUP_D,1,188.28,0,0,0,36,0,28
2024-03-13,4,Power Tools,SUP_D,1,193.56,0,0,0,30,0,28
2024-03-14,4,Power Tools,SUP_D,1,195.39,0,0,0,43,0,28
2024-03-15,4,Power Tools,SUP_D,3,194.3,0,0,0,29,0,28
2024-03-16,4,Power Tools,SUP_D,0,195.37,0,0,0,38,0,28
2024-03-17,4,Power Tools,SUP_D,3,189.71,0,0,0,31,0,28
2024-03-18,4,Power Tools,SUP_D,1,178.16,0,0,0,26,0,28
2024-03-19,4,Power Tools,SUP_D,0,183.47,0,0,0,31,0,28
2024-03-20,4,Power Tools,SUP_D,1,187.13,0,0,0,33,0,28
2024-03-21,4,Power Tools,SUP_D,1,182.88,0,0,0,32,0,28
2024-03-22,4,Power Tools,SUP_D,1,183.51,0,0,0,38,0,28
2024-03-23,4,Power Tools,SUP_D,3,191.62,0,0,0,26,0,28
2024-03-24,4,Power Tools,SUP_D,0,194.52,0,0,0,30,0,28
2024-03-25,4,Power Tools,SUP_D,0,196.09,0,0,0,24,0,28
2024-03-26,4,Power Tools,SUP_D,1,187.46,0,0,0,31,0,28
2024-03-27,4,Power Tools,SUP_D,3,194.35,0,0,0,33,0,28
2024-03-28,4,Power Tools,SUP_D,1,178.77,0,0,0,32,0,28
2024-03-29,4,Power Tools,SUP_D,1,179.12,0,0,0,27,0,28
2024-03-30,4,Power Tools,SUP_D,0,179.06,0,0,0,32,0,28
2024-03-31,4,Power Tools,SUP_D,3,178.22,0,0,0,30,0,28
2024-04-01,4,Power Tools,SUP_D,2,192.56,0,0,0,29,0,28
2024-04-02,4,Power Tools,SUP_D,3,185.54,0,0,0,40,0,28
2024-04-03,4,Power Tools,SUP_D,1,179.27,0,0,0,24,0,28
2024-04-04,4,Power Tools,SUP_D,1,189.41,0,0,0,23,0,28
2024-04-05,4,Power Tools,SUP_D,1,195.91,0,0,0,29,0,28
2024-04-06,4,Power Tools,SUP_D,1,195.58,0,0,0,32,0,28
2024-04-07,4,Power Tools,SUP_D,1,195.45,0,0,0,29,0,28
2024-04-08,4,Power Tools,SUP_D,0,189.17,0,0,0,33,0,28
2024-04-09,4,Power Tools,SUP_D,0,187.79,0,0,0,35,0,28
2024-04-10,4,Power Tools,SUP_D,2,187.57,0,0,0,23,0,28
2024-04-11,4,Power Tools,SUP_D,1,195.51,0,0,0,29,0,28
2024-04-12,4,Power Tools,SUP_D,1,195.82,0,0,0,42,0,28
2024-04-13,4,Power Tools,SUP_D,2,185.25,0,0,0,27,0,28
2024-04-14,4,Power Tools,SUP_D,2,178.17,0,0,0,37,0,28
2024-04-15,4,Power Tools,SUP_D,3,178.39,0,0,0,41,0,28
2024-04-16,4,Power Tools,SUP_D,0,181.62,0,0,0,24,0,28
2024-04-17,4,Power Tools,SUP_D,2,195.94,0,0,0,40,0,28
2024-04-18,4,Power Tools,SUP_D,0,190.36,0,0,0,41,0,28
2024-04-19,4,Power Tools,SUP_D,1,182.81,0,0,0,39,0,28
2024-04-20,4,Power Tools,SUP_D,2,183.75,0,0,0,26,0,28
2024-04-21,4,Power Tools,SUP_D,0,178.46,0,0,0,25,0,28
2024-04-22,4,Power Tools,SUP_D,0,191.38,0,0,0,26,0,28
2024-04-23,4,Power Tools,SUP_D,1,187.6,0,0,0,38,0,28
2024-04-24,4,Power Tools,SUP_D,0,184.53,0,0,0,38,0,28
2024-04-25,4,Power Tools,SUP_D,1,192.22,0,0,0,28,0,28
2024-04-26,4,Power Tools,SUP_D,1,188.19,0,0,0,37,0,28
2024-04-27,4,Power Tools,SUP_D,3,189.57,0,0,0,28,0,28
2024-04-28,4,Power Tools,SUP_D,2,178.23,0,0,0,36,0,28
2024-04-29,4,Power Tools,SUP_D,0,183.43,0,0,0,43,0,28
2024-04-30,4,Power Tools,SUP_D,0,183.85,0,0,0,42,0,28
2024-05-01,4,Power Tools,SUP_D,1,190.15,0,0,0,25,0,28
2024-05-02,4,Power Tools,SUP_D,1,192.73,0,0,0,28,0,28
2024-05-03,4,Power Tools,SUP_D,0,179.09,0,0,0,26,0,28
2024-05-04,4,Power Tools,SUP_D,2,179.14,0,0,0,29,0,28
2024-05-05,4,Power Tools,SUP_D,0,184.72,0,0,0,31,0,28
2024-05-06,4,Power Tools,SUP_D,1,192.33,0,0,0,36,0,28
2024-05-07,4,Power Tools,SUP_D,1,187.72,0,0,0,41,0,28
2024-05-08,4,Power Tools,SUP_D,0,192.12,0,0,0,36,0,28
2024-05-09,4,Power Tools,SUP_D,3,193.16,0,0,0,33,0,28
2024-05-10,4,Power Tools,SUP_D,1,195.92,0,0,0,33,0,28
2024-05-11,4,Power Tools,SUP_D,3,189.3,0,0,0,29,0,28
2024-05-12,4,Power Tools,SUP_D,3,178.29,0,0,0,32,0,28
2024-05-13,4,Power Tools,SUP_D,1,189.86,0,0,0,42,0,28
2024-05-14,4,Power Tools,SUP_D,2,181.04,0,0,0,37,0,28
2024-05-15,4,Power Tools,SUP_D,2,180.35,0,0,0,26,0,28
2024-05-16,4,Power Tools,SUP_D,0,184.01,0,0,0,29,0,28
2024-05-17,4,Power Tools,SUP_D,1,180.72,0,0,0,35,0,28
2024-05-18,4,Power Tools,SUP_D,0,180.3,0,0,0,38,0,28
2024-05-19,4,Power Tools,SUP_D,0,184.91,0,0,0,26,0,28
2024-05-20,4,Power Tools,SUP_D,2,142.95,1,0,0,25,0,28
2024-05-21,4,Power Tools,SUP_D,2,167.85,1,0,0,30,0,28
2024-05-22,4,Power Tools,SUP_D,5,141.52,1,0,0,35,0,28
2024-05-23,4,Power Tools,SUP_D,3,138.68,1,0,0,24,0,28
2024-05-24,4,Power Tools,SUP_D,2,134.76,1,0,0,37,0,28
2024-05-25,4,Power Tools,SUP_D,1,157.81,1,0,0,35,0,28
2024-05-26,4,Power Tools,SUP_D,2,150.14,1,0,0,30,0,28
2024-05-27,4,Power Tools,SUP_D,1,178.7,0,0,0,39,0,28
2024-05-28,4,Power Tools,SUP_D,0,195.74,0,0,0,41,0,28
2024-05-29,4,Power Tools,SUP_D,0,196.1,0,0,0,41,0,28
2024-05-30,4,Power Tools,SUP_D,5,195.42,0,0,0,29,0,28
2024-05-31,4,Power Tools,SUP_D,2,178.51,0,0,0,24,0,28
2024-06-01,4,Power Tools,SUP_D,4,180.09,0,0,0,32,0,28
2024-06-02,4,Power Tools,SUP_D,1,191.77,0,0,0,25,0,28
2024-06-03,4,Power Tools,SUP_D,4,162.49,1,0,0,20,0,28
2024-06-04,4,Power Tools,SUP_D,1,171.47,1,0,0,42,0,28
2024-06-05,4,Power Tools,SUP_D,1,153.28,1,0,0,30,0,28
2024-06-06,4,Power Tools,SUP_D,1,145.01,1,0,0,27,0,28
2024-06-07,4,Power Tools,SUP_D,2,149.09,1,0,0,37,0,28
2024-06-08,4,Power Tools,SUP_D,1,142.11,1,0,0,28,0,28
2024-06-09,4,Power Tools,SUP_D,0,143.14,1,0,0,24,0,28
2024-06-10,4,Power Tools,SUP_D,0,195.32,0,0,0,25,0,28
2024-06-11,4,Power Tools,SUP_D,0,191.62,0,0,0,41,0,28
2024-06-12,4,Power Tools,SUP_D,0,181.49,0,0,0,31,0,28
2024-06-13,4,Power Tools,SUP_D,1,182.55,0,0,0,28,0,28
2024-06-14,4,Power Tools,SUP_D,0,181.07,0,0,0,36,0,28
2024-06-15,4,Power Tools,SUP_D,1,185.73,0,0,0,25,0,28
2024-06-16,4,Power Tools,SUP_D,2,183.53,0,0,0,35,0,28
2024-06-17,4,Power Tools,SUP_D,0,195.01,0,0,0,26,0,28
2024-06-18,4,Power Tools,SUP_D,1,184.07,0,0,0,25,0,28
2024-06-19,4,Power Tools,SUP_D,3,189.65,0,0,0,29,0,28
2024-06-20,4,Power Tools,SUP_D,1,188.91,0,0,0,40,0,28
2024-06-21,4,Power Tools,SUP_D,2,193.69,0,0,0,42,0,28
2024-06-22,4,Power Tools,SUP_D,3,191.43,0,0,0,32,0,28
2024-06-23,4,Power Tools,SUP_D,1,184.88,0,0,0,24,0,28
2024-06-24,4,Power Tools,SUP_D,2,179.33,0,0,0,40,0,28
2024-06-25,4,Power Tools,SUP_D,0,194.56,0,0,0,38,0,28
2024-06-26,4,Power Tools,SUP_D,2,187.4,0,0,0,25,0,28
2024-06-27,4,Power Tools,SUP_D,1,190.75,0,0,0,42,0,28
2024-06-28,4,Power Tools,SUP_D,1,194.21,0,0,0,24,0,28
2024-06-29,4,Power Tools,SUP_D,1,188.13,0,0,0,43,0,28
2024-06-30,4,Power Tools,SUP_D,2,195.59,0,0,0,40,0,28
2024-07-01,4,Power Tools,SUP_D,1,192.09,0,0,0,26,0,28
2024-07-02,4,Power Tools,SUP_D,2,183.28,0,0,0,31,0,28
2024-07-03,4,Power Tools,SUP_D,2,191.37,0,0,0,23,0,28
2024-07-04,4,Power Tools,SUP_D,2,184.06,0,0,0,23,0,28
2024-07-05,4,Power Tools,SUP_D,1,195.83,0,0,0,36,0,28
2024-07-06,4,Power Tools,SUP_D,2,187.01,0,0,0,23,0,28
2024-07-07,4,Power Tools,SUP_D,1,193.89,0,0,0,29,0,28
2024-07-08,4,Power Tools,SUP_D,2,152.03,1,0,0,39,0,28
2024-07-09,4,Power Tools,SUP_D,2,151.14,1,0,0,29,0,28
2024-07-10,4,Power Tools,SUP_D,3,155.9,1,0,0,21,0,28
2024-07-11,4,Power Tools,SUP_D,2,138.32,1,0,0,24,0,28
2024-07-12,4,Power Tools,SUP_D,1,148.54,1,0,0,42,0,28
2024-07-13,4,Power Tools,SUP_D,4,158.55,1,0,0,20,0,28
2024-07-14,4,Power Tools,SUP_D,2,158.36,1,0,0,22,0,28
2024-07-15,4,Power Tools,SUP_D,2,188.95,0,0,0,35,0,28
2024-07-16,4,Power Tools,SUP_D,2,178.11,0,0,0,28,0,28
2024-07-17,4,Power Tools,SUP_D,2,183.87,0,0,0,32,0,28
2024-07-18,4,Power Tools,SUP_D,1,190.92,0,0,0,32,0,28
2024-07-19,4,Power Tools,SUP_D,2,192.17,0,0,0,28,0,28
2024-07-20,4,Power Tools,SUP_D,2,195.42,0,0,0,42,0,28
2024-07-21,4,Power Tools,SUP_D,0,196.43,0,0,0,25,0,28
2024-07-22,4,Power Tools,SUP_D,0,192.4,0,0,0,30,0,28
