synthetic_ecommerce_demand_2021_2024.csv
date,sku_id,category,supplier_id,units_sold,price,promo_flag,is_black_friday_week,is_christmas_peak,stock_on_hand,stockout_flag,lead_time_days
2024-07-23,4,Power Tools,SUP_D,2,179.39,0,0,0,31,0,28
2024-07-24,4,Power Tools,SUP_D,0,179.45,0,0,0,37,0,28
2024-07-25,4,Power Tools,SUP_D,2,179.7,0,0,0,26,0,28
2024-07-26,4,Power Tools,SUP_D,0,184.46,0,0,0,36,0,28
2024-07-27,4,Power Tools,SUP_D,0,179.11,0,0,0,42,0,28
2024-07-28,4,Power Tools,SUP_D,1,189.98,0,0,0,34,0,28
2024-07-29,4,Power Tools,SUP_D,2,190.39,0,0,0,38,0,28
2024-07-30,4,Power Tools,SUP_D,2,193.05,0,0,0,40,0,28
2024-07-31,4,Power Tools,SUP_D,1,193.34,0,0,0,40,0,28
2024-08-01,4,Power Tools,SUP_D,1,196.34,0,0,0,34,0,28
2024-08-02,4,Power Tools,SUP_D,2,193.9,0,0,0,36,0,28
2024-08-03,4,Power Tools,SUP_D,3,186.93,0,0,0,27,0,28
2024-08-04,4,Power Tools,SUP_D,3,193.5,0,0,0,36,0,28
2024-08-05,4,Power Tools,SUP_D,0,181.87,0,0,0,29,0,28
2024-08-06,4,Power Tools,SUP_D,0,185.24,0,0,0,37,0,28
2024-08-07,4,Power Tools,SUP_D,2,181.86,0,0,0,25,0,28
2024-08-08,4,Power Tools,SUP_D,1,185.45,0,0,0,27,0,28
2024-08-09,4,Power Tools,SUP_D,2,180.42,0,0,0,26,0,28
2024-08-10,4,Power Tools,SUP_D,2,181.59,0,0,0,26,0,28
2024-08-11,4,Power Tools,SUP_D,2,192.05,0,0,0,31,0,28
2024-08-12,4,Power Tools,SUP_D,2,190.81,0,0,0,38,0,28
2024-08-13,4,Power Tools,SUP_D,2,184.94,0,0,0,37,0,28
2024-08-14,4,Power Tools,SUP_D,2,179.38,0,0,0,35,0,28
2024-08-15,4,Power Tools,SUP_D,0,185.28,0,0,0,36,0,28
2024-08-16,4,Power Tools,SUP_D,0,193.61,0,0,0,26,0,28
2024-08-17,4,Power Tools,SUP_D,1,182.88,0,0,0,39,0,28
2024-08-18,4,Power Tools,SUP_D,1,178.06,0,0,0,42,0,28
2024-08-19,4,Power Tools,SUP_D,1,178.95,0,0,0,41,0,28
2024-08-20,4,Power Tools,SUP_D,0,184.3,0,0,0,32,0,28
2024-08-21,4,Power Tools,SUP_D,1,187.97,0,0,0,31,0,28
2024-08-22,4,Power Tools,SUP_D,0,195.74,0,0,0,40,0,28
2024-08-23,4,Power Tools,SUP_D,0,188.41,0,0,0,40,0,28
2024-08-24,4,Power Tools,SUP_D,2,180.0,0,0,0,26,0,28
2024-08-25,4,Power Tools,SUP_D,3,191.45,0,0,0,37,0,28
2024-08-26,4,Power Tools,SUP_D,1,188.97,0,0,0,33,0,28
2024-08-27,4,Power Tools,SUP_D,0,185.46,0,0,0,34,0,28
2024-08-28,4,Power Tools,SUP_D,1,193.87,0,0,0,23,0,28
2024-08-29,4,Power Tools,SUP_D,0,192.06,0,0,0,37,0,28
2024-08-30,4,Power Tools,SUP_D,3,181.5,0,0,0,36,0,28
2024-08-31,4,Power Tools,SUP_D,1,178.27,0,0,0,40,0,28
2024-09-01,4,Power Tools,SUP_D,1,189.91,0,0,0,42,0,28
2024-09-02,4,Power Tools,SUP_D,2,182.6,0,0,0,28,0,28
2024-09-03,4,Power Tools,SUP_D,4,191.72,0,0,0,31,0,28
2024-09-04,4,Power Tools,SUP_D,1,179.09,0,0,0,29,0,28
2024-09-05,4,Power Tools,SUP_D,0,179.14,0,0,0,32,0,28
2024-09-06,4,Power Tools,SUP_D,0,192.82,0,0,0,35,0,28
2024-09-07,4,Power Tools,SUP_D,1,188.56,0,0,0,31,0,28
2024-09-08,4,Power Tools,SUP_D,0,190.48,0,0,0,34,0,28
2024-09-09,4,Power Tools,SUP_D,0,183.45,0,0,0,33,0,28
2024-09-10,4,Power Tools,SUP_D,2,185.97,0,0,0,38,0,28
2024-09-11,4,Power Tools,SUP_D,1,179.18,0,0,0,25,0,28
2024-09-12,4,Power Tools,SUP_D,0,186.53,0,0,0,39,0,28
2024-09-13,4,Power Tools,SUP_D,2,189.92,0,0,0,29,0,28
2024-09-14,4,Power Tools,SUP_D,3,184.76,0,0,0,34,0,28
2024-09-15,4,Power Tools,SUP_D,0,192.45,0,0,0,26,0,28
2024-09-16,4,Power Tools,SUP_D,1,179.15,0,0,0,28,0,28
2024-09-17,4,Power Tools,SUP_D,1,178.33,0,0,0,37,0,28
2024-09-18,4,Power Tools,SUP_D,1,187.55,0,0,0,28,0,28
2024-09-19,4,Power Tools,SUP_D,1,180.2,0,0,0,42,0,28
2024-09-20,4,Power Tools,SUP_D,0,193.12,0,0,0,38,0,28
2024-09-21,4,Power Tools,SUP_D,1,193.98,0,0,0,36,0,28
2024-09-22,4,Power Tools,SUP_D,1,195.6,0,0,0,31,0,28
2024-09-23,4,Power Tools,SUP_D,2,156.77,1,0,0,38,0,28
2024-09-24,4,Power Tools,SUP_D,0,172.74,1,0,0,29,0,28
2024-09-25,4,Power Tools,SUP_D,3,161.82,1,0,0,34,0,28
2024-09-26,4,Power Tools,SUP_D,2,140.7,1,0,0,25,0,28
2024-09-27,4,Power Tools,SUP_D,1,160.39,1,0,0,31,0,28
2024-09-28,4,Power Tools,SUP_D,1,166.95,1,0,0,23,0,28
2024-09-29,4,Power Tools,SUP_D,1,154.16,1,0,0,23,0,28
2024-09-30,4,Power Tools,SUP_D,0,192.55,0,0,0,30,0,28
2024-10-01,4,Power Tools,SUP_D,2,193.61,0,0,0,22,0,28
2024-10-02,4,Power Tools,SUP_D,0,192.31,0,0,0,42,0,28
2024-10-03,4,Power Tools,SUP_D,1,196.48,0,0,0,31,0,28
2024-10-04,4,Power Tools,SUP_D,2,188.43,0,0,0,41,0,28
2024-10-05,4,Power Tools,SUP_D,0,188.15,0,0,0,26,0,28
2024-10-06,4,Power Tools,SUP_D,2,183.76,0,0,0,32,0,28
2024-10-07,4,Power Tools,SUP_D,2,191.28,0,0,0,24,0,28
2024-10-08,4,Power Tools,SUP_D,2,184.47,0,0,0,35,0,28
2024-10-09,4,Power Tools,SUP_D,4,182.14,0,0,0,36,0,28
2024-10-10,4,Power Tools,SUP_D,1,183.18,0,0,0,33,0,28
2024-10-11,4,Power Tools,SUP_D,0,194.47,0,0,0,39,0,28
2024-10-12,4,Power Tools,SUP_D,1,178.98,0,0,0,28,0,28
2024-10-13,4,Power Tools,SUP_D,0,194.38,0,0,0,32,0,28
2024-10-14,4,Power Tools,SUP_D,1,193.77,0,0,0,38,0,28
2024-10-15,4,Power Tools,SUP_D,1,195.85,0,0,0,29,0,28
2024-10-16,4,Power Tools,SUP_D,2,187.04,0,0,0,40,0,28
2024-10-17,4,Power Tools,SUP_D,1,186.08,0,0,0,24,0,28
2024-10-18,4,Power Tools,SUP_D,1,178.35,0,0,0,32,0,28
2024-10-19,4,Power Tools,SUP_D,1,188.7,0,0,0,41,0,28
2024-10-20,4,Power Tools,SUP_D,2,181.18,0,0,0,31,0,28
2024-10-21,4,Power Tools,SUP_D,1,187.53,0,0,0,29,0,28
2024-10-22,4,Power Tools,SUP_D,1,193.98,0,0,0,26,0,28
2024-10-23,4,Power Tools,SUP_D,1,189.6,0,0,0,32,0,28
2024-10-24,4,Power Tools,SUP_D,1,185.9,0,0,0,40,0,28
2024-10-25,4,Power Tools,SUP_D,0,192.87,0,0,0,37,0,28
2024-10-26,4,Power Tools,SUP_D,2,183.83,0,0,0,29,0,28
2024-10-27,4,Power Tools,SUP_D,5,186.86,0,0,0,23,0,28
2024-10-28,4,Power Tools,SUP_D,1,189.9,0,0,0,41,0,28
2024-10-29,4,Power Tools,SUP_D,4,187.77,0,0,0,22,0,28
2024-10-30,4,Power Tools,SUP_D,1,186.82,0,0,0,38,0,28
2024-10-31,4,Power Tools,SUP_D,0,192.91,0,0,0,38,0,28
2024-11-01,4,Power Tools,SUP_D,2,201.6,0,0,0,33,0,28
2024-11-02,4,Power Tools,SUP_D,2,195.08,0,0,0,25,0,28
2024-11-03,4,Power Tools,SUP_D,1,189.91,0,0,0,27,0,28
2024-11-04,4,Power Tools,SUP_D,2,190.35,0,0,0,28,0,28
2024-11-05,4,Power Tools,SUP_D,2,198.78,0,0,0,40,0,28
2024-11-06,4,Power Tools,SUP_D,0,195.77,0,0,0,30,0,28
2024-11-07,4,Power Tools,SUP_D,2,203.02,0,0,0,33,0,28
2024-11-08,4,Power Tools,SUP_D,2,197.04,0,0,0,42,0,28
2024-11-09,4,Power Tools,SUP_D,3,205.95,0,0,0,25,0,28
2024-11-10,4,Power Tools,SUP_D,3,203.38,0,0,0,34,0,28
2024-11-11,4,Power Tools,SUP_D,2,192.39,0,0,0,33,0,28
2024-11-12,4,Power Tools,SUP_D,0,200.02,0,0,0,33,0,28
2024-11-13,4,Power Tools,SUP_D,1,188.15,0,0,0,35,0,28
2024-11-14,4,Power Tools,SUP_D,2,197.94,0,0,0,39,0,28
2024-11-15,4,Power Tools,SUP_D,1,192.27,0,0,0,23,0,28
2024-11-16,4,Power Tools,SUP_D,4,201.9,0,0,0,30,0,28
2024-11-17,4,Power Tools,SUP_D,2,206.1,0,0,0,41,0,28
2024-11-18,4,Power Tools,SUP_D,3,192.15,0,1,0,31,0,28
2024-11-19,4,Power Tools,SUP_D,1,197.97,0,1,0,35,0,28
2024-11-20,4,Power Tools,SUP_D,1,188.58,0,1,0,41,0,28
2024-11-21,4,Power Tools,SUP_D,2,188.18,0,1,0,27,0,28
2024-11-22,4,Power Tools,SUP_D,0,188.85,0,1,0,28,0,28
2024-11-23,4,Power Tools,SUP_D,5,194.45,0,1,0,21,0,28
2024-11-24,4,Power Tools,SUP_D,1,189.36,0,1,0,23,0,28
2024-11-25,4,Power Tools,SUP_D,2,194.43,0,1,0,23,0,28
2024-11-26,4,Power Tools,SUP_D,0,193.22,0,1,0,31,0,28
2024-11-27,4,Power Tools,SUP_D,1,205.27,0,0,0,29,0,28
2024-11-28,4,Power Tools,SUP_D,4,196.92,0,0,0,25,0,28
2024-11-29,4,Power Tools,SUP_D,1,194.6,0,0,0,25,0,28
2024-11-30,4,Power Tools,SUP_D,3,192.19,0,0,0,25,0,28
2024-12-01,4,Power Tools,SUP_D,1,205.68,0,0,1,25,0,28
2024-12-02,4,Power Tools,SUP_D,2,205.54,0,0,1,28,0,28
2024-12-03,4,Power Tools,SUP_D,2,193.21,0,0,1,22,0,28
2024-12-04,4,Power Tools,SUP_D,2,199.0,0,0,1,32,0,28
2024-12-05,4,Power Tools,SUP_D,1,188.55,0,0,1,26,0,28
2024-12-06,4,Power Tools,SUP_D,1,191.21,0,0,1,42,0,28
2024-12-07,4,Power Tools,SUP_D,0,189.16,0,0,1,37,0,28
2024-12-08,4,Power Tools,SUP_D,3,204.95,0,0,1,40,0,28
2024-12-09,4,Power Tools,SUP_D,2,181.16,1,0,1,33,0,28
2024-12-10,4,Power Tools,SUP_D,3,163.09,1,0,1,32,0,28
2024-12-11,4,Power Tools,SUP_D,2,147.01,1,0,1,40,0,28
2024-12-12,4,Power Tools,SUP_D,1,155.85,1,0,1,33,0,28
2024-12-13,4,Power Tools,SUP_D,2,144.16,1,0,1,35,0,28
2024-12-14,4,Power Tools,SUP_D,0,137.83,1,0,1,31,0,28
2024-12-15,4,Power Tools,SUP_D,1,167.07,1,0,1,36,0,28
2024-12-16,4,Power Tools,SUP_D,2,189.33,0,0,1,40,0,28
2024-12-17,4,Power Tools,SUP_D,0,206.1,0,0,1,32,0,28
2024-12-18,4,Power Tools,SUP_D,0,203.57,0,0,1,25,0,28
2024-12-19,4,Power Tools,SUP_D,0,195.2,0,0,1,37,0,28
2024-12-20,4,Power Tools,SUP_D,0,199.05,0,0,1,39,0,28
2024-12-21,4,Power Tools,SUP_D,0,199.51,0,0,1,43,0,28
2024-12-22,4,Power Tools,SUP_D,1,201.62,0,0,1,40,0,28
2024-12-23,4,Power Tools,SUP_D,2,188.28,0,0,1,29,0,28
2024-12-24,4,Power Tools,SUP_D,0,202.11,0,0,1,26,0,28
2024-12-25,4,Power Tools,SUP_D,1,196.39,0,0,0,30,0,28
2024-12-26,4,Power Tools,SUP_D,2,187.4,0,0,0,24,0,28
2024-12-27,4,Power Tools,SUP_D,1,188.81,0,0,0,27,0,28
2024-12-28,4,Power Tools,SUP_D,2,187.68,0,0,0,29,0,28
2024-12-29,4,Power Tools,SUP_D,3,200.27,0,0,0,33,0,28
2024-12-30,4,Power Tools,SUP_D,1,151.28,1,0,0,34,0,28
2024-12-31,4,Power Tools,SUP_D,0,172.33,1,0,0,31,0,28
2021-01-01,5,Storage,SUP_B,26,24.62,0,0,0,500,0,9
2021-01-02,5,Storage,SUP_B,22,23.92,0,0,0,701,0,9
2021-01-03,5,Storage,SUP_B,22,22.43,0,0,0,549,0,9
2021-01-04,5,Storage,SUP_B,23,23.44,0,0,0,463,0,9
2021-01-05,5,Storage,SUP_B,23,24.01,0,0,0,519,0,9
2021-01-06,5,Storage,SUP_B,19,24.08,0,0,0,620,0,9
2021-01-07,5,Storage,SUP_B,21,22.93,0,0,0,705,0,9
2021-01-08,5,Storage,SUP_B,13,23.93,0,0,0,457,0,9
2021-01-09,5,Storage,SUP_B,36,24.61,0,0,0,633,0,9
2021-01-10,5,Storage,SUP_B,15,24.0,0,0,0,730,0,9
2021-01-11,5,Storage,SUP_B,14,23.46,0,0,0,735,0,9
2021-01-12,5,Storage,SUP_B,33,23.1,0,0,0,695,0,9
2021-01-13,5,Storage,SUP_B,26,24.14,0,0,0,400,0,9
2021-01-14,5,Storage,SUP_B,24,24.6,0,0,0,722,0,9
2021-01-15,5,Storage,SUP_B,10,23.49,0,0,0,708,0,9
2021-01-16,5,Storage,SUP_B,25,22.41,0,0,0,462,0,9
2021-01-17,5,Storage,SUP_B,21,23.28,0,0,0,496,0,9
2021-01-18,5,Storage,SUP_B,20,24.5,0,0,0,553,0,9
2021-01-19,5,Storage,SUP_B,16,24.7,0,0,0,621,0,9
2021-01-20,5,Storage,SUP_B,16,22.49,0,0,0,420,0,9
2021-01-21,5,Storage,SUP_B,27,23.49,0,0,0,627,0,9
2021-01-22,5,Storage,SUP_B,25,23.38,0,0,0,472,0,9
2021-01-23,5,Storage,SUP_B,20,23.73,0,0,0,395,0,9
2021-01-24,5,Storage,SUP_B,22,24.63,0,0,0,592,0,9
2021-01-25,5,Storage,SUP_B,25,24.26,0,0,0,530,0,9
2021-01-26,5,Storage,SUP_B,15,24.15,0,0,0,744,0,9
2021-01-27,5,Storage,SUP_B,23,23.11,0,0,0,545,0,9
2021-01-28,5,Storage,SUP_B,21,22.52,0,0,0,440,0,9
2021-01-29,5,Storage,SUP_B,18,23.83,0,0,0,728,0,9
2021-01-30,5,Storage,SUP_B,19,23.32,0,0,0,580,0,9
2021-01-31,5,Storage,SUP_B,20,23.82,0,0,0,418,0,9
2021-02-01,5,Storage,SUP_B,23,24.43,0,0,0,536,0,9
2021-02-02,5,Storage,SUP_B,11,22.68,0,0,0,625,0,9
2021-02-03,5,Storage,SUP_B,12,24.61,0,0,0,747,0,9
2021-02-04,5,Storage,SUP_B,20,24.5,0,0,0,713,0,9
2021-02-05,5,Storage,SUP_B,25,22.53,0,0,0,415,0,9
2021-02-06,5,Storage,SUP_B,22,23.87,0,0,0,670,0,9
2021-02-07,5,Storage,SUP_B,27,22.9,0,0,0,474,0,9
2021-02-08,5,Storage,SUP_B,13,23.95,0,0,0,533,0,9
2021-02-09,5,Storage,SUP_B,20,24.18,0,0,0,672,0,9
2021-02-10,5,Storage,SUP_B,16,22.64,0,0,0,689,0,9
2021-02-11,5,Storage,SUP_B,25,22.73,0,0,0,409,0,9
2021-02-12,5,Storage,SUP_B,20,23.95,0,0,0,627,0,9
2021-02-13,5,Storage,SUP_B,25,23.24,0,0,0,701,0,9
2021-02-14,5,Storage,SUP_B,11,23.32,0,0,0,607,0,9
2021-02-15,5,Storage,SUP_B,17,23.61,0,0,0,598,0,9
2021-02-16,5,Storage,SUP_B,19,23.88,0,0,0,460,0,9
2021-02-17,5,Storage,SUP_B,12,24.19,0,0,0,487,0,9
2021-02-18,5,Storage,SUP_B,14,23.95,0,0,0,611,0,9
2021-02-19,5,Storage,SUP_B,22,24.47,0,0,0,546,0,9
2021-02-20,5,Storage,SUP_B,34,23.08,0,0,0,486,0,9
2021-02-21,5,Storage,SUP_B,24,23.39,0,0,0,695,0,9
2021-02-22,5,Storage,SUP_B,18,22.37,0,0,0,732,0,9
2021-02-23,5,Storage,SUP_B,24,24.31,0,0,0,669,0,9
2021-02-24,5,Storage,SUP_B,28,23.66,0,0,0,416,0,9
2021-02-25,5,Storage,SUP_B,24,23.52,0,0,0,538,0,9
2021-02-26,5,Storage,SUP_B,17,22.48,0,0,0,740,0,9
2021-02-27,5,Storage,SUP_B,22,24.06,0,0,0,489,0,9
2021-02-28,5,Storage,SUP_B,28,22.51,0,0,0,626,0,9
2021-03-01,5,Storage,SUP_B,17,24.08,0,0,0,630,0,9
2021-03-02,5,Storage,SUP_B,19,23.95,0,0,0,704,0,9
2021-03-03,5,Storage,SUP_B,15,22.6,0,0,0,501,0,9
2021-03-04,5,Storage,SUP_B,23,24.19,0,0,0,580,0,9
2021-03-05,5,Storage,SUP_B,21,22.83,0,0,0,484,0,9
2021-03-06,5,Storage,SUP_B,25,24.05,0,0,0,532,0,9
2021-03-07,5,Storage,SUP_B,21,23.54,0,0,0,521,0,9
2021-03-08,5,Storage,SUP_B,26,24.37,0,0,0,560,0,9
2021-03-09,5,Storage,SUP_B,15,23.02,0,0,0,446,0,9
2021-03-10,5,Storage,SUP_B,12,24.09,0,0,0,691,0,9
2021-03-11,5,Storage,SUP_B,25,23.91,0,0,0,465,0,9
2021-03-12,5,Storage,SUP_B,21,22.45,0,0,0,734,0,9
2021-03-13,5,Storage,SUP_B,26,24.69,0,0,0,653,0,9
2021-03-14,5,Storage,SUP_B,21,23.15,0,0,0,729,0,9
2021-03-15,5,Storage,SUP_B,26,24.19,0,0,0,702,0,9
2021-03-16,5,Storage,SUP_B,16,23.49,0,0,0,664,0,9
2021-03-17,5,Storage,SUP_B,18,23.3,0,0,0,430,0,9
2021-03-18,5,Storage,SUP_B,13,22.43,0,0,0,583,0,9
2021-03-19,5,Storage,SUP_B,22,23.79,0,0,0,597,0,9
2021-03-20,5,Storage,SUP_B,17,24.13,0,0,0,398,0,9
2021-03-21,5,Storage,SUP_B,27,23.84,0,0,0,679,0,9
2021-03-22,5,Storage,SUP_B,31,19.46,1,0,0,403,0,9
2021-03-23,5,Storage,SUP_B,35,20.47,1,0,0,416,0,9
2021-03-24,5,Storage,SUP_B,23,17.49,1,0,0,469,0,9
2021-03-25,5,Storage,SUP_B,28,20.24,1,0,0,702,0,9
2021-03-26,5,Storage,SUP_B,28,19.86,1,0,0,688,0,9
2021-03-27,5,Storage,SUP_B,35,20.81,1,0,0,682,0,9
2021-03-28,5,Storage,SUP_B,39,16.77,1,0,0,571,0,9
2021-03-29,5,Storage,SUP_B,26,22.49,0,0,0,524,0,9
2021-03-30,5,Storage,SUP_B,22,22.91,0,0,0,699,0,9
2021-03-31,5,Storage,SUP_B,14,23.72,0,0,0,727,0,9
2021-04-01,5,Storage,SUP_B,23,24.58,0,0,0,536,0,9
2021-04-02,5,Storage,SUP_B,17,24.27,0,0,0,714,0,9
2021-04-03,5,Storage,SUP_B,21,24.47,0,0,0,405,0,9
2021-04-04,5,Storage,SUP_B,28,23.24,0,0,0,538,0,9
2021-04-05,5,Storage,SUP_B,18,24.54,0,0,0,564,0,9
2021-04-06,5,Storage,SUP_B,24,23.13,0,0,0,591,0,9
2021-04-07,5,Storage,SUP_B,22,23.29,0,0,0,735,0,9
2021-04-08,5,Storage,SUP_B,21,22.94,0,0,0,462,0,9
2021-04-09,5,Storage,SUP_B,18,22.67,0,0,0,519,0,9
2021-04-10,5,Storage,SUP_B,25,22.46,0,0,0,396,0,9
2021-04-11,5,Storage,SUP_B,20,23.62,0,0,0,549,0,9
2021-04-12,5,Storage,SUP_B,17,23.54,0,0,0,424,0,9
2021-04-13,5,Storage,SUP_B,14,23.49,0,0,0,539,0,9
2021-04-14,5,Storage,SUP_B,20,22.62,0,0,0,589,0,9
2021-04-15,5,Storage,SUP_B,28,24.01,0,0,0,535,0,9
2021-04-16,5,Storage,SUP_B,17,23.43,0,0,0,597,0,9
2021-04-17,5,Storage,SUP_B,23,23.75,0,0,0,533,0,9
2021-04-18,5,Storage,SUP_B,15,22.38,0,0,0,467,0,9
2021-04-19,5,Storage,SUP_B,29,21.25,1,0,0,440,0,9
2021-04-20,5,Storage,SUP_B,24,19.29,1,0,0,527,0,9
2021-04-21,5,Storage,SUP_B,19,18.02,1,0,0,688,0,9
2021-04-22,5,Storage,SUP_B,29,17.31,1,0,0,589,0,9
2021-04-23,5,Storage,SUP_B,30,17.78,1,0,0,443,0,9
2021-04-24,5,Storage,SUP_B,30,18.56,1,0,0,504,0,9
2021-04-25,5,Storage,SUP_B,27,18.64,1,0,0,451,0,9
2021-04-26,5,Storage,SUP_B,9,22.88,0,0,0,548,0,9
2021-04-27,5,Storage,SUP_B,17,24.06,0,0,0,560,0,9
2021-04-28,5,Storage,SUP_B,11,22.86,0,0,0,547,0,9
2021-04-29,5,Storage,SUP_B,9,24.44,0,0,0,432,0,9
2021-04-30,5,Storage,SUP_B,12,22.67,0,0,0,436,0,9
2021-05-01,5,Storage,SUP_B,21,22.95,0,0,0,474,0,9
2021-05-02,5,Storage,SUP_B,26,23.2,0,0,0,487,0,9
2021-05-03,5,Storage,SUP_B,25,23.87,0,0,0,429,0,9
2021-05-04,5,Storage,SUP_B,28,24.02,0,0,0,716,0,9
2021-05-05,5,Storage,SUP_B,20,22.63,0,0,0,526,0,9
2021-05-06,5,Storage,SUP_B,25,24.51,0,0,0,618,0,9
2021-05-07,5,Storage,SUP_B,18,22.71,0,0,0,467,0,9
2021-05-08,5,Storage,SUP_B,20,24.51,0,0,0,518,0,9
2021-05-09,5,Storage,SUP_B,24,24.09,0,0,0,582,0,9
2021-05-10,5,Storage,SUP_B,19,24.45,0,0,0,622,0,9
2021-05-11,5,Storage,SUP_B,27,24.3,0,0,0,526,0,9
2021-05-12,5,Storage,SUP_B,14,22.74,0,0,0,513,0,9
2021-05-13,5,Storage,SUP_B,17,24.7,0,0,0,410,0,9
2021-05-14,5,Storage,SUP_B,23,22.4,0,0,0,610,0,9
2021-05-15,5,Storage,SUP_B,30,23.16,0,0,0,438,0,9
2021-05-16,5,Storage,SUP_B,31,23.4,0,0,0,692,0,9
2021-05-17,5,Storage,SUP_B,34,17.7,1,0,0,723,0,9
2021-05-18,5,Storage,SUP_B,21,17.61,1,0,0,424,0,9
2021-05-19,5,Storage,SUP_B,26,16.92,1,0,0,471,0,9
2021-05-20,5,Storage,SUP_B,25,18.19,1,0,0,661,0,9
2021-05-21,5,Storage,SUP_B,25,18.04,1,0,0,498,0,9
2021-05-22,5,Storage,SUP_B,32,20.06,1,0,0,502,0,9
2021-05-23,5,Storage,SUP_B,25,16.19,1,0,0,443,0,9
2021-05-24,5,Storage,SUP_B,15,22.7,0,0,0,571,0,9
2021-05-25,5,Storage,SUP_B,18,24.29,0,0,0,682,0,9
2021-05-26,5,Storage,SUP_B,26,23.75,0,0,0,698,0,9
2021-05-27,5,Storage,SUP_B,17,23.8,0,0,0,683,0,9
2021-05-28,5,Storage,SUP_B,22,23.34,0,0,0,405,0,9
2021-05-29,5,Storage,SUP_B,32,23.72,0,0,0,683,0,9
2021-05-30,5,Storage,SUP_B,22,24.24,0,0,0,408,0,9
2021-05-31,5,Storage,SUP_B,18,23.35,0,0,0,582,0,9
2021-06-01,5,Storage,SUP_B,19,23.32,0,0,0,400,0,9
2021-06-02,5,Storage,SUP_B,12,23.7,0,0,0,448,0,9
2021-06-03,5,Storage,SUP_B,21,24.52,0,0,0,524,0,9
2021-06-04,5,Storage,SUP_B,12,23.69,0,0,0,533,0,9
2021-06-05,5,Storage,SUP_B,19,23.16,0,0,0,400,0,9
2021-06-06,5,Storage,SUP_B,21,24.22,0,0,0,398,0,9
2021-06-07,5,Storage,SUP_B,23,22.8,0,0,0,650,0,9
2021-06-08,5,Storage,SUP_B,15,22.73,0,0,0,565,0,9
2021-06-09,5,Storage,SUP_B,11,23.46,0,0,0,555,0,9
2021-06-10,5,Storage,SUP_B,17,24.15,0,0,0,414,0,9
2021-06-11,5,Storage,SUP_B,16,23.44,0,0,0,457,0,9
2021-06-12,5,Storage,SUP_B,18,24.69,0,0,0,506,0,9
2021-06-13,5,Storage,SUP_B,20,23.65,0,0,0,598,0,9
2021-06-14,5,Storage,SUP_B,18,24.28,0,0,0,459,0,9
2021-06-15,5,Storage,SUP_B,15,24.16,0,0,0,599,0,9
2021-06-16,5,Storage,SUP_B,21,22.6,0,0,0,494,0,9
2021-06-17,5,Storage,SUP_B,17,22.84,0,0,0,697,0,9
2021-06-18,5,Storage,SUP_B,21,24.15,0,0,0,608,0,9
2021-06-19,5,Storage,SUP_B,18,22.95,0,0,0,722,0,9
2021-06-20,5,Storage,SUP_B,21,22.86,0,0,0,449,0,9
2021-06-21,5,Storage,SUP_B,23,24.46,0,0,0,408,0,9
2021-06-22,5,Storage,SUP_B,24,22.72,0,0,0,625,0,9
2021-06-23,5,Storage,SUP_B,21,24.68,0,0,0,633,0,9
2021-06-24,5,Storage,SUP_B,15,23.28,0,0,0,471,0,9
2021-06-25,5,Storage,SUP_B,17,23.91,0,0,0,545,0,9
2021-06-26,5,Storage,SUP_B,18,23.87,0,0,0,661,0,9
2021-06-27,5,Storage,SUP_B,28,22.75,0,0,0,586,0,9
2021-06-28,5,Storage,SUP_B,17,23.22,0,0,0,684,0,9
2021-06-29,5,Storage,SUP_B,17,22.64,0,0,0,628,0,9
2021-06-30,5,Storage,SUP_B,22,24.42,0,0,0,572,0,9
2021-07-01,5,Storage,SUP_B,12,23.58,0,0,0,407,0,9
