synthetic_ecommerce_demand_2021_2024.csv
date,sku_id,category,supplier_id,units_sold,price,promo_flag,is_black_friday_week,is_christmas_peak,stock_on_hand,stockout_flag,lead_time_days
2021-07-02,5,Storage,SUP_B,16,23.66,0,0,0,492,0,9
2021-07-03,5,Storage,SUP_B,29,22.95,0,0,0,505,0,9
2021-07-04,5,Storage,SUP_B,28,23.96,0,0,0,724,0,9
2021-07-05,5,Storage,SUP_B,26,20.57,1,0,0,465,0,9
2021-07-06,5,Storage,SUP_B,20,16.99,1,0,0,636,0,9
2021-07-07,5,Storage,SUP_B,29,19.22,1,0,0,617,0,9
2021-07-08,5,Storage,SUP_B,13,18.27,1,0,0,430,0,9
2021-07-09,5,Storage,SUP_B,19,17.56,1,0,0,580,0,9
2021-07-10,5,Storage,SUP_B,23,20.94,1,0,0,399,0,9
2021-07-11,5,Storage,SUP_B,26,20.56,1,0,0,703,0,9
2021-07-12,5,Storage,SUP_B,16,23.01,0,0,0,395,0,9
2021-07-13,5,Storage,SUP_B,23,22.39,0,0,0,510,0,9
2021-07-14,5,Storage,SUP_B,16,24.27,0,0,0,535,0,9
2021-07-15,5,Storage,SUP_B,17,23.56,0,0,0,661,0,9
2021-07-16,5,Storage,SUP_B,15,24.16,0,0,0,457,0,9
2021-07-17,5,Storage,SUP_B,25,24.18,0,0,0,680,0,9
2021-07-18,5,Storage,SUP_B,28,24.01,0,0,0,649,0,9
2021-07-19,5,Storage,SUP_B,20,23.64,0,0,0,557,0,9
2021-07-20,5,Storage,SUP_B,13,22.58,0,0,0,613,0,9
2021-07-21,5,Storage,SUP_B,26,22.86,0,0,0,724,0,9
2021-07-22,5,Storage,SUP_B,15,23.53,0,0,0,742,0,9
2021-07-23,5,Storage,SUP_B,10,23.21,0,0,0,427,0,9
2021-07-24,5,Storage,SUP_B,30,24.13,0,0,0,463,0,9
2021-07-25,5,Storage,SUP_B,20,24.64,0,0,0,686,0,9
2021-07-26,5,Storage,SUP_B,17,24.2,0,0,0,401,0,9
2021-07-27,5,Storage,SUP_B,26,22.6,0,0,0,732,0,9
2021-07-28,5,Storage,SUP_B,19,23.94,0,0,0,691,0,9
2021-07-29,5,Storage,SUP_B,25,24.47,0,0,0,716,0,9
2021-07-30,5,Storage,SUP_B,16,24.14,0,0,0,519,0,9
2021-07-31,5,Storage,SUP_B,18,23.67,0,0,0,594,0,9
2021-08-01,5,Storage,SUP_B,19,22.48,0,0,0,427,0,9
2021-08-02,5,Storage,SUP_B,24,22.53,0,0,0,604,0,9
2021-08-03,5,Storage,SUP_B,10,23.82,0,0,0,607,0,9
2021-08-04,5,Storage,SUP_B,17,24.09,0,0,0,491,0,9
2021-08-05,5,Storage,SUP_B,16,24.52,0,0,0,706,0,9
2021-08-06,5,Storage,SUP_B,17,23.6,0,0,0,697,0,9
2021-08-07,5,Storage,SUP_B,26,22.74,0,0,0,516,0,9
2021-08-08,5,Storage,SUP_B,17,24.47,0,0,0,422,0,9
2021-08-09,5,Storage,SUP_B,14,23.75,0,0,0,510,0,9
2021-08-10,5,Storage,SUP_B,17,23.7,0,0,0,535,0,9
2021-08-11,5,Storage,SUP_B,22,23.4,0,0,0,595,0,9
2021-08-12,5,Storage,SUP_B,12,24.21,0,0,0,493,0,9
2021-08-13,5,Storage,SUP_B,20,24.29,0,0,0,736,0,9
2021-08-14,5,Storage,SUP_B,19,23.4,0,0,0,704,0,9
2021-08-15,5,Storage,SUP_B,23,22.87,0,0,0,470,0,9
2021-08-16,5,Storage,SUP_B,21,23.68,0,0,0,496,0,9
2021-08-17,5,Storage,SUP_B,14,24.47,0,0,0,612,0,9
2021-08-18,5,Storage,SUP_B,21,24.0,0,0,0,540,0,9
2021-08-19,5,Storage,SUP_B,25,23.65,0,0,0,568,0,9
2021-08-20,5,Storage,SUP_B,15,22.53,0,0,0,646,0,9
2021-08-21,5,Storage,SUP_B,18,24.52,0,0,0,590,0,9
2021-08-22,5,Storage,SUP_B,14,22.96,0,0,0,589,0,9
2021-08-23,5,Storage,SUP_B,17,22.63,0,0,0,466,0,9
2021-08-24,5,Storage,SUP_B,11,24.7,0,0,0,539,0,9
2021-08-25,5,Storage,SUP_B,23,23.92,0,0,0,441,0,9
2021-08-26,5,Storage,SUP_B,14,24.43,0,0,0,410,0,9
2021-08-27,5,Storage,SUP_B,17,23.43,0,0,0,613,0,9
2021-08-28,5,Storage,SUP_B,24,22.75,0,0,0,550,0,9
2021-08-29,5,Storage,SUP_B,20,22.54,0,0,0,661,0,9
2021-08-30,5,Storage,SUP_B,14,23.47,0,0,0,610,0,9
2021-08-31,5,Storage,SUP_B,14,24.23,0,0,0,585,0,9
2021-09-01,5,Storage,SUP_B,14,22.68,0,0,0,396,0,9
2021-09-02,5,Storage,SUP_B,16,24.67,0,0,0,660,0,9
2021-09-03,5,Storage,SUP_B,22,24.31,0,0,0,564,0,9
2021-09-04,5,Storage,SUP_B,26,23.86,0,0,0,464,0,9
2021-09-05,5,Storage,SUP_B,21,23.74,0,0,0,549,0,9
2021-09-06,5,Storage,SUP_B,23,23.38,0,0,0,449,0,9
2021-09-07,5,Storage,SUP_B,21,24.15,0,0,0,719,0,9
2021-09-08,5,Storage,SUP_B,16,23.41,0,0,0,742,0,9
2021-09-09,5,Storage,SUP_B,18,24.58,0,0,0,526,0,9
2021-09-10,5,Storage,SUP_B,22,24.34,0,0,0,675,0,9
2021-09-11,5,Storage,SUP_B,29,23.3,0,0,0,614,0,9
2021-09-12,5,Storage,SUP_B,29,23.05,0,0,0,501,0,9
2021-09-13,5,Storage,SUP_B,20,24.19,0,0,0,438,0,9
2021-09-14,5,Storage,SUP_B,14,23.71,0,0,0,495,0,9
2021-09-15,5,Storage,SUP_B,18,24.35,0,0,0,690,0,9
2021-09-16,5,Storage,SUP_B,20,24.19,0,0,0,724,0,9
2021-09-17,5,Storage,SUP_B,11,22.77,0,0,0,724,0,9
2021-09-18,5,Storage,SUP_B,25,23.56,0,0,0,675,0,9
2021-09-19,5,Storage,SUP_B,32,24.14,0,0,0,489,0,9
2021-09-20,5,Storage,SUP_B,19,24.2,0,0,0,630,0,9
2021-09-21,5,Storage,SUP_B,11,22.66,0,0,0,602,0,9
2021-09-22,5,Storage,SUP_B,22,22.73,0,0,0,685,0,9
2021-09-23,5,Storage,SUP_B,19,23.68,0,0,0,428,0,9
2021-09-24,5,Storage,SUP_B,10,23.2,0,0,0,636,0,9
2021-09-25,5,Storage,SUP_B,29,23.53,0,0,0,617,0,9
2021-09-26,5,Storage,SUP_B,24,24.63,0,0,0,589,0,9
2021-09-27,5,Storage,SUP_B,13,23.76,0,0,0,673,0,9
2021-09-28,5,Storage,SUP_B,22,23.01,0,0,0,470,0,9
2021-09-29,5,Storage,SUP_B,23,24.22,0,0,0,499,0,9
2021-09-30,5,Storage,SUP_B,17,23.9,0,0,0,430,0,9
2021-10-01,5,Storage,SUP_B,35,23.05,0,0,0,390,0,9
2021-10-02,5,Storage,SUP_B,24,23.22,0,0,0,481,0,9
2021-10-03,5,Storage,SUP_B,15,24.18,0,0,0,548,0,9
2021-10-04,5,Storage,SUP_B,27,17.99,1,0,0,603,0,9
2021-10-05,5,Storage,SUP_B,24,16.58,1,0,0,553,0,9
2021-10-06,5,Storage,SUP_B,40,19.78,1,0,0,423,0,9
2021-10-07,5,Storage,SUP_B,20,19.25,1,0,0,412,0,9
2021-10-08,5,Storage,SUP_B,31,16.52,1,0,0,440,0,9
2021-10-09,5,Storage,SUP_B,44,19.24,1,0,0,614,0,9
2021-10-10,5,Storage,SUP_B,44,17.57,1,0,0,427,0,9
2021-10-11,5,Storage,SUP_B,21,23.25,0,0,0,392,0,9
2021-10-12,5,Storage,SUP_B,25,22.69,0,0,0,714,0,9
2021-10-13,5,Storage,SUP_B,17,24.46,0,0,0,450,0,9
2021-10-14,5,Storage,SUP_B,19,23.55,0,0,0,573,0,9
2021-10-15,5,Storage,SUP_B,24,22.48,0,0,0,652,0,9
2021-10-16,5,Storage,SUP_B,24,22.56,0,0,0,541,0,9
2021-10-17,5,Storage,SUP_B,34,23.0,0,0,0,506,0,9
2021-10-18,5,Storage,SUP_B,25,22.97,0,0,0,614,0,9
2021-10-19,5,Storage,SUP_B,22,24.36,0,0,0,643,0,9
2021-10-20,5,Storage,SUP_B,27,24.31,0,0,0,585,0,9
2021-10-21,5,Storage,SUP_B,23,23.28,0,0,0,616,0,9
2021-10-22,5,Storage,SUP_B,23,22.45,0,0,0,548,0,9
2021-10-23,5,Storage,SUP_B,29,24.35,0,0,0,489,0,9
2021-10-24,5,Storage,SUP_B,36,23.99,0,0,0,403,0,9
2021-10-25,5,Storage,SUP_B,19,22.38,0,0,0,730,0,9
2021-10-26,5,Storage,SUP_B,19,23.57,0,0,0,588,0,9
2021-10-27,5,Storage,SUP_B,15,22.72,0,0,0,579,0,9
2021-10-28,5,Storage,SUP_B,24,24.42,0,0,0,549,0,9
2021-10-29,5,Storage,SUP_B,20,24.35,0,0,0,440,0,9
2021-10-30,5,Storage,SUP_B,30,22.93,0,0,0,587,0,9
2021-10-31,5,Storage,SUP_B,28,23.91,0,0,0,463,0,9
2021-11-01,5,Storage,SUP_B,20,24.8,0,0,0,394,0,9
2021-11-02,5,Storage,SUP_B,26,23.71,0,0,0,645,0,9
2021-11-03,5,Storage,SUP_B,24,24.85,0,0,0,594,0,9
2021-11-04,5,Storage,SUP_B,32,24.24,0,0,0,418,0,9
2021-11-05,5,Storage,SUP_B,18,25.21,0,0,0,645,0,9
2021-11-06,5,Storage,SUP_B,23,24.19,0,0,0,478,0,9
2021-11-07,5,Storage,SUP_B,26,25.42,0,0,0,558,0,9
2021-11-08,5,Storage,SUP_B,21,23.66,0,0,0,668,0,9
2021-11-09,5,Storage,SUP_B,28,24.0,0,0,0,688,0,9
2021-11-10,5,Storage,SUP_B,25,25.63,0,0,0,507,0,9
2021-11-11,5,Storage,SUP_B,21,25.09,0,0,0,512,0,9
2021-11-12,5,Storage,SUP_B,18,25.0,0,0,0,693,0,9
2021-11-13,5,Storage,SUP_B,28,23.66,0,0,0,695,0,9
2021-11-14,5,Storage,SUP_B,26,25.69,0,0,0,668,0,9
2021-11-15,5,Storage,SUP_B,26,25.7,0,0,0,668,0,9
2021-11-16,5,Storage,SUP_B,25,23.88,0,0,0,549,0,9
2021-11-17,5,Storage,SUP_B,21,25.09,0,0,0,440,0,9
2021-11-18,5,Storage,SUP_B,21,25.72,0,0,0,636,0,9
2021-11-19,5,Storage,SUP_B,21,24.99,0,0,0,619,0,9
2021-11-20,5,Storage,SUP_B,28,23.6,0,0,0,474,0,9
2021-11-21,5,Storage,SUP_B,28,25.54,0,0,0,526,0,9
2021-11-22,5,Storage,SUP_B,27,25.67,0,1,0,501,0,9
2021-11-23,5,Storage,SUP_B,24,25.44,0,1,0,525,0,9
2021-11-24,5,Storage,SUP_B,24,24.05,0,1,0,426,0,9
2021-11-25,5,Storage,SUP_B,24,24.34,0,1,0,450,0,9
2021-11-26,5,Storage,SUP_B,25,25.88,0,1,0,391,0,9
2021-11-27,5,Storage,SUP_B,25,24.37,0,1,0,465,0,9
2021-11-28,5,Storage,SUP_B,24,24.72,0,1,0,522,0,9
2021-11-29,5,Storage,SUP_B,26,23.96,0,1,0,667,0,9
2021-11-30,5,Storage,SUP_B,23,23.92,0,1,0,666,0,9
2021-12-01,5,Storage,SUP_B,27,24.25,0,0,1,544,0,9
2021-12-02,5,Storage,SUP_B,24,23.63,0,0,1,447,0,9
2021-12-03,5,Storage,SUP_B,26,24.66,0,0,1,628,0,9
2021-12-04,5,Storage,SUP_B,25,24.9,0,0,1,538,0,9
2021-12-05,5,Storage,SUP_B,36,24.38,0,0,1,655,0,9
2021-12-06,5,Storage,SUP_B,34,19.43,1,0,1,497,0,9
2021-12-07,5,Storage,SUP_B,33,19.71,1,0,1,597,0,9
2021-12-08,5,Storage,SUP_B,30,20.85,1,0,1,467,0,9
2021-12-09,5,Storage,SUP_B,38,18.35,1,0,1,700,0,9
2021-12-10,5,Storage,SUP_B,25,20.27,1,0,1,696,0,9
2021-12-11,5,Storage,SUP_B,34,18.48,1,0,1,398,0,9
2021-12-12,5,Storage,SUP_B,32,17.93,1,0,1,467,0,9
2021-12-13,5,Storage,SUP_B,23,21.95,1,0,1,622,0,9
2021-12-14,5,Storage,SUP_B,25,22.11,1,0,1,444,0,9
2021-12-15,5,Storage,SUP_B,30,18.19,1,0,1,673,0,9
2021-12-16,5,Storage,SUP_B,26,21.39,1,0,1,649,0,9
2021-12-17,5,Storage,SUP_B,19,19.5,1,0,1,487,0,9
2021-12-18,5,Storage,SUP_B,42,18.2,1,0,1,409,0,9
2021-12-19,5,Storage,SUP_B,33,20.37,1,0,1,502,0,9
2021-12-20,5,Storage,SUP_B,34,25.43,0,0,1,418,0,9
2021-12-21,5,Storage,SUP_B,20,25.79,0,0,1,569,0,9
2021-12-22,5,Storage,SUP_B,23,23.61,0,0,1,427,0,9
2021-12-23,5,Storage,SUP_B,24,24.48,0,0,1,642,0,9
2021-12-24,5,Storage,SUP_B,18,25.51,0,0,1,510,0,9
2021-12-25,5,Storage,SUP_B,27,24.53,0,0,0,383,0,9
2021-12-26,5,Storage,SUP_B,39,25.09,0,0,0,483,0,9
2021-12-27,5,Storage,SUP_B,30,20.94,1,0,0,706,0,9
2021-12-28,5,Storage,SUP_B,21,17.07,1,0,0,724,0,9
2021-12-29,5,Storage,SUP_B,30,18.72,1,0,0,542,0,9
2021-12-30,5,Storage,SUP_B,32,17.48,1,0,0,411,0,9
2021-12-31,5,Storage,SUP_B,22,21.87,1,0,0,613,0,9
2022-01-01,5,Storage,SUP_B,29,22.63,0,0,0,491,0,9
2022-01-02,5,Storage,SUP_B,29,23.54,0,0,0,461,0,9
2022-01-03,5,Storage,SUP_B,21,23.13,0,0,0,605,0,9
2022-01-04,5,Storage,SUP_B,17,23.47,0,0,0,511,0,9
2022-01-05,5,Storage,SUP_B,18,24.39,0,0,0,727,0,9
2022-01-06,5,Storage,SUP_B,19,23.92,0,0,0,549,0,9
2022-01-07,5,Storage,SUP_B,16,24.45,0,0,0,673,0,9
2022-01-08,5,Storage,SUP_B,29,24.13,0,0,0,584,0,9
2022-01-09,5,Storage,SUP_B,22,24.7,0,0,0,703,0,9
2022-01-10,5,Storage,SUP_B,23,23.88,0,0,0,686,0,9
2022-01-11,5,Storage,SUP_B,19,24.16,0,0,0,713,0,9
2022-01-12,5,Storage,SUP_B,17,23.0,0,0,0,723,0,9
2022-01-13,5,Storage,SUP_B,22,24.19,0,0,0,672,0,9
2022-01-14,5,Storage,SUP_B,10,24.3,0,0,0,731,0,9
2022-01-15,5,Storage,SUP_B,20,23.11,0,0,0,523,0,9
2022-01-16,5,Storage,SUP_B,27,22.85,0,0,0,696,0,9
2022-01-17,5,Storage,SUP_B,14,23.2,0,0,0,628,0,9
2022-01-18,5,Storage,SUP_B,11,23.35,0,0,0,699,0,9
2022-01-19,5,Storage,SUP_B,20,24.24,0,0,0,408,0,9
2022-01-20,5,Storage,SUP_B,28,23.5,0,0,0,406,0,9
2022-01-21,5,Storage,SUP_B,20,23.32,0,0,0,402,0,9
2022-01-22,5,Storage,SUP_B,25,23.99,0,0,0,435,0,9
2022-01-23,5,Storage,SUP_B,32,23.9,0,0,0,590,0,9
2022-01-24,5,Storage,SUP_B,21,23.05,0,0,0,651,0,9
2022-01-25,5,Storage,SUP_B,21,23.33,0,0,0,682,0,9
2022-01-26,5,Storage,SUP_B,17,23.5,0,0,0,609,0,9
2022-01-27,5,Storage,SUP_B,26,23.54,0,0,0,532,0,9
2022-01-28,5,Storage,SUP_B,17,22.37,0,0,0,435,0,9
2022-01-29,5,Storage,SUP_B,27,24.06,0,0,0,674,0,9
2022-01-30,5,Storage,SUP_B,20,22.7,0,0,0,459,0,9
2022-01-31,5,Storage,SUP_B,21,16.92,1,0,0,695,0,9
2022-02-01,5,Storage,SUP_B,16,16.18,1,0,0,660,0,9
2022-02-02,5,Storage,SUP_B,24,16.66,1,0,0,645,0,9
2022-02-03,5,Storage,SUP_B,30,18.86,1,0,0,591,0,9
2022-02-04,5,Storage,SUP_B,26,19.16,1,0,0,578,0,9
2022-02-05,5,Storage,SUP_B,33,19.19,1,0,0,604,0,9
2022-02-06,5,Storage,SUP_B,31,20.65,1,0,0,683,0,9
2022-02-07,5,Storage,SUP_B,23,22.71,0,0,0,547,0,9
2022-02-08,5,Storage,SUP_B,17,24.27,0,0,0,705,0,9
2022-02-09,5,Storage,SUP_B,23,23.76,0,0,0,499,0,9
2022-02-10,5,Storage,SUP_B,15,22.78,0,0,0,722,0,9
2022-02-11,5,Storage,SUP_B,14,22.79,0,0,0,737,0,9
2022-02-12,5,Storage,SUP_B,21,23.31,0,0,0,675,0,9
2022-02-13,5,Storage,SUP_B,19,23.9,0,0,0,467,0,9
2022-02-14,5,Storage,SUP_B,14,23.98,0,0,0,626,0,9
2022-02-15,5,Storage,SUP_B,17,24.16,0,0,0,571,0,9
2022-02-16,5,Storage,SUP_B,21,24.58,0,0,0,703,0,9
2022-02-17,5,Storage,SUP_B,16,24.66,0,0,0,476,0,9
2022-02-18,5,Storage,SUP_B,10,23.47,0,0,0,691,0,9
2022-02-19,5,Storage,SUP_B,21,24.52,0,0,0,416,0,9
2022-02-20,5,Storage,SUP_B,24,22.49,0,0,0,416,0,9
2022-02-21,5,Storage,SUP_B,18,23.48,0,0,0,605,0,9
2022-02-22,5,Storage,SUP_B,22,23.25,0,0,0,433,0,9
2022-02-23,5,Storage,SUP_B,16,24.53,0,0,0,464,0,9
2022-02-24,5,Storage,SUP_B,18,24.01,0,0,0,730,0,9
2022-02-25,5,Storage,SUP_B,15,23.11,0,0,0,447,0,9
2022-02-26,5,Storage,SUP_B,24,23.97,0,0,0,433,0,9
2022-02-27,5,Storage,SUP_B,17,23.5,0,0,0,716,0,9
2022-02-28,5,Storage,SUP_B,31,19.17,1,0,0,460,0,9
2022-03-01,5,Storage,SUP_B,21,16.64,1,0,0,564,0,9
2022-03-02,5,Storage,SUP_B,36,17.45,1,0,0,442,0,9
2022-03-03,5,Storage,SUP_B,27,18.87,1,0,0,630,0,9
2022-03-04,5,Storage,SUP_B,15,20.15,1,0,0,413,0,9
2022-03-05,5,Storage,SUP_B,25,19.84,1,0,0,394,0,9
2022-03-06,5,Storage,SUP_B,24,21.08,1,0,0,695,0,9
2022-03-07,5,Storage,SUP_B,24,19.0,1,0,0,734,0,9
2022-03-08,5,Storage,SUP_B,31,19.27,1,0,0,653,0,9
2022-03-09,5,Storage,SUP_B,20,20.41,1,0,0,687,0,9
2022-03-10,5,Storage,SUP_B,23,16.32,1,0,0,612,0,9
2022-03-11,5,Storage,SUP_B,26,17.63,1,0,0,635,0,9
2022-03-12,5,Storage,SUP_B,31,18.17,1,0,0,614,0,9
2022-03-13,5,Storage,SUP_B,30,17.32,1,0,0,661,0,9
2022-03-14,5,Storage,SUP_B,27,19.9,1,0,0,487,0,9
2022-03-15,5,Storage,SUP_B,18,18.18,1,0,0,409,0,9
2022-03-16,5,Storage,SUP_B,22,18.19,1,0,0,414,0,9
2022-03-17,5,Storage,SUP_B,37,19.52,1,0,0,394,0,9
2022-03-18,5,Storage,SUP_B,29,17.49,1,0,0,619,0,9
2022-03-19,5,Storage,SUP_B,31,20.83,1,0,0,402,0,9
2022-03-20,5,Storage,SUP_B,32,19.09,1,0,0,384,0,9
2022-03-21,5,Storage,SUP_B,27,16.86,1,0,0,549,0,9
2022-03-22,5,Storage,SUP_B,26,20.63,1,0,0,599,0,9
2022-03-23,5,Storage,SUP_B,20,18.21,1,0,0,396,0,9
2022-03-24,5,Storage,SUP_B,27,21.57,1,0,0,596,0,9
2022-03-25,5,Storage,SUP_B,30,20.08,1,0,0,389,0,9
2022-03-26,5,Storage,SUP_B,42,17.29,1,0,0,430,0,9
2022-03-27,5,Storage,SUP_B,23,19.79,1,0,0,496,0,9
2022-03-28,5,Storage,SUP_B,20,23.99,0,0,0,736,0,9
2022-03-29,5,Storage,SUP_B,22,23.48,0,0,0,657,0,9
2022-03-30,5,Storage,SUP_B,10,22.87,0,0,0,668,0,9
2022-03-31,5,Storage,SUP_B,20,23.03,0,0,0,572,0,9
2022-04-01,5,Storage,SUP_B,14,23.08,0,0,0,594,0,9
2022-04-02,5,Storage,SUP_B,23,24.5,0,0,0,456,0,9
2022-04-03,5,Storage,SUP_B,21,24.29,0,0,0,634,0,9
2022-04-04,5,Storage,SUP_B,15,23.71,0,0,0,454,0,9
2022-04-05,5,Storage,SUP_B,22,24.44,0,0,0,586,0,9
2022-04-06,5,Storage,SUP_B,20,23.0,0,0,0,655,0,9
2022-04-07,5,Storage,SUP_B,23,22.73,0,0,0,709,0,9
2022-04-08,5,Storage,SUP_B,18,23.3,0,0,0,442,0,9
2022-04-09,5,Storage,SUP_B,30,24.2,0,0,0,410,0,9
2022-04-10,5,Storage,SUP_B,30,23.46,0,0,0,700,0,9
2022-04-11,5,Storage,SUP_B,22,23.58,0,0,0,610,0,9
2022-04-12,5,Storage,SUP_B,26,24.22,0,0,0,664,0,9
2022-04-13,5,Storage,SUP_B,14,23.72,0,0,0,672,0,9
2022-04-14,5,Storage,SUP_B,20,23.82,0,0,0,618,0,9
2022-04-15,5,Storage,SUP_B,20,23.8,0,0,0,426,0,9
2022-04-16,5,Storage,SUP_B,26,23.77,0,0,0,581,0,9
2022-04-17,5,Storage,SUP_B,27,23.23,0,0,0,519,0,9
2022-04-18,5,Storage,SUP_B,23,22.77,0,0,0,731,0,9
2022-04-19,5,Storage,SUP_B,19,23.93,0,0,0,649,0,9
2022-04-20,5,Storage,SUP_B,19,22.76,0,0,0,519,0,9
2022-04-21,5,Storage,SUP_B,14,23.68,0,0,0,550,0,9
2022-04-22,5,Storage,SUP_B,21,23.1,0,0,0,438,0,9
2022-04-23,5,Storage,SUP_B,20,24.02,0,0,0,677,0,9
2022-04-24,5,Storage,SUP_B,27,23.08,0,0,0,632,0,9
2022-04-25,5,Storage,SUP_B,21,24.49,0,0,0,416,0,9
2022-04-26,5,Storage,SUP_B,19,24.32,0,0,0,711,0,9
2022-04-27,5,Storage,SUP_B,28,23.95,0,0,0,412,0,9
2022-04-28,5,Storage,SUP_B,19,23.43,0,0,0,414,0,9
2022-04-29,5,Storage,SUP_B,15,22.91,0,0,0,532,0,9
2022-04-30,5,Storage,SUP_B,21,22.57,0,0,0,698,0,9
2022-05-01,5,Storage,SUP_B,26,23.78,0,0,0,522,0,9
2022-05-02,5,Storage,SUP_B,22,24.5,0,0,0,621,0,9
2022-05-03,5,Storage,SUP_B,18,23.98,0,0,0,441,0,9
2022-05-04,5,Storage,SUP_B,26,24.66,0,0,0,442,0,9
2022-05-05,5,Storage,SUP_B,23,23.37,0,0,0,607,0,9
2022-05-06,5,Storage,SUP_B,11,23.07,0,0,0,573,0,9
2022-05-07,5,Storage,SUP_B,23,22.64,0,0,0,415,0,9
2022-05-08,5,Storage,SUP_B,22,24.37,0,0,0,584,0,9
2022-05-09,5,Storage,SUP_B,16,23.06,0,0,0,473,0,9
2022-05-10,5,Storage,SUP_B,21,23.76,0,0,0,454,0,9
2022-05-11,5,Storage,SUP_B,24,23.47,0,0,0,735,0,9
2022-05-12,5,Storage,SUP_B,16,23.95,0,0,0,702,0,9
2022-05-13,5,Storage,SUP_B,27,23.03,0,0,0,620,0,9
2022-05-14,5,Storage,SUP_B,19,24.46,0,0,0,597,0,9
2022-05-15,5,Storage,SUP_B,16,23.83,0,0,0,562,0,9
2022-05-16,5,Storage,SUP_B,22,23.48,0,0,0,733,0,9
2022-05-17,5,Storage,SUP_B,27,22.98,0,0,0,488,0,9
2022-05-18,5,Storage,SUP_B,15,23.35,0,0,0,412,0,9
2022-05-19,5,Storage,SUP_B,14,22.46,0,0,0,564,0,9
2022-05-20,5,Storage,SUP_B,12,22.94,0,0,0,687,0,9
2022-05-21,5,Storage,SUP_B,12,23.45,0,0,0,662,0,9
2022-05-22,5,Storage,SUP_B,34,24.14,0,0,0,630,0,9
2022-05-23,5,Storage,SUP_B,20,22.44,0,0,0,544,0,9
2022-05-24,5,Storage,SUP_B,24,24.41,0,0,0,678,0,9
2022-05-25,5,Storage,SUP_B,25,22.93,0,0,0,394,0,9
2022-05-26,5,Storage,SUP_B,18,22.45,0,0,0,483,0,9
2022-05-27,5,Storage,SUP_B,13,24.63,0,0,0,641,0,9
2022-05-28,5,Storage,SUP_B,26,24.26,0,0,0,702,0,9
2022-05-29,5,Storage,SUP_B,36,24.42,0,0,0,452,0,9
2022-05-30,5,Storage,SUP_B,18,23.94,0,0,0,601,0,9
2022-05-31,5,Storage,SUP_B,13,23.39,0,0,0,397,0,9
2022-06-01,5,Storage,SUP_B,16,22.52,0,0,0,446,0,9
2022-06-02,5,Storage,SUP_B,12,23.25,0,0,0,588,0,9
2022-06-03,5,Storage,SUP_B,17,23.1,0,0,0,436,0,9
2022-06-04,5,Storage,SUP_B,21,24.7,0,0,0,719,0,9
2022-06-05,5,Storage,SUP_B,24,24.39,0,0,0,671,0,9
2022-06-06,5,Storage,SUP_B,16,22.98,0,0,0,494,0,9
2022-06-07,5,Storage,SUP_B,13,22.61,0,0,0,743,0,9
2022-06-08,5,Storage,SUP_B,24,23.98,0,0,0,648,0,9
2022-06-09,5,Storage,SUP_B,18,23.29,0,0,0,602,0,9
2022-06-10,5,Storage,SUP_B,15,24.43,0,0,0,665,0,9
2022-06-11,5,Storage,SUP_B,23,22.95,0,0,0,546,0,9
2022-06-12,5,Storage,SUP_B,18,24.49,0,0,0,446,0,9
2022-06-13,5,Storage,SUP_B,22,24.65,0,0,0,550,0,9
2022-06-14,5,Storage,SUP_B,20,22.52,0,0,0,405,0,9
2022-06-15,5,Storage,SUP_B,12,22.96,0,0,0,653,0,9
2022-06-16,5,Storage,SUP_B,15,23.8,0,0,0,568,0,9
2022-06-17,5,Storage,SUP_B,19,22.76,0,0,0,654,0,9
2022-06-18,5,Storage,SUP_B,28,24.03,0,0,0,713,0,9
2022-06-19,5,Storage,SUP_B,25,24.31,0,0,0,473,0,9
2022-06-20,5,Storage,SUP_B,18,23.17,0,0,0,500,0,9
2022-06-21,5,Storage,SUP_B,18,24.67,0,0,0,531,0,9
2022-06-22,5,Storage,SUP_B,18,24.56,0,0,0,514,0,9
2022-06-23,5,Storage,SUP_B,11,23.36,0,0,0,626,0,9
