synthetic_ecommerce_demand_2021_2024.csv
date,sku_id,category,supplier_id,units_sold,price,promo_flag,is_black_friday_week,is_christmas_peak,stock_on_hand,stockout_flag,lead_time_days
2022-06-24,5,Storage,SUP_B,18,23.68,0,0,0,685,0,9
2022-06-25,5,Storage,SUP_B,26,24.59,0,0,0,590,0,9
2022-06-26,5,Storage,SUP_B,18,24.48,0,0,0,685,0,9
2022-06-27,5,Storage,SUP_B,14,23.9,0,0,0,742,0,9
2022-06-28,5,Storage,SUP_B,15,23.73,0,0,0,698,0,9
2022-06-29,5,Storage,SUP_B,15,24.05,0,0,0,515,0,9
2022-06-30,5,Storage,SUP_B,15,24.32,0,0,0,429,0,9
2022-07-01,5,Storage,SUP_B,19,23.67,0,0,0,719,0,9
2022-07-02,5,Storage,SUP_B,22,23.76,0,0,0,640,0,9
2022-07-03,5,Storage,SUP_B,22,22.45,0,0,0,436,0,9
2022-07-04,5,Storage,SUP_B,19,17.37,1,0,0,492,0,9
2022-07-05,5,Storage,SUP_B,29,18.56,1,0,0,639,0,9
2022-07-06,5,Storage,SUP_B,21,19.17,1,0,0,506,0,9
2022-07-07,5,Storage,SUP_B,24,18.78,1,0,0,530,0,9
2022-07-08,5,Storage,SUP_B,17,21.42,1,0,0,669,0,9
2022-07-09,5,Storage,SUP_B,21,16.39,1,0,0,476,0,9
2022-07-10,5,Storage,SUP_B,21,17.4,1,0,0,432,0,9
2022-07-11,5,Storage,SUP_B,14,22.91,0,0,0,455,0,9
2022-07-12,5,Storage,SUP_B,9,24.33,0,0,0,421,0,9
2022-07-13,5,Storage,SUP_B,18,23.75,0,0,0,699,0,9
2022-07-14,5,Storage,SUP_B,23,23.2,0,0,0,622,0,9
2022-07-15,5,Storage,SUP_B,13,24.15,0,0,0,562,0,9
2022-07-16,5,Storage,SUP_B,21,22.6,0,0,0,688,0,9
2022-07-17,5,Storage,SUP_B,27,23.83,0,0,0,614,0,9
2022-07-18,5,Storage,SUP_B,13,22.4,0,0,0,716,0,9
2022-07-19,5,Storage,SUP_B,15,23.45,0,0,0,421,0,9
2022-07-20,5,Storage,SUP_B,10,23.55,0,0,0,603,0,9
2022-07-21,5,Storage,SUP_B,19,23.37,0,0,0,616,0,9
2022-07-22,5,Storage,SUP_B,15,23.28,0,0,0,510,0,9
2022-07-23,5,Storage,SUP_B,17,23.54,0,0,0,581,0,9
2022-07-24,5,Storage,SUP_B,19,23.66,0,0,0,702,0,9
2022-07-25,5,Storage,SUP_B,18,24.65,0,0,0,702,0,9
2022-07-26,5,Storage,SUP_B,17,22.88,0,0,0,675,0,9
2022-07-27,5,Storage,SUP_B,10,23.86,0,0,0,463,0,9
2022-07-28,5,Storage,SUP_B,20,23.18,0,0,0,559,0,9
2022-07-29,5,Storage,SUP_B,22,23.81,0,0,0,532,0,9
2022-07-30,5,Storage,SUP_B,21,24.03,0,0,0,606,0,9
2022-07-31,5,Storage,SUP_B,17,22.52,0,0,0,605,0,9
2022-08-01,5,Storage,SUP_B,17,24.3,0,0,0,622,0,9
2022-08-02,5,Storage,SUP_B,21,24.57,0,0,0,509,0,9
2022-08-03,5,Storage,SUP_B,10,24.69,0,0,0,740,0,9
2022-08-04,5,Storage,SUP_B,21,23.54,0,0,0,478,0,9
2022-08-05,5,Storage,SUP_B,16,22.44,0,0,0,552,0,9
2022-08-06,5,Storage,SUP_B,21,23.57,0,0,0,691,0,9
2022-08-07,5,Storage,SUP_B,19,23.7,0,0,0,461,0,9
2022-08-08,5,Storage,SUP_B,16,23.32,0,0,0,711,0,9
2022-08-09,5,Storage,SUP_B,19,23.5,0,0,0,658,0,9
2022-08-10,5,Storage,SUP_B,19,24.12,0,0,0,412,0,9
2022-08-11,5,Storage,SUP_B,11,22.91,0,0,0,604,0,9
2022-08-12,5,Storage,SUP_B,21,23.33,0,0,0,615,0,9
2022-08-13,5,Storage,SUP_B,15,23.99,0,0,0,575,0,9
2022-08-14,5,Storage,SUP_B,18,23.55,0,0,0,412,0,9
2022-08-15,5,Storage,SUP_B,24,23.73,0,0,0,538,0,9
2022-08-16,5,Storage,SUP_B,18,23.01,0,0,0,460,0,9
2022-08-17,5,Storage,SUP_B,14,24.09,0,0,0,444,0,9
2022-08-18,5,Storage,SUP_B,21,23.26,0,0,0,493,0,9
2022-08-19,5,Storage,SUP_B,17,23.36,0,0,0,651,0,9
2022-08-20,5,Storage,SUP_B,23,24.03,0,0,0,672,0,9
2022-08-21,5,Storage,SUP_B,20,23.95,0,0,0,588,0,9
2022-08-22,5,Storage,SUP_B,16,22.78,0,0,0,643,0,9
2022-08-23,5,Storage,SUP_B,19,23.13,0,0,0,434,0,9
2022-08-24,5,Storage,SUP_B,15,23.12,0,0,0,459,0,9
2022-08-25,5,Storage,SUP_B,21,23.53,0,0,0,699,0,9
2022-08-26,5,Storage,SUP_B,13,24.03,0,0,0,420,0,9
2022-08-27,5,Storage,SUP_B,19,23.22,0,0,0,559,0,9
2022-08-28,5,Storage,SUP_B,22,22.6,0,0,0,436,0,9
2022-08-29,5,Storage,SUP_B,18,24.45,0,0,0,684,0,9
2022-08-30,5,Storage,SUP_B,15,23.61,0,0,0,450,0,9
2022-08-31,5,Storage,SUP_B,19,22.55,0,0,0,500,0,9
2022-09-01,5,Storage,SUP_B,17,22.82,0,0,0,403,0,9
2022-09-02,5,Storage,SUP_B,17,23.29,0,0,0,538,0,9
2022-09-03,5,Storage,SUP_B,23,23.48,0,0,0,418,0,9
2022-09-04,5,Storage,SUP_B,19,23.55,0,0,0,401,0,9
2022-09-05,5,Storage,SUP_B,16,23.19,0,0,0,641,0,9
2022-09-06,5,Storage,SUP_B,30,24.12,0,0,0,492,0,9
2022-09-07,5,Storage,SUP_B,23,23.03,0,0,0,723,0,9
2022-09-08,5,Storage,SUP_B,15,23.94,0,0,0,501,0,9
2022-09-09,5,Storage,SUP_B,19,24.52,0,0,0,730,0,9
2022-09-10,5,Storage,SUP_B,15,23.13,0,0,0,592,0,9
2022-09-11,5,Storage,SUP_B,18,23.89,0,0,0,437,0,9
2022-09-12,5,Storage,SUP_B,14,24.14,0,0,0,511,0,9
2022-09-13,5,Storage,SUP_B,16,22.69,0,0,0,543,0,9
2022-09-14,5,Storage,SUP_B,23,23.66,0,0,0,441,0,9
2022-09-15,5,Storage,SUP_B,15,22.41,0,0,0,699,0,9
2022-09-16,5,Storage,SUP_B,17,22.96,0,0,0,700,0,9
2022-09-17,5,Storage,SUP_B,25,23.73,0,0,0,518,0,9
2022-09-18,5,Storage,SUP_B,23,23.32,0,0,0,497,0,9
2022-09-19,5,Storage,SUP_B,12,22.76,0,0,0,485,0,9
2022-09-20,5,Storage,SUP_B,26,24.61,0,0,0,502,0,9
2022-09-21,5,Storage,SUP_B,18,23.71,0,0,0,576,0,9
2022-09-22,5,Storage,SUP_B,20,24.16,0,0,0,624,0,9
2022-09-23,5,Storage,SUP_B,18,22.38,0,0,0,434,0,9
2022-09-24,5,Storage,SUP_B,15,22.48,0,0,0,613,0,9
2022-09-25,5,Storage,SUP_B,18,22.6,0,0,0,682,0,9
2022-09-26,5,Storage,SUP_B,23,24.5,0,0,0,451,0,9
2022-09-27,5,Storage,SUP_B,24,23.13,0,0,0,415,0,9
2022-09-28,5,Storage,SUP_B,15,23.78,0,0,0,477,0,9
2022-09-29,5,Storage,SUP_B,19,22.59,0,0,0,709,0,9
2022-09-30,5,Storage,SUP_B,19,24.59,0,0,0,530,0,9
2022-10-01,5,Storage,SUP_B,26,23.68,0,0,0,579,0,9
2022-10-02,5,Storage,SUP_B,33,24.4,0,0,0,473,0,9
2022-10-03,5,Storage,SUP_B,25,16.37,1,0,0,418,0,9
2022-10-04,5,Storage,SUP_B,35,16.72,1,0,0,639,0,9
2022-10-05,5,Storage,SUP_B,30,20.5,1,0,0,563,0,9
2022-10-06,5,Storage,SUP_B,26,17.44,1,0,0,477,0,9
2022-10-07,5,Storage,SUP_B,26,17.71,1,0,0,459,0,9
2022-10-08,5,Storage,SUP_B,47,21.26,1,0,0,503,0,9
2022-10-09,5,Storage,SUP_B,28,18.2,1,0,0,531,0,9
2022-10-10,5,Storage,SUP_B,33,22.81,0,0,0,589,0,9
2022-10-11,5,Storage,SUP_B,25,23.21,0,0,0,707,0,9
2022-10-12,5,Storage,SUP_B,24,22.99,0,0,0,394,0,9
2022-10-13,5,Storage,SUP_B,25,24.68,0,0,0,681,0,9
2022-10-14,5,Storage,SUP_B,24,24.29,0,0,0,392,0,9
2022-10-15,5,Storage,SUP_B,41,24.59,0,0,0,636,0,9
2022-10-16,5,Storage,SUP_B,22,23.19,0,0,0,480,0,9
2022-10-17,5,Storage,SUP_B,29,16.63,1,0,0,722,0,9
2022-10-18,5,Storage,SUP_B,29,19.42,1,0,0,441,0,9
2022-10-19,5,Storage,SUP_B,33,18.72,1,0,0,414,0,9
2022-10-20,5,Storage,SUP_B,37,18.26,1,0,0,423,0,9
2022-10-21,5,Storage,SUP_B,27,18.18,1,0,0,517,0,9
2022-10-22,5,Storage,SUP_B,27,20.55,1,0,0,732,0,9
2022-10-23,5,Storage,SUP_B,33,18.31,1,0,0,623,0,9
2022-10-24,5,Storage,SUP_B,24,22.76,0,0,0,635,0,9
2022-10-25,5,Storage,SUP_B,27,23.53,0,0,0,445,0,9
2022-10-26,5,Storage,SUP_B,23,24.36,0,0,0,618,0,9
2022-10-27,5,Storage,SUP_B,18,22.66,0,0,0,555,0,9
2022-10-28,5,Storage,SUP_B,28,24.43,0,0,0,581,0,9
2022-10-29,5,Storage,SUP_B,33,22.57,0,0,0,594,0,9
2022-10-30,5,Storage,SUP_B,31,22.81,0,0,0,687,0,9
2022-10-31,5,Storage,SUP_B,17,23.61,0,0,0,540,0,9
2022-11-01,5,Storage,SUP_B,23,25.56,0,0,0,690,0,9
2022-11-02,5,Storage,SUP_B,22,25.88,0,0,0,438,0,9
2022-11-03,5,Storage,SUP_B,24,24.73,0,0,0,492,0,9
2022-11-04,5,Storage,SUP_B,22,25.09,0,0,0,519,0,9
2022-11-05,5,Storage,SUP_B,21,25.32,0,0,0,553,0,9
2022-11-06,5,Storage,SUP_B,25,24.33,0,0,0,463,0,9
2022-11-07,5,Storage,SUP_B,30,24.49,0,0,0,641,0,9
2022-11-08,5,Storage,SUP_B,27,25.64,0,0,0,553,0,9
2022-11-09,5,Storage,SUP_B,30,24.09,0,0,0,469,0,9
2022-11-10,5,Storage,SUP_B,15,25.47,0,0,0,530,0,9
2022-11-11,5,Storage,SUP_B,20,24.35,0,0,0,730,0,9
2022-11-12,5,Storage,SUP_B,43,25.54,0,0,0,440,0,9
2022-11-13,5,Storage,SUP_B,34,23.99,0,0,0,703,0,9
2022-11-14,5,Storage,SUP_B,17,25.58,0,0,0,598,0,9
2022-11-15,5,Storage,SUP_B,23,24.88,0,0,0,524,0,9
2022-11-16,5,Storage,SUP_B,23,25.04,0,0,0,723,0,9
2022-11-17,5,Storage,SUP_B,26,24.31,0,0,0,551,0,9
2022-11-18,5,Storage,SUP_B,20,25.51,0,0,0,691,0,9
2022-11-19,5,Storage,SUP_B,30,24.53,0,0,0,602,0,9
2022-11-20,5,Storage,SUP_B,34,23.61,0,0,0,632,0,9
2022-11-21,5,Storage,SUP_B,27,23.88,0,1,0,659,0,9
2022-11-22,5,Storage,SUP_B,25,23.96,0,1,0,395,0,9
2022-11-23,5,Storage,SUP_B,18,24.76,0,1,0,692,0,9
2022-11-24,5,Storage,SUP_B,15,23.73,0,1,0,583,0,9
2022-11-25,5,Storage,SUP_B,20,23.84,0,1,0,425,0,9
2022-11-26,5,Storage,SUP_B,28,25.48,0,1,0,675,0,9
2022-11-27,5,Storage,SUP_B,21,24.86,0,1,0,565,0,9
2022-11-28,5,Storage,SUP_B,16,23.67,0,1,0,491,0,9
2022-11-29,5,Storage,SUP_B,16,25.05,0,1,0,706,0,9
2022-11-30,5,Storage,SUP_B,28,24.82,0,0,0,542,0,9
2022-12-01,5,Storage,SUP_B,25,25.18,0,0,1,413,0,9
2022-12-02,5,Storage,SUP_B,27,23.59,0,0,1,564,0,9
2022-12-03,5,Storage,SUP_B,30,24.74,0,0,1,567,0,9
2022-12-04,5,Storage,SUP_B,23,24.26,0,0,1,554,0,9
2022-12-05,5,Storage,SUP_B,28,23.64,0,0,1,594,0,9
2022-12-06,5,Storage,SUP_B,22,24.35,0,0,1,531,0,9
2022-12-07,5,Storage,SUP_B,24,24.16,0,0,1,716,0,9
2022-12-08,5,Storage,SUP_B,24,24.77,0,0,1,656,0,9
2022-12-09,5,Storage,SUP_B,24,23.79,0,0,1,645,0,9
2022-12-10,5,Storage,SUP_B,21,23.83,0,0,1,390,0,9
2022-12-11,5,Storage,SUP_B,31,23.88,0,0,1,490,0,9
2022-12-12,5,Storage,SUP_B,24,24.39,0,0,1,559,0,9
2022-12-13,5,Storage,SUP_B,23,23.6,0,0,1,691,0,9
2022-12-14,5,Storage,SUP_B,20,24.48,0,0,1,492,0,9
2022-12-15,5,Storage,SUP_B,25,24.59,0,0,1,548,0,9
2022-12-16,5,Storage,SUP_B,29,25.33,0,0,1,490,0,9
2022-12-17,5,Storage,SUP_B,32,24.61,0,0,1,397,0,9
2022-12-18,5,Storage,SUP_B,33,24.21,0,0,1,577,0,9
2022-12-19,5,Storage,SUP_B,20,25.23,0,0,1,468,0,9
2022-12-20,5,Storage,SUP_B,22,25.17,0,0,1,690,0,9
2022-12-21,5,Storage,SUP_B,30,24.35,0,0,1,611,0,9
2022-12-22,5,Storage,SUP_B,30,24.5,0,0,1,702,0,9
2022-12-23,5,Storage,SUP_B,31,25.55,0,0,1,578,0,9
2022-12-24,5,Storage,SUP_B,28,25.81,0,0,1,400,0,9
2022-12-25,5,Storage,SUP_B,40,24.42,0,0,0,515,0,9
2022-12-26,5,Storage,SUP_B,27,25.85,0,0,0,645,0,9
2022-12-27,5,Storage,SUP_B,28,24.65,0,0,0,713,0,9
2022-12-28,5,Storage,SUP_B,20,24.67,0,0,0,716,0,9
2022-12-29,5,Storage,SUP_B,23,25.06,0,0,0,715,0,9
2022-12-30,5,Storage,SUP_B,13,23.84,0,0,0,426,0,9
2022-12-31,5,Storage,SUP_B,25,24.82,0,0,0,499,0,9
2023-01-01,5,Storage,SUP_B,22,22.72,0,0,0,523,0,9
2023-01-02,5,Storage,SUP_B,16,24.09,0,0,0,680,0,9
2023-01-03,5,Storage,SUP_B,20,24.2,0,0,0,444,0,9
2023-01-04,5,Storage,SUP_B,16,24.65,0,0,0,525,0,9
2023-01-05,5,Storage,SUP_B,16,22.82,0,0,0,638,0,9
2023-01-06,5,Storage,SUP_B,7,23.42,0,0,0,632,0,9
2023-01-07,5,Storage,SUP_B,17,22.66,0,0,0,579,0,9
2023-01-08,5,Storage,SUP_B,20,24.25,0,0,0,412,0,9
2023-01-09,5,Storage,SUP_B,18,22.75,0,0,0,740,0,9
2023-01-10,5,Storage,SUP_B,27,23.65,0,0,0,688,0,9
2023-01-11,5,Storage,SUP_B,19,23.25,0,0,0,400,0,9
2023-01-12,5,Storage,SUP_B,24,23.6,0,0,0,475,0,9
2023-01-13,5,Storage,SUP_B,20,22.63,0,0,0,665,0,9
2023-01-14,5,Storage,SUP_B,24,22.66,0,0,0,491,0,9
2023-01-15,5,Storage,SUP_B,29,23.87,0,0,0,412,0,9
2023-01-16,5,Storage,SUP_B,30,23.78,0,0,0,661,0,9
2023-01-17,5,Storage,SUP_B,14,22.43,0,0,0,431,0,9
2023-01-18,5,Storage,SUP_B,23,23.4,0,0,0,473,0,9
2023-01-19,5,Storage,SUP_B,18,24.13,0,0,0,419,0,9
2023-01-20,5,Storage,SUP_B,25,23.33,0,0,0,688,0,9
2023-01-21,5,Storage,SUP_B,18,22.68,0,0,0,525,0,9
2023-01-22,5,Storage,SUP_B,29,22.39,0,0,0,712,0,9
2023-01-23,5,Storage,SUP_B,19,23.27,0,0,0,606,0,9
2023-01-24,5,Storage,SUP_B,18,24.23,0,0,0,465,0,9
2023-01-25,5,Storage,SUP_B,16,22.44,0,0,0,510,0,9
2023-01-26,5,Storage,SUP_B,18,22.36,0,0,0,593,0,9
2023-01-27,5,Storage,SUP_B,17,24.38,0,0,0,597,0,9
2023-01-28,5,Storage,SUP_B,20,24.46,0,0,0,452,0,9
2023-01-29,5,Storage,SUP_B,20,22.55,0,0,0,427,0,9
2023-01-30,5,Storage,SUP_B,26,22.43,0,0,0,578,0,9
2023-01-31,5,Storage,SUP_B,15,22.73,0,0,0,662,0,9
2023-02-01,5,Storage,SUP_B,12,23.17,0,0,0,407,0,9
2023-02-02,5,Storage,SUP_B,19,22.94,0,0,0,659,0,9
2023-02-03,5,Storage,SUP_B,18,23.72,0,0,0,696,0,9
2023-02-04,5,Storage,SUP_B,24,24.29,0,0,0,660,0,9
2023-02-05,5,Storage,SUP_B,39,23.74,0,0,0,543,0,9
2023-02-06,5,Storage,SUP_B,25,17.6,1,0,0,502,0,9
2023-02-07,5,Storage,SUP_B,12,18.01,1,0,0,559,0,9
2023-02-08,5,Storage,SUP_B,29,17.5,1,0,0,679,0,9
2023-02-09,5,Storage,SUP_B,24,16.3,1,0,0,443,0,9
2023-02-10,5,Storage,SUP_B,22,18.92,1,0,0,683,0,9
2023-02-11,5,Storage,SUP_B,31,15.92,1,0,0,635,0,9
2023-02-12,5,Storage,SUP_B,32,16.75,1,0,0,663,0,9
2023-02-13,5,Storage,SUP_B,16,22.95,0,0,0,739,0,9
2023-02-14,5,Storage,SUP_B,17,24.61,0,0,0,680,0,9
2023-02-15,5,Storage,SUP_B,21,22.77,0,0,0,561,0,9
2023-02-16,5,Storage,SUP_B,29,22.74,0,0,0,481,0,9
2023-02-17,5,Storage,SUP_B,21,22.63,0,0,0,518,0,9
2023-02-18,5,Storage,SUP_B,24,22.88,0,0,0,645,0,9
2023-02-19,5,Storage,SUP_B,13,22.37,0,0,0,531,0,9
2023-02-20,5,Storage,SUP_B,22,22.97,0,0,0,570,0,9
2023-02-21,5,Storage,SUP_B,23,22.56,0,0,0,646,0,9
2023-02-22,5,Storage,SUP_B,15,23.48,0,0,0,420,0,9
2023-02-23,5,Storage,SUP_B,21,22.96,0,0,0,727,0,9
2023-02-24,5,Storage,SUP_B,24,24.11,0,0,0,509,0,9
2023-02-25,5,Storage,SUP_B,27,22.71,0,0,0,614,0,9
2023-02-26,5,Storage,SUP_B,30,22.54,0,0,0,389,0,9
2023-02-27,5,Storage,SUP_B,18,17.57,1,0,0,430,0,9
2023-02-28,5,Storage,SUP_B,32,21.44,1,0,0,695,0,9
2023-03-01,5,Storage,SUP_B,22,16.71,1,0,0,738,0,9
2023-03-02,5,Storage,SUP_B,23,18.91,1,0,0,428,0,9
2023-03-03,5,Storage,SUP_B,21,21.78,1,0,0,434,0,9
2023-03-04,5,Storage,SUP_B,23,19.85,1,0,0,456,0,9
2023-03-05,5,Storage,SUP_B,30,19.04,1,0,0,555,0,9
2023-03-06,5,Storage,SUP_B,17,23.01,0,0,0,618,0,9
2023-03-07,5,Storage,SUP_B,30,23.34,0,0,0,641,0,9
2023-03-08,5,Storage,SUP_B,24,24.01,0,0,0,538,0,9
2023-03-09,5,Storage,SUP_B,24,24.56,0,0,0,587,0,9
2023-03-10,5,Storage,SUP_B,17,23.17,0,0,0,443,0,9
2023-03-11,5,Storage,SUP_B,14,23.43,0,0,0,522,0,9
2023-03-12,5,Storage,SUP_B,17,22.64,0,0,0,575,0,9
2023-03-13,5,Storage,SUP_B,12,23.42,0,0,0,456,0,9
2023-03-14,5,Storage,SUP_B,19,24.38,0,0,0,669,0,9
2023-03-15,5,Storage,SUP_B,18,23.25,0,0,0,583,0,9
2023-03-16,5,Storage,SUP_B,12,24.67,0,0,0,420,0,9
2023-03-17,5,Storage,SUP_B,24,22.82,0,0,0,628,0,9
2023-03-18,5,Storage,SUP_B,12,22.36,0,0,0,592,0,9
2023-03-19,5,Storage,SUP_B,23,24.05,0,0,0,430,0,9
2023-03-20,5,Storage,SUP_B,23,19.7,1,0,0,582,0,9
2023-03-21,5,Storage,SUP_B,23,17.53,1,0,0,726,0,9
2023-03-22,5,Storage,SUP_B,21,18.15,1,0,0,522,0,9
2023-03-23,5,Storage,SUP_B,24,16.95,1,0,0,523,0,9
2023-03-24,5,Storage,SUP_B,22,18.0,1,0,0,600,0,9
2023-03-25,5,Storage,SUP_B,29,18.01,1,0,0,729,0,9
2023-03-26,5,Storage,SUP_B,32,16.0,1,0,0,409,0,9
2023-03-27,5,Storage,SUP_B,14,23.19,0,0,0,621,0,9
2023-03-28,5,Storage,SUP_B,16,24.08,0,0,0,643,0,9
2023-03-29,5,Storage,SUP_B,27,23.63,0,0,0,492,0,9
2023-03-30,5,Storage,SUP_B,15,23.04,0,0,0,407,0,9
2023-03-31,5,Storage,SUP_B,14,24.11,0,0,0,559,0,9
2023-04-01,5,Storage,SUP_B,25,23.1,0,0,0,634,0,9
2023-04-02,5,Storage,SUP_B,21,22.81,0,0,0,597,0,9
2023-04-03,5,Storage,SUP_B,24,22.63,0,0,0,679,0,9
2023-04-04,5,Storage,SUP_B,11,22.97,0,0,0,727,0,9
2023-04-05,5,Storage,SUP_B,23,23.92,0,0,0,573,0,9
2023-04-06,5,Storage,SUP_B,14,23.51,0,0,0,618,0,9
2023-04-07,5,Storage,SUP_B,9,23.74,0,0,0,561,0,9
2023-04-08,5,Storage,SUP_B,19,23.84,0,0,0,411,0,9
2023-04-09,5,Storage,SUP_B,22,23.08,0,0,0,675,0,9
2023-04-10,5,Storage,SUP_B,28,20.62,1,0,0,708,0,9
2023-04-11,5,Storage,SUP_B,24,16.83,1,0,0,704,0,9
2023-04-12,5,Storage,SUP_B,27,22.05,1,0,0,439,0,9
2023-04-13,5,Storage,SUP_B,29,20.99,1,0,0,678,0,9
2023-04-14,5,Storage,SUP_B,28,19.29,1,0,0,469,0,9
2023-04-15,5,Storage,SUP_B,29,19.86,1,0,0,393,0,9
2023-04-16,5,Storage,SUP_B,34,19.2,1,0,0,642,0,9
2023-04-17,5,Storage,SUP_B,23,22.51,0,0,0,629,0,9
2023-04-18,5,Storage,SUP_B,20,22.91,0,0,0,431,0,9
2023-04-19,5,Storage,SUP_B,17,23.48,0,0,0,597,0,9
2023-04-20,5,Storage,SUP_B,18,23.52,0,0,0,540,0,9
2023-04-21,5,Storage,SUP_B,21,24.44,0,0,0,656,0,9
2023-04-22,5,Storage,SUP_B,30,23.1,0,0,0,491,0,9
2023-04-23,5,Storage,SUP_B,26,24.18,0,0,0,518,0,9
2023-04-24,5,Storage,SUP_B,15,22.78,0,0,0,463,0,9
2023-04-25,5,Storage,SUP_B,15,24.04,0,0,0,534,0,9
2023-04-26,5,Storage,SUP_B,26,24.68,0,0,0,573,0,9
2023-04-27,5,Storage,SUP_B,31,23.04,0,0,0,624,0,9
2023-04-28,5,Storage,SUP_B,20,23.21,0,0,0,419,0,9
2023-04-29,5,Storage,SUP_B,21,23.27,0,0,0,682,0,9
2023-04-30,5,Storage,SUP_B,17,22.97,0,0,0,496,0,9
2023-05-01,5,Storage,SUP_B,18,24.57,0,0,0,538,0,9
2023-05-02,5,Storage,SUP_B,13,22.79,0,0,0,472,0,9
2023-05-03,5,Storage,SUP_B,16,24.05,0,0,0,671,0,9
2023-05-04,5,Storage,SUP_B,18,23.27,0,0,0,449,0,9
2023-05-05,5,Storage,SUP_B,18,22.45,0,0,0,621,0,9
2023-05-06,5,Storage,SUP_B,16,22.53,0,0,0,717,0,9
2023-05-07,5,Storage,SUP_B,27,23.57,0,0,0,567,0,9
2023-05-08,5,Storage,SUP_B,17,24.31,0,0,0,530,0,9
2023-05-09,5,Storage,SUP_B,17,22.42,0,0,0,694,0,9
2023-05-10,5,Storage,SUP_B,19,23.93,0,0,0,617,0,9
2023-05-11,5,Storage,SUP_B,20,23.5,0,0,0,721,0,9
2023-05-12,5,Storage,SUP_B,16,24.54,0,0,0,468,0,9
2023-05-13,5,Storage,SUP_B,27,24.61,0,0,0,660,0,9
2023-05-14,5,Storage,SUP_B,15,23.88,0,0,0,676,0,9
2023-05-15,5,Storage,SUP_B,16,22.87,0,0,0,697,0,9
2023-05-16,5,Storage,SUP_B,20,23.23,0,0,0,425,0,9
2023-05-17,5,Storage,SUP_B,17,23.48,0,0,0,651,0,9
2023-05-18,5,Storage,SUP_B,17,24.49,0,0,0,656,0,9
2023-05-19,5,Storage,SUP_B,24,23.01,0,0,0,615,0,9
2023-05-20,5,Storage,SUP_B,26,22.95,0,0,0,522,0,9
2023-05-21,5,Storage,SUP_B,25,23.66,0,0,0,700,0,9
2023-05-22,5,Storage,SUP_B,19,22.48,0,0,0,509,0,9
2023-05-23,5,Storage,SUP_B,16,24.09,0,0,0,704,0,9
2023-05-24,5,Storage,SUP_B,21,22.99,0,0,0,593,0,9
2023-05-25,5,Storage,SUP_B,21,24.56,0,0,0,613,0,9
2023-05-26,5,Storage,SUP_B,25,23.1,0,0,0,643,0,9
2023-05-27,5,Storage,SUP_B,19,23.3,0,0,0,443,0,9
2023-05-28,5,Storage,SUP_B,22,22.62,0,0,0,676,0,9
2023-05-29,5,Storage,SUP_B,19,23.54,0,0,0,655,0,9
2023-05-30,5,Storage,SUP_B,19,23.66,0,0,0,438,0,9
2023-05-31,5,Storage,SUP_B,18,22.46,0,0,0,702,0,9
2023-06-01,5,Storage,SUP_B,9,22.36,0,0,0,640,0,9
2023-06-02,5,Storage,SUP_B,17,24.37,0,0,0,463,0,9
2023-06-03,5,Storage,SUP_B,18,24.53,0,0,0,657,0,9
2023-06-04,5,Storage,SUP_B,24,23.58,0,0,0,587,0,9
2023-06-05,5,Storage,SUP_B,16,24.36,0,0,0,401,0,9
2023-06-06,5,Storage,SUP_B,19,23.92,0,0,0,460,0,9
2023-06-07,5,Storage,SUP_B,14,24.66,0,0,0,737,0,9
2023-06-08,5,Storage,SUP_B,14,23.74,0,0,0,542,0,9
2023-06-09,5,Storage,SUP_B,21,23.55,0,0,0,615,0,9
2023-06-10,5,Storage,SUP_B,15,23.5,0,0,0,682,0,9
2023-06-11,5,Storage,SUP_B,15,24.59,0,0,0,588,0,9
2023-06-12,5,Storage,SUP_B,25,24.53,0,0,0,496,0,9
2023-06-13,5,Storage,SUP_B,11,24.25,0,0,0,615,0,9
2023-06-14,5,Storage,SUP_B,18,22.77,0,0,0,607,0,9
2023-06-15,5,Storage,SUP_B,8,23.38,0,0,0,689,0,9
