synthetic_ecommerce_demand_2021_2024.csv
date,sku_id,category,supplier_id,units_sold,price,promo_flag,is_black_friday_week,is_christmas_peak,stock_on_hand,stockout_flag,lead_time_days
2023-06-16,5,Storage,SUP_B,8,22.73,0,0,0,414,0,9
2023-06-17,5,Storage,SUP_B,17,23.34,0,0,0,441,0,9
2023-06-18,5,Storage,SUP_B,21,24.11,0,0,0,684,0,9
2023-06-19,5,Storage,SUP_B,22,24.02,0,0,0,652,0,9
2023-06-20,5,Storage,SUP_B,17,23.87,0,0,0,630,0,9
2023-06-21,5,Storage,SUP_B,18,23.49,0,0,0,531,0,9
2023-06-22,5,Storage,SUP_B,21,23.13,0,0,0,521,0,9
2023-06-23,5,Storage,SUP_B,17,23.75,0,0,0,518,0,9
2023-06-24,5,Storage,SUP_B,22,23.11,0,0,0,657,0,9
2023-06-25,5,Storage,SUP_B,21,24.0,0,0,0,688,0,9
2023-06-26,5,Storage,SUP_B,20,22.66,0,0,0,562,0,9
2023-06-27,5,Storage,SUP_B,17,23.33,0,0,0,504,0,9
2023-06-28,5,Storage,SUP_B,11,23.39,0,0,0,520,0,9
2023-06-29,5,Storage,SUP_B,18,22.45,0,0,0,565,0,9
2023-06-30,5,Storage,SUP_B,23,23.58,0,0,0,557,0,9
2023-07-01,5,Storage,SUP_B,19,22.65,0,0,0,453,0,9
2023-07-02,5,Storage,SUP_B,25,24.58,0,0,0,668,0,9
2023-07-03,5,Storage,SUP_B,20,22.47,0,0,0,589,0,9
2023-07-04,5,Storage,SUP_B,26,23.04,0,0,0,401,0,9
2023-07-05,5,Storage,SUP_B,18,23.48,0,0,0,644,0,9
2023-07-06,5,Storage,SUP_B,13,22.5,0,0,0,449,0,9
2023-07-07,5,Storage,SUP_B,14,24.35,0,0,0,472,0,9
2023-07-08,5,Storage,SUP_B,14,23.88,0,0,0,450,0,9
2023-07-09,5,Storage,SUP_B,22,22.52,0,0,0,416,0,9
2023-07-10,5,Storage,SUP_B,14,22.77,0,0,0,682,0,9
2023-07-11,5,Storage,SUP_B,21,22.63,0,0,0,735,0,9
2023-07-12,5,Storage,SUP_B,17,24.7,0,0,0,695,0,9
2023-07-13,5,Storage,SUP_B,17,22.58,0,0,0,717,0,9
2023-07-14,5,Storage,SUP_B,22,24.13,0,0,0,655,0,9
2023-07-15,5,Storage,SUP_B,17,22.95,0,0,0,669,0,9
2023-07-16,5,Storage,SUP_B,15,23.12,0,0,0,407,0,9
2023-07-17,5,Storage,SUP_B,12,22.92,0,0,0,619,0,9
2023-07-18,5,Storage,SUP_B,16,23.51,0,0,0,501,0,9
2023-07-19,5,Storage,SUP_B,12,23.85,0,0,0,657,0,9
2023-07-20,5,Storage,SUP_B,12,22.78,0,0,0,475,0,9
2023-07-21,5,Storage,SUP_B,18,23.91,0,0,0,727,0,9
2023-07-22,5,Storage,SUP_B,15,24.53,0,0,0,456,0,9
2023-07-23,5,Storage,SUP_B,19,23.86,0,0,0,625,0,9
2023-07-24,5,Storage,SUP_B,19,24.11,0,0,0,403,0,9
2023-07-25,5,Storage,SUP_B,27,22.64,0,0,0,712,0,9
2023-07-26,5,Storage,SUP_B,19,24.65,0,0,0,458,0,9
2023-07-27,5,Storage,SUP_B,17,23.37,0,0,0,411,0,9
2023-07-28,5,Storage,SUP_B,11,23.02,0,0,0,446,0,9
2023-07-29,5,Storage,SUP_B,19,22.41,0,0,0,443,0,9
2023-07-30,5,Storage,SUP_B,27,24.17,0,0,0,647,0,9
2023-07-31,5,Storage,SUP_B,23,19.41,1,0,0,447,0,9
2023-08-01,5,Storage,SUP_B,21,18.58,1,0,0,514,0,9
2023-08-02,5,Storage,SUP_B,20,19.42,1,0,0,540,0,9
2023-08-03,5,Storage,SUP_B,23,18.78,1,0,0,538,0,9
2023-08-04,5,Storage,SUP_B,19,17.36,1,0,0,707,0,9
2023-08-05,5,Storage,SUP_B,34,18.03,1,0,0,627,0,9
2023-08-06,5,Storage,SUP_B,28,18.65,1,0,0,698,0,9
2023-08-07,5,Storage,SUP_B,10,23.55,0,0,0,640,0,9
2023-08-08,5,Storage,SUP_B,11,22.45,0,0,0,699,0,9
2023-08-09,5,Storage,SUP_B,18,22.72,0,0,0,452,0,9
2023-08-10,5,Storage,SUP_B,12,23.83,0,0,0,467,0,9
2023-08-11,5,Storage,SUP_B,26,22.95,0,0,0,425,0,9
2023-08-12,5,Storage,SUP_B,22,24.31,0,0,0,649,0,9
2023-08-13,5,Storage,SUP_B,18,22.91,0,0,0,590,0,9
2023-08-14,5,Storage,SUP_B,10,23.93,0,0,0,458,0,9
2023-08-15,5,Storage,SUP_B,19,23.48,0,0,0,725,0,9
2023-08-16,5,Storage,SUP_B,11,24.43,0,0,0,534,0,9
2023-08-17,5,Storage,SUP_B,16,23.92,0,0,0,401,0,9
2023-08-18,5,Storage,SUP_B,17,23.83,0,0,0,587,0,9
2023-08-19,5,Storage,SUP_B,23,22.95,0,0,0,473,0,9
2023-08-20,5,Storage,SUP_B,19,23.96,0,0,0,602,0,9
2023-08-21,5,Storage,SUP_B,17,22.85,0,0,0,582,0,9
2023-08-22,5,Storage,SUP_B,15,23.52,0,0,0,715,0,9
2023-08-23,5,Storage,SUP_B,11,24.44,0,0,0,501,0,9
2023-08-24,5,Storage,SUP_B,12,24.62,0,0,0,619,0,9
2023-08-25,5,Storage,SUP_B,19,22.45,0,0,0,546,0,9
2023-08-26,5,Storage,SUP_B,13,24.29,0,0,0,626,0,9
2023-08-27,5,Storage,SUP_B,19,22.86,0,0,0,444,0,9
2023-08-28,5,Storage,SUP_B,16,24.66,0,0,0,553,0,9
2023-08-29,5,Storage,SUP_B,12,23.01,0,0,0,430,0,9
2023-08-30,5,Storage,SUP_B,23,23.17,0,0,0,500,0,9
2023-08-31,5,Storage,SUP_B,13,23.36,0,0,0,540,0,9
2023-09-01,5,Storage,SUP_B,27,22.42,0,0,0,445,0,9
2023-09-02,5,Storage,SUP_B,27,24.59,0,0,0,626,0,9
2023-09-03,5,Storage,SUP_B,18,23.58,0,0,0,625,0,9
2023-09-04,5,Storage,SUP_B,19,20.62,1,0,0,623,0,9
2023-09-05,5,Storage,SUP_B,29,16.16,1,0,0,431,0,9
2023-09-06,5,Storage,SUP_B,33,20.05,1,0,0,603,0,9
2023-09-07,5,Storage,SUP_B,26,20.62,1,0,0,386,0,9
2023-09-08,5,Storage,SUP_B,14,18.08,1,0,0,745,0,9
2023-09-09,5,Storage,SUP_B,28,20.81,1,0,0,574,0,9
2023-09-10,5,Storage,SUP_B,29,21.16,1,0,0,483,0,9
2023-09-11,5,Storage,SUP_B,21,22.86,0,0,0,595,0,9
2023-09-12,5,Storage,SUP_B,17,24.04,0,0,0,682,0,9
2023-09-13,5,Storage,SUP_B,15,24.35,0,0,0,530,0,9
2023-09-14,5,Storage,SUP_B,15,23.57,0,0,0,447,0,9
2023-09-15,5,Storage,SUP_B,20,23.61,0,0,0,706,0,9
2023-09-16,5,Storage,SUP_B,18,22.74,0,0,0,698,0,9
2023-09-17,5,Storage,SUP_B,32,23.07,0,0,0,475,0,9
2023-09-18,5,Storage,SUP_B,25,24.43,0,0,0,425,0,9
2023-09-19,5,Storage,SUP_B,19,24.46,0,0,0,524,0,9
2023-09-20,5,Storage,SUP_B,17,22.47,0,0,0,560,0,9
2023-09-21,5,Storage,SUP_B,19,23.28,0,0,0,644,0,9
2023-09-22,5,Storage,SUP_B,18,24.19,0,0,0,738,0,9
2023-09-23,5,Storage,SUP_B,33,24.66,0,0,0,638,0,9
2023-09-24,5,Storage,SUP_B,26,24.47,0,0,0,623,0,9
2023-09-25,5,Storage,SUP_B,23,24.5,0,0,0,543,0,9
2023-09-26,5,Storage,SUP_B,17,22.96,0,0,0,404,0,9
2023-09-27,5,Storage,SUP_B,12,24.39,0,0,0,554,0,9
2023-09-28,5,Storage,SUP_B,21,23.19,0,0,0,618,0,9
2023-09-29,5,Storage,SUP_B,17,22.87,0,0,0,735,0,9
2023-09-30,5,Storage,SUP_B,15,23.03,0,0,0,605,0,9
2023-10-01,5,Storage,SUP_B,27,22.94,0,0,0,446,0,9
2023-10-02,5,Storage,SUP_B,28,24.17,0,0,0,551,0,9
2023-10-03,5,Storage,SUP_B,15,24.45,0,0,0,606,0,9
2023-10-04,5,Storage,SUP_B,19,24.29,0,0,0,506,0,9
2023-10-05,5,Storage,SUP_B,24,22.54,0,0,0,525,0,9
2023-10-06,5,Storage,SUP_B,28,23.31,0,0,0,510,0,9
2023-10-07,5,Storage,SUP_B,28,23.79,0,0,0,403,0,9
2023-10-08,5,Storage,SUP_B,34,23.84,0,0,0,533,0,9
2023-10-09,5,Storage,SUP_B,19,22.8,0,0,0,434,0,9
2023-10-10,5,Storage,SUP_B,33,22.89,0,0,0,422,0,9
2023-10-11,5,Storage,SUP_B,23,22.97,0,0,0,576,0,9
2023-10-12,5,Storage,SUP_B,22,23.7,0,0,0,583,0,9
2023-10-13,5,Storage,SUP_B,22,22.48,0,0,0,417,0,9
2023-10-14,5,Storage,SUP_B,34,23.34,0,0,0,596,0,9
2023-10-15,5,Storage,SUP_B,20,23.63,0,0,0,725,0,9
2023-10-16,5,Storage,SUP_B,32,16.71,1,0,0,639,0,9
2023-10-17,5,Storage,SUP_B,30,21.88,1,0,0,713,0,9
2023-10-18,5,Storage,SUP_B,25,20.01,1,0,0,459,0,9
2023-10-19,5,Storage,SUP_B,34,18.81,1,0,0,545,0,9
2023-10-20,5,Storage,SUP_B,33,17.52,1,0,0,467,0,9
2023-10-21,5,Storage,SUP_B,38,20.46,1,0,0,437,0,9
2023-10-22,5,Storage,SUP_B,38,18.02,1,0,0,401,0,9
2023-10-23,5,Storage,SUP_B,23,23.8,0,0,0,409,0,9
2023-10-24,5,Storage,SUP_B,19,23.93,0,0,0,504,0,9
2023-10-25,5,Storage,SUP_B,12,23.98,0,0,0,745,0,9
2023-10-26,5,Storage,SUP_B,21,24.39,0,0,0,405,0,9
2023-10-27,5,Storage,SUP_B,32,24.62,0,0,0,566,0,9
2023-10-28,5,Storage,SUP_B,24,22.76,0,0,0,622,0,9
2023-10-29,5,Storage,SUP_B,27,22.79,0,0,0,526,0,9
2023-10-30,5,Storage,SUP_B,21,23.44,0,0,0,477,0,9
2023-10-31,5,Storage,SUP_B,29,24.01,0,0,0,567,0,9
2023-11-01,5,Storage,SUP_B,20,25.48,0,0,0,545,0,9
2023-11-02,5,Storage,SUP_B,17,25.36,0,0,0,508,0,9
2023-11-03,5,Storage,SUP_B,33,24.56,0,0,0,574,0,9
2023-11-04,5,Storage,SUP_B,28,24.61,0,0,0,418,0,9
2023-11-05,5,Storage,SUP_B,30,25.33,0,0,0,707,0,9
2023-11-06,5,Storage,SUP_B,23,24.68,0,0,0,702,0,9
2023-11-07,5,Storage,SUP_B,19,24.14,0,0,0,519,0,9
2023-11-08,5,Storage,SUP_B,22,24.19,0,0,0,468,0,9
2023-11-09,5,Storage,SUP_B,27,25.19,0,0,0,511,0,9
2023-11-10,5,Storage,SUP_B,28,23.9,0,0,0,620,0,9
2023-11-11,5,Storage,SUP_B,37,23.7,0,0,0,700,0,9
2023-11-12,5,Storage,SUP_B,21,25.72,0,0,0,670,0,9
2023-11-13,5,Storage,SUP_B,25,25.18,0,0,0,573,0,9
2023-11-14,5,Storage,SUP_B,18,24.61,0,0,0,486,0,9
2023-11-15,5,Storage,SUP_B,27,25.55,0,0,0,691,0,9
2023-11-16,5,Storage,SUP_B,25,24.78,0,0,0,510,0,9
2023-11-17,5,Storage,SUP_B,20,25.08,0,0,0,596,0,9
2023-11-18,5,Storage,SUP_B,41,24.41,0,0,0,602,0,9
2023-11-19,5,Storage,SUP_B,30,24.26,0,0,0,468,0,9
2023-11-20,5,Storage,SUP_B,26,17.66,1,1,0,466,0,9
2023-11-21,5,Storage,SUP_B,25,19.72,1,1,0,505,0,9
2023-11-22,5,Storage,SUP_B,29,17.36,1,1,0,501,0,9
2023-11-23,5,Storage,SUP_B,33,20.57,1,1,0,422,0,9
2023-11-24,5,Storage,SUP_B,25,20.05,1,1,0,727,0,9
2023-11-25,5,Storage,SUP_B,43,19.42,1,1,0,714,0,9
2023-11-26,5,Storage,SUP_B,53,18.96,1,1,0,468,0,9
2023-11-27,5,Storage,SUP_B,21,25.54,0,1,0,504,0,9
2023-11-28,5,Storage,SUP_B,29,25.2,0,1,0,567,0,9
2023-11-29,5,Storage,SUP_B,28,25.03,0,0,0,653,0,9
2023-11-30,5,Storage,SUP_B,14,24.65,0,0,0,504,0,9
2023-12-01,5,Storage,SUP_B,21,25.44,0,0,1,707,0,9
2023-12-02,5,Storage,SUP_B,19,24.07,0,0,1,569,0,9
2023-12-03,5,Storage,SUP_B,33,25.03,0,0,1,428,0,9
2023-12-04,5,Storage,SUP_B,34,24.68,0,0,1,433,0,9
2023-12-05,5,Storage,SUP_B,25,25.34,0,0,1,610,0,9
2023-12-06,5,Storage,SUP_B,25,24.71,0,0,1,479,0,9
2023-12-07,5,Storage,SUP_B,25,25.73,0,0,1,565,0,9
2023-12-08,5,Storage,SUP_B,24,24.6,0,0,1,445,0,9
2023-12-09,5,Storage,SUP_B,24,24.28,0,0,1,432,0,9
2023-12-10,5,Storage,SUP_B,34,24.51,0,0,1,381,0,9
2023-12-11,5,Storage,SUP_B,22,23.78,0,0,1,600,0,9
2023-12-12,5,Storage,SUP_B,20,23.77,0,0,1,661,0,9
2023-12-13,5,Storage,SUP_B,20,25.72,0,0,1,653,0,9
2023-12-14,5,Storage,SUP_B,13,25.38,0,0,1,590,0,9
2023-12-15,5,Storage,SUP_B,27,25.58,0,0,1,653,0,9
2023-12-16,5,Storage,SUP_B,36,24.18,0,0,1,426,0,9
2023-12-17,5,Storage,SUP_B,38,23.81,0,0,1,439,0,9
2023-12-18,5,Storage,SUP_B,29,25.87,0,0,1,404,0,9
2023-12-19,5,Storage,SUP_B,30,24.6,0,0,1,424,0,9
2023-12-20,5,Storage,SUP_B,18,23.88,0,0,1,439,0,9
2023-12-21,5,Storage,SUP_B,26,23.9,0,0,1,466,0,9
2023-12-22,5,Storage,SUP_B,29,24.6,0,0,1,390,0,9
2023-12-23,5,Storage,SUP_B,24,24.74,0,0,1,538,0,9
2023-12-24,5,Storage,SUP_B,25,25.8,0,0,1,700,0,9
2023-12-25,5,Storage,SUP_B,21,24.96,0,0,0,458,0,9
2023-12-26,5,Storage,SUP_B,28,25.86,0,0,0,390,0,9
2023-12-27,5,Storage,SUP_B,19,25.17,0,0,0,594,0,9
2023-12-28,5,Storage,SUP_B,22,24.8,0,0,0,511,0,9
2023-12-29,5,Storage,SUP_B,27,24.25,0,0,0,487,0,9
2023-12-30,5,Storage,SUP_B,27,25.75,0,0,0,446,0,9
2023-12-31,5,Storage,SUP_B,23,25.23,0,0,0,645,0,9
2024-01-01,5,Storage,SUP_B,23,18.62,1,0,0,670,0,9
2024-01-02,5,Storage,SUP_B,21,20.79,1,0,0,459,0,9
2024-01-03,5,Storage,SUP_B,34,18.68,1,0,0,711,0,9
2024-01-04,5,Storage,SUP_B,24,18.31,1,0,0,487,0,9
2024-01-05,5,Storage,SUP_B,29,20.04,1,0,0,569,0,9
2024-01-06,5,Storage,SUP_B,25,19.32,1,0,0,521,0,9
2024-01-07,5,Storage,SUP_B,25,17.69,1,0,0,663,0,9
2024-01-08,5,Storage,SUP_B,26,24.17,0,0,0,682,0,9
2024-01-09,5,Storage,SUP_B,18,22.57,0,0,0,575,0,9
2024-01-10,5,Storage,SUP_B,20,23.13,0,0,0,714,0,9
2024-01-11,5,Storage,SUP_B,16,23.52,0,0,0,487,0,9
2024-01-12,5,Storage,SUP_B,20,24.2,0,0,0,418,0,9
2024-01-13,5,Storage,SUP_B,27,24.1,0,0,0,432,0,9
2024-01-14,5,Storage,SUP_B,29,23.26,0,0,0,506,0,9
2024-01-15,5,Storage,SUP_B,13,22.91,0,0,0,746,0,9
2024-01-16,5,Storage,SUP_B,21,23.92,0,0,0,736,0,9
2024-01-17,5,Storage,SUP_B,21,23.04,0,0,0,420,0,9
2024-01-18,5,Storage,SUP_B,16,24.13,0,0,0,701,0,9
2024-01-19,5,Storage,SUP_B,24,24.17,0,0,0,589,0,9
2024-01-20,5,Storage,SUP_B,23,22.37,0,0,0,410,0,9
2024-01-21,5,Storage,SUP_B,24,23.64,0,0,0,509,0,9
2024-01-22,5,Storage,SUP_B,24,23.96,0,0,0,712,0,9
2024-01-23,5,Storage,SUP_B,20,23.59,0,0,0,637,0,9
2024-01-24,5,Storage,SUP_B,23,22.86,0,0,0,711,0,9
2024-01-25,5,Storage,SUP_B,23,24.26,0,0,0,508,0,9
2024-01-26,5,Storage,SUP_B,17,24.41,0,0,0,532,0,9
2024-01-27,5,Storage,SUP_B,23,23.07,0,0,0,701,0,9
2024-01-28,5,Storage,SUP_B,21,24.07,0,0,0,462,0,9
2024-01-29,5,Storage,SUP_B,16,23.89,0,0,0,680,0,9
2024-01-30,5,Storage,SUP_B,20,23.4,0,0,0,434,0,9
2024-01-31,5,Storage,SUP_B,12,24.6,0,0,0,691,0,9
2024-02-01,5,Storage,SUP_B,23,24.46,0,0,0,650,0,9
2024-02-02,5,Storage,SUP_B,21,22.59,0,0,0,550,0,9
2024-02-03,5,Storage,SUP_B,32,22.79,0,0,0,605,0,9
2024-02-04,5,Storage,SUP_B,23,22.73,0,0,0,636,0,9
2024-02-05,5,Storage,SUP_B,20,22.41,0,0,0,432,0,9
2024-02-06,5,Storage,SUP_B,17,23.41,0,0,0,463,0,9
2024-02-07,5,Storage,SUP_B,21,23.59,0,0,0,420,0,9
2024-02-08,5,Storage,SUP_B,27,22.97,0,0,0,623,0,9
2024-02-09,5,Storage,SUP_B,17,23.16,0,0,0,701,0,9
2024-02-10,5,Storage,SUP_B,25,24.26,0,0,0,527,0,9
2024-02-11,5,Storage,SUP_B,25,24.48,0,0,0,396,0,9
2024-02-12,5,Storage,SUP_B,23,23.88,0,0,0,531,0,9
2024-02-13,5,Storage,SUP_B,24,23.39,0,0,0,442,0,9
2024-02-14,5,Storage,SUP_B,21,23.92,0,0,0,500,0,9
2024-02-15,5,Storage,SUP_B,14,23.12,0,0,0,403,0,9
2024-02-16,5,Storage,SUP_B,20,24.33,0,0,0,439,0,9
2024-02-17,5,Storage,SUP_B,22,23.98,0,0,0,580,0,9
2024-02-18,5,Storage,SUP_B,28,22.36,0,0,0,457,0,9
2024-02-19,5,Storage,SUP_B,17,22.88,0,0,0,681,0,9
2024-02-20,5,Storage,SUP_B,18,22.58,0,0,0,443,0,9
2024-02-21,5,Storage,SUP_B,26,24.51,0,0,0,670,0,9
2024-02-22,5,Storage,SUP_B,25,22.99,0,0,0,581,0,9
2024-02-23,5,Storage,SUP_B,18,22.48,0,0,0,732,0,9
2024-02-24,5,Storage,SUP_B,13,23.95,0,0,0,451,0,9
2024-02-25,5,Storage,SUP_B,16,22.5,0,0,0,481,0,9
2024-02-26,5,Storage,SUP_B,16,23.39,0,0,0,559,0,9
2024-02-27,5,Storage,SUP_B,21,22.67,0,0,0,697,0,9
2024-02-28,5,Storage,SUP_B,21,24.61,0,0,0,631,0,9
2024-02-29,5,Storage,SUP_B,13,23.9,0,0,0,404,0,9
2024-03-01,5,Storage,SUP_B,18,23.34,0,0,0,577,0,9
2024-03-02,5,Storage,SUP_B,21,23.1,0,0,0,466,0,9
2024-03-03,5,Storage,SUP_B,15,23.07,0,0,0,653,0,9
2024-03-04,5,Storage,SUP_B,15,24.48,0,0,0,618,0,9
2024-03-05,5,Storage,SUP_B,20,24.03,0,0,0,698,0,9
2024-03-06,5,Storage,SUP_B,21,22.62,0,0,0,665,0,9
2024-03-07,5,Storage,SUP_B,14,23.6,0,0,0,530,0,9
2024-03-08,5,Storage,SUP_B,21,24.57,0,0,0,481,0,9
2024-03-09,5,Storage,SUP_B,26,23.71,0,0,0,645,0,9
2024-03-10,5,Storage,SUP_B,33,24.22,0,0,0,624,0,9
2024-03-11,5,Storage,SUP_B,16,24.12,0,0,0,475,0,9
2024-03-12,5,Storage,SUP_B,16,24.21,0,0,0,597,0,9
2024-03-13,5,Storage,SUP_B,26,22.95,0,0,0,607,0,9
2024-03-14,5,Storage,SUP_B,24,22.38,0,0,0,623,0,9
2024-03-15,5,Storage,SUP_B,24,22.48,0,0,0,567,0,9
2024-03-16,5,Storage,SUP_B,22,22.62,0,0,0,677,0,9
2024-03-17,5,Storage,SUP_B,28,22.81,0,0,0,606,0,9
2024-03-18,5,Storage,SUP_B,17,24.32,0,0,0,440,0,9
2024-03-19,5,Storage,SUP_B,10,23.66,0,0,0,736,0,9
2024-03-20,5,Storage,SUP_B,15,22.59,0,0,0,521,0,9
2024-03-21,5,Storage,SUP_B,9,23.66,0,0,0,742,0,9
2024-03-22,5,Storage,SUP_B,16,23.77,0,0,0,576,0,9
2024-03-23,5,Storage,SUP_B,24,23.52,0,0,0,438,0,9
2024-03-24,5,Storage,SUP_B,22,24.37,0,0,0,392,0,9
2024-03-25,5,Storage,SUP_B,28,24.12,0,0,0,726,0,9
2024-03-26,5,Storage,SUP_B,25,23.73,0,0,0,522,0,9
2024-03-27,5,Storage,SUP_B,19,23.62,0,0,0,423,0,9
2024-03-28,5,Storage,SUP_B,28,24.45,0,0,0,722,0,9
2024-03-29,5,Storage,SUP_B,25,24.1,0,0,0,630,0,9
2024-03-30,5,Storage,SUP_B,23,23.02,0,0,0,643,0,9
2024-03-31,5,Storage,SUP_B,25,23.89,0,0,0,656,0,9
2024-04-01,5,Storage,SUP_B,23,23.21,0,0,0,479,0,9
2024-04-02,5,Storage,SUP_B,20,24.15,0,0,0,426,0,9
2024-04-03,5,Storage,SUP_B,16,22.47,0,0,0,625,0,9
2024-04-04,5,Storage,SUP_B,27,24.03,0,0,0,660,0,9
2024-04-05,5,Storage,SUP_B,15,23.08,0,0,0,482,0,9
2024-04-06,5,Storage,SUP_B,18,24.22,0,0,0,698,0,9
2024-04-07,5,Storage,SUP_B,22,23.97,0,0,0,661,0,9
2024-04-08,5,Storage,SUP_B,16,23.61,0,0,0,549,0,9
2024-04-09,5,Storage,SUP_B,22,22.62,0,0,0,445,0,9
2024-04-10,5,Storage,SUP_B,26,22.47,0,0,0,640,0,9
2024-04-11,5,Storage,SUP_B,22,23.54,0,0,0,727,0,9
2024-04-12,5,Storage,SUP_B,13,23.68,0,0,0,404,0,9
2024-04-13,5,Storage,SUP_B,22,23.46,0,0,0,694,0,9
2024-04-14,5,Storage,SUP_B,25,24.25,0,0,0,626,0,9
2024-04-15,5,Storage,SUP_B,29,19.23,1,0,0,447,0,9
2024-04-16,5,Storage,SUP_B,30,17.71,1,0,0,623,0,9
2024-04-17,5,Storage,SUP_B,27,17.42,1,0,0,504,0,9
2024-04-18,5,Storage,SUP_B,23,19.09,1,0,0,710,0,9
2024-04-19,5,Storage,SUP_B,25,18.02,1,0,0,635,0,9
2024-04-20,5,Storage,SUP_B,26,18.76,1,0,0,431,0,9
2024-04-21,5,Storage,SUP_B,32,19.52,1,0,0,520,0,9
2024-04-22,5,Storage,SUP_B,27,23.08,0,0,0,693,0,9
2024-04-23,5,Storage,SUP_B,14,24.56,0,0,0,468,0,9
2024-04-24,5,Storage,SUP_B,14,22.46,0,0,0,613,0,9
2024-04-25,5,Storage,SUP_B,19,23.02,0,0,0,708,0,9
2024-04-26,5,Storage,SUP_B,16,24.58,0,0,0,534,0,9
2024-04-27,5,Storage,SUP_B,18,24.62,0,0,0,659,0,9
2024-04-28,5,Storage,SUP_B,32,23.16,0,0,0,420,0,9
2024-04-29,5,Storage,SUP_B,28,23.29,0,0,0,584,0,9
2024-04-30,5,Storage,SUP_B,13,23.85,0,0,0,431,0,9
2024-05-01,5,Storage,SUP_B,14,23.82,0,0,0,461,0,9
2024-05-02,5,Storage,SUP_B,5,23.11,0,0,0,482,0,9
2024-05-03,5,Storage,SUP_B,20,23.49,0,0,0,660,0,9
2024-05-04,5,Storage,SUP_B,31,23.5,0,0,0,603,0,9
2024-05-05,5,Storage,SUP_B,21,24.01,0,0,0,536,0,9
2024-05-06,5,Storage,SUP_B,12,23.22,0,0,0,426,0,9
2024-05-07,5,Storage,SUP_B,23,23.92,0,0,0,508,0,9
2024-05-08,5,Storage,SUP_B,25,22.55,0,0,0,515,0,9
2024-05-09,5,Storage,SUP_B,20,24.19,0,0,0,588,0,9
2024-05-10,5,Storage,SUP_B,21,22.49,0,0,0,641,0,9
2024-05-11,5,Storage,SUP_B,29,23.65,0,0,0,488,0,9
2024-05-12,5,Storage,SUP_B,23,24.14,0,0,0,559,0,9
2024-05-13,5,Storage,SUP_B,20,23.82,0,0,0,460,0,9
2024-05-14,5,Storage,SUP_B,18,23.41,0,0,0,471,0,9
2024-05-15,5,Storage,SUP_B,25,23.79,0,0,0,600,0,9
2024-05-16,5,Storage,SUP_B,21,24.29,0,0,0,673,0,9
2024-05-17,5,Storage,SUP_B,18,22.6,0,0,0,423,0,9
2024-05-18,5,Storage,SUP_B,23,23.88,0,0,0,621,0,9
2024-05-19,5,Storage,SUP_B,18,23.3,0,0,0,666,0,9
2024-05-20,5,Storage,SUP_B,14,24.5,0,0,0,708,0,9
2024-05-21,5,Storage,SUP_B,25,24.57,0,0,0,667,0,9
2024-05-22,5,Storage,SUP_B,28,22.65,0,0,0,624,0,9
2024-05-23,5,Storage,SUP_B,20,23.96,0,0,0,411,0,9
2024-05-24,5,Storage,SUP_B,9,22.81,0,0,0,652,0,9
2024-05-25,5,Storage,SUP_B,34,23.89,0,0,0,377,0,9
2024-05-26,5,Storage,SUP_B,24,23.89,0,0,0,465,0,9
2024-05-27,5,Storage,SUP_B,16,23.15,0,0,0,415,0,9
2024-05-28,5,Storage,SUP_B,21,23.93,0,0,0,520,0,9
2024-05-29,5,Storage,SUP_B,21,24.26,0,0,0,416,0,9
2024-05-30,5,Storage,SUP_B,19,24.12,0,0,0,566,0,9
2024-05-31,5,Storage,SUP_B,17,23.47,0,0,0,482,0,9
2024-06-01,5,Storage,SUP_B,27,22.4,0,0,0,433,0,9
2024-06-02,5,Storage,SUP_B,16,23.82,0,0,0,551,0,9
2024-06-03,5,Storage,SUP_B,13,23.51,0,0,0,595,0,9
2024-06-04,5,Storage,SUP_B,15,22.54,0,0,0,403,0,9
2024-06-05,5,Storage,SUP_B,11,23.16,0,0,0,408,0,9
2024-06-06,5,Storage,SUP_B,17,23.36,0,0,0,431,0,9
