synthetic_ecommerce_demand_2021_2024.csv
date,sku_id,category,supplier_id,units_sold,price,promo_flag,is_black_friday_week,is_christmas_peak,stock_on_hand,stockout_flag,lead_time_days
2024-06-07,5,Storage,SUP_B,21,23.28,0,0,0,522,0,9
2024-06-08,5,Storage,SUP_B,22,23.24,0,0,0,704,0,9
2024-06-09,5,Storage,SUP_B,20,23.87,0,0,0,460,0,9
2024-06-10,5,Storage,SUP_B,18,24.37,0,0,0,634,0,9
2024-06-11,5,Storage,SUP_B,16,24.47,0,0,0,561,0,9
2024-06-12,5,Storage,SUP_B,13,23.08,0,0,0,529,0,9
2024-06-13,5,Storage,SUP_B,21,22.47,0,0,0,611,0,9
2024-06-14,5,Storage,SUP_B,16,23.65,0,0,0,436,0,9
2024-06-15,5,Storage,SUP_B,19,23.91,0,0,0,531,0,9
2024-06-16,5,Storage,SUP_B,11,22.81,0,0,0,741,0,9
2024-06-17,5,Storage,SUP_B,20,22.5,0,0,0,430,0,9
2024-06-18,5,Storage,SUP_B,16,22.59,0,0,0,664,0,9
2024-06-19,5,Storage,SUP_B,17,22.89,0,0,0,630,0,9
2024-06-20,5,Storage,SUP_B,11,22.67,0,0,0,682,0,9
2024-06-21,5,Storage,SUP_B,19,23.26,0,0,0,658,0,9
2024-06-22,5,Storage,SUP_B,18,24.51,0,0,0,585,0,9
2024-06-23,5,Storage,SUP_B,23,22.96,0,0,0,514,0,9
2024-06-24,5,Storage,SUP_B,20,23.65,0,0,0,509,0,9
2024-06-25,5,Storage,SUP_B,22,23.87,0,0,0,445,0,9
2024-06-26,5,Storage,SUP_B,18,22.74,0,0,0,608,0,9
2024-06-27,5,Storage,SUP_B,19,24.5,0,0,0,681,0,9
2024-06-28,5,Storage,SUP_B,18,24.57,0,0,0,608,0,9
2024-06-29,5,Storage,SUP_B,24,24.04,0,0,0,478,0,9
2024-06-30,5,Storage,SUP_B,23,23.37,0,0,0,455,0,9
2024-07-01,5,Storage,SUP_B,16,17.58,1,0,0,425,0,9
2024-07-02,5,Storage,SUP_B,29,16.09,1,0,0,620,0,9
2024-07-03,5,Storage,SUP_B,20,20.82,1,0,0,633,0,9
2024-07-04,5,Storage,SUP_B,11,17.25,1,0,0,399,0,9
2024-07-05,5,Storage,SUP_B,14,17.13,1,0,0,629,0,9
2024-07-06,5,Storage,SUP_B,41,17.77,1,0,0,547,0,9
2024-07-07,5,Storage,SUP_B,20,16.74,1,0,0,462,0,9
2024-07-08,5,Storage,SUP_B,26,24.45,0,0,0,427,0,9
2024-07-09,5,Storage,SUP_B,19,23.1,0,0,0,740,0,9
2024-07-10,5,Storage,SUP_B,14,23.74,0,0,0,655,0,9
2024-07-11,5,Storage,SUP_B,18,23.75,0,0,0,602,0,9
2024-07-12,5,Storage,SUP_B,13,22.83,0,0,0,568,0,9
2024-07-13,5,Storage,SUP_B,17,23.8,0,0,0,415,0,9
2024-07-14,5,Storage,SUP_B,16,24.17,0,0,0,550,0,9
2024-07-15,5,Storage,SUP_B,17,24.07,0,0,0,393,0,9
2024-07-16,5,Storage,SUP_B,12,22.36,0,0,0,414,0,9
2024-07-17,5,Storage,SUP_B,15,23.89,0,0,0,551,0,9
2024-07-18,5,Storage,SUP_B,17,23.09,0,0,0,700,0,9
2024-07-19,5,Storage,SUP_B,18,23.45,0,0,0,720,0,9
2024-07-20,5,Storage,SUP_B,24,23.38,0,0,0,486,0,9
2024-07-21,5,Storage,SUP_B,12,23.11,0,0,0,607,0,9
2024-07-22,5,Storage,SUP_B,14,22.58,0,0,0,494,0,9
2024-07-23,5,Storage,SUP_B,15,22.99,0,0,0,405,0,9
2024-07-24,5,Storage,SUP_B,17,24.17,0,0,0,395,0,9
2024-07-25,5,Storage,SUP_B,18,22.43,0,0,0,742,0,9
2024-07-26,5,Storage,SUP_B,21,22.4,0,0,0,612,0,9
2024-07-27,5,Storage,SUP_B,13,22.61,0,0,0,716,0,9
2024-07-28,5,Storage,SUP_B,18,22.55,0,0,0,436,0,9
2024-07-29,5,Storage,SUP_B,13,23.81,0,0,0,676,0,9
2024-07-30,5,Storage,SUP_B,19,23.63,0,0,0,701,0,9
2024-07-31,5,Storage,SUP_B,23,24.7,0,0,0,423,0,9
2024-08-01,5,Storage,SUP_B,17,22.69,0,0,0,733,0,9
2024-08-02,5,Storage,SUP_B,15,22.86,0,0,0,495,0,9
2024-08-03,5,Storage,SUP_B,22,22.81,0,0,0,671,0,9
2024-08-04,5,Storage,SUP_B,18,23.25,0,0,0,591,0,9
2024-08-05,5,Storage,SUP_B,15,23.45,0,0,0,745,0,9
2024-08-06,5,Storage,SUP_B,22,23.48,0,0,0,473,0,9
2024-08-07,5,Storage,SUP_B,20,23.79,0,0,0,511,0,9
2024-08-08,5,Storage,SUP_B,20,22.42,0,0,0,640,0,9
2024-08-09,5,Storage,SUP_B,25,24.06,0,0,0,673,0,9
2024-08-10,5,Storage,SUP_B,19,24.55,0,0,0,719,0,9
2024-08-11,5,Storage,SUP_B,20,24.45,0,0,0,638,0,9
2024-08-12,5,Storage,SUP_B,14,22.79,0,0,0,476,0,9
2024-08-13,5,Storage,SUP_B,15,24.24,0,0,0,570,0,9
2024-08-14,5,Storage,SUP_B,14,22.45,0,0,0,412,0,9
2024-08-15,5,Storage,SUP_B,20,23.47,0,0,0,685,0,9
2024-08-16,5,Storage,SUP_B,16,24.41,0,0,0,697,0,9
2024-08-17,5,Storage,SUP_B,27,24.59,0,0,0,670,0,9
2024-08-18,5,Storage,SUP_B,20,22.64,0,0,0,583,0,9
2024-08-19,5,Storage,SUP_B,14,22.65,0,0,0,521,0,9
2024-08-20,5,Storage,SUP_B,17,23.07,0,0,0,670,0,9
2024-08-21,5,Storage,SUP_B,18,23.01,0,0,0,677,0,9
2024-08-22,5,Storage,SUP_B,19,22.73,0,0,0,524,0,9
2024-08-23,5,Storage,SUP_B,11,23.28,0,0,0,712,0,9
2024-08-24,5,Storage,SUP_B,22,24.11,0,0,0,394,0,9
2024-08-25,5,Storage,SUP_B,19,23.73,0,0,0,603,0,9
2024-08-26,5,Storage,SUP_B,13,24.55,0,0,0,738,0,9
2024-08-27,5,Storage,SUP_B,15,22.92,0,0,0,523,0,9
2024-08-28,5,Storage,SUP_B,21,24.35,0,0,0,609,0,9
2024-08-29,5,Storage,SUP_B,19,24.12,0,0,0,733,0,9
2024-08-30,5,Storage,SUP_B,17,24.65,0,0,0,494,0,9
2024-08-31,5,Storage,SUP_B,20,22.61,0,0,0,465,0,9
2024-09-01,5,Storage,SUP_B,24,23.78,0,0,0,590,0,9
2024-09-02,5,Storage,SUP_B,19,24.55,0,0,0,485,0,9
2024-09-03,5,Storage,SUP_B,14,22.42,0,0,0,705,0,9
2024-09-04,5,Storage,SUP_B,16,22.62,0,0,0,587,0,9
2024-09-05,5,Storage,SUP_B,30,22.96,0,0,0,536,0,9
2024-09-06,5,Storage,SUP_B,21,24.24,0,0,0,458,0,9
2024-09-07,5,Storage,SUP_B,16,22.75,0,0,0,680,0,9
2024-09-08,5,Storage,SUP_B,23,22.79,0,0,0,438,0,9
2024-09-09,5,Storage,SUP_B,21,23.26,0,0,0,556,0,9
2024-09-10,5,Storage,SUP_B,16,24.56,0,0,0,545,0,9
2024-09-11,5,Storage,SUP_B,14,23.48,0,0,0,580,0,9
2024-09-12,5,Storage,SUP_B,17,23.37,0,0,0,634,0,9
2024-09-13,5,Storage,SUP_B,12,24.53,0,0,0,665,0,9
2024-09-14,5,Storage,SUP_B,18,23.51,0,0,0,727,0,9
2024-09-15,5,Storage,SUP_B,28,22.69,0,0,0,632,0,9
2024-09-16,5,Storage,SUP_B,21,23.81,0,0,0,719,0,9
2024-09-17,5,Storage,SUP_B,21,23.85,0,0,0,697,0,9
2024-09-18,5,Storage,SUP_B,20,24.08,0,0,0,621,0,9
2024-09-19,5,Storage,SUP_B,18,24.64,0,0,0,549,0,9
2024-09-20,5,Storage,SUP_B,32,23.96,0,0,0,403,0,9
2024-09-21,5,Storage,SUP_B,31,23.15,0,0,0,536,0,9
2024-09-22,5,Storage,SUP_B,30,23.05,0,0,0,655,0,9
2024-09-23,5,Storage,SUP_B,28,24.24,0,0,0,607,0,9
2024-09-24,5,Storage,SUP_B,16,24.07,0,0,0,443,0,9
2024-09-25,5,Storage,SUP_B,19,22.8,0,0,0,552,0,9
2024-09-26,5,Storage,SUP_B,13,22.87,0,0,0,573,0,9
2024-09-27,5,Storage,SUP_B,14,23.0,0,0,0,657,0,9
2024-09-28,5,Storage,SUP_B,26,24.6,0,0,0,644,0,9
2024-09-29,5,Storage,SUP_B,25,22.77,0,0,0,722,0,9
2024-09-30,5,Storage,SUP_B,20,23.25,0,0,0,571,0,9
2024-10-01,5,Storage,SUP_B,27,22.48,0,0,0,456,0,9
2024-10-02,5,Storage,SUP_B,18,23.82,0,0,0,670,0,9
2024-10-03,5,Storage,SUP_B,35,23.01,0,0,0,677,0,9
2024-10-04,5,Storage,SUP_B,29,23.0,0,0,0,699,0,9
2024-10-05,5,Storage,SUP_B,23,24.23,0,0,0,584,0,9
2024-10-06,5,Storage,SUP_B,24,24.16,0,0,0,681,0,9
2024-10-07,5,Storage,SUP_B,26,20.52,1,0,0,456,0,9
2024-10-08,5,Storage,SUP_B,29,19.69,1,0,0,427,0,9
2024-10-09,5,Storage,SUP_B,35,20.43,1,0,0,605,0,9
2024-10-10,5,Storage,SUP_B,33,18.82,1,0,0,471,0,9
2024-10-11,5,Storage,SUP_B,36,20.17,1,0,0,577,0,9
2024-10-12,5,Storage,SUP_B,36,21.81,1,0,0,571,0,9
2024-10-13,5,Storage,SUP_B,35,18.73,1,0,0,419,0,9
2024-10-14,5,Storage,SUP_B,40,18.36,1,0,0,448,0,9
2024-10-15,5,Storage,SUP_B,31,17.97,1,0,0,494,0,9
2024-10-16,5,Storage,SUP_B,37,18.11,1,0,0,650,0,9
2024-10-17,5,Storage,SUP_B,28,16.68,1,0,0,529,0,9
2024-10-18,5,Storage,SUP_B,21,17.26,1,0,0,429,0,9
2024-10-19,5,Storage,SUP_B,35,21.84,1,0,0,646,0,9
2024-10-20,5,Storage,SUP_B,31,18.66,1,0,0,706,0,9
2024-10-21,5,Storage,SUP_B,27,22.38,0,0,0,686,0,9
2024-10-22,5,Storage,SUP_B,28,23.04,0,0,0,400,0,9
2024-10-23,5,Storage,SUP_B,19,24.34,0,0,0,512,0,9
2024-10-24,5,Storage,SUP_B,22,22.57,0,0,0,398,0,9
2024-10-25,5,Storage,SUP_B,23,24.51,0,0,0,670,0,9
2024-10-26,5,Storage,SUP_B,30,23.57,0,0,0,442,0,9
2024-10-27,5,Storage,SUP_B,24,22.88,0,0,0,520,0,9
2024-10-28,5,Storage,SUP_B,33,24.58,0,0,0,418,0,9
2024-10-29,5,Storage,SUP_B,32,23.7,0,0,0,457,0,9
2024-10-30,5,Storage,SUP_B,27,22.89,0,0,0,514,0,9
2024-10-31,5,Storage,SUP_B,26,24.58,0,0,0,535,0,9
2024-11-01,5,Storage,SUP_B,19,24.59,0,0,0,666,0,9
2024-11-02,5,Storage,SUP_B,27,25.68,0,0,0,518,0,9
2024-11-03,5,Storage,SUP_B,30,25.18,0,0,0,447,0,9
2024-11-04,5,Storage,SUP_B,23,23.92,0,0,0,600,0,9
2024-11-05,5,Storage,SUP_B,25,25.58,0,0,0,461,0,9
2024-11-06,5,Storage,SUP_B,28,25.01,0,0,0,679,0,9
2024-11-07,5,Storage,SUP_B,20,24.66,0,0,0,667,0,9
2024-11-08,5,Storage,SUP_B,27,24.21,0,0,0,629,0,9
2024-11-09,5,Storage,SUP_B,30,24.42,0,0,0,495,0,9
2024-11-10,5,Storage,SUP_B,34,24.69,0,0,0,694,0,9
2024-11-11,5,Storage,SUP_B,28,24.61,0,0,0,385,0,9
2024-11-12,5,Storage,SUP_B,20,25.63,0,0,0,619,0,9
2024-11-13,5,Storage,SUP_B,22,25.45,0,0,0,492,0,9
2024-11-14,5,Storage,SUP_B,25,24.66,0,0,0,393,0,9
2024-11-15,5,Storage,SUP_B,30,24.06,0,0,0,496,0,9
2024-11-16,5,Storage,SUP_B,30,23.72,0,0,0,394,0,9
2024-11-17,5,Storage,SUP_B,34,25.49,0,0,0,613,0,9
2024-11-18,5,Storage,SUP_B,28,24.92,0,1,0,664,0,9
2024-11-19,5,Storage,SUP_B,18,25.27,0,1,0,578,0,9
2024-11-20,5,Storage,SUP_B,26,23.61,0,1,0,393,0,9
2024-11-21,5,Storage,SUP_B,19,23.57,0,1,0,471,0,9
2024-11-22,5,Storage,SUP_B,21,25.41,0,1,0,651,0,9
2024-11-23,5,Storage,SUP_B,19,24.75,0,1,0,436,0,9
2024-11-24,5,Storage,SUP_B,32,23.95,0,1,0,429,0,9
2024-11-25,5,Storage,SUP_B,41,21.18,1,1,0,444,0,9
2024-11-26,5,Storage,SUP_B,40,21.34,1,1,0,595,0,9
2024-11-27,5,Storage,SUP_B,25,17.62,1,0,0,505,0,9
2024-11-28,5,Storage,SUP_B,23,18.88,1,0,0,588,0,9
2024-11-29,5,Storage,SUP_B,28,20.95,1,0,0,647,0,9
2024-11-30,5,Storage,SUP_B,39,22.7,1,0,0,709,0,9
2024-12-01,5,Storage,SUP_B,42,16.95,1,0,1,448,0,9
2024-12-02,5,Storage,SUP_B,27,17.24,1,0,1,566,0,9
2024-12-03,5,Storage,SUP_B,23,20.29,1,0,1,696,0,9
2024-12-04,5,Storage,SUP_B,33,21.29,1,0,1,585,0,9
2024-12-05,5,Storage,SUP_B,27,21.5,1,0,1,694,0,9
2024-12-06,5,Storage,SUP_B,35,21.63,1,0,1,438,0,9
2024-12-07,5,Storage,SUP_B,29,17.29,1,0,1,674,0,9
2024-12-08,5,Storage,SUP_B,42,20.79,1,0,1,464,0,9
2024-12-09,5,Storage,SUP_B,19,25.25,0,0,1,502,0,9
2024-12-10,5,Storage,SUP_B,20,25.67,0,0,1,653,0,9
2024-12-11,5,Storage,SUP_B,23,24.22,0,0,1,623,0,9
2024-12-12,5,Storage,SUP_B,21,25.52,0,0,1,664,0,9
2024-12-13,5,Storage,SUP_B,21,24.37,0,0,1,655,0,9
2024-12-14,5,Storage,SUP_B,20,25.62,0,0,1,452,0,9
2024-12-15,5,Storage,SUP_B,35,25.1,0,0,1,652,0,9
2024-12-16,5,Storage,SUP_B,29,18.1,1,0,1,575,0,9
2024-12-17,5,Storage,SUP_B,28,20.01,1,0,1,453,0,9
2024-12-18,5,Storage,SUP_B,33,18.76,1,0,1,566,0,9
2024-12-19,5,Storage,SUP_B,26,19.05,1,0,1,612,0,9
2024-12-20,5,Storage,SUP_B,44,19.02,1,0,1,632,0,9
2024-12-21,5,Storage,SUP_B,39,19.14,1,0,1,499,0,9
2024-12-22,5,Storage,SUP_B,26,19.93,1,0,1,508,0,9
2024-12-23,5,Storage,SUP_B,26,24.22,0,0,1,512,0,9
2024-12-24,5,Storage,SUP_B,24,24.02,0,0,1,575,0,9
2024-12-25,5,Storage,SUP_B,32,25.13,0,0,0,596,0,9
2024-12-26,5,Storage,SUP_B,32,25.0,0,0,0,647,0,9
2024-12-27,5,Storage,SUP_B,20,24.75,0,0,0,543,0,9
2024-12-28,5,Storage,SUP_B,19,24.19,0,0,0,644,0,9
2024-12-29,5,Storage,SUP_B,38,23.71,0,0,0,722,0,9
2024-12-30,5,Storage,SUP_B,33,20.53,1,0,0,662,0,9
2024-12-31,5,Storage,SUP_B,24,18.01,1,0,0,727,0,9
