synthetic_ecommerce_demand_2021_2024.csv
date,sku_id,category,supplier_id,units_sold,price,promo_flag,is_black_friday_week,is_christmas_peak,stock_on_hand,stockout_flag,lead_time_days
2021-01-01,6,Hand Tools,SUP_C,23,118.03,0,0,0,740,0,27
2021-01-02,6,Hand Tools,SUP_C,26,120.51,0,0,0,734,0,27
2021-01-03,6,Hand Tools,SUP_C,31,121.02,0,0,0,528,0,27
2021-01-04,6,Hand Tools,SUP_C,26,118.9,0,0,0,561,0,27
2021-01-05,6,Hand Tools,SUP_C,19,118.63,0,0,0,618,0,27
2021-01-06,6,Hand Tools,SUP_C,18,123.68,0,0,0,562,0,27
2021-01-07,6,Hand Tools,SUP_C,15,126.33,0,0,0,464,0,27
2021-01-08,6,Hand Tools,SUP_C,26,123.26,0,0,0,544,0,27
2021-01-09,6,Hand Tools,SUP_C,22,119.88,0,0,0,630,0,27
2021-01-10,6,Hand Tools,SUP_C,21,123.41,0,0,0,403,0,27
2021-01-11,6,Hand Tools,SUP_C,23,117.16,0,0,0,524,0,27
2021-01-12,6,Hand Tools,SUP_C,13,116.1,0,0,0,571,0,27
2021-01-13,6,Hand Tools,SUP_C,15,121.87,0,0,0,619,0,27
2021-01-14,6,Hand Tools,SUP_C,12,123.1,0,0,0,418,0,27
2021-01-15,6,Hand Tools,SUP_C,17,116.25,0,0,0,694,0,27
2021-01-16,6,Hand Tools,SUP_C,23,126.05,0,0,0,600,0,27
2021-01-17,6,Hand Tools,SUP_C,26,124.76,0,0,0,414,0,27
2021-01-18,6,Hand Tools,SUP_C,21,115.9,0,0,0,471,0,27
2021-01-19,6,Hand Tools,SUP_C,18,125.15,0,0,0,672,0,27
2021-01-20,6,Hand Tools,SUP_C,19,123.07,0,0,0,695,0,27
2021-01-21,6,Hand Tools,SUP_C,20,122.22,0,0,0,656,0,27
2021-01-22,6,Hand Tools,SUP_C,13,119.2,0,0,0,648,0,27
2021-01-23,6,Hand Tools,SUP_C,26,122.07,0,0,0,730,0,27
2021-01-24,6,Hand Tools,SUP_C,20,123.24,0,0,0,396,0,27
2021-01-25,6,Hand Tools,SUP_C,18,125.76,0,0,0,746,0,27
2021-01-26,6,Hand Tools,SUP_C,20,116.06,0,0,0,641,0,27
2021-01-27,6,Hand Tools,SUP_C,18,125.36,0,0,0,414,0,27
2021-01-28,6,Hand Tools,SUP_C,28,123.97,0,0,0,409,0,27
2021-01-29,6,Hand Tools,SUP_C,25,120.11,0,0,0,718,0,27
2021-01-30,6,Hand Tools,SUP_C,28,124.09,0,0,0,587,0,27
2021-01-31,6,Hand Tools,SUP_C,23,126.93,0,0,0,698,0,27
2021-02-01,6,Hand Tools,SUP_C,26,126.68,0,0,0,529,0,27
2021-02-02,6,Hand Tools,SUP_C,19,116.03,0,0,0,584,0,27
2021-02-03,6,Hand Tools,SUP_C,21,122.2,0,0,0,532,0,27
2021-02-04,6,Hand Tools,SUP_C,21,125.19,0,0,0,645,0,27
2021-02-05,6,Hand Tools,SUP_C,15,125.98,0,0,0,492,0,27
2021-02-06,6,Hand Tools,SUP_C,20,121.24,0,0,0,633,0,27
2021-02-07,6,Hand Tools,SUP_C,26,116.01,0,0,0,497,0,27
2021-02-08,6,Hand Tools,SUP_C,20,118.14,0,0,0,458,0,27
2021-02-09,6,Hand Tools,SUP_C,17,120.18,0,0,0,446,0,27
2021-02-10,6,Hand Tools,SUP_C,29,117.13,0,0,0,506,0,27
2021-02-11,6,Hand Tools,SUP_C,21,118.99,0,0,0,725,0,27
2021-02-12,6,Hand Tools,SUP_C,19,125.78,0,0,0,696,0,27
2021-02-13,6,Hand Tools,SUP_C,30,124.91,0,0,0,407,0,27
2021-02-14,6,Hand Tools,SUP_C,23,115.3,0,0,0,608,0,27
2021-02-15,6,Hand Tools,SUP_C,12,115.85,0,0,0,746,0,27
2021-02-16,6,Hand Tools,SUP_C,22,122.22,0,0,0,737,0,27
2021-02-17,6,Hand Tools,SUP_C,17,124.79,0,0,0,637,0,27
2021-02-18,6,Hand Tools,SUP_C,15,126.66,0,0,0,704,0,27
2021-02-19,6,Hand Tools,SUP_C,15,124.88,0,0,0,468,0,27
2021-02-20,6,Hand Tools,SUP_C,23,115.04,0,0,0,700,0,27
2021-02-21,6,Hand Tools,SUP_C,28,116.79,0,0,0,670,0,27
2021-02-22,6,Hand Tools,SUP_C,18,118.69,0,0,0,548,0,27
2021-02-23,6,Hand Tools,SUP_C,20,124.93,0,0,0,550,0,27
2021-02-24,6,Hand Tools,SUP_C,16,118.98,0,0,0,681,0,27
2021-02-25,6,Hand Tools,SUP_C,16,121.69,0,0,0,409,0,27
2021-02-26,6,Hand Tools,SUP_C,26,117.97,0,0,0,553,0,27
2021-02-27,6,Hand Tools,SUP_C,30,115.85,0,0,0,595,0,27
2021-02-28,6,Hand Tools,SUP_C,23,126.67,0,0,0,654,0,27
2021-03-01,6,Hand Tools,SUP_C,41,97.12,1,0,0,654,0,27
2021-03-02,6,Hand Tools,SUP_C,48,100.52,1,0,0,389,0,27
2021-03-03,6,Hand Tools,SUP_C,39,85.98,1,0,0,620,0,27
2021-03-04,6,Hand Tools,SUP_C,41,92.36,1,0,0,517,0,27
2021-03-05,6,Hand Tools,SUP_C,43,90.58,1,0,0,456,0,27
2021-03-06,6,Hand Tools,SUP_C,53,84.65,1,0,0,584,0,27
2021-03-07,6,Hand Tools,SUP_C,41,104.12,1,0,0,515,0,27
2021-03-08,6,Hand Tools,SUP_C,23,117.46,0,0,0,548,0,27
2021-03-09,6,Hand Tools,SUP_C,20,118.18,0,0,0,458,0,27
2021-03-10,6,Hand Tools,SUP_C,29,123.39,0,0,0,505,0,27
2021-03-11,6,Hand Tools,SUP_C,24,121.42,0,0,0,505,0,27
2021-03-12,6,Hand Tools,SUP_C,14,120.49,0,0,0,746,0,27
2021-03-13,6,Hand Tools,SUP_C,20,122.62,0,0,0,517,0,27
2021-03-14,6,Hand Tools,SUP_C,30,114.92,0,0,0,682,0,27
2021-03-15,6,Hand Tools,SUP_C,17,121.77,0,0,0,474,0,27
2021-03-16,6,Hand Tools,SUP_C,22,120.6,0,0,0,656,0,27
2021-03-17,6,Hand Tools,SUP_C,16,123.93,0,0,0,584,0,27
2021-03-18,6,Hand Tools,SUP_C,18,122.48,0,0,0,583,0,27
2021-03-19,6,Hand Tools,SUP_C,23,116.16,0,0,0,569,0,27
2021-03-20,6,Hand Tools,SUP_C,20,121.16,0,0,0,669,0,27
2021-03-21,6,Hand Tools,SUP_C,25,116.31,0,0,0,430,0,27
2021-03-22,6,Hand Tools,SUP_C,18,122.01,0,0,0,564,0,27
2021-03-23,6,Hand Tools,SUP_C,11,116.52,0,0,0,599,0,27
2021-03-24,6,Hand Tools,SUP_C,24,120.07,0,0,0,653,0,27
2021-03-25,6,Hand Tools,SUP_C,20,123.3,0,0,0,670,0,27
2021-03-26,6,Hand Tools,SUP_C,18,121.46,0,0,0,524,0,27
2021-03-27,6,Hand Tools,SUP_C,29,118.64,0,0,0,546,0,27
2021-03-28,6,Hand Tools,SUP_C,31,123.98,0,0,0,494,0,27
2021-03-29,6,Hand Tools,SUP_C,29,95.7,1,0,0,705,0,27
2021-03-30,6,Hand Tools,SUP_C,33,88.24,1,0,0,476,0,27
2021-03-31,6,Hand Tools,SUP_C,43,97.18,1,0,0,658,0,27
2021-04-01,6,Hand Tools,SUP_C,27,94.03,1,0,0,421,0,27
2021-04-02,6,Hand Tools,SUP_C,36,97.04,1,0,0,540,0,27
2021-04-03,6,Hand Tools,SUP_C,53,84.51,1,0,0,598,0,27
2021-04-04,6,Hand Tools,SUP_C,38,112.16,1,0,0,553,0,27
2021-04-05,6,Hand Tools,SUP_C,58,96.48,1,0,0,484,0,27
2021-04-06,6,Hand Tools,SUP_C,33,107.88,1,0,0,497,0,27
2021-04-07,6,Hand Tools,SUP_C,36,84.57,1,0,0,715,0,27
2021-04-08,6,Hand Tools,SUP_C,37,103.4,1,0,0,565,0,27
2021-04-09,6,Hand Tools,SUP_C,41,90.52,1,0,0,447,0,27
2021-04-10,6,Hand Tools,SUP_C,53,97.36,1,0,0,643,0,27
2021-04-11,6,Hand Tools,SUP_C,36,102.67,1,0,0,597,0,27
2021-04-12,6,Hand Tools,SUP_C,20,119.08,0,0,0,458,0,27
2021-04-13,6,Hand Tools,SUP_C,24,123.08,0,0,0,583,0,27
2021-04-14,6,Hand Tools,SUP_C,20,120.03,0,0,0,606,0,27
2021-04-15,6,Hand Tools,SUP_C,23,118.29,0,0,0,615,0,27
2021-04-16,6,Hand Tools,SUP_C,21,122.61,0,0,0,509,0,27
2021-04-17,6,Hand Tools,SUP_C,24,117.11,0,0,0,522,0,27
2021-04-18,6,Hand Tools,SUP_C,29,119.85,0,0,0,497,0,27
2021-04-19,6,Hand Tools,SUP_C,26,117.39,0,0,0,652,0,27
2021-04-20,6,Hand Tools,SUP_C,27,124.45,0,0,0,716,0,27
2021-04-21,6,Hand Tools,SUP_C,24,117.65,0,0,0,566,0,27
2021-04-22,6,Hand Tools,SUP_C,22,121.58,0,0,0,551,0,27
2021-04-23,6,Hand Tools,SUP_C,25,122.27,0,0,0,404,0,27
2021-04-24,6,Hand Tools,SUP_C,26,123.25,0,0,0,497,0,27
2021-04-25,6,Hand Tools,SUP_C,28,125.68,0,0,0,422,0,27
2021-04-26,6,Hand Tools,SUP_C,19,120.35,0,0,0,519,0,27
2021-04-27,6,Hand Tools,SUP_C,24,122.1,0,0,0,533,0,27
2021-04-28,6,Hand Tools,SUP_C,20,119.18,0,0,0,523,0,27
2021-04-29,6,Hand Tools,SUP_C,12,119.91,0,0,0,689,0,27
2021-04-30,6,Hand Tools,SUP_C,15,119.6,0,0,0,458,0,27
2021-05-01,6,Hand Tools,SUP_C,28,121.85,0,0,0,517,0,27
2021-05-02,6,Hand Tools,SUP_C,25,122.92,0,0,0,626,0,27
2021-05-03,6,Hand Tools,SUP_C,38,89.3,1,0,0,478,0,27
2021-05-04,6,Hand Tools,SUP_C,35,85.43,1,0,0,618,0,27
2021-05-05,6,Hand Tools,SUP_C,44,90.35,1,0,0,387,0,27
2021-05-06,6,Hand Tools,SUP_C,42,103.38,1,0,0,649,0,27
2021-05-07,6,Hand Tools,SUP_C,29,83.16,1,0,0,574,0,27
2021-05-08,6,Hand Tools,SUP_C,39,100.07,1,0,0,647,0,27
2021-05-09,6,Hand Tools,SUP_C,37,94.01,1,0,0,662,0,27
2021-05-10,6,Hand Tools,SUP_C,16,115.38,0,0,0,733,0,27
2021-05-11,6,Hand Tools,SUP_C,15,126.56,0,0,0,631,0,27
2021-05-12,6,Hand Tools,SUP_C,19,115.45,0,0,0,691,0,27
2021-05-13,6,Hand Tools,SUP_C,23,119.14,0,0,0,703,0,27
2021-05-14,6,Hand Tools,SUP_C,16,120.76,0,0,0,687,0,27
2021-05-15,6,Hand Tools,SUP_C,17,122.06,0,0,0,487,0,27
2021-05-16,6,Hand Tools,SUP_C,27,122.19,0,0,0,630,0,27
2021-05-17,6,Hand Tools,SUP_C,20,122.78,0,0,0,653,0,27
2021-05-18,6,Hand Tools,SUP_C,15,120.36,0,0,0,433,0,27
2021-05-19,6,Hand Tools,SUP_C,16,116.7,0,0,0,407,0,27
2021-05-20,6,Hand Tools,SUP_C,20,118.57,0,0,0,559,0,27
2021-05-21,6,Hand Tools,SUP_C,22,117.96,0,0,0,672,0,27
2021-05-22,6,Hand Tools,SUP_C,26,119.68,0,0,0,429,0,27
2021-05-23,6,Hand Tools,SUP_C,20,120.19,0,0,0,620,0,27
2021-05-24,6,Hand Tools,SUP_C,14,126.24,0,0,0,697,0,27
2021-05-25,6,Hand Tools,SUP_C,24,121.67,0,0,0,563,0,27
2021-05-26,6,Hand Tools,SUP_C,30,126.32,0,0,0,633,0,27
2021-05-27,6,Hand Tools,SUP_C,18,124.02,0,0,0,686,0,27
2021-05-28,6,Hand Tools,SUP_C,18,120.82,0,0,0,561,0,27
2021-05-29,6,Hand Tools,SUP_C,24,119.1,0,0,0,601,0,27
2021-05-30,6,Hand Tools,SUP_C,17,119.03,0,0,0,424,0,27
2021-05-31,6,Hand Tools,SUP_C,15,126.19,0,0,0,680,0,27
2021-06-01,6,Hand Tools,SUP_C,23,117.8,0,0,0,470,0,27
2021-06-02,6,Hand Tools,SUP_C,18,121.64,0,0,0,610,0,27
2021-06-03,6,Hand Tools,SUP_C,17,118.41,0,0,0,447,0,27
2021-06-04,6,Hand Tools,SUP_C,20,116.24,0,0,0,520,0,27
2021-06-05,6,Hand Tools,SUP_C,25,117.23,0,0,0,556,0,27
2021-06-06,6,Hand Tools,SUP_C,17,123.02,0,0,0,694,0,27
2021-06-07,6,Hand Tools,SUP_C,12,124.23,0,0,0,423,0,27
2021-06-08,6,Hand Tools,SUP_C,17,115.3,0,0,0,538,0,27
2021-06-09,6,Hand Tools,SUP_C,18,120.82,0,0,0,581,0,27
2021-06-10,6,Hand Tools,SUP_C,18,118.05,0,0,0,474,0,27
2021-06-11,6,Hand Tools,SUP_C,20,122.41,0,0,0,560,0,27
2021-06-12,6,Hand Tools,SUP_C,24,126.81,0,0,0,475,0,27
2021-06-13,6,Hand Tools,SUP_C,14,125.97,0,0,0,701,0,27
2021-06-14,6,Hand Tools,SUP_C,26,92.55,1,0,0,470,0,27
2021-06-15,6,Hand Tools,SUP_C,29,92.47,1,0,0,554,0,27
2021-06-16,6,Hand Tools,SUP_C,42,96.54,1,0,0,639,0,27
2021-06-17,6,Hand Tools,SUP_C,34,84.95,1,0,0,637,0,27
2021-06-18,6,Hand Tools,SUP_C,42,87.12,1,0,0,672,0,27
2021-06-19,6,Hand Tools,SUP_C,28,81.7,1,0,0,701,0,27
2021-06-20,6,Hand Tools,SUP_C,42,88.38,1,0,0,388,0,27
2021-06-21,6,Hand Tools,SUP_C,18,118.82,0,0,0,515,0,27
2021-06-22,6,Hand Tools,SUP_C,15,123.31,0,0,0,519,0,27
2021-06-23,6,Hand Tools,SUP_C,19,126.76,0,0,0,643,0,27
2021-06-24,6,Hand Tools,SUP_C,18,121.57,0,0,0,481,0,27
2021-06-25,6,Hand Tools,SUP_C,11,121.1,0,0,0,695,0,27
2021-06-26,6,Hand Tools,SUP_C,14,118.54,0,0,0,731,0,27
2021-06-27,6,Hand Tools,SUP_C,19,122.72,0,0,0,426,0,27
2021-06-28,6,Hand Tools,SUP_C,21,119.67,0,0,0,630,0,27
2021-06-29,6,Hand Tools,SUP_C,8,119.82,0,0,0,427,0,27
2021-06-30,6,Hand Tools,SUP_C,19,118.53,0,0,0,424,0,27
2021-07-01,6,Hand Tools,SUP_C,17,126.31,0,0,0,605,0,27
2021-07-02,6,Hand Tools,SUP_C,14,121.39,0,0,0,656,0,27
2021-07-03,6,Hand Tools,SUP_C,23,117.58,0,0,0,533,0,27
2021-07-04,6,Hand Tools,SUP_C,19,117.96,0,0,0,743,0,27
2021-07-05,6,Hand Tools,SUP_C,20,117.6,0,0,0,596,0,27
2021-07-06,6,Hand Tools,SUP_C,13,116.0,0,0,0,522,0,27
2021-07-07,6,Hand Tools,SUP_C,17,117.29,0,0,0,534,0,27
2021-07-08,6,Hand Tools,SUP_C,16,121.72,0,0,0,616,0,27
2021-07-09,6,Hand Tools,SUP_C,19,119.01,0,0,0,677,0,27
2021-07-10,6,Hand Tools,SUP_C,25,126.39,0,0,0,717,0,27
2021-07-11,6,Hand Tools,SUP_C,26,125.05,0,0,0,609,0,27
2021-07-12,6,Hand Tools,SUP_C,15,125.48,0,0,0,703,0,27
2021-07-13,6,Hand Tools,SUP_C,17,126.34,0,0,0,442,0,27
2021-07-14,6,Hand Tools,SUP_C,20,126.69,0,0,0,619,0,27
2021-07-15,6,Hand Tools,SUP_C,12,123.0,0,0,0,454,0,27
2021-07-16,6,Hand Tools,SUP_C,13,117.9,0,0,0,635,0,27
2021-07-17,6,Hand Tools,SUP_C,18,117.06,0,0,0,573,0,27
2021-07-18,6,Hand Tools,SUP_C,21,125.22,0,0,0,623,0,27
2021-07-19,6,Hand Tools,SUP_C,35,84.4,1,0,0,406,0,27
2021-07-20,6,Hand Tools,SUP_C,29,104.16,1,0,0,728,0,27
2021-07-21,6,Hand Tools,SUP_C,29,106.58,1,0,0,526,0,27
2021-07-22,6,Hand Tools,SUP_C,23,98.47,1,0,0,609,0,27
2021-07-23,6,Hand Tools,SUP_C,35,85.29,1,0,0,624,0,27
2021-07-24,6,Hand Tools,SUP_C,27,103.0,1,0,0,456,0,27
2021-07-25,6,Hand Tools,SUP_C,43,100.79,1,0,0,629,0,27
2021-07-26,6,Hand Tools,SUP_C,9,116.24,0,0,0,437,0,27
2021-07-27,6,Hand Tools,SUP_C,16,115.52,0,0,0,456,0,27
2021-07-28,6,Hand Tools,SUP_C,16,116.33,0,0,0,434,0,27
2021-07-29,6,Hand Tools,SUP_C,20,119.22,0,0,0,556,0,27
2021-07-30,6,Hand Tools,SUP_C,15,114.98,0,0,0,551,0,27
2021-07-31,6,Hand Tools,SUP_C,14,116.22,0,0,0,550,0,27
2021-08-01,6,Hand Tools,SUP_C,22,124.5,0,0,0,680,0,27
2021-08-02,6,Hand Tools,SUP_C,18,115.48,0,0,0,408,0,27
2021-08-03,6,Hand Tools,SUP_C,20,120.5,0,0,0,654,0,27
2021-08-04,6,Hand Tools,SUP_C,17,119.09,0,0,0,470,0,27
2021-08-05,6,Hand Tools,SUP_C,22,123.96,0,0,0,594,0,27
2021-08-06,6,Hand Tools,SUP_C,20,123.96,0,0,0,673,0,27
2021-08-07,6,Hand Tools,SUP_C,13,126.78,0,0,0,442,0,27
2021-08-08,6,Hand Tools,SUP_C,22,115.63,0,0,0,655,0,27
2021-08-09,6,Hand Tools,SUP_C,15,122.91,0,0,0,693,0,27
2021-08-10,6,Hand Tools,SUP_C,17,115.13,0,0,0,657,0,27
2021-08-11,6,Hand Tools,SUP_C,12,121.78,0,0,0,498,0,27
2021-08-12,6,Hand Tools,SUP_C,12,125.83,0,0,0,414,0,27
2021-08-13,6,Hand Tools,SUP_C,16,125.3,0,0,0,561,0,27
2021-08-14,6,Hand Tools,SUP_C,19,115.54,0,0,0,439,0,27
2021-08-15,6,Hand Tools,SUP_C,23,125.32,0,0,0,655,0,27
2021-08-16,6,Hand Tools,SUP_C,19,124.55,0,0,0,730,0,27
2021-08-17,6,Hand Tools,SUP_C,22,116.77,0,0,0,552,0,27
2021-08-18,6,Hand Tools,SUP_C,20,118.24,0,0,0,537,0,27
2021-08-19,6,Hand Tools,SUP_C,11,126.12,0,0,0,414,0,27
2021-08-20,6,Hand Tools,SUP_C,17,126.91,0,0,0,601,0,27
2021-08-21,6,Hand Tools,SUP_C,20,123.34,0,0,0,555,0,27
2021-08-22,6,Hand Tools,SUP_C,22,122.25,0,0,0,676,0,27
2021-08-23,6,Hand Tools,SUP_C,12,124.97,0,0,0,416,0,27
2021-08-24,6,Hand Tools,SUP_C,13,125.21,0,0,0,718,0,27
2021-08-25,6,Hand Tools,SUP_C,19,116.49,0,0,0,546,0,27
2021-08-26,6,Hand Tools,SUP_C,21,121.86,0,0,0,740,0,27
2021-08-27,6,Hand Tools,SUP_C,12,124.48,0,0,0,410,0,27
2021-08-28,6,Hand Tools,SUP_C,22,123.62,0,0,0,433,0,27
2021-08-29,6,Hand Tools,SUP_C,17,117.71,0,0,0,567,0,27
2021-08-30,6,Hand Tools,SUP_C,12,116.29,0,0,0,665,0,27
2021-08-31,6,Hand Tools,SUP_C,23,121.25,0,0,0,563,0,27
2021-09-01,6,Hand Tools,SUP_C,23,123.28,0,0,0,608,0,27
2021-09-02,6,Hand Tools,SUP_C,15,122.76,0,0,0,684,0,27
2021-09-03,6,Hand Tools,SUP_C,23,126.2,0,0,0,649,0,27
2021-09-04,6,Hand Tools,SUP_C,24,118.38,0,0,0,482,0,27
2021-09-05,6,Hand Tools,SUP_C,30,121.97,0,0,0,572,0,27
2021-09-06,6,Hand Tools,SUP_C,15,120.49,0,0,0,483,0,27
2021-09-07,6,Hand Tools,SUP_C,30,121.21,0,0,0,595,0,27
2021-09-08,6,Hand Tools,SUP_C,26,121.41,0,0,0,472,0,27
2021-09-09,6,Hand Tools,SUP_C,21,122.68,0,0,0,498,0,27
2021-09-10,6,Hand Tools,SUP_C,23,120.6,0,0,0,424,0,27
2021-09-11,6,Hand Tools,SUP_C,25,116.93,0,0,0,418,0,27
2021-09-12,6,Hand Tools,SUP_C,11,125.05,0,0,0,660,0,27
2021-09-13,6,Hand Tools,SUP_C,14,120.33,0,0,0,426,0,27
2021-09-14,6,Hand Tools,SUP_C,18,124.41,0,0,0,411,0,27
2021-09-15,6,Hand Tools,SUP_C,24,118.71,0,0,0,473,0,27
2021-09-16,6,Hand Tools,SUP_C,13,120.8,0,0,0,561,0,27
2021-09-17,6,Hand Tools,SUP_C,24,122.97,0,0,0,531,0,27
2021-09-18,6,Hand Tools,SUP_C,20,117.25,0,0,0,475,0,27
2021-09-19,6,Hand Tools,SUP_C,27,121.35,0,0,0,431,0,27
2021-09-20,6,Hand Tools,SUP_C,17,122.24,0,0,0,700,0,27
2021-09-21,6,Hand Tools,SUP_C,15,126.43,0,0,0,675,0,27
2021-09-22,6,Hand Tools,SUP_C,22,118.66,0,0,0,432,0,27
2021-09-23,6,Hand Tools,SUP_C,23,120.48,0,0,0,744,0,27
2021-09-24,6,Hand Tools,SUP_C,25,123.25,0,0,0,602,0,27
2021-09-25,6,Hand Tools,SUP_C,28,119.37,0,0,0,663,0,27
2021-09-26,6,Hand Tools,SUP_C,29,123.5,0,0,0,446,0,27
2021-09-27,6,Hand Tools,SUP_C,18,126.76,0,0,0,678,0,27
2021-09-28,6,Hand Tools,SUP_C,15,117.49,0,0,0,452,0,27
2021-09-29,6,Hand Tools,SUP_C,27,121.5,0,0,0,683,0,27
2021-09-30,6,Hand Tools,SUP_C,22,124.43,0,0,0,562,0,27
2021-10-01,6,Hand Tools,SUP_C,28,126.81,0,0,0,410,0,27
2021-10-02,6,Hand Tools,SUP_C,38,122.23,0,0,0,728,0,27
2021-10-03,6,Hand Tools,SUP_C,22,125.33,0,0,0,640,0,27
2021-10-04,6,Hand Tools,SUP_C,19,115.1,0,0,0,710,0,27
2021-10-05,6,Hand Tools,SUP_C,30,124.06,0,0,0,713,0,27
2021-10-06,6,Hand Tools,SUP_C,23,120.7,0,0,0,640,0,27
2021-10-07,6,Hand Tools,SUP_C,24,123.64,0,0,0,703,0,27
2021-10-08,6,Hand Tools,SUP_C,21,125.86,0,0,0,435,0,27
2021-10-09,6,Hand Tools,SUP_C,34,120.2,0,0,0,424,0,27
2021-10-10,6,Hand Tools,SUP_C,35,121.72,0,0,0,563,0,27
2021-10-11,6,Hand Tools,SUP_C,45,92.94,1,0,0,545,0,27
2021-10-12,6,Hand Tools,SUP_C,32,103.11,1,0,0,508,0,27
2021-10-13,6,Hand Tools,SUP_C,42,96.1,1,0,0,671,0,27
2021-10-14,6,Hand Tools,SUP_C,46,82.83,1,0,0,628,0,27
2021-10-15,6,Hand Tools,SUP_C,47,109.31,1,0,0,427,0,27
2021-10-16,6,Hand Tools,SUP_C,55,103.76,1,0,0,569,0,27
2021-10-17,6,Hand Tools,SUP_C,61,87.69,1,0,0,500,0,27
